INFO: [Common 17-3922] A valid Vivado Design Suite ENTERPRISE license has been detected. Your current license is active and will expire on 29-oct-2026.

****** Vivado v2026.1 (64-bit)
  **** SW Build 6511674 on Tue Jun 16 11:02:23 MDT 2026
  **** IP Build 6504888 on Tue Jun 09 09:05:25 MDT 2026
  **** SharedData Build 6501428 on Mon Jun 08 17:34:18 MDT 2026
  **** Start of session at: Sun Aug 30 22:56:31 2026
    ** Copyright 1986-2022 Xilinx, Inc. All Rights Reserved.
    ** Copyright 2022-2026 Advanced Micro Devices, Inc. All Rights Reserved.

source {C:\Users\Amine\mas\fpga-repo\timing_closure_gate_v1\closure_synth.tcl} -notrace
Command: synth_design -top rf_s1__fir42_v6_8b__g0 -part xc7z020clg400-1 -mode out_of_context
Starting synth_design
Attempting to get a license for feature 'Synthesis' and/or device 'xc7z020'
INFO: [Common 17-349] Got license for feature 'Synthesis' and/or device 'xc7z020'
INFO: [Device 21-403] Loading part xc7z020clg400-1
INFO: [Designutils 20-5008] Incremental synthesis strategy default
INFO: [Synth 8-7079] Multithreading enabled for synth_design using a maximum of 2 processes.
INFO: [Synth 8-7078] Launching helper process for spawning children vivado processes
INFO: [Synth 8-7075] Helper process launched with PID 25064
---------------------------------------------------------------------------------
Starting RTL Elaboration : Time (s): cpu = 00:00:04 ; elapsed = 00:00:05 . Memory (MB): peak = 1386.930 ; gain = 577.215
---------------------------------------------------------------------------------
INFO: [Synth 8-6157] synthesizing module 'rf_s1__fir42_v6_8b__g0' [C:/Users/Amine/mas/fpga-repo/timing_closure_gate_v1/inputs/rf_s1__fir42_v6_8b__g0.sv:1]
INFO: [Synth 8-6155] done synthesizing module 'rf_s1__fir42_v6_8b__g0' (0#1) [C:/Users/Amine/mas/fpga-repo/timing_closure_gate_v1/inputs/rf_s1__fir42_v6_8b__g0.sv:1]
---------------------------------------------------------------------------------
Finished RTL Elaboration : Time (s): cpu = 00:00:06 ; elapsed = 00:00:06 . Memory (MB): peak = 1509.160 ; gain = 699.445
---------------------------------------------------------------------------------
---------------------------------------------------------------------------------
Start Handling Custom Attributes
---------------------------------------------------------------------------------
---------------------------------------------------------------------------------
Finished Handling Custom Attributes : Time (s): cpu = 00:00:06 ; elapsed = 00:00:06 . Memory (MB): peak = 1509.160 ; gain = 699.445
---------------------------------------------------------------------------------
---------------------------------------------------------------------------------
Finished RTL Optimization Phase 1 : Time (s): cpu = 00:00:06 ; elapsed = 00:00:06 . Memory (MB): peak = 1509.160 ; gain = 699.445
---------------------------------------------------------------------------------
Netlist sorting complete. Time (s): cpu = 00:00:00 ; elapsed = 00:00:00.002 . Memory (MB): peak = 1509.160 ; gain = 0.000
INFO: [Project 1-570] Preparing netlist for logic optimization

Processing XDC Constraints
Initializing timing engine
Parsing XDC File [C:/Users/Amine/mas/fpga-repo/timing_closure_candidate_v7/results/c02_fir_rf_fir42_v6_8b/trial_007_search_p5p31271875_a0/reports/constraints.xdc]
WARNING: [Vivado 12-2489] -period contains time 5.312719 which will be rounded to 5.313 to ensure it is an integer multiple of 1 picosecond [C:/Users/Amine/mas/fpga-repo/timing_closure_candidate_v7/results/c02_fir_rf_fir42_v6_8b/trial_007_search_p5p31271875_a0/reports/constraints.xdc:1]
Finished Parsing XDC File [C:/Users/Amine/mas/fpga-repo/timing_closure_candidate_v7/results/c02_fir_rf_fir42_v6_8b/trial_007_search_p5p31271875_a0/reports/constraints.xdc]
Completed Processing XDC Constraints

Netlist sorting complete. Time (s): cpu = 00:00:00 ; elapsed = 00:00:00.001 . Memory (MB): peak = 1582.922 ; gain = 0.000
INFO: [Project 1-111] Unisim Transformation Summary:
No Unisim elements were transformed.

Constraint Validation Runtime : Time (s): cpu = 00:00:00 ; elapsed = 00:00:00.012 . Memory (MB): peak = 1585.254 ; gain = 0.000
---------------------------------------------------------------------------------
Finished Constraint Validation : Time (s): cpu = 00:00:12 ; elapsed = 00:00:13 . Memory (MB): peak = 1585.254 ; gain = 775.539
---------------------------------------------------------------------------------
---------------------------------------------------------------------------------
Start Loading Part and Timing Information
---------------------------------------------------------------------------------
Loading part: xc7z020clg400-1
---------------------------------------------------------------------------------
Finished Loading Part and Timing Information : Time (s): cpu = 00:00:12 ; elapsed = 00:00:13 . Memory (MB): peak = 1585.254 ; gain = 775.539
---------------------------------------------------------------------------------
---------------------------------------------------------------------------------
Start Applying 'set_property' XDC Constraints
---------------------------------------------------------------------------------
---------------------------------------------------------------------------------
Finished applying 'set_property' XDC Constraints : Time (s): cpu = 00:00:12 ; elapsed = 00:00:13 . Memory (MB): peak = 1585.254 ; gain = 775.539
---------------------------------------------------------------------------------
---------------------------------------------------------------------------------
Finished RTL Optimization Phase 2 : Time (s): cpu = 00:00:13 ; elapsed = 00:00:14 . Memory (MB): peak = 1585.254 ; gain = 775.539
---------------------------------------------------------------------------------
---------------------------------------------------------------------------------
Start RTL Component Statistics 
---------------------------------------------------------------------------------
Detailed RTL Component Info : 
+---Adders : 
	   2 Input   16 Bit       Adders := 2     
+---Registers : 
	               16 Bit    Registers := 40    
---------------------------------------------------------------------------------
Finished RTL Component Statistics 
---------------------------------------------------------------------------------
---------------------------------------------------------------------------------
Start Part Resource Summary
---------------------------------------------------------------------------------
Part Resources:
DSPs: 220 (col length:60)
BRAMs: 280 (col length: RAMB18 60 RAMB36 30)
---------------------------------------------------------------------------------
Finished Part Resource Summary
---------------------------------------------------------------------------------
---------------------------------------------------------------------------------
Start Cross Boundary and Area Optimization
---------------------------------------------------------------------------------
---------------------------------------------------------------------------------
Finished Cross Boundary and Area Optimization : Time (s): cpu = 00:00:14 ; elapsed = 00:00:16 . Memory (MB): peak = 1585.254 ; gain = 775.539
---------------------------------------------------------------------------------
---------------------------------------------------------------------------------
Start Applying XDC Timing Constraints
---------------------------------------------------------------------------------
Reading C:/VGC7P001/c02/t007/t/.Xil_Amine/Vivado-26712-Amine/realtime/rf_s1__fir42_v6_8b__g0_synth.xdc
---------------------------------------------------------------------------------
Finished Applying XDC Timing Constraints : Time (s): cpu = 00:00:19 ; elapsed = 00:00:20 . Memory (MB): peak = 1742.184 ; gain = 932.469
---------------------------------------------------------------------------------
---------------------------------------------------------------------------------
Start Timing Optimization
---------------------------------------------------------------------------------
---------------------------------------------------------------------------------
Finished Timing Optimization : Time (s): cpu = 00:00:19 ; elapsed = 00:00:20 . Memory (MB): peak = 1754.207 ; gain = 944.492
---------------------------------------------------------------------------------
---------------------------------------------------------------------------------
Start Technology Mapping
---------------------------------------------------------------------------------
---------------------------------------------------------------------------------
Finished Technology Mapping : Time (s): cpu = 00:00:19 ; elapsed = 00:00:20 . Memory (MB): peak = 1758.578 ; gain = 948.863
---------------------------------------------------------------------------------
---------------------------------------------------------------------------------
Start IO Insertion
---------------------------------------------------------------------------------
---------------------------------------------------------------------------------
Start Flattening Before IO Insertion
---------------------------------------------------------------------------------
---------------------------------------------------------------------------------
Finished Flattening Before IO Insertion
---------------------------------------------------------------------------------
---------------------------------------------------------------------------------
Start Final Netlist Cleanup
---------------------------------------------------------------------------------
---------------------------------------------------------------------------------
Finished Final Netlist Cleanup
---------------------------------------------------------------------------------
---------------------------------------------------------------------------------
Finished IO Insertion : Time (s): cpu = 00:00:22 ; elapsed = 00:00:24 . Memory (MB): peak = 2030.250 ; gain = 1220.535
---------------------------------------------------------------------------------
---------------------------------------------------------------------------------
Start Renaming Generated Instances
---------------------------------------------------------------------------------
---------------------------------------------------------------------------------
Finished Renaming Generated Instances : Time (s): cpu = 00:00:22 ; elapsed = 00:00:24 . Memory (MB): peak = 2030.250 ; gain = 1220.535
---------------------------------------------------------------------------------
---------------------------------------------------------------------------------
Start Rebuilding User Hierarchy
---------------------------------------------------------------------------------
---------------------------------------------------------------------------------
Finished Rebuilding User Hierarchy : Time (s): cpu = 00:00:22 ; elapsed = 00:00:24 . Memory (MB): peak = 2030.250 ; gain = 1220.535
---------------------------------------------------------------------------------
---------------------------------------------------------------------------------
Start Renaming Generated Ports
---------------------------------------------------------------------------------
---------------------------------------------------------------------------------
Finished Renaming Generated Ports : Time (s): cpu = 00:00:22 ; elapsed = 00:00:24 . Memory (MB): peak = 2030.250 ; gain = 1220.535
---------------------------------------------------------------------------------
---------------------------------------------------------------------------------
Start Handling Custom Attributes
---------------------------------------------------------------------------------
---------------------------------------------------------------------------------
Finished Handling Custom Attributes : Time (s): cpu = 00:00:22 ; elapsed = 00:00:24 . Memory (MB): peak = 2030.250 ; gain = 1220.535
---------------------------------------------------------------------------------
---------------------------------------------------------------------------------
Start Renaming Generated Nets
---------------------------------------------------------------------------------
---------------------------------------------------------------------------------
Finished Renaming Generated Nets : Time (s): cpu = 00:00:22 ; elapsed = 00:00:24 . Memory (MB): peak = 2030.250 ; gain = 1220.535
---------------------------------------------------------------------------------
---------------------------------------------------------------------------------
Start ROM, RAM, DSP, Shift Register and Retiming Reporting
---------------------------------------------------------------------------------

Static Shift Register Report:
+-----------------------+------------+--------+-------+--------------+--------------------+-------------------+--------+---------+
|Module Name            | RTL Name   | Length | Width | Reset Signal | Pull out first Reg | Pull out last Reg | SRL16E | SRLC32E | 
+-----------------------+------------+--------+-------+--------------+--------------------+-------------------+--------+---------+
|rf_s1__fir42_v6_8b__g0 | a38_reg[0] | 4      | 1     | YES          | NO                 | YES               | 1      | 0       | 
|rf_s1__fir42_v6_8b__g0 | a26_reg[0] | 4      | 1     | YES          | NO                 | YES               | 1      | 0       | 
|rf_s1__fir42_v6_8b__g0 | a19_reg[0] | 5      | 1     | YES          | NO                 | YES               | 1      | 0       | 
|rf_s1__fir42_v6_8b__g0 | a13_reg[0] | 4      | 1     | YES          | NO                 | YES               | 1      | 0       | 
|rf_s1__fir42_v6_8b__g0 | a5_reg[0]  | 5      | 1     | YES          | NO                 | YES               | 1      | 0       | 
+-----------------------+------------+--------+-------+--------------+--------------------+-------------------+--------+---------+

---------------------------------------------------------------------------------
Finished ROM, RAM, DSP, Shift Register and Retiming Reporting
---------------------------------------------------------------------------------
---------------------------------------------------------------------------------
Start Writing Synthesis Report
---------------------------------------------------------------------------------

Report BlackBoxes: 
+-+--------------+----------+
| |BlackBox name |Instances |
+-+--------------+----------+
+-+--------------+----------+

Report Cell Usage: 
+------+-------+------+
|      |Cell   |Count |
+------+-------+------+
|1     |CARRY4 |   276|
|2     |LUT1   |    54|
|3     |LUT2   |   674|
|4     |LUT3   |    92|
|5     |LUT4   |    33|
|6     |LUT5   |    25|
|7     |LUT6   |    40|
|8     |SRL16E |     5|
|9     |FDRE   |   675|
+------+-------+------+
---------------------------------------------------------------------------------
Finished Writing Synthesis Report : Time (s): cpu = 00:00:22 ; elapsed = 00:00:24 . Memory (MB): peak = 2030.250 ; gain = 1220.535
---------------------------------------------------------------------------------
Synthesis finished with 0 errors, 0 critical warnings and 0 warnings.
Synthesis Optimization Runtime : Time (s): cpu = 00:00:15 ; elapsed = 00:00:22 . Memory (MB): peak = 2030.250 ; gain = 1144.441
Synthesis Optimization Complete : Time (s): cpu = 00:00:22 ; elapsed = 00:00:24 . Memory (MB): peak = 2030.250 ; gain = 1220.535
INFO: [Project 1-571] Translating synthesized netlist
Netlist sorting complete. Time (s): cpu = 00:00:00 ; elapsed = 00:00:00.007 . Memory (MB): peak = 2034.801 ; gain = 0.000
INFO: [Netlist 29-17] Analyzing 276 Unisim elements for replacement
INFO: [Netlist 29-28] Unisim Transformation completed in 0 CPU seconds
WARNING: [Netlist 29-101] Netlist 'rf_s1__fir42_v6_8b__g0' is not ideal for floorplanning, since the cellview 'rf_s1__fir42_v6_8b__g0' contains a large number of primitives.  Please consider enabling hierarchy in synthesis if you want to do floorplanning.
INFO: [Project 1-570] Preparing netlist for logic optimization
Parsing XDC File [C:/Users/Amine/mas/fpga-repo/timing_closure_candidate_v7/results/c02_fir_rf_fir42_v6_8b/trial_007_search_p5p31271875_a0/reports/constraints.xdc]
WARNING: [Vivado 12-2489] -period contains time 5.312719 which will be rounded to 5.313 to ensure it is an integer multiple of 1 picosecond [C:/Users/Amine/mas/fpga-repo/timing_closure_candidate_v7/results/c02_fir_rf_fir42_v6_8b/trial_007_search_p5p31271875_a0/reports/constraints.xdc:1]
Finished Parsing XDC File [C:/Users/Amine/mas/fpga-repo/timing_closure_candidate_v7/results/c02_fir_rf_fir42_v6_8b/trial_007_search_p5p31271875_a0/reports/constraints.xdc]
INFO: [Opt 31-138] Pushed 0 inverter(s) to 0 load pin(s).
Netlist sorting complete. Time (s): cpu = 00:00:00 ; elapsed = 00:00:00 . Memory (MB): peak = 2038.477 ; gain = 0.000
INFO: [Project 1-111] Unisim Transformation Summary:
No Unisim elements were transformed.

Synth Design complete | Checksum: 7cc95d78
INFO: [Common 17-83] Releasing license: Synthesis
17 Infos, 3 Warnings, 0 Critical Warnings and 0 Errors encountered.
synth_design completed successfully
synth_design: Time (s): cpu = 00:00:27 ; elapsed = 00:00:30 . Memory (MB): peak = 2038.477 ; gain = 1457.770
INFO: [Timing 38-35] Done setting XDC timing constraints.
INFO: [Vivado 12-3442] The output from report_compile_order is primarily targeted for human readability and ease of use. The 'get_files' command, with the -compile_order and -used_in options, produces this same information in a format that is better suited for automated scripts.
Command: opt_design
Attempting to get a license for feature 'Implementation' and/or device 'xc7z020'
INFO: [Common 17-349] Got license for feature 'Implementation' and/or device 'xc7z020'
Running DRC as a precondition to command opt_design

Starting DRC Task
INFO: [DRC 23-27] Running DRC with 2 threads
WARNING: [DRC 23-814] Not all possible (connectivity based) DRCs may have been run because this design is seen as Out of Context.
INFO: [Project 1-461] DRC finished with 0 Errors
INFO: [Project 1-462] Please refer to the DRC report (report_drc) for more information.

Time (s): cpu = 00:00:00 ; elapsed = 00:00:00.375 . Memory (MB): peak = 2038.477 ; gain = 0.000

Starting Cache Timing Information Task
Ending Cache Timing Information Task | Checksum: 1521f8ff9

Time (s): cpu = 00:00:00 ; elapsed = 00:00:00.003 . Memory (MB): peak = 2038.477 ; gain = 0.000

Starting Logic Optimization Task

Phase 1 Initialization

Phase 1.1 Core Generation And Design Setup
Phase 1.1 Core Generation And Design Setup | Checksum: 1521f8ff9

Time (s): cpu = 00:00:00 ; elapsed = 00:00:00.001 . Memory (MB): peak = 2148.711 ; gain = 0.000

Phase 1.2 Setup Constraints And Sort Netlist
Phase 1.2 Setup Constraints And Sort Netlist | Checksum: 1521f8ff9

Time (s): cpu = 00:00:00 ; elapsed = 00:00:00.003 . Memory (MB): peak = 2148.711 ; gain = 0.000
Phase 1 Initialization | Checksum: 1521f8ff9

Time (s): cpu = 00:00:00 ; elapsed = 00:00:00.003 . Memory (MB): peak = 2148.711 ; gain = 0.000

Phase 2 Timer Update And Timing Data Collection

Phase 2.1 Detect if minReqCache needed
Phase 2.1 Detect if minReqCache needed | Checksum: 1521f8ff9

Time (s): cpu = 00:00:00 ; elapsed = 00:00:00.009 . Memory (MB): peak = 2148.711 ; gain = 0.000

Phase 2.2 Timer Update
Phase 2.2 Timer Update | Checksum: 1521f8ff9

Time (s): cpu = 00:00:00 ; elapsed = 00:00:00.012 . Memory (MB): peak = 2148.711 ; gain = 0.000
Phase 2 Timer Update And Timing Data Collection | Checksum: 1521f8ff9

Time (s): cpu = 00:00:00 ; elapsed = 00:00:00.013 . Memory (MB): peak = 2148.711 ; gain = 0.000

Phase 3 Retarget
INFO: [Opt 31-1851] Number of loadless carry chains removed were: 0
INFO: [Opt 31-1834] Total Chains To Be Transformed Were: 0 AND Number of Transformed insts Created are: 0
INFO: [Opt 31-138] Pushed 0 inverter(s) to 0 load pin(s).
INFO: [Opt 31-49] Retargeted 0 cell(s).
Phase 3 Retarget | Checksum: 1521f8ff9

Time (s): cpu = 00:00:00 ; elapsed = 00:00:00.030 . Memory (MB): peak = 2148.711 ; gain = 0.000
Retarget | Checksum: 1521f8ff9
INFO: [Opt 31-389] Phase Retarget created 0 cells and removed 0 cells

Phase 4 Constant propagation
INFO: [Opt 31-138] Pushed 0 inverter(s) to 0 load pin(s).
Phase 4 Constant propagation | Checksum: ffc8cb8e

Time (s): cpu = 00:00:00 ; elapsed = 00:00:00.045 . Memory (MB): peak = 2148.711 ; gain = 0.000
Constant propagation | Checksum: ffc8cb8e
INFO: [Opt 31-389] Phase Constant propagation created 0 cells and removed 0 cells

Phase 5 Sweep
INFO: [Constraints 18-11670] Building netlist checker database with flags, 0x8
Done building netlist checker database: Time (s): cpu = 00:00:00 ; elapsed = 00:00:00 . Memory (MB): peak = 2148.711 ; gain = 0.000
Phase 5 Sweep | Checksum: e2e52d71

Time (s): cpu = 00:00:00 ; elapsed = 00:00:00.059 . Memory (MB): peak = 2148.711 ; gain = 0.000
Sweep | Checksum: e2e52d71
INFO: [Opt 31-389] Phase Sweep created 0 cells and removed 0 cells

Phase 6 BUFG optimization
Phase 6 BUFG optimization | Checksum: e2e52d71

Time (s): cpu = 00:00:00 ; elapsed = 00:00:00.073 . Memory (MB): peak = 2148.711 ; gain = 0.000
BUFG optimization | Checksum: e2e52d71
INFO: [Opt 31-662] Phase BUFG optimization created 0 cells of which 0 are BUFGs and removed 0 cells.

Phase 7 Shift Register Optimization
INFO: [Opt 31-1064] SRL Remap converted 0 SRLs to 0 registers and converted 0 registers of register chains to 0 SRLs
Phase 7 Shift Register Optimization | Checksum: e2e52d71

Time (s): cpu = 00:00:00 ; elapsed = 00:00:00.076 . Memory (MB): peak = 2148.711 ; gain = 0.000
Shift Register Optimization | Checksum: e2e52d71
INFO: [Opt 31-389] Phase Shift Register Optimization created 0 cells and removed 0 cells

Phase 8 Post Processing Netlist
Phase 8 Post Processing Netlist | Checksum: e2e52d71

Time (s): cpu = 00:00:00 ; elapsed = 00:00:00.083 . Memory (MB): peak = 2148.711 ; gain = 0.000
Post Processing Netlist | Checksum: e2e52d71
INFO: [Opt 31-389] Phase Post Processing Netlist created 0 cells and removed 0 cells

Phase 9 Finalization

Phase 9.1 Finalizing Design Cores and Updating Shapes
Phase 9.1 Finalizing Design Cores and Updating Shapes | Checksum: 185007978

Time (s): cpu = 00:00:00 ; elapsed = 00:00:00.156 . Memory (MB): peak = 2148.711 ; gain = 0.000

Phase 9.2 Verifying Netlist Connectivity

Starting Connectivity Check Task

Time (s): cpu = 00:00:00 ; elapsed = 00:00:00.011 . Memory (MB): peak = 2148.711 ; gain = 0.000
Phase 9.2 Verifying Netlist Connectivity | Checksum: 185007978

Time (s): cpu = 00:00:00 ; elapsed = 00:00:00.169 . Memory (MB): peak = 2148.711 ; gain = 0.000
Phase 9 Finalization | Checksum: 185007978

Time (s): cpu = 00:00:00 ; elapsed = 00:00:00.170 . Memory (MB): peak = 2148.711 ; gain = 0.000
Opt_design Change Summary
=========================


-------------------------------------------------------------------------------------------------------------------------
|  Phase                        |  #Cells created  |  #Cells Removed  |  #Constrained objects preventing optimizations  |
-------------------------------------------------------------------------------------------------------------------------
|  Retarget                     |               0  |               0  |                                              0  |
|  Constant propagation         |               0  |               0  |                                              0  |
|  Sweep                        |               0  |               0  |                                              0  |
|  BUFG optimization            |               0  |               0  |                                              0  |
|  Shift Register Optimization  |               0  |               0  |                                              0  |
|  Post Processing Netlist      |               0  |               0  |                                              0  |
-------------------------------------------------------------------------------------------------------------------------


Ending Logic Optimization Task | Checksum: 185007978

Time (s): cpu = 00:00:00 ; elapsed = 00:00:00.171 . Memory (MB): peak = 2148.711 ; gain = 0.000

Starting Power Optimization Task
INFO: [Pwropt 34-132] Skipping clock gating for clocks with a period < 2.00 ns.
Ending Power Optimization Task | Checksum: 185007978

Time (s): cpu = 00:00:00 ; elapsed = 00:00:00.010 . Memory (MB): peak = 2148.711 ; gain = 0.000

Starting Final Cleanup Task
Ending Final Cleanup Task | Checksum: 185007978

Time (s): cpu = 00:00:00 ; elapsed = 00:00:00 . Memory (MB): peak = 2148.711 ; gain = 0.000
Netlist sorting complete. Time (s): cpu = 00:00:00 ; elapsed = 00:00:00 . Memory (MB): peak = 2148.711 ; gain = 0.000
INFO: [Common 17-83] Releasing license: Implementation
38 Infos, 4 Warnings, 0 Critical Warnings and 0 Errors encountered.
opt_design completed successfully
Command: place_design
Attempting to get a license for feature 'Implementation' and/or device 'xc7z020'
INFO: [Common 17-349] Got license for feature 'Implementation' and/or device 'xc7z020'
INFO: [Common 17-83] Releasing license: Implementation
INFO: [Timing 38-35] Done setting XDC timing constraints.
Running DRC as a precondition to command place_design
INFO: [DRC 23-27] Running DRC with 2 threads
WARNING: [DRC 23-814] Not all possible (connectivity based) DRCs may have been run because this design is seen as Out of Context.
INFO: [Vivado_Tcl 4-198] DRC finished with 0 Errors
INFO: [Vivado_Tcl 4-199] Please refer to the DRC report (report_drc) for more information.
INFO: [Place 30-611] Multithreading enabled for place_design using a maximum of 2 CPUs

Starting Placer Task

Phase 1 Placer Initialization

Phase 1.1 Placer Initialization Netlist Sorting
Netlist sorting complete. Time (s): cpu = 00:00:00 ; elapsed = 00:00:00.003 . Memory (MB): peak = 2148.711 ; gain = 0.000
Phase 1.1 Placer Initialization Netlist Sorting | Checksum: ad59585b

Time (s): cpu = 00:00:00 ; elapsed = 00:00:00.004 . Memory (MB): peak = 2148.711 ; gain = 0.000
Netlist sorting complete. Time (s): cpu = 00:00:00 ; elapsed = 00:00:00 . Memory (MB): peak = 2148.711 ; gain = 0.000

Phase 1.2 IO Placement/ Clock Placement/ Build Placer Device
Phase 1.2 IO Placement/ Clock Placement/ Build Placer Device | Checksum: 4e7d6254

Time (s): cpu = 00:00:00 ; elapsed = 00:00:00.125 . Memory (MB): peak = 2148.711 ; gain = 0.000

Phase 1.3 Build Placer Netlist Model
Phase 1.3 Build Placer Netlist Model | Checksum: 107bc3484

Time (s): cpu = 00:00:01 ; elapsed = 00:00:00.416 . Memory (MB): peak = 2148.711 ; gain = 0.000

Phase 1.4 Constrain Clocks/Macros
Phase 1.4 Constrain Clocks/Macros | Checksum: 107bc3484

Time (s): cpu = 00:00:01 ; elapsed = 00:00:00.421 . Memory (MB): peak = 2148.711 ; gain = 0.000
Phase 1 Placer Initialization | Checksum: 107bc3484

Time (s): cpu = 00:00:01 ; elapsed = 00:00:00.428 . Memory (MB): peak = 2148.711 ; gain = 0.000

Phase 2 Global Placement

Phase 2.1 Floorplanning
Phase 2.1 Floorplanning | Checksum: 59ed2a68

Time (s): cpu = 00:00:01 ; elapsed = 00:00:00.602 . Memory (MB): peak = 2148.711 ; gain = 0.000

Phase 2.2 Update Timing before SLR Path Opt
Phase 2.2 Update Timing before SLR Path Opt | Checksum: d5996234

Time (s): cpu = 00:00:01 ; elapsed = 00:00:00.741 . Memory (MB): peak = 2148.711 ; gain = 0.000

Phase 2.3 Post-Processing in Floorplanning
Phase 2.3 Post-Processing in Floorplanning | Checksum: d5996234

Time (s): cpu = 00:00:01 ; elapsed = 00:00:00.743 . Memory (MB): peak = 2148.711 ; gain = 0.000

Phase 2.4 Global Place Phase1
Phase 2.4 Global Place Phase1 | Checksum: 57c082ef

Time (s): cpu = 00:00:03 ; elapsed = 00:00:02 . Memory (MB): peak = 2148.711 ; gain = 0.000

Phase 2.5 Global Place Phase2

Phase 2.5.1 UpdateTiming Before Physical Synthesis
Phase 2.5.1 UpdateTiming Before Physical Synthesis | Checksum: 1115bf6a3

Time (s): cpu = 00:00:03 ; elapsed = 00:00:02 . Memory (MB): peak = 2148.711 ; gain = 0.000

Phase 2.5.2 Physical Synthesis In Placer
INFO: [Physopt 32-1035] Found 0 LUTNM shape to break, 42 LUT instances to create LUTNM shape
INFO: [Physopt 32-1044] Break lutnm for timing: one critical 0, two critical 0, total 0, new lutff created 0
INFO: [Physopt 32-1138] End 1 Pass. Optimized 19 nets or LUTs. Breaked 0 LUT, combined 19 existing LUTs and moved 0 existing LUT
INFO: [Physopt 32-65] No nets found for high-fanout optimization.
INFO: [Physopt 32-232] Optimized 0 net. Created 0 new instance.
INFO: [Physopt 32-775] End 1 Pass. Optimized 0 net or cell. Created 0 new cell, deleted 0 existing cell and moved 0 existing cell
INFO: [Physopt 32-456] No candidate cells for DSP register optimization found in the design.
INFO: [Physopt 32-775] End 2 Pass. Optimized 0 net or cell. Created 0 new cell, deleted 0 existing cell and moved 0 existing cell
INFO: [Physopt 32-1123] No candidate cells found for Shift Register to Pipeline optimization
INFO: [Physopt 32-775] End 2 Pass. Optimized 0 net or cell. Created 0 new cell, deleted 0 existing cell and moved 0 existing cell
INFO: [Physopt 32-1401] No candidate cells found for Shift Register optimization.
INFO: [Physopt 32-677] No candidate cells for Shift Register optimization found in the design
INFO: [Physopt 32-775] End 1 Pass. Optimized 0 net or cell. Created 0 new cell, deleted 0 existing cell and moved 0 existing cell
INFO: [Physopt 32-526] No candidate cells for BRAM register optimization found in the design
INFO: [Physopt 32-775] End 1 Pass. Optimized 0 net or cell. Created 0 new cell, deleted 0 existing cell and moved 0 existing cell
INFO: [Physopt 32-846] No candidate cells for URAM register optimization found in the design
INFO: [Physopt 32-775] End 1 Pass. Optimized 0 net or cell. Created 0 new cell, deleted 0 existing cell and moved 0 existing cell
INFO: [Physopt 32-846] No candidate cells for URAM register optimization found in the design
INFO: [Physopt 32-775] End 1 Pass. Optimized 0 net or cell. Created 0 new cell, deleted 0 existing cell and moved 0 existing cell
INFO: [Physopt 32-949] No candidate nets found for dynamic/static region interface net replication
INFO: [Physopt 32-775] End 1 Pass. Optimized 0 net or cell. Created 0 new cell, deleted 0 existing cell and moved 0 existing cell
Netlist sorting complete. Time (s): cpu = 00:00:00 ; elapsed = 00:00:00.001 . Memory (MB): peak = 2148.711 ; gain = 0.000

Summary of Physical Synthesis Optimizations
============================================


-----------------------------------------------------------------------------------------------------------------------------------------------------------
|  Optimization                                     |  Added Cells  |  Removed Cells  |  Optimized Cells/Nets  |  Dont Touch  |  Iterations  |  Elapsed   |
-----------------------------------------------------------------------------------------------------------------------------------------------------------
|  LUT Combining                                    |            0  |             19  |                    19  |           0  |           1  |  00:00:00  |
|  Retime                                           |            0  |              0  |                     0  |           0  |           1  |  00:00:00  |
|  Very High Fanout                                 |            0  |              0  |                     0  |           0  |           1  |  00:00:00  |
|  DSP Register                                     |            0  |              0  |                     0  |           0  |           1  |  00:00:00  |
|  Shift Register to Pipeline                       |            0  |              0  |                     0  |           0  |           1  |  00:00:00  |
|  Shift Register                                   |            0  |              0  |                     0  |           0  |           1  |  00:00:00  |
|  BRAM Register                                    |            0  |              0  |                     0  |           0  |           1  |  00:00:00  |
|  URAM Register                                    |            0  |              0  |                     0  |           0  |           1  |  00:00:00  |
|  Dynamic/Static Region Interface Net Replication  |            0  |              0  |                     0  |           0  |           1  |  00:00:00  |
|  Total                                            |            0  |             19  |                    19  |           0  |           9  |  00:00:00  |
-----------------------------------------------------------------------------------------------------------------------------------------------------------


Phase 2.5.2 Physical Synthesis In Placer | Checksum: 144bf1ecb

Time (s): cpu = 00:00:03 ; elapsed = 00:00:02 . Memory (MB): peak = 2148.711 ; gain = 0.000
Phase 2.5 Global Place Phase2 | Checksum: 141ccc81d

Time (s): cpu = 00:00:03 ; elapsed = 00:00:02 . Memory (MB): peak = 2148.711 ; gain = 0.000
Phase 2 Global Placement | Checksum: 141ccc81d

Time (s): cpu = 00:00:03 ; elapsed = 00:00:02 . Memory (MB): peak = 2148.711 ; gain = 0.000

Phase 3 Detail Placement

Phase 3.1 Commit Multi Column Macros
Phase 3.1 Commit Multi Column Macros | Checksum: 1446d4d7e

Time (s): cpu = 00:00:04 ; elapsed = 00:00:02 . Memory (MB): peak = 2148.711 ; gain = 0.000

Phase 3.2 Commit Most Macros & LUTRAMs
Phase 3.2 Commit Most Macros & LUTRAMs | Checksum: 21e8e6e32

Time (s): cpu = 00:00:04 ; elapsed = 00:00:02 . Memory (MB): peak = 2148.711 ; gain = 0.000

Phase 3.3 Area Swap Optimization
Phase 3.3 Area Swap Optimization | Checksum: 152f94df7

Time (s): cpu = 00:00:04 ; elapsed = 00:00:02 . Memory (MB): peak = 2148.711 ; gain = 0.000

Phase 3.4 Pipeline Register Optimization
Phase 3.4 Pipeline Register Optimization | Checksum: 18daa1b51

Time (s): cpu = 00:00:04 ; elapsed = 00:00:02 . Memory (MB): peak = 2148.711 ; gain = 0.000

Phase 3.5 Fast Optimization
Phase 3.5 Fast Optimization | Checksum: 226dfa1b3

Time (s): cpu = 00:00:04 ; elapsed = 00:00:02 . Memory (MB): peak = 2148.711 ; gain = 0.000

Phase 3.6 Small Shape Detail Placement
Phase 3.6 Small Shape Detail Placement | Checksum: 1a0eb0764

Time (s): cpu = 00:00:05 ; elapsed = 00:00:03 . Memory (MB): peak = 2148.711 ; gain = 0.000

Phase 3.7 Re-assign LUT pins
Phase 3.7 Re-assign LUT pins | Checksum: 11dbb743d

Time (s): cpu = 00:00:05 ; elapsed = 00:00:03 . Memory (MB): peak = 2148.711 ; gain = 0.000

Phase 3.8 Pipeline Register Optimization
Phase 3.8 Pipeline Register Optimization | Checksum: 16b0aa257

Time (s): cpu = 00:00:05 ; elapsed = 00:00:03 . Memory (MB): peak = 2148.711 ; gain = 0.000

Phase 3.9 Fast Optimization
Phase 3.9 Fast Optimization | Checksum: 1fa140c2f

Time (s): cpu = 00:00:05 ; elapsed = 00:00:03 . Memory (MB): peak = 2148.711 ; gain = 0.000
Phase 3 Detail Placement | Checksum: 1fa140c2f

Time (s): cpu = 00:00:05 ; elapsed = 00:00:03 . Memory (MB): peak = 2148.711 ; gain = 0.000

Phase 4 Post Placement Optimization and Clean-Up

Phase 4.1 Post Commit Optimization
INFO: [Timing 38-35] Done setting XDC timing constraints.

Phase 4.1.1 Post Placement Optimization
Post Placement Optimization Initialization | Checksum: 14304f26b

Phase 4.1.1.1 BUFG Insertion

Starting Physical Synthesis Task

Phase 1 Physical Synthesis Initialization
INFO: [Physopt 32-721] Multithreading enabled for phys_opt_design using a maximum of 2 CPUs
INFO: [Physopt 32-619] Estimated Timing Summary | WNS=-0.618 | TNS=-5.795 |
Phase 1 Physical Synthesis Initialization | Checksum: 1dd395d19

Time (s): cpu = 00:00:00 ; elapsed = 00:00:00.024 . Memory (MB): peak = 2148.711 ; gain = 0.000
INFO: [Place 46-56] BUFG insertion identified 0 candidate nets. Inserted BUFG: 0, Replicated BUFG Driver: 0, Skipped due to Placement/Routing Conflicts: 0, Skipped due to Timing Degradation: 0, Skipped due to netlist editing failed: 0.
Ending Physical Synthesis Task | Checksum: 1e5578863

Time (s): cpu = 00:00:00 ; elapsed = 00:00:00.029 . Memory (MB): peak = 2148.711 ; gain = 0.000
Phase 4.1.1.1 BUFG Insertion | Checksum: 14304f26b

Time (s): cpu = 00:00:05 ; elapsed = 00:00:03 . Memory (MB): peak = 2148.711 ; gain = 0.000

Phase 4.1.1.2 Post Placement Timing Optimization
INFO: [Place 30-746] Post Placement Timing Summary WNS=-0.417. For the most accurate timing information please run report_timing.
Phase 4.1.1.2 Post Placement Timing Optimization | Checksum: 150b76b6f

Time (s): cpu = 00:00:11 ; elapsed = 00:00:09 . Memory (MB): peak = 2148.711 ; gain = 0.000

Time (s): cpu = 00:00:11 ; elapsed = 00:00:09 . Memory (MB): peak = 2148.711 ; gain = 0.000
Phase 4.1 Post Commit Optimization | Checksum: 150b76b6f

Time (s): cpu = 00:00:11 ; elapsed = 00:00:09 . Memory (MB): peak = 2148.711 ; gain = 0.000

Phase 4.2 Post Placement Cleanup
Phase 4.2 Post Placement Cleanup | Checksum: 150b76b6f

Time (s): cpu = 00:00:11 ; elapsed = 00:00:09 . Memory (MB): peak = 2148.711 ; gain = 0.000

Phase 4.3 Placer Reporting

Phase 4.3.1 Print Estimated Congestion
INFO: [Place 30-612] Post-Placement Estimated Congestion 
 ____________________________________________________
|           | Global Congestion | Short Congestion  |
| Direction | Region Size       | Region Size       |
|___________|___________________|___________________|
|      North|                1x1|                1x1|
|___________|___________________|___________________|
|      South|                1x1|                1x1|
|___________|___________________|___________________|
|       East|                1x1|                1x1|
|___________|___________________|___________________|
|       West|                1x1|                1x1|
|___________|___________________|___________________|

Phase 4.3.1 Print Estimated Congestion | Checksum: 150b76b6f

Time (s): cpu = 00:00:11 ; elapsed = 00:00:09 . Memory (MB): peak = 2148.711 ; gain = 0.000
Phase 4.3 Placer Reporting | Checksum: 150b76b6f

Time (s): cpu = 00:00:11 ; elapsed = 00:00:09 . Memory (MB): peak = 2148.711 ; gain = 0.000

Phase 4.4 Final Placement Cleanup
Netlist sorting complete. Time (s): cpu = 00:00:00 ; elapsed = 00:00:00.001 . Memory (MB): peak = 2148.711 ; gain = 0.000

Time (s): cpu = 00:00:11 ; elapsed = 00:00:09 . Memory (MB): peak = 2148.711 ; gain = 0.000
Phase 4 Post Placement Optimization and Clean-Up | Checksum: 12307a91d

Time (s): cpu = 00:00:11 ; elapsed = 00:00:09 . Memory (MB): peak = 2148.711 ; gain = 0.000
Ending Placer Task | Checksum: cdfefe26

Time (s): cpu = 00:00:11 ; elapsed = 00:00:09 . Memory (MB): peak = 2148.711 ; gain = 0.000
72 Infos, 5 Warnings, 0 Critical Warnings and 0 Errors encountered.
place_design completed successfully
place_design: Time (s): cpu = 00:00:11 ; elapsed = 00:00:10 . Memory (MB): peak = 2148.711 ; gain = 0.000
Command: route_design
Attempting to get a license for feature 'Implementation' and/or device 'xc7z020'
INFO: [Common 17-349] Got license for feature 'Implementation' and/or device 'xc7z020'


Starting Routing Task
INFO: [Route 35-254] Multithreading enabled for route_design using a maximum of 2 CPUs

Phase 1 Build RT Design
Checksum: PlaceDB: 15779cb1 ConstDB: 0 ShapeSum: a28dee85 RouteDB: 15f972f0
WARNING: [Route 35-198] Port "x[6]" does not have an associated HD.PARTPIN_LOCS, which will prevent the partial routing of the signal "x[6]". Without this partial route, timing analysis to/from this port will not be accurate, and no routing information for this port can be exported.
WARNING: [Route 35-198] Port "x[7]" does not have an associated HD.PARTPIN_LOCS, which will prevent the partial routing of the signal "x[7]". Without this partial route, timing analysis to/from this port will not be accurate, and no routing information for this port can be exported.
WARNING: [Route 35-198] Port "x[5]" does not have an associated HD.PARTPIN_LOCS, which will prevent the partial routing of the signal "x[5]". Without this partial route, timing analysis to/from this port will not be accurate, and no routing information for this port can be exported.
WARNING: [Route 35-198] Port "x[4]" does not have an associated HD.PARTPIN_LOCS, which will prevent the partial routing of the signal "x[4]". Without this partial route, timing analysis to/from this port will not be accurate, and no routing information for this port can be exported.
WARNING: [Route 35-198] Port "x[3]" does not have an associated HD.PARTPIN_LOCS, which will prevent the partial routing of the signal "x[3]". Without this partial route, timing analysis to/from this port will not be accurate, and no routing information for this port can be exported.
WARNING: [Route 35-198] Port "x[2]" does not have an associated HD.PARTPIN_LOCS, which will prevent the partial routing of the signal "x[2]". Without this partial route, timing analysis to/from this port will not be accurate, and no routing information for this port can be exported.
WARNING: [Route 35-197] Clock port "clk" does not have an associated HD.CLK_SRC. Without this constraint, timing analysis may not be accurate and upstream checks cannot be done to ensure correct clock placement.
WARNING: [Route 35-198] Port "x[1]" does not have an associated HD.PARTPIN_LOCS, which will prevent the partial routing of the signal "x[1]". Without this partial route, timing analysis to/from this port will not be accurate, and no routing information for this port can be exported.
WARNING: [Route 35-198] Port "x[0]" does not have an associated HD.PARTPIN_LOCS, which will prevent the partial routing of the signal "x[0]". Without this partial route, timing analysis to/from this port will not be accurate, and no routing information for this port can be exported.
WARNING: [Route 35-198] Port "rst_n" does not have an associated HD.PARTPIN_LOCS, which will prevent the partial routing of the signal "rst_n". Without this partial route, timing analysis to/from this port will not be accurate, and no routing information for this port can be exported.
WARNING: [Constraints 18-8777] Unable to split tiles. All required files are not available.
Post Restoration Checksum: NetGraph: f8426d60 | NumContArr: d7a4526f | Constraints: c2a8fa9d | Timing: c2a8fa9d
Phase 1 Build RT Design | Checksum: 35538b509

Time (s): cpu = 00:00:21 ; elapsed = 00:00:19 . Memory (MB): peak = 2148.711 ; gain = 0.000

Phase 2 Router Initialization

Phase 2.1 Fix Topology Constraints
Phase 2.1 Fix Topology Constraints | Checksum: 35538b509

Time (s): cpu = 00:00:21 ; elapsed = 00:00:19 . Memory (MB): peak = 2148.711 ; gain = 0.000

Phase 2.2 Pre Route Cleanup
Phase 2.2 Pre Route Cleanup | Checksum: 35538b509

Time (s): cpu = 00:00:21 ; elapsed = 00:00:19 . Memory (MB): peak = 2148.711 ; gain = 0.000
 Number of Nodes with overlaps = 0

Phase 2.3 Update Timing
Phase 2.3 Update Timing | Checksum: 1b4c042c2

Time (s): cpu = 00:00:21 ; elapsed = 00:00:19 . Memory (MB): peak = 2148.711 ; gain = 0.000
INFO: [Route 35-416] Intermediate Timing Summary | WNS=-0.345 | TNS=-2.858 | WHS=-0.166 | THS=-9.326 |


Phase 2.4 Soft Constraint Pins - Fast Budgeting
Phase 2.4 Soft Constraint Pins - Fast Budgeting | Checksum: 1e82b5a60

Time (s): cpu = 00:00:22 ; elapsed = 00:00:20 . Memory (MB): peak = 2148.711 ; gain = 0.000

Router Utilization Summary
  Global Vertical Routing Utilization    = 0 %
  Global Horizontal Routing Utilization  = 0 %
  Routable Net Status*
  *Does not include unroutable nets such as driverless and loadless.
  Run report_route_status for detailed report.
  Number of Failed Nets               = 1279
    (Failed Nets is the sum of unrouted and partially routed nets)
  Number of Unrouted Nets             = 1279
  Number of Partially Routed Nets     = 0
  Number of Node Overlaps             = 0

Phase 2 Router Initialization | Checksum: 283980b47

Time (s): cpu = 00:00:22 ; elapsed = 00:00:20 . Memory (MB): peak = 2148.711 ; gain = 0.000

Phase 3 Global Routing
Phase 3 Global Routing | Checksum: 283980b47

Time (s): cpu = 00:00:22 ; elapsed = 00:00:20 . Memory (MB): peak = 2148.711 ; gain = 0.000

Phase 4 Initial Routing

Phase 4.1 Initial Net Routing Pass
Phase 4.1 Initial Net Routing Pass | Checksum: 325dde216

Time (s): cpu = 00:00:22 ; elapsed = 00:00:20 . Memory (MB): peak = 2148.711 ; gain = 0.000
Phase 4 Initial Routing | Checksum: 325dde216

Time (s): cpu = 00:00:22 ; elapsed = 00:00:20 . Memory (MB): peak = 2148.711 ; gain = 0.000

Phase 5 Rip-up And Reroute

Phase 5.1 Global Iteration 0
 Number of Nodes with overlaps = 45
 Number of Nodes with overlaps = 26
 Number of Nodes with overlaps = 18
 Number of Nodes with overlaps = 10
 Number of Nodes with overlaps = 5
 Number of Nodes with overlaps = 1
 Number of Nodes with overlaps = 0
INFO: [Route 35-416] Intermediate Timing Summary | WNS=-0.381 | TNS=-4.663 | WHS=N/A    | THS=N/A    |

Phase 5.1 Global Iteration 0 | Checksum: 28a159531

Time (s): cpu = 00:00:23 ; elapsed = 00:00:20 . Memory (MB): peak = 2148.711 ; gain = 0.000

Phase 5.2 Global Iteration 1
 Number of Nodes with overlaps = 6
 Number of Nodes with overlaps = 15
 Number of Nodes with overlaps = 8
 Number of Nodes with overlaps = 8
 Number of Nodes with overlaps = 6
 Number of Nodes with overlaps = 5
 Number of Nodes with overlaps = 2
 Number of Nodes with overlaps = 0
INFO: [Route 35-416] Intermediate Timing Summary | WNS=-0.392 | TNS=-4.371 | WHS=N/A    | THS=N/A    |

Phase 5.2 Global Iteration 1 | Checksum: 2c2d5efdb

Time (s): cpu = 00:00:24 ; elapsed = 00:00:22 . Memory (MB): peak = 2148.711 ; gain = 0.000
Phase 5 Rip-up And Reroute | Checksum: 2c2d5efdb

Time (s): cpu = 00:00:24 ; elapsed = 00:00:22 . Memory (MB): peak = 2148.711 ; gain = 0.000

Phase 6 Delay and Skew Optimization

Phase 6.1 Delay CleanUp

Phase 6.1.1 Update Timing
Phase 6.1.1 Update Timing | Checksum: 2c2d5efdb

Time (s): cpu = 00:00:24 ; elapsed = 00:00:22 . Memory (MB): peak = 2148.711 ; gain = 0.000
INFO: [Route 35-416] Intermediate Timing Summary | WNS=-0.381 | TNS=-4.663 | WHS=N/A    | THS=N/A    |

 Number of Nodes with overlaps = 0
Phase 6.1 Delay CleanUp | Checksum: 2918fc236

Time (s): cpu = 00:00:24 ; elapsed = 00:00:22 . Memory (MB): peak = 2148.711 ; gain = 0.000

Phase 6.2 Clock Skew Optimization
Phase 6.2 Clock Skew Optimization | Checksum: 2918fc236

Time (s): cpu = 00:00:24 ; elapsed = 00:00:22 . Memory (MB): peak = 2148.711 ; gain = 0.000
Phase 6 Delay and Skew Optimization | Checksum: 2918fc236

Time (s): cpu = 00:00:24 ; elapsed = 00:00:22 . Memory (MB): peak = 2148.711 ; gain = 0.000

Phase 7 Post Hold Fix

Phase 7.1 Hold Fix Iter
INFO: [Route 35-416] Intermediate Timing Summary | WNS=-0.381 | TNS=-4.068 | WHS=-0.312 | THS=-16.509|

Phase 7.1 Hold Fix Iter | Checksum: 27e84889a

Time (s): cpu = 00:00:24 ; elapsed = 00:00:22 . Memory (MB): peak = 2148.711 ; gain = 0.000

Phase 7.2 Non Free Resource Hold Fix Iter
Phase 7.2 Non Free Resource Hold Fix Iter | Checksum: 271e1ddc2

Time (s): cpu = 00:00:24 ; elapsed = 00:00:22 . Memory (MB): peak = 2148.711 ; gain = 0.000
Phase 7 Post Hold Fix | Checksum: 271e1ddc2

Time (s): cpu = 00:00:24 ; elapsed = 00:00:22 . Memory (MB): peak = 2148.711 ; gain = 0.000

Phase 8 Route finalize

Router Utilization Summary
  Global Vertical Routing Utilization    = 0.111266 %
  Global Horizontal Routing Utilization  = 0.174527 %
  Routable Net Status*
  *Does not include unroutable nets such as driverless and loadless.
  Run report_route_status for detailed report.
  Number of Failed Nets               = 0
    (Failed Nets is the sum of unrouted and partially routed nets)
  Number of Unrouted Nets             = 0
  Number of Partially Routed Nets     = 0
  Number of Node Overlaps             = 0


--GLOBAL Congestion:
Utilization threshold used for congestion level computation: 0.85
Congestion Report
North Dir 1x1 Area, Max Cong = 21.6216%, No Congested Regions.
South Dir 1x1 Area, Max Cong = 25.2252%, No Congested Regions.
East Dir 1x1 Area, Max Cong = 26.4706%, No Congested Regions.
West Dir 1x1 Area, Max Cong = 23.5294%, No Congested Regions.

------------------------------
Reporting congestion hotspots
------------------------------
Direction: North
----------------
Congested clusters found at Level 0
Effective congestion level: 0 Aspect Ratio: 1 Sparse Ratio: 0
Direction: South
----------------
Congested clusters found at Level 0
Effective congestion level: 0 Aspect Ratio: 1 Sparse Ratio: 0
Direction: East
----------------
Congested clusters found at Level 0
Effective congestion level: 0 Aspect Ratio: 1 Sparse Ratio: 0
Direction: West
----------------
Congested clusters found at Level 0
Effective congestion level: 0 Aspect Ratio: 1 Sparse Ratio: 0

Phase 8 Route finalize | Checksum: 271e1ddc2

Time (s): cpu = 00:00:24 ; elapsed = 00:00:22 . Memory (MB): peak = 2148.711 ; gain = 0.000

Phase 9 Verifying routed nets

 Verification completed successfully
Phase 9 Verifying routed nets | Checksum: 271e1ddc2

Time (s): cpu = 00:00:24 ; elapsed = 00:00:22 . Memory (MB): peak = 2148.711 ; gain = 0.000

Phase 10 Depositing Routes
Phase 10 Depositing Routes | Checksum: 264717c1d

Time (s): cpu = 00:00:24 ; elapsed = 00:00:22 . Memory (MB): peak = 2148.711 ; gain = 0.000

Phase 11 Post Process Routing
WARNING: [Route 35-426]  Router was unable to fix hold violation on pins with fixed or dedicated routing. The router cannot add routing detours to improve hold time because the pins fall under one or more of the listed categories: partition pins, fixed routes and intra-site connections.
Resolution: Run report_timing_summary to analyze the hold violations.
Phase 11 Post Process Routing | Checksum: 24be4046d

Time (s): cpu = 00:00:24 ; elapsed = 00:00:22 . Memory (MB): peak = 2148.711 ; gain = 0.000

Phase 12 Post Router Timing

Phase 12.1 Update Timing
Phase 12.1 Update Timing | Checksum: 24be4046d

Time (s): cpu = 00:00:24 ; elapsed = 00:00:22 . Memory (MB): peak = 2148.711 ; gain = 0.000
INFO: [Route 35-57] Estimated Timing Summary | WNS=-0.381 | TNS=-4.068 | WHS=-0.312 | THS=-16.509|

WARNING: [Route 35-328] Router estimated timing not met.
Resolution: For a complete and accurate timing signoff, report_timing_summary must be run after route_design. Alternatively, route_design can be run with the -timing_summary option to enable a complete timing signoff at the end of route_design.
Phase 12 Post Router Timing | Checksum: 24be4046d

Time (s): cpu = 00:00:24 ; elapsed = 00:00:22 . Memory (MB): peak = 2148.711 ; gain = 0.000
Total Elapsed time in route_design: 21.882 secs

Phase 13 Post-Route Event Processing
Phase 13 Post-Route Event Processing | Checksum: 12fa6b029

Time (s): cpu = 00:00:24 ; elapsed = 00:00:22 . Memory (MB): peak = 2148.711 ; gain = 0.000
INFO: [Route 35-16] Router Completed Successfully
Ending Routing Task | Checksum: 12fa6b029

Time (s): cpu = 00:00:24 ; elapsed = 00:00:22 . Memory (MB): peak = 2148.711 ; gain = 0.000

Routing Is Done.
INFO: [Common 17-83] Releasing license: Implementation
82 Infos, 18 Warnings, 0 Critical Warnings and 0 Errors encountered.
route_design completed successfully
route_design: Time (s): cpu = 00:00:25 ; elapsed = 00:00:22 . Memory (MB): peak = 2148.711 ; gain = 0.000
INFO: [Timing 38-91] UpdateTimingParams: Speed grade: -1, Delay Type: max.
INFO: [Timing 38-191] Multithreading enabled for timing update using a maximum of 2 CPUs
WARNING: [Timing 38-242] The property HD.CLK_SRC of clock port "clk" is not set. In out-of-context mode, this prevents timing estimation for clock delay/skew
Resolution: Set the HD.CLK_SRC property of the out-of-context port to the location of the clock buffer instance in the top-level design
CRITICAL WARNING: [Timing 38-282] The design failed to meet the timing requirements. Please see the timing summary report for details on the timing violations.
CLOSURE_GATE: period=5.31271875 wns=-0.380 closed=0 clocks=1 paths=1365 unconstrained=0 unrouted=0 coverage=1
INFO: [Common 17-206] Exiting Vivado at Sun Aug 30 22:57:49 2026...
