Copyright 1986-2022 Xilinx, Inc. All Rights Reserved. Copyright 2022-2026 Advanced Micro Devices, Inc. All Rights Reserved.
------------------------------------------------------------------------------------------------------------------------------------------------------------------------------------------------------------------------------------------------------------------------------------------------
| Tool Version : Vivado v.2026.1 (win64) Build 6511674 Tue Jun 16 11:02:23 MDT 2026
| Date         : Mon Aug 31 00:47:59 2026
| Host         : Amine running 64-bit major release  (build 9200)
| Command      : report_timing_summary -delay_type max -max_paths 10 -report_unconstrained -check_timing_verbose -warn_on_violation -file C:/Users/Amine/mas/fpga-repo/timing_closure_candidate_v7/results/c10_poly_rf_poly6_v13_8b/trial_010_confirm_pass_p5p205_a0/reports/timing_summary.rpt
| Design       : rf_s1__poly6_v13_8b__g0
| Device       : 7z020-clg400
| Speed File   : -1  PRODUCTION 1.12 2019-11-22
| Design State : Routed
------------------------------------------------------------------------------------------------------------------------------------------------------------------------------------------------------------------------------------------------------------------------------------------------

Timing Summary Report

------------------------------------------------------------------------------------------------
| Timer Settings
| --------------
------------------------------------------------------------------------------------------------

  Enable Multi Corner Analysis               :  Yes
  Enable Pessimism Removal                   :  Yes
  Pessimism Removal Resolution               :  Nearest Common Node
  Enable Input Delay Default Clock           :  No
  Enable Preset / Clear Arcs                 :  No
  Disable Flight Delays                      :  No
  Ignore I/O Paths                           :  No
  Timing Early Launch at Borrowing Latches   :  No
  Borrow Time for Max Delay Exceptions       :  Yes
  Merge Timing Exceptions                    :  Yes
  Inter-SLR Compensation                     :  Conservative

  Corner  Analyze    Analyze    
  Name    Max Paths  Min Paths  
  ------  ---------  ---------  
  Slow    Yes        Yes        
  Fast    Yes        Yes        


------------------------------------------------------------------------------------------------
| Report Methodology
| ------------------
------------------------------------------------------------------------------------------------

No report available as report_methodology has not been run prior. Run report_methodology on the current design for the summary of methodology violations.



check_timing report

Table of Contents
-----------------
1. checking no_clock (0)
2. checking constant_clock (0)
3. checking pulse_width_clock (0)
4. checking unconstrained_internal_endpoints (0)
5. checking no_input_delay (0)
6. checking no_output_delay (0)
7. checking multiple_clock (0)
8. checking generated_clocks (0)
9. checking loops (0)
10. checking partial_input_delay (0)
11. checking partial_output_delay (0)
12. checking latch_loops (0)

1. checking no_clock (0)
------------------------
 There are 0 register/latch pins with no clock.


2. checking constant_clock (0)
------------------------------
 There are 0 register/latch pins with constant_clock.


3. checking pulse_width_clock (0)
---------------------------------
 There are 0 register/latch pins which need pulse_width check


4. checking unconstrained_internal_endpoints (0)
------------------------------------------------
 There are 0 pins that are not constrained for maximum delay.

 There are 0 pins that are not constrained for maximum delay due to constant clock.


5. checking no_input_delay (0)
------------------------------
 There are 0 input ports with no input delay specified.

 There are 0 input ports with no input delay but user has a false path constraint.


6. checking no_output_delay (0)
-------------------------------
 There are 0 ports with no output delay specified.

 There are 0 ports with no output delay but user has a false path constraint

 There are 0 ports with no output delay but with a timing clock defined on it or propagating through it


7. checking multiple_clock (0)
------------------------------
 There are 0 register/latch pins with multiple clocks.


8. checking generated_clocks (0)
--------------------------------
 There are 0 generated clocks that are not connected to a clock source.


9. checking loops (0)
---------------------
 There are 0 combinational loops in the design.


10. checking partial_input_delay (0)
------------------------------------
 There are 0 input ports with partial input delay specified.


11. checking partial_output_delay (0)
-------------------------------------
 There are 0 ports with partial output delay specified.


12. checking latch_loops (0)
----------------------------
 There are 0 combinational latch loops in the design through latch input



------------------------------------------------------------------------------------------------
| Design Timing Summary
| ---------------------
------------------------------------------------------------------------------------------------

    WNS(ns)      TNS(ns)  TNS Failing Endpoints  TNS Total Endpoints     WPWS(ns)     TPWS(ns)  TPWS Failing Endpoints  TPWS Total Endpoints  
    -------      -------  ---------------------  -------------------     --------     --------  ----------------------  --------------------  
      0.000        0.000                      0                  234        1.321        0.000                       0                    22  


All user specified timing constraints are met.


------------------------------------------------------------------------------------------------
| Clock Summary
| -------------
------------------------------------------------------------------------------------------------

Clock  Waveform(ns)         Period(ns)      Frequency(MHz)
-----  ------------         ----------      --------------
vclk   {0.000 2.602}        5.205           192.123         


------------------------------------------------------------------------------------------------
| Intra Clock Table
| -----------------
------------------------------------------------------------------------------------------------

Clock             WNS(ns)      TNS(ns)  TNS Failing Endpoints  TNS Total Endpoints     WPWS(ns)     TPWS(ns)  TPWS Failing Endpoints  TPWS Total Endpoints  
-----             -------      -------  ---------------------  -------------------     --------     --------  ----------------------  --------------------  
vclk                0.000        0.000                      0                  234        1.321        0.000                       0                    22  


------------------------------------------------------------------------------------------------
| Inter Clock Table
| -----------------
------------------------------------------------------------------------------------------------

From Clock    To Clock          WNS(ns)      TNS(ns)  TNS Failing Endpoints  TNS Total Endpoints  
----------    --------          -------      -------  ---------------------  -------------------  


------------------------------------------------------------------------------------------------
| Other Path Groups Table
| -----------------------
------------------------------------------------------------------------------------------------

Path Group    From Clock    To Clock          WNS(ns)      TNS(ns)  TNS Failing Endpoints  TNS Total Endpoints  
----------    ----------    --------          -------      -------  ---------------------  -------------------  


------------------------------------------------------------------------------------------------
| User Ignored Path Table
| -----------------------
------------------------------------------------------------------------------------------------

Path Group    From Clock    To Clock    
----------    ----------    --------    


------------------------------------------------------------------------------------------------
| Unconstrained Path Table
| ------------------------
------------------------------------------------------------------------------------------------

Path Group    From Clock    To Clock    
----------    ----------    --------    


------------------------------------------------------------------------------------------------
| Timing Details
| --------------
------------------------------------------------------------------------------------------------


---------------------------------------------------------------------------------------------------
From Clock:  vclk
  To Clock:  vclk

Setup :            0  Failing Endpoints,  Worst Slack        0.000ns,  Total Violation        0.000ns
Hold  :           NA  Failing Endpoints,  Worst Slack           NA  ,  Total Violation           NA
PW    :            0  Failing Endpoints,  Worst Slack        1.321ns,  Total Violation        0.000ns
---------------------------------------------------------------------------------------------------


Max Delay Paths
--------------------------------------------------------------------------------------
Slack (MET) :             0.000ns  (required time - arrival time)
  Source:                 r2_reg/CLK
                            (rising edge-triggered cell DSP48E1 clocked by vclk  {rise@0.000ns fall@2.602ns period=5.205ns})
  Destination:            r3_reg/A[13]
                            (rising edge-triggered cell DSP48E1 clocked by vclk  {rise@0.000ns fall@2.602ns period=5.205ns})
  Path Group:             vclk
  Path Type:              Setup (Max at Slow Process Corner)
  Requirement:            5.205ns  (vclk rise@5.205ns - vclk rise@0.000ns)
  Data Path Delay:        1.399ns  (logic 0.434ns (31.028%)  route 0.965ns (68.972%))
  Logic Levels:           0  
  Clock Path Skew:        -0.049ns (DCD - SCD + CPR)
    Destination Clock Delay (DCD):    0.924ns = ( 6.129 - 5.205 ) 
    Source Clock Delay      (SCD):    0.973ns
    Clock Pessimism Removal (CPR):    0.000ns
  Clock Uncertainty:      0.035ns  ((TSJ^2 + TIJ^2)^1/2 + DJ) / 2 + PE
    Total System Jitter     (TSJ):    0.071ns
    Total Input Jitter      (TIJ):    0.000ns
    Discrete Jitter          (DJ):    0.000ns
    Phase Error              (PE):    0.000ns

    Location             Delay type                Incr(ns)  Path(ns)    Netlist Resource(s)
  -------------------------------------------------------------------    -------------------
                         (clock vclk rise edge)       0.000     0.000 r  <hidden>
                                                      0.000     0.000 r  clk
                         net (fo=21, unset)           0.973     0.973    clk
    DSP48_X2Y23          DSP48E1                                      r  r2_reg/CLK
  -------------------------------------------------------------------    -------------------
    DSP48_X2Y23          DSP48E1 (Prop_dsp48e1_CLK_P[13])
                                                      0.434     1.407 r  r2_reg/P[13]
                         net (fo=1, routed)           0.965     2.372    r2_reg_n_92
    DSP48_X2Y24          DSP48E1                                      r  r3_reg/A[13]
  -------------------------------------------------------------------    -------------------

                         (clock vclk rise edge)       5.205     5.205 r  <hidden>
                                                      0.000     5.205 r  clk
                         net (fo=21, unset)           0.924     6.129    clk
    DSP48_X2Y24          DSP48E1                                      r  r3_reg/CLK
                         clock pessimism              0.000     6.129    <hidden>
                         clock uncertainty           -0.035     6.094    <hidden>
    DSP48_X2Y24          DSP48E1 (Setup_dsp48e1_CLK_A[13])
                                                     -3.722     2.372    r3_reg
  -------------------------------------------------------------------
                         required time                          2.372    <hidden>
                         arrival time                          -2.372    <hidden>
  -------------------------------------------------------------------
                         slack                                  0.000    <hidden>

Slack (MET) :             0.000ns  (required time - arrival time)
  Source:                 r2_reg/CLK
                            (rising edge-triggered cell DSP48E1 clocked by vclk  {rise@0.000ns fall@2.602ns period=5.205ns})
  Destination:            r3_reg/A[15]
                            (rising edge-triggered cell DSP48E1 clocked by vclk  {rise@0.000ns fall@2.602ns period=5.205ns})
  Path Group:             vclk
  Path Type:              Setup (Max at Slow Process Corner)
  Requirement:            5.205ns  (vclk rise@5.205ns - vclk rise@0.000ns)
  Data Path Delay:        1.399ns  (logic 0.434ns (31.028%)  route 0.965ns (68.972%))
  Logic Levels:           0  
  Clock Path Skew:        -0.049ns (DCD - SCD + CPR)
    Destination Clock Delay (DCD):    0.924ns = ( 6.129 - 5.205 ) 
    Source Clock Delay      (SCD):    0.973ns
    Clock Pessimism Removal (CPR):    0.000ns
  Clock Uncertainty:      0.035ns  ((TSJ^2 + TIJ^2)^1/2 + DJ) / 2 + PE
    Total System Jitter     (TSJ):    0.071ns
    Total Input Jitter      (TIJ):    0.000ns
    Discrete Jitter          (DJ):    0.000ns
    Phase Error              (PE):    0.000ns

    Location             Delay type                Incr(ns)  Path(ns)    Netlist Resource(s)
  -------------------------------------------------------------------    -------------------
                         (clock vclk rise edge)       0.000     0.000 r  <hidden>
                                                      0.000     0.000 r  clk
                         net (fo=21, unset)           0.973     0.973    clk
    DSP48_X2Y23          DSP48E1                                      r  r2_reg/CLK
  -------------------------------------------------------------------    -------------------
    DSP48_X2Y23          DSP48E1 (Prop_dsp48e1_CLK_P[15])
                                                      0.434     1.407 r  r2_reg/P[15]
                         net (fo=1, routed)           0.965     2.372    r2_reg_n_90
    DSP48_X2Y24          DSP48E1                                      r  r3_reg/A[15]
  -------------------------------------------------------------------    -------------------

                         (clock vclk rise edge)       5.205     5.205 r  <hidden>
                                                      0.000     5.205 r  clk
                         net (fo=21, unset)           0.924     6.129    clk
    DSP48_X2Y24          DSP48E1                                      r  r3_reg/CLK
                         clock pessimism              0.000     6.129    <hidden>
                         clock uncertainty           -0.035     6.094    <hidden>
    DSP48_X2Y24          DSP48E1 (Setup_dsp48e1_CLK_A[15])
                                                     -3.722     2.372    r3_reg
  -------------------------------------------------------------------
                         required time                          2.372    <hidden>
                         arrival time                          -2.372    <hidden>
  -------------------------------------------------------------------
                         slack                                  0.000    <hidden>

Slack (MET) :             0.000ns  (required time - arrival time)
  Source:                 r4_reg/CLK
                            (rising edge-triggered cell DSP48E1 clocked by vclk  {rise@0.000ns fall@2.602ns period=5.205ns})
  Destination:            r5_reg/A[13]
                            (rising edge-triggered cell DSP48E1 clocked by vclk  {rise@0.000ns fall@2.602ns period=5.205ns})
  Path Group:             vclk
  Path Type:              Setup (Max at Slow Process Corner)
  Requirement:            5.205ns  (vclk rise@5.205ns - vclk rise@0.000ns)
  Data Path Delay:        1.399ns  (logic 0.434ns (31.028%)  route 0.965ns (68.972%))
  Logic Levels:           0  
  Clock Path Skew:        -0.049ns (DCD - SCD + CPR)
    Destination Clock Delay (DCD):    0.924ns = ( 6.129 - 5.205 ) 
    Source Clock Delay      (SCD):    0.973ns
    Clock Pessimism Removal (CPR):    0.000ns
  Clock Uncertainty:      0.035ns  ((TSJ^2 + TIJ^2)^1/2 + DJ) / 2 + PE
    Total System Jitter     (TSJ):    0.071ns
    Total Input Jitter      (TIJ):    0.000ns
    Discrete Jitter          (DJ):    0.000ns
    Phase Error              (PE):    0.000ns

    Location             Delay type                Incr(ns)  Path(ns)    Netlist Resource(s)
  -------------------------------------------------------------------    -------------------
                         (clock vclk rise edge)       0.000     0.000 r  <hidden>
                                                      0.000     0.000 r  clk
                         net (fo=21, unset)           0.973     0.973    clk
    DSP48_X2Y25          DSP48E1                                      r  r4_reg/CLK
  -------------------------------------------------------------------    -------------------
    DSP48_X2Y25          DSP48E1 (Prop_dsp48e1_CLK_P[13])
                                                      0.434     1.407 r  r4_reg/P[13]
                         net (fo=1, routed)           0.965     2.372    r4_reg_n_92
    DSP48_X2Y26          DSP48E1                                      r  r5_reg/A[13]
  -------------------------------------------------------------------    -------------------

                         (clock vclk rise edge)       5.205     5.205 r  <hidden>
                                                      0.000     5.205 r  clk
                         net (fo=21, unset)           0.924     6.129    clk
    DSP48_X2Y26          DSP48E1                                      r  r5_reg/CLK
                         clock pessimism              0.000     6.129    <hidden>
                         clock uncertainty           -0.035     6.094    <hidden>
    DSP48_X2Y26          DSP48E1 (Setup_dsp48e1_CLK_A[13])
                                                     -3.722     2.372    r5_reg
  -------------------------------------------------------------------
                         required time                          2.372    <hidden>
                         arrival time                          -2.372    <hidden>
  -------------------------------------------------------------------
                         slack                                  0.000    <hidden>

Slack (MET) :             0.000ns  (required time - arrival time)
  Source:                 r4_reg/CLK
                            (rising edge-triggered cell DSP48E1 clocked by vclk  {rise@0.000ns fall@2.602ns period=5.205ns})
  Destination:            r5_reg/A[15]
                            (rising edge-triggered cell DSP48E1 clocked by vclk  {rise@0.000ns fall@2.602ns period=5.205ns})
  Path Group:             vclk
  Path Type:              Setup (Max at Slow Process Corner)
  Requirement:            5.205ns  (vclk rise@5.205ns - vclk rise@0.000ns)
  Data Path Delay:        1.399ns  (logic 0.434ns (31.028%)  route 0.965ns (68.972%))
  Logic Levels:           0  
  Clock Path Skew:        -0.049ns (DCD - SCD + CPR)
    Destination Clock Delay (DCD):    0.924ns = ( 6.129 - 5.205 ) 
    Source Clock Delay      (SCD):    0.973ns
    Clock Pessimism Removal (CPR):    0.000ns
  Clock Uncertainty:      0.035ns  ((TSJ^2 + TIJ^2)^1/2 + DJ) / 2 + PE
    Total System Jitter     (TSJ):    0.071ns
    Total Input Jitter      (TIJ):    0.000ns
    Discrete Jitter          (DJ):    0.000ns
    Phase Error              (PE):    0.000ns

    Location             Delay type                Incr(ns)  Path(ns)    Netlist Resource(s)
  -------------------------------------------------------------------    -------------------
                         (clock vclk rise edge)       0.000     0.000 r  <hidden>
                                                      0.000     0.000 r  clk
                         net (fo=21, unset)           0.973     0.973    clk
    DSP48_X2Y25          DSP48E1                                      r  r4_reg/CLK
  -------------------------------------------------------------------    -------------------
    DSP48_X2Y25          DSP48E1 (Prop_dsp48e1_CLK_P[15])
                                                      0.434     1.407 r  r4_reg/P[15]
                         net (fo=1, routed)           0.965     2.372    r4_reg_n_90
    DSP48_X2Y26          DSP48E1                                      r  r5_reg/A[15]
  -------------------------------------------------------------------    -------------------

                         (clock vclk rise edge)       5.205     5.205 r  <hidden>
                                                      0.000     5.205 r  clk
                         net (fo=21, unset)           0.924     6.129    clk
    DSP48_X2Y26          DSP48E1                                      r  r5_reg/CLK
                         clock pessimism              0.000     6.129    <hidden>
                         clock uncertainty           -0.035     6.094    <hidden>
    DSP48_X2Y26          DSP48E1 (Setup_dsp48e1_CLK_A[15])
                                                     -3.722     2.372    r5_reg
  -------------------------------------------------------------------
                         required time                          2.372    <hidden>
                         arrival time                          -2.372    <hidden>
  -------------------------------------------------------------------
                         slack                                  0.000    <hidden>

Slack (MET) :             0.104ns  (required time - arrival time)
  Source:                 r3_reg/CLK
                            (rising edge-triggered cell DSP48E1 clocked by vclk  {rise@0.000ns fall@2.602ns period=5.205ns})
  Destination:            r4_reg/A[14]
                            (rising edge-triggered cell DSP48E1 clocked by vclk  {rise@0.000ns fall@2.602ns period=5.205ns})
  Path Group:             vclk
  Path Type:              Setup (Max at Slow Process Corner)
  Requirement:            5.205ns  (vclk rise@5.205ns - vclk rise@0.000ns)
  Data Path Delay:        1.295ns  (logic 0.434ns (33.516%)  route 0.861ns (66.484%))
  Logic Levels:           0  
  Clock Path Skew:        -0.049ns (DCD - SCD + CPR)
    Destination Clock Delay (DCD):    0.924ns = ( 6.129 - 5.205 ) 
    Source Clock Delay      (SCD):    0.973ns
    Clock Pessimism Removal (CPR):    0.000ns
  Clock Uncertainty:      0.035ns  ((TSJ^2 + TIJ^2)^1/2 + DJ) / 2 + PE
    Total System Jitter     (TSJ):    0.071ns
    Total Input Jitter      (TIJ):    0.000ns
    Discrete Jitter          (DJ):    0.000ns
    Phase Error              (PE):    0.000ns

    Location             Delay type                Incr(ns)  Path(ns)    Netlist Resource(s)
  -------------------------------------------------------------------    -------------------
                         (clock vclk rise edge)       0.000     0.000 r  <hidden>
                                                      0.000     0.000 r  clk
                         net (fo=21, unset)           0.973     0.973    clk
    DSP48_X2Y24          DSP48E1                                      r  r3_reg/CLK
  -------------------------------------------------------------------    -------------------
    DSP48_X2Y24          DSP48E1 (Prop_dsp48e1_CLK_P[14])
                                                      0.434     1.407 r  r3_reg/P[14]
                         net (fo=1, routed)           0.861     2.268    r3_reg_n_91
    DSP48_X2Y25          DSP48E1                                      r  r4_reg/A[14]
  -------------------------------------------------------------------    -------------------

                         (clock vclk rise edge)       5.205     5.205 r  <hidden>
                                                      0.000     5.205 r  clk
                         net (fo=21, unset)           0.924     6.129    clk
    DSP48_X2Y25          DSP48E1                                      r  r4_reg/CLK
                         clock pessimism              0.000     6.129    <hidden>
                         clock uncertainty           -0.035     6.094    <hidden>
    DSP48_X2Y25          DSP48E1 (Setup_dsp48e1_CLK_A[14])
                                                     -3.722     2.372    r4_reg
  -------------------------------------------------------------------
                         required time                          2.372    <hidden>
                         arrival time                          -2.268    <hidden>
  -------------------------------------------------------------------
                         slack                                  0.104    <hidden>

Slack (MET) :             0.104ns  (required time - arrival time)
  Source:                 r5_reg/CLK
                            (rising edge-triggered cell DSP48E1 clocked by vclk  {rise@0.000ns fall@2.602ns period=5.205ns})
  Destination:            r6_reg/A[14]
                            (rising edge-triggered cell DSP48E1 clocked by vclk  {rise@0.000ns fall@2.602ns period=5.205ns})
  Path Group:             vclk
  Path Type:              Setup (Max at Slow Process Corner)
  Requirement:            5.205ns  (vclk rise@5.205ns - vclk rise@0.000ns)
  Data Path Delay:        1.295ns  (logic 0.434ns (33.516%)  route 0.861ns (66.484%))
  Logic Levels:           0  
  Clock Path Skew:        -0.049ns (DCD - SCD + CPR)
    Destination Clock Delay (DCD):    0.924ns = ( 6.129 - 5.205 ) 
    Source Clock Delay      (SCD):    0.973ns
    Clock Pessimism Removal (CPR):    0.000ns
  Clock Uncertainty:      0.035ns  ((TSJ^2 + TIJ^2)^1/2 + DJ) / 2 + PE
    Total System Jitter     (TSJ):    0.071ns
    Total Input Jitter      (TIJ):    0.000ns
    Discrete Jitter          (DJ):    0.000ns
    Phase Error              (PE):    0.000ns

    Location             Delay type                Incr(ns)  Path(ns)    Netlist Resource(s)
  -------------------------------------------------------------------    -------------------
                         (clock vclk rise edge)       0.000     0.000 r  <hidden>
                                                      0.000     0.000 r  clk
                         net (fo=21, unset)           0.973     0.973    clk
    DSP48_X2Y26          DSP48E1                                      r  r5_reg/CLK
  -------------------------------------------------------------------    -------------------
    DSP48_X2Y26          DSP48E1 (Prop_dsp48e1_CLK_P[14])
                                                      0.434     1.407 r  r5_reg/P[14]
                         net (fo=1, routed)           0.861     2.268    r5_reg_n_91
    DSP48_X2Y27          DSP48E1                                      r  r6_reg/A[14]
  -------------------------------------------------------------------    -------------------

                         (clock vclk rise edge)       5.205     5.205 r  <hidden>
                                                      0.000     5.205 r  clk
                         net (fo=21, unset)           0.924     6.129    clk
    DSP48_X2Y27          DSP48E1                                      r  r6_reg/CLK
                         clock pessimism              0.000     6.129    <hidden>
                         clock uncertainty           -0.035     6.094    <hidden>
    DSP48_X2Y27          DSP48E1 (Setup_dsp48e1_CLK_A[14])
                                                     -3.722     2.372    r6_reg
  -------------------------------------------------------------------
                         required time                          2.372    <hidden>
                         arrival time                          -2.268    <hidden>
  -------------------------------------------------------------------
                         slack                                  0.104    <hidden>

Slack (MET) :             0.149ns  (required time - arrival time)
  Source:                 r3_reg/CLK
                            (rising edge-triggered cell DSP48E1 clocked by vclk  {rise@0.000ns fall@2.602ns period=5.205ns})
  Destination:            r4_reg/A[13]
                            (rising edge-triggered cell DSP48E1 clocked by vclk  {rise@0.000ns fall@2.602ns period=5.205ns})
  Path Group:             vclk
  Path Type:              Setup (Max at Slow Process Corner)
  Requirement:            5.205ns  (vclk rise@5.205ns - vclk rise@0.000ns)
  Data Path Delay:        1.250ns  (logic 0.434ns (34.708%)  route 0.816ns (65.292%))
  Logic Levels:           0  
  Clock Path Skew:        -0.049ns (DCD - SCD + CPR)
    Destination Clock Delay (DCD):    0.924ns = ( 6.129 - 5.205 ) 
    Source Clock Delay      (SCD):    0.973ns
    Clock Pessimism Removal (CPR):    0.000ns
  Clock Uncertainty:      0.035ns  ((TSJ^2 + TIJ^2)^1/2 + DJ) / 2 + PE
    Total System Jitter     (TSJ):    0.071ns
    Total Input Jitter      (TIJ):    0.000ns
    Discrete Jitter          (DJ):    0.000ns
    Phase Error              (PE):    0.000ns

    Location             Delay type                Incr(ns)  Path(ns)    Netlist Resource(s)
  -------------------------------------------------------------------    -------------------
                         (clock vclk rise edge)       0.000     0.000 r  <hidden>
                                                      0.000     0.000 r  clk
                         net (fo=21, unset)           0.973     0.973    clk
    DSP48_X2Y24          DSP48E1                                      r  r3_reg/CLK
  -------------------------------------------------------------------    -------------------
    DSP48_X2Y24          DSP48E1 (Prop_dsp48e1_CLK_P[13])
                                                      0.434     1.407 r  r3_reg/P[13]
                         net (fo=1, routed)           0.816     2.223    r3_reg_n_92
    DSP48_X2Y25          DSP48E1                                      r  r4_reg/A[13]
  -------------------------------------------------------------------    -------------------

                         (clock vclk rise edge)       5.205     5.205 r  <hidden>
                                                      0.000     5.205 r  clk
                         net (fo=21, unset)           0.924     6.129    clk
    DSP48_X2Y25          DSP48E1                                      r  r4_reg/CLK
                         clock pessimism              0.000     6.129    <hidden>
                         clock uncertainty           -0.035     6.094    <hidden>
    DSP48_X2Y25          DSP48E1 (Setup_dsp48e1_CLK_A[13])
                                                     -3.722     2.372    r4_reg
  -------------------------------------------------------------------
                         required time                          2.372    <hidden>
                         arrival time                          -2.223    <hidden>
  -------------------------------------------------------------------
                         slack                                  0.149    <hidden>

Slack (MET) :             0.149ns  (required time - arrival time)
  Source:                 r5_reg/CLK
                            (rising edge-triggered cell DSP48E1 clocked by vclk  {rise@0.000ns fall@2.602ns period=5.205ns})
  Destination:            r6_reg/A[13]
                            (rising edge-triggered cell DSP48E1 clocked by vclk  {rise@0.000ns fall@2.602ns period=5.205ns})
  Path Group:             vclk
  Path Type:              Setup (Max at Slow Process Corner)
  Requirement:            5.205ns  (vclk rise@5.205ns - vclk rise@0.000ns)
  Data Path Delay:        1.250ns  (logic 0.434ns (34.708%)  route 0.816ns (65.292%))
  Logic Levels:           0  
  Clock Path Skew:        -0.049ns (DCD - SCD + CPR)
    Destination Clock Delay (DCD):    0.924ns = ( 6.129 - 5.205 ) 
    Source Clock Delay      (SCD):    0.973ns
    Clock Pessimism Removal (CPR):    0.000ns
  Clock Uncertainty:      0.035ns  ((TSJ^2 + TIJ^2)^1/2 + DJ) / 2 + PE
    Total System Jitter     (TSJ):    0.071ns
    Total Input Jitter      (TIJ):    0.000ns
    Discrete Jitter          (DJ):    0.000ns
    Phase Error              (PE):    0.000ns

    Location             Delay type                Incr(ns)  Path(ns)    Netlist Resource(s)
  -------------------------------------------------------------------    -------------------
                         (clock vclk rise edge)       0.000     0.000 r  <hidden>
                                                      0.000     0.000 r  clk
                         net (fo=21, unset)           0.973     0.973    clk
    DSP48_X2Y26          DSP48E1                                      r  r5_reg/CLK
  -------------------------------------------------------------------    -------------------
    DSP48_X2Y26          DSP48E1 (Prop_dsp48e1_CLK_P[13])
                                                      0.434     1.407 r  r5_reg/P[13]
                         net (fo=1, routed)           0.816     2.223    r5_reg_n_92
    DSP48_X2Y27          DSP48E1                                      r  r6_reg/A[13]
  -------------------------------------------------------------------    -------------------

                         (clock vclk rise edge)       5.205     5.205 r  <hidden>
                                                      0.000     5.205 r  clk
                         net (fo=21, unset)           0.924     6.129    clk
    DSP48_X2Y27          DSP48E1                                      r  r6_reg/CLK
                         clock pessimism              0.000     6.129    <hidden>
                         clock uncertainty           -0.035     6.094    <hidden>
    DSP48_X2Y27          DSP48E1 (Setup_dsp48e1_CLK_A[13])
                                                     -3.722     2.372    r6_reg
  -------------------------------------------------------------------
                         required time                          2.372    <hidden>
                         arrival time                          -2.223    <hidden>
  -------------------------------------------------------------------
                         slack                                  0.149    <hidden>

Slack (MET) :             0.177ns  (required time - arrival time)
  Source:                 r2_reg/CLK
                            (rising edge-triggered cell DSP48E1 clocked by vclk  {rise@0.000ns fall@2.602ns period=5.205ns})
  Destination:            r3_reg/A[0]
                            (rising edge-triggered cell DSP48E1 clocked by vclk  {rise@0.000ns fall@2.602ns period=5.205ns})
  Path Group:             vclk
  Path Type:              Setup (Max at Slow Process Corner)
  Requirement:            5.205ns  (vclk rise@5.205ns - vclk rise@0.000ns)
  Data Path Delay:        1.222ns  (logic 0.434ns (35.503%)  route 0.788ns (64.497%))
  Logic Levels:           0  
  Clock Path Skew:        -0.049ns (DCD - SCD + CPR)
    Destination Clock Delay (DCD):    0.924ns = ( 6.129 - 5.205 ) 
    Source Clock Delay      (SCD):    0.973ns
    Clock Pessimism Removal (CPR):    0.000ns
  Clock Uncertainty:      0.035ns  ((TSJ^2 + TIJ^2)^1/2 + DJ) / 2 + PE
    Total System Jitter     (TSJ):    0.071ns
    Total Input Jitter      (TIJ):    0.000ns
    Discrete Jitter          (DJ):    0.000ns
    Phase Error              (PE):    0.000ns

    Location             Delay type                Incr(ns)  Path(ns)    Netlist Resource(s)
  -------------------------------------------------------------------    -------------------
                         (clock vclk rise edge)       0.000     0.000 r  <hidden>
                                                      0.000     0.000 r  clk
                         net (fo=21, unset)           0.973     0.973    clk
    DSP48_X2Y23          DSP48E1                                      r  r2_reg/CLK
  -------------------------------------------------------------------    -------------------
    DSP48_X2Y23          DSP48E1 (Prop_dsp48e1_CLK_P[0])
                                                      0.434     1.407 r  r2_reg/P[0]
                         net (fo=1, routed)           0.788     2.195    r2_reg_n_105
    DSP48_X2Y24          DSP48E1                                      r  r3_reg/A[0]
  -------------------------------------------------------------------    -------------------

                         (clock vclk rise edge)       5.205     5.205 r  <hidden>
                                                      0.000     5.205 r  clk
                         net (fo=21, unset)           0.924     6.129    clk
    DSP48_X2Y24          DSP48E1                                      r  r3_reg/CLK
                         clock pessimism              0.000     6.129    <hidden>
                         clock uncertainty           -0.035     6.094    <hidden>
    DSP48_X2Y24          DSP48E1 (Setup_dsp48e1_CLK_A[0])
                                                     -3.722     2.372    r3_reg
  -------------------------------------------------------------------
                         required time                          2.372    <hidden>
                         arrival time                          -2.195    <hidden>
  -------------------------------------------------------------------
                         slack                                  0.177    <hidden>

Slack (MET) :             0.177ns  (required time - arrival time)
  Source:                 r2_reg/CLK
                            (rising edge-triggered cell DSP48E1 clocked by vclk  {rise@0.000ns fall@2.602ns period=5.205ns})
  Destination:            r3_reg/A[10]
                            (rising edge-triggered cell DSP48E1 clocked by vclk  {rise@0.000ns fall@2.602ns period=5.205ns})
  Path Group:             vclk
  Path Type:              Setup (Max at Slow Process Corner)
  Requirement:            5.205ns  (vclk rise@5.205ns - vclk rise@0.000ns)
  Data Path Delay:        1.222ns  (logic 0.434ns (35.503%)  route 0.788ns (64.497%))
  Logic Levels:           0  
  Clock Path Skew:        -0.049ns (DCD - SCD + CPR)
    Destination Clock Delay (DCD):    0.924ns = ( 6.129 - 5.205 ) 
    Source Clock Delay      (SCD):    0.973ns
    Clock Pessimism Removal (CPR):    0.000ns
  Clock Uncertainty:      0.035ns  ((TSJ^2 + TIJ^2)^1/2 + DJ) / 2 + PE
    Total System Jitter     (TSJ):    0.071ns
    Total Input Jitter      (TIJ):    0.000ns
    Discrete Jitter          (DJ):    0.000ns
    Phase Error              (PE):    0.000ns

    Location             Delay type                Incr(ns)  Path(ns)    Netlist Resource(s)
  -------------------------------------------------------------------    -------------------
                         (clock vclk rise edge)       0.000     0.000 r  <hidden>
                                                      0.000     0.000 r  clk
                         net (fo=21, unset)           0.973     0.973    clk
    DSP48_X2Y23          DSP48E1                                      r  r2_reg/CLK
  -------------------------------------------------------------------    -------------------
    DSP48_X2Y23          DSP48E1 (Prop_dsp48e1_CLK_P[10])
                                                      0.434     1.407 r  r2_reg/P[10]
                         net (fo=1, routed)           0.788     2.195    r2_reg_n_95
    DSP48_X2Y24          DSP48E1                                      r  r3_reg/A[10]
  -------------------------------------------------------------------    -------------------

                         (clock vclk rise edge)       5.205     5.205 r  <hidden>
                                                      0.000     5.205 r  clk
                         net (fo=21, unset)           0.924     6.129    clk
    DSP48_X2Y24          DSP48E1                                      r  r3_reg/CLK
                         clock pessimism              0.000     6.129    <hidden>
                         clock uncertainty           -0.035     6.094    <hidden>
    DSP48_X2Y24          DSP48E1 (Setup_dsp48e1_CLK_A[10])
                                                     -3.722     2.372    r3_reg
  -------------------------------------------------------------------
                         required time                          2.372    <hidden>
                         arrival time                          -2.195    <hidden>
  -------------------------------------------------------------------
                         slack                                  0.177    <hidden>





Pulse Width Checks
--------------------------------------------------------------------------------------
Clock Name:         vclk
Waveform(ns):       { 0.000 2.602 }
Period(ns):         5.205
Sources:            { clk }

Check Type        Corner  Lib Pin      Reference Pin  Required(ns)  Actual(ns)  Slack(ns)  Location      Pin
Min Period        n/a     DSP48E1/CLK  n/a            3.884         5.205       1.321      DSP48_X2Y22   r1_reg/CLK
Min Period        n/a     DSP48E1/CLK  n/a            3.687         5.205       1.518      DSP48_X2Y23   r2_reg/CLK
Min Period        n/a     DSP48E1/CLK  n/a            3.687         5.205       1.518      DSP48_X2Y24   r3_reg/CLK
Min Period        n/a     DSP48E1/CLK  n/a            3.687         5.205       1.518      DSP48_X2Y25   r4_reg/CLK
Min Period        n/a     DSP48E1/CLK  n/a            3.687         5.205       1.518      DSP48_X2Y26   r5_reg/CLK
Min Period        n/a     DSP48E1/CLK  n/a            3.687         5.205       1.518      DSP48_X2Y27   r6_reg/CLK
Min Period        n/a     FDRE/C       n/a            1.000         5.205       4.205      SLICE_X35Y65  y_reg[0]/C
Min Period        n/a     FDRE/C       n/a            1.000         5.205       4.205      SLICE_X35Y67  y_reg[10]/C
Min Period        n/a     FDRE/C       n/a            1.000         5.205       4.205      SLICE_X35Y67  y_reg[11]/C
Min Period        n/a     FDRE/C       n/a            1.000         5.205       4.205      SLICE_X35Y68  y_reg[12]/C
Low Pulse Width   Slow    FDRE/C       n/a            0.500         2.602       2.102      SLICE_X35Y65  y_reg[0]/C
Low Pulse Width   Fast    FDRE/C       n/a            0.500         2.602       2.102      SLICE_X35Y65  y_reg[0]/C
Low Pulse Width   Slow    FDRE/C       n/a            0.500         2.602       2.102      SLICE_X35Y67  y_reg[10]/C
Low Pulse Width   Fast    FDRE/C       n/a            0.500         2.602       2.102      SLICE_X35Y67  y_reg[10]/C
Low Pulse Width   Slow    FDRE/C       n/a            0.500         2.602       2.102      SLICE_X35Y67  y_reg[11]/C
Low Pulse Width   Fast    FDRE/C       n/a            0.500         2.602       2.102      SLICE_X35Y67  y_reg[11]/C
Low Pulse Width   Slow    FDRE/C       n/a            0.500         2.602       2.102      SLICE_X35Y68  y_reg[12]/C
Low Pulse Width   Fast    FDRE/C       n/a            0.500         2.602       2.102      SLICE_X35Y68  y_reg[12]/C
Low Pulse Width   Slow    FDRE/C       n/a            0.500         2.602       2.102      SLICE_X35Y68  y_reg[13]/C
Low Pulse Width   Fast    FDRE/C       n/a            0.500         2.602       2.102      SLICE_X35Y68  y_reg[13]/C
High Pulse Width  Slow    FDRE/C       n/a            0.500         2.602       2.102      SLICE_X35Y65  y_reg[0]/C
High Pulse Width  Fast    FDRE/C       n/a            0.500         2.602       2.102      SLICE_X35Y65  y_reg[0]/C
High Pulse Width  Slow    FDRE/C       n/a            0.500         2.602       2.102      SLICE_X35Y67  y_reg[10]/C
High Pulse Width  Fast    FDRE/C       n/a            0.500         2.602       2.102      SLICE_X35Y67  y_reg[10]/C
High Pulse Width  Slow    FDRE/C       n/a            0.500         2.602       2.102      SLICE_X35Y67  y_reg[11]/C
High Pulse Width  Fast    FDRE/C       n/a            0.500         2.602       2.102      SLICE_X35Y67  y_reg[11]/C
High Pulse Width  Slow    FDRE/C       n/a            0.500         2.602       2.102      SLICE_X35Y68  y_reg[12]/C
High Pulse Width  Fast    FDRE/C       n/a            0.500         2.602       2.102      SLICE_X35Y68  y_reg[12]/C
High Pulse Width  Slow    FDRE/C       n/a            0.500         2.602       2.102      SLICE_X35Y68  y_reg[13]/C
High Pulse Width  Fast    FDRE/C       n/a            0.500         2.602       2.102      SLICE_X35Y68  y_reg[13]/C



