Copyright 1986-2022 Xilinx, Inc. All Rights Reserved. Copyright 2022-2026 Advanced Micro Devices, Inc. All Rights Reserved.
-------------------------------------------------------------------------------------------------------------------------------------------------------------------------------------------------------------------------------------------------------
| Tool Version : Vivado v.2026.1 (win64) Build 6511674 Tue Jun 16 11:02:23 MDT 2026
| Date         : Sun Aug 30 22:27:16 2026
| Host         : Amine running 64-bit major release  (build 9200)
| Command      : report_timing_summary -delay_type max -max_paths 10 -report_unconstrained -check_timing_verbose -warn_on_violation -file C:/Users/Amine/mas/fpga-repo/timing_closure_gate_v7/stability_campaign_001/run_36/reports/timing_summary.rpt
| Design       : timing_gate_v4_stability_probe
| Device       : 7z020-clg400
| Speed File   : -1  PRODUCTION 1.12 2019-11-22
| Design State : Routed
-------------------------------------------------------------------------------------------------------------------------------------------------------------------------------------------------------------------------------------------------------

Timing Summary Report

------------------------------------------------------------------------------------------------
| Timer Settings
| --------------
------------------------------------------------------------------------------------------------

  Enable Multi Corner Analysis               :  Yes
  Enable Pessimism Removal                   :  Yes
  Pessimism Removal Resolution               :  Nearest Common Node
  Enable Input Delay Default Clock           :  No
  Enable Preset / Clear Arcs                 :  No
  Disable Flight Delays                      :  No
  Ignore I/O Paths                           :  No
  Timing Early Launch at Borrowing Latches   :  No
  Borrow Time for Max Delay Exceptions       :  Yes
  Merge Timing Exceptions                    :  Yes
  Inter-SLR Compensation                     :  Conservative

  Corner  Analyze    Analyze    
  Name    Max Paths  Min Paths  
  ------  ---------  ---------  
  Slow    Yes        Yes        
  Fast    Yes        Yes        


------------------------------------------------------------------------------------------------
| Report Methodology
| ------------------
------------------------------------------------------------------------------------------------

No report available as report_methodology has not been run prior. Run report_methodology on the current design for the summary of methodology violations.



check_timing report

Table of Contents
-----------------
1. checking no_clock (0)
2. checking constant_clock (0)
3. checking pulse_width_clock (0)
4. checking unconstrained_internal_endpoints (0)
5. checking no_input_delay (0)
6. checking no_output_delay (0)
7. checking multiple_clock (0)
8. checking generated_clocks (0)
9. checking loops (0)
10. checking partial_input_delay (0)
11. checking partial_output_delay (0)
12. checking latch_loops (0)

1. checking no_clock (0)
------------------------
 There are 0 register/latch pins with no clock.


2. checking constant_clock (0)
------------------------------
 There are 0 register/latch pins with constant_clock.


3. checking pulse_width_clock (0)
---------------------------------
 There are 0 register/latch pins which need pulse_width check


4. checking unconstrained_internal_endpoints (0)
------------------------------------------------
 There are 0 pins that are not constrained for maximum delay.

 There are 0 pins that are not constrained for maximum delay due to constant clock.


5. checking no_input_delay (0)
------------------------------
 There are 0 input ports with no input delay specified.

 There are 0 input ports with no input delay but user has a false path constraint.


6. checking no_output_delay (0)
-------------------------------
 There are 0 ports with no output delay specified.

 There are 0 ports with no output delay but user has a false path constraint

 There are 0 ports with no output delay but with a timing clock defined on it or propagating through it


7. checking multiple_clock (0)
------------------------------
 There are 0 register/latch pins with multiple clocks.


8. checking generated_clocks (0)
--------------------------------
 There are 0 generated clocks that are not connected to a clock source.


9. checking loops (0)
---------------------
 There are 0 combinational loops in the design.


10. checking partial_input_delay (0)
------------------------------------
 There are 0 input ports with partial input delay specified.


11. checking partial_output_delay (0)
-------------------------------------
 There are 0 ports with partial output delay specified.


12. checking latch_loops (0)
----------------------------
 There are 0 combinational latch loops in the design through latch input



------------------------------------------------------------------------------------------------
| Design Timing Summary
| ---------------------
------------------------------------------------------------------------------------------------

    WNS(ns)      TNS(ns)  TNS Failing Endpoints  TNS Total Endpoints     WPWS(ns)     TPWS(ns)  TPWS Failing Endpoints  TPWS Total Endpoints  
    -------      -------  ---------------------  -------------------     --------     --------  ----------------------  --------------------  
      7.501        0.000                      0                   51        4.500        0.000                       0                    34  


All user specified timing constraints are met.


------------------------------------------------------------------------------------------------
| Clock Summary
| -------------
------------------------------------------------------------------------------------------------

Clock  Waveform(ns)       Period(ns)      Frequency(MHz)
-----  ------------       ----------      --------------
vclk   {0.000 5.000}      10.000          100.000         


------------------------------------------------------------------------------------------------
| Intra Clock Table
| -----------------
------------------------------------------------------------------------------------------------

Clock             WNS(ns)      TNS(ns)  TNS Failing Endpoints  TNS Total Endpoints     WPWS(ns)     TPWS(ns)  TPWS Failing Endpoints  TPWS Total Endpoints  
-----             -------      -------  ---------------------  -------------------     --------     --------  ----------------------  --------------------  
vclk                7.501        0.000                      0                   51        4.500        0.000                       0                    34  


------------------------------------------------------------------------------------------------
| Inter Clock Table
| -----------------
------------------------------------------------------------------------------------------------

From Clock    To Clock          WNS(ns)      TNS(ns)  TNS Failing Endpoints  TNS Total Endpoints  
----------    --------          -------      -------  ---------------------  -------------------  


------------------------------------------------------------------------------------------------
| Other Path Groups Table
| -----------------------
------------------------------------------------------------------------------------------------

Path Group    From Clock    To Clock          WNS(ns)      TNS(ns)  TNS Failing Endpoints  TNS Total Endpoints  
----------    ----------    --------          -------      -------  ---------------------  -------------------  


------------------------------------------------------------------------------------------------
| User Ignored Path Table
| -----------------------
------------------------------------------------------------------------------------------------

Path Group    From Clock    To Clock    
----------    ----------    --------    


------------------------------------------------------------------------------------------------
| Unconstrained Path Table
| ------------------------
------------------------------------------------------------------------------------------------

Path Group    From Clock    To Clock    
----------    ----------    --------    


------------------------------------------------------------------------------------------------
| Timing Details
| --------------
------------------------------------------------------------------------------------------------


---------------------------------------------------------------------------------------------------
From Clock:  vclk
  To Clock:  vclk

Setup :            0  Failing Endpoints,  Worst Slack        7.501ns,  Total Violation        0.000ns
Hold  :           NA  Failing Endpoints,  Worst Slack           NA  ,  Total Violation           NA
PW    :            0  Failing Endpoints,  Worst Slack        4.500ns,  Total Violation        0.000ns
---------------------------------------------------------------------------------------------------


Max Delay Paths
--------------------------------------------------------------------------------------
Slack (MET) :             7.501ns  (required time - arrival time)
  Source:                 y_reg[0]/C
                            (rising edge-triggered cell FDRE clocked by vclk  {rise@0.000ns fall@5.000ns period=10.000ns})
  Destination:            y[0]
                            (output port clocked by vclk  {rise@0.000ns fall@5.000ns period=10.000ns})
  Path Group:             vclk
  Path Type:              Max at Slow Process Corner
  Requirement:            10.000ns  (vclk rise@10.000ns - vclk rise@0.000ns)
  Data Path Delay:        1.491ns  (logic 0.518ns (34.742%)  route 0.973ns (65.258%))
  Logic Levels:           0  
  Output Delay:           0.000ns
  Clock Path Skew:        -0.973ns (DCD - SCD + CPR)
    Destination Clock Delay (DCD):    0.000ns = ( 10.000 - 10.000 ) 
    Source Clock Delay      (SCD):    0.973ns
    Clock Pessimism Removal (CPR):    0.000ns
  Clock Uncertainty:      0.035ns  ((TSJ^2 + TIJ^2)^1/2 + DJ) / 2 + PE
    Total System Jitter     (TSJ):    0.071ns
    Total Input Jitter      (TIJ):    0.000ns
    Discrete Jitter          (DJ):    0.000ns
    Phase Error              (PE):    0.000ns

    Location             Delay type                Incr(ns)  Path(ns)    Netlist Resource(s)
  -------------------------------------------------------------------    -------------------
                         (clock vclk rise edge)       0.000     0.000 r  <hidden>
                                                      0.000     0.000 r  clk
                         net (fo=33, unset)           0.973     0.973    clk
    SLICE_X58Y73         FDRE                                         r  y_reg[0]/C
  -------------------------------------------------------------------    -------------------
    SLICE_X58Y73         FDRE (Prop_fdre_C_Q)         0.518     1.491 r  y_reg[0]/Q
                         net (fo=0)                   0.973     2.464    y[0]
                                                                      r  y[0]
  -------------------------------------------------------------------    -------------------

                         (clock vclk rise edge)      10.000    10.000 r  <hidden>
                         clock pessimism              0.000    10.000    <hidden>
                         clock uncertainty           -0.035     9.965    <hidden>
                         output delay                -0.000     9.965    <hidden>
  -------------------------------------------------------------------
                         required time                          9.965    <hidden>
                         arrival time                          -2.464    <hidden>
  -------------------------------------------------------------------
                         slack                                  7.501    <hidden>

Slack (MET) :             7.563ns  (required time - arrival time)
  Source:                 y_reg[10]/C
                            (rising edge-triggered cell FDRE clocked by vclk  {rise@0.000ns fall@5.000ns period=10.000ns})
  Destination:            y[10]
                            (output port clocked by vclk  {rise@0.000ns fall@5.000ns period=10.000ns})
  Path Group:             vclk
  Path Type:              Max at Slow Process Corner
  Requirement:            10.000ns  (vclk rise@10.000ns - vclk rise@0.000ns)
  Data Path Delay:        1.429ns  (logic 0.456ns (31.910%)  route 0.973ns (68.090%))
  Logic Levels:           0  
  Output Delay:           0.000ns
  Clock Path Skew:        -0.973ns (DCD - SCD + CPR)
    Destination Clock Delay (DCD):    0.000ns = ( 10.000 - 10.000 ) 
    Source Clock Delay      (SCD):    0.973ns
    Clock Pessimism Removal (CPR):    0.000ns
  Clock Uncertainty:      0.035ns  ((TSJ^2 + TIJ^2)^1/2 + DJ) / 2 + PE
    Total System Jitter     (TSJ):    0.071ns
    Total Input Jitter      (TIJ):    0.000ns
    Discrete Jitter          (DJ):    0.000ns
    Phase Error              (PE):    0.000ns

    Location             Delay type                Incr(ns)  Path(ns)    Netlist Resource(s)
  -------------------------------------------------------------------    -------------------
                         (clock vclk rise edge)       0.000     0.000 r  <hidden>
                                                      0.000     0.000 r  clk
                         net (fo=33, unset)           0.973     0.973    clk
    SLICE_X56Y75         FDRE                                         r  y_reg[10]/C
  -------------------------------------------------------------------    -------------------
    SLICE_X56Y75         FDRE (Prop_fdre_C_Q)         0.456     1.429 r  y_reg[10]/Q
                         net (fo=0)                   0.973     2.402    y[10]
                                                                      r  y[10]
  -------------------------------------------------------------------    -------------------

                         (clock vclk rise edge)      10.000    10.000 r  <hidden>
                         clock pessimism              0.000    10.000    <hidden>
                         clock uncertainty           -0.035     9.965    <hidden>
                         output delay                -0.000     9.965    <hidden>
  -------------------------------------------------------------------
                         required time                          9.965    <hidden>
                         arrival time                          -2.402    <hidden>
  -------------------------------------------------------------------
                         slack                                  7.563    <hidden>

Slack (MET) :             7.563ns  (required time - arrival time)
  Source:                 y_reg[11]/C
                            (rising edge-triggered cell FDRE clocked by vclk  {rise@0.000ns fall@5.000ns period=10.000ns})
  Destination:            y[11]
                            (output port clocked by vclk  {rise@0.000ns fall@5.000ns period=10.000ns})
  Path Group:             vclk
  Path Type:              Max at Slow Process Corner
  Requirement:            10.000ns  (vclk rise@10.000ns - vclk rise@0.000ns)
  Data Path Delay:        1.429ns  (logic 0.456ns (31.910%)  route 0.973ns (68.090%))
  Logic Levels:           0  
  Output Delay:           0.000ns
  Clock Path Skew:        -0.973ns (DCD - SCD + CPR)
    Destination Clock Delay (DCD):    0.000ns = ( 10.000 - 10.000 ) 
    Source Clock Delay      (SCD):    0.973ns
    Clock Pessimism Removal (CPR):    0.000ns
  Clock Uncertainty:      0.035ns  ((TSJ^2 + TIJ^2)^1/2 + DJ) / 2 + PE
    Total System Jitter     (TSJ):    0.071ns
    Total Input Jitter      (TIJ):    0.000ns
    Discrete Jitter          (DJ):    0.000ns
    Phase Error              (PE):    0.000ns

    Location             Delay type                Incr(ns)  Path(ns)    Netlist Resource(s)
  -------------------------------------------------------------------    -------------------
                         (clock vclk rise edge)       0.000     0.000 r  <hidden>
                                                      0.000     0.000 r  clk
                         net (fo=33, unset)           0.973     0.973    clk
    SLICE_X56Y75         FDRE                                         r  y_reg[11]/C
  -------------------------------------------------------------------    -------------------
    SLICE_X56Y75         FDRE (Prop_fdre_C_Q)         0.456     1.429 r  y_reg[11]/Q
                         net (fo=0)                   0.973     2.402    y[11]
                                                                      r  y[11]
  -------------------------------------------------------------------    -------------------

                         (clock vclk rise edge)      10.000    10.000 r  <hidden>
                         clock pessimism              0.000    10.000    <hidden>
                         clock uncertainty           -0.035     9.965    <hidden>
                         output delay                -0.000     9.965    <hidden>
  -------------------------------------------------------------------
                         required time                          9.965    <hidden>
                         arrival time                          -2.402    <hidden>
  -------------------------------------------------------------------
                         slack                                  7.563    <hidden>

Slack (MET) :             7.563ns  (required time - arrival time)
  Source:                 y_reg[12]/C
                            (rising edge-triggered cell FDRE clocked by vclk  {rise@0.000ns fall@5.000ns period=10.000ns})
  Destination:            y[12]
                            (output port clocked by vclk  {rise@0.000ns fall@5.000ns period=10.000ns})
  Path Group:             vclk
  Path Type:              Max at Slow Process Corner
  Requirement:            10.000ns  (vclk rise@10.000ns - vclk rise@0.000ns)
  Data Path Delay:        1.429ns  (logic 0.456ns (31.910%)  route 0.973ns (68.090%))
  Logic Levels:           0  
  Output Delay:           0.000ns
  Clock Path Skew:        -0.973ns (DCD - SCD + CPR)
    Destination Clock Delay (DCD):    0.000ns = ( 10.000 - 10.000 ) 
    Source Clock Delay      (SCD):    0.973ns
    Clock Pessimism Removal (CPR):    0.000ns
  Clock Uncertainty:      0.035ns  ((TSJ^2 + TIJ^2)^1/2 + DJ) / 2 + PE
    Total System Jitter     (TSJ):    0.071ns
    Total Input Jitter      (TIJ):    0.000ns
    Discrete Jitter          (DJ):    0.000ns
    Phase Error              (PE):    0.000ns

    Location             Delay type                Incr(ns)  Path(ns)    Netlist Resource(s)
  -------------------------------------------------------------------    -------------------
                         (clock vclk rise edge)       0.000     0.000 r  <hidden>
                                                      0.000     0.000 r  clk
                         net (fo=33, unset)           0.973     0.973    clk
    SLICE_X56Y75         FDRE                                         r  y_reg[12]/C
  -------------------------------------------------------------------    -------------------
    SLICE_X56Y75         FDRE (Prop_fdre_C_Q)         0.456     1.429 r  y_reg[12]/Q
                         net (fo=0)                   0.973     2.402    y[12]
                                                                      r  y[12]
  -------------------------------------------------------------------    -------------------

                         (clock vclk rise edge)      10.000    10.000 r  <hidden>
                         clock pessimism              0.000    10.000    <hidden>
                         clock uncertainty           -0.035     9.965    <hidden>
                         output delay                -0.000     9.965    <hidden>
  -------------------------------------------------------------------
                         required time                          9.965    <hidden>
                         arrival time                          -2.402    <hidden>
  -------------------------------------------------------------------
                         slack                                  7.563    <hidden>

Slack (MET) :             7.563ns  (required time - arrival time)
  Source:                 y_reg[13]/C
                            (rising edge-triggered cell FDRE clocked by vclk  {rise@0.000ns fall@5.000ns period=10.000ns})
  Destination:            y[13]
                            (output port clocked by vclk  {rise@0.000ns fall@5.000ns period=10.000ns})
  Path Group:             vclk
  Path Type:              Max at Slow Process Corner
  Requirement:            10.000ns  (vclk rise@10.000ns - vclk rise@0.000ns)
  Data Path Delay:        1.429ns  (logic 0.456ns (31.910%)  route 0.973ns (68.090%))
  Logic Levels:           0  
  Output Delay:           0.000ns
  Clock Path Skew:        -0.973ns (DCD - SCD + CPR)
    Destination Clock Delay (DCD):    0.000ns = ( 10.000 - 10.000 ) 
    Source Clock Delay      (SCD):    0.973ns
    Clock Pessimism Removal (CPR):    0.000ns
  Clock Uncertainty:      0.035ns  ((TSJ^2 + TIJ^2)^1/2 + DJ) / 2 + PE
    Total System Jitter     (TSJ):    0.071ns
    Total Input Jitter      (TIJ):    0.000ns
    Discrete Jitter          (DJ):    0.000ns
    Phase Error              (PE):    0.000ns

    Location             Delay type                Incr(ns)  Path(ns)    Netlist Resource(s)
  -------------------------------------------------------------------    -------------------
                         (clock vclk rise edge)       0.000     0.000 r  <hidden>
                                                      0.000     0.000 r  clk
                         net (fo=33, unset)           0.973     0.973    clk
    SLICE_X56Y76         FDRE                                         r  y_reg[13]/C
  -------------------------------------------------------------------    -------------------
    SLICE_X56Y76         FDRE (Prop_fdre_C_Q)         0.456     1.429 r  y_reg[13]/Q
                         net (fo=0)                   0.973     2.402    y[13]
                                                                      r  y[13]
  -------------------------------------------------------------------    -------------------

                         (clock vclk rise edge)      10.000    10.000 r  <hidden>
                         clock pessimism              0.000    10.000    <hidden>
                         clock uncertainty           -0.035     9.965    <hidden>
                         output delay                -0.000     9.965    <hidden>
  -------------------------------------------------------------------
                         required time                          9.965    <hidden>
                         arrival time                          -2.402    <hidden>
  -------------------------------------------------------------------
                         slack                                  7.563    <hidden>

Slack (MET) :             7.563ns  (required time - arrival time)
  Source:                 y_reg[14]/C
                            (rising edge-triggered cell FDRE clocked by vclk  {rise@0.000ns fall@5.000ns period=10.000ns})
  Destination:            y[14]
                            (output port clocked by vclk  {rise@0.000ns fall@5.000ns period=10.000ns})
  Path Group:             vclk
  Path Type:              Max at Slow Process Corner
  Requirement:            10.000ns  (vclk rise@10.000ns - vclk rise@0.000ns)
  Data Path Delay:        1.429ns  (logic 0.456ns (31.910%)  route 0.973ns (68.090%))
  Logic Levels:           0  
  Output Delay:           0.000ns
  Clock Path Skew:        -0.973ns (DCD - SCD + CPR)
    Destination Clock Delay (DCD):    0.000ns = ( 10.000 - 10.000 ) 
    Source Clock Delay      (SCD):    0.973ns
    Clock Pessimism Removal (CPR):    0.000ns
  Clock Uncertainty:      0.035ns  ((TSJ^2 + TIJ^2)^1/2 + DJ) / 2 + PE
    Total System Jitter     (TSJ):    0.071ns
    Total Input Jitter      (TIJ):    0.000ns
    Discrete Jitter          (DJ):    0.000ns
    Phase Error              (PE):    0.000ns

    Location             Delay type                Incr(ns)  Path(ns)    Netlist Resource(s)
  -------------------------------------------------------------------    -------------------
                         (clock vclk rise edge)       0.000     0.000 r  <hidden>
                                                      0.000     0.000 r  clk
                         net (fo=33, unset)           0.973     0.973    clk
    SLICE_X56Y76         FDRE                                         r  y_reg[14]/C
  -------------------------------------------------------------------    -------------------
    SLICE_X56Y76         FDRE (Prop_fdre_C_Q)         0.456     1.429 r  y_reg[14]/Q
                         net (fo=0)                   0.973     2.402    y[14]
                                                                      r  y[14]
  -------------------------------------------------------------------    -------------------

                         (clock vclk rise edge)      10.000    10.000 r  <hidden>
                         clock pessimism              0.000    10.000    <hidden>
                         clock uncertainty           -0.035     9.965    <hidden>
                         output delay                -0.000     9.965    <hidden>
  -------------------------------------------------------------------
                         required time                          9.965    <hidden>
                         arrival time                          -2.402    <hidden>
  -------------------------------------------------------------------
                         slack                                  7.563    <hidden>

Slack (MET) :             7.563ns  (required time - arrival time)
  Source:                 y_reg[15]/C
                            (rising edge-triggered cell FDRE clocked by vclk  {rise@0.000ns fall@5.000ns period=10.000ns})
  Destination:            y[15]
                            (output port clocked by vclk  {rise@0.000ns fall@5.000ns period=10.000ns})
  Path Group:             vclk
  Path Type:              Max at Slow Process Corner
  Requirement:            10.000ns  (vclk rise@10.000ns - vclk rise@0.000ns)
  Data Path Delay:        1.429ns  (logic 0.456ns (31.910%)  route 0.973ns (68.090%))
  Logic Levels:           0  
  Output Delay:           0.000ns
  Clock Path Skew:        -0.973ns (DCD - SCD + CPR)
    Destination Clock Delay (DCD):    0.000ns = ( 10.000 - 10.000 ) 
    Source Clock Delay      (SCD):    0.973ns
    Clock Pessimism Removal (CPR):    0.000ns
  Clock Uncertainty:      0.035ns  ((TSJ^2 + TIJ^2)^1/2 + DJ) / 2 + PE
    Total System Jitter     (TSJ):    0.071ns
    Total Input Jitter      (TIJ):    0.000ns
    Discrete Jitter          (DJ):    0.000ns
    Phase Error              (PE):    0.000ns

    Location             Delay type                Incr(ns)  Path(ns)    Netlist Resource(s)
  -------------------------------------------------------------------    -------------------
                         (clock vclk rise edge)       0.000     0.000 r  <hidden>
                                                      0.000     0.000 r  clk
                         net (fo=33, unset)           0.973     0.973    clk
    SLICE_X56Y76         FDRE                                         r  y_reg[15]/C
  -------------------------------------------------------------------    -------------------
    SLICE_X56Y76         FDRE (Prop_fdre_C_Q)         0.456     1.429 r  y_reg[15]/Q
                         net (fo=0)                   0.973     2.402    y[15]
                                                                      r  y[15]
  -------------------------------------------------------------------    -------------------

                         (clock vclk rise edge)      10.000    10.000 r  <hidden>
                         clock pessimism              0.000    10.000    <hidden>
                         clock uncertainty           -0.035     9.965    <hidden>
                         output delay                -0.000     9.965    <hidden>
  -------------------------------------------------------------------
                         required time                          9.965    <hidden>
                         arrival time                          -2.402    <hidden>
  -------------------------------------------------------------------
                         slack                                  7.563    <hidden>

Slack (MET) :             7.563ns  (required time - arrival time)
  Source:                 y_reg[16]/C
                            (rising edge-triggered cell FDRE clocked by vclk  {rise@0.000ns fall@5.000ns period=10.000ns})
  Destination:            y[16]
                            (output port clocked by vclk  {rise@0.000ns fall@5.000ns period=10.000ns})
  Path Group:             vclk
  Path Type:              Max at Slow Process Corner
  Requirement:            10.000ns  (vclk rise@10.000ns - vclk rise@0.000ns)
  Data Path Delay:        1.429ns  (logic 0.456ns (31.910%)  route 0.973ns (68.090%))
  Logic Levels:           0  
  Output Delay:           0.000ns
  Clock Path Skew:        -0.973ns (DCD - SCD + CPR)
    Destination Clock Delay (DCD):    0.000ns = ( 10.000 - 10.000 ) 
    Source Clock Delay      (SCD):    0.973ns
    Clock Pessimism Removal (CPR):    0.000ns
  Clock Uncertainty:      0.035ns  ((TSJ^2 + TIJ^2)^1/2 + DJ) / 2 + PE
    Total System Jitter     (TSJ):    0.071ns
    Total Input Jitter      (TIJ):    0.000ns
    Discrete Jitter          (DJ):    0.000ns
    Phase Error              (PE):    0.000ns

    Location             Delay type                Incr(ns)  Path(ns)    Netlist Resource(s)
  -------------------------------------------------------------------    -------------------
                         (clock vclk rise edge)       0.000     0.000 r  <hidden>
                                                      0.000     0.000 r  clk
                         net (fo=33, unset)           0.973     0.973    clk
    SLICE_X56Y76         FDRE                                         r  y_reg[16]/C
  -------------------------------------------------------------------    -------------------
    SLICE_X56Y76         FDRE (Prop_fdre_C_Q)         0.456     1.429 r  y_reg[16]/Q
                         net (fo=0)                   0.973     2.402    y[16]
                                                                      r  y[16]
  -------------------------------------------------------------------    -------------------

                         (clock vclk rise edge)      10.000    10.000 r  <hidden>
                         clock pessimism              0.000    10.000    <hidden>
                         clock uncertainty           -0.035     9.965    <hidden>
                         output delay                -0.000     9.965    <hidden>
  -------------------------------------------------------------------
                         required time                          9.965    <hidden>
                         arrival time                          -2.402    <hidden>
  -------------------------------------------------------------------
                         slack                                  7.563    <hidden>

Slack (MET) :             7.563ns  (required time - arrival time)
  Source:                 y_reg[1]/C
                            (rising edge-triggered cell FDRE clocked by vclk  {rise@0.000ns fall@5.000ns period=10.000ns})
  Destination:            y[1]
                            (output port clocked by vclk  {rise@0.000ns fall@5.000ns period=10.000ns})
  Path Group:             vclk
  Path Type:              Max at Slow Process Corner
  Requirement:            10.000ns  (vclk rise@10.000ns - vclk rise@0.000ns)
  Data Path Delay:        1.429ns  (logic 0.456ns (31.910%)  route 0.973ns (68.090%))
  Logic Levels:           0  
  Output Delay:           0.000ns
  Clock Path Skew:        -0.973ns (DCD - SCD + CPR)
    Destination Clock Delay (DCD):    0.000ns = ( 10.000 - 10.000 ) 
    Source Clock Delay      (SCD):    0.973ns
    Clock Pessimism Removal (CPR):    0.000ns
  Clock Uncertainty:      0.035ns  ((TSJ^2 + TIJ^2)^1/2 + DJ) / 2 + PE
    Total System Jitter     (TSJ):    0.071ns
    Total Input Jitter      (TIJ):    0.000ns
    Discrete Jitter          (DJ):    0.000ns
    Phase Error              (PE):    0.000ns

    Location             Delay type                Incr(ns)  Path(ns)    Netlist Resource(s)
  -------------------------------------------------------------------    -------------------
                         (clock vclk rise edge)       0.000     0.000 r  <hidden>
                                                      0.000     0.000 r  clk
                         net (fo=33, unset)           0.973     0.973    clk
    SLICE_X56Y73         FDRE                                         r  y_reg[1]/C
  -------------------------------------------------------------------    -------------------
    SLICE_X56Y73         FDRE (Prop_fdre_C_Q)         0.456     1.429 r  y_reg[1]/Q
                         net (fo=0)                   0.973     2.402    y[1]
                                                                      r  y[1]
  -------------------------------------------------------------------    -------------------

                         (clock vclk rise edge)      10.000    10.000 r  <hidden>
                         clock pessimism              0.000    10.000    <hidden>
                         clock uncertainty           -0.035     9.965    <hidden>
                         output delay                -0.000     9.965    <hidden>
  -------------------------------------------------------------------
                         required time                          9.965    <hidden>
                         arrival time                          -2.402    <hidden>
  -------------------------------------------------------------------
                         slack                                  7.563    <hidden>

Slack (MET) :             7.563ns  (required time - arrival time)
  Source:                 y_reg[2]/C
                            (rising edge-triggered cell FDRE clocked by vclk  {rise@0.000ns fall@5.000ns period=10.000ns})
  Destination:            y[2]
                            (output port clocked by vclk  {rise@0.000ns fall@5.000ns period=10.000ns})
  Path Group:             vclk
  Path Type:              Max at Slow Process Corner
  Requirement:            10.000ns  (vclk rise@10.000ns - vclk rise@0.000ns)
  Data Path Delay:        1.429ns  (logic 0.456ns (31.910%)  route 0.973ns (68.090%))
  Logic Levels:           0  
  Output Delay:           0.000ns
  Clock Path Skew:        -0.973ns (DCD - SCD + CPR)
    Destination Clock Delay (DCD):    0.000ns = ( 10.000 - 10.000 ) 
    Source Clock Delay      (SCD):    0.973ns
    Clock Pessimism Removal (CPR):    0.000ns
  Clock Uncertainty:      0.035ns  ((TSJ^2 + TIJ^2)^1/2 + DJ) / 2 + PE
    Total System Jitter     (TSJ):    0.071ns
    Total Input Jitter      (TIJ):    0.000ns
    Discrete Jitter          (DJ):    0.000ns
    Phase Error              (PE):    0.000ns

    Location             Delay type                Incr(ns)  Path(ns)    Netlist Resource(s)
  -------------------------------------------------------------------    -------------------
                         (clock vclk rise edge)       0.000     0.000 r  <hidden>
                                                      0.000     0.000 r  clk
                         net (fo=33, unset)           0.973     0.973    clk
    SLICE_X56Y73         FDRE                                         r  y_reg[2]/C
  -------------------------------------------------------------------    -------------------
    SLICE_X56Y73         FDRE (Prop_fdre_C_Q)         0.456     1.429 r  y_reg[2]/Q
                         net (fo=0)                   0.973     2.402    y[2]
                                                                      r  y[2]
  -------------------------------------------------------------------    -------------------

                         (clock vclk rise edge)      10.000    10.000 r  <hidden>
                         clock pessimism              0.000    10.000    <hidden>
                         clock uncertainty           -0.035     9.965    <hidden>
                         output delay                -0.000     9.965    <hidden>
  -------------------------------------------------------------------
                         required time                          9.965    <hidden>
                         arrival time                          -2.402    <hidden>
  -------------------------------------------------------------------
                         slack                                  7.563    <hidden>





Pulse Width Checks
--------------------------------------------------------------------------------------
Clock Name:         vclk
Waveform(ns):       { 0.000 5.000 }
Period(ns):         10.000
Sources:            { clk }

Check Type        Corner  Lib Pin  Reference Pin  Required(ns)  Actual(ns)  Slack(ns)  Location      Pin
Min Period        n/a     FDRE/C   n/a            1.000         10.000      9.000      SLICE_X57Y73  sum_q_reg[0]/C
Min Period        n/a     FDRE/C   n/a            1.000         10.000      9.000      SLICE_X57Y75  sum_q_reg[10]/C
Min Period        n/a     FDRE/C   n/a            1.000         10.000      9.000      SLICE_X57Y75  sum_q_reg[11]/C
Min Period        n/a     FDRE/C   n/a            1.000         10.000      9.000      SLICE_X57Y76  sum_q_reg[12]/C
Min Period        n/a     FDRE/C   n/a            1.000         10.000      9.000      SLICE_X57Y76  sum_q_reg[13]/C
Min Period        n/a     FDRE/C   n/a            1.000         10.000      9.000      SLICE_X57Y76  sum_q_reg[14]/C
Min Period        n/a     FDRE/C   n/a            1.000         10.000      9.000      SLICE_X57Y76  sum_q_reg[15]/C
Min Period        n/a     FDRE/C   n/a            1.000         10.000      9.000      SLICE_X57Y77  sum_q_reg[16]/C
Min Period        n/a     FDRE/C   n/a            1.000         10.000      9.000      SLICE_X57Y73  sum_q_reg[1]/C
Min Period        n/a     FDRE/C   n/a            1.000         10.000      9.000      SLICE_X57Y73  sum_q_reg[2]/C
Low Pulse Width   Slow    FDRE/C   n/a            0.500         5.000       4.500      SLICE_X57Y73  sum_q_reg[0]/C
Low Pulse Width   Fast    FDRE/C   n/a            0.500         5.000       4.500      SLICE_X57Y73  sum_q_reg[0]/C
Low Pulse Width   Slow    FDRE/C   n/a            0.500         5.000       4.500      SLICE_X57Y75  sum_q_reg[10]/C
Low Pulse Width   Fast    FDRE/C   n/a            0.500         5.000       4.500      SLICE_X57Y75  sum_q_reg[10]/C
Low Pulse Width   Slow    FDRE/C   n/a            0.500         5.000       4.500      SLICE_X57Y75  sum_q_reg[11]/C
Low Pulse Width   Fast    FDRE/C   n/a            0.500         5.000       4.500      SLICE_X57Y75  sum_q_reg[11]/C
Low Pulse Width   Slow    FDRE/C   n/a            0.500         5.000       4.500      SLICE_X57Y76  sum_q_reg[12]/C
Low Pulse Width   Fast    FDRE/C   n/a            0.500         5.000       4.500      SLICE_X57Y76  sum_q_reg[12]/C
Low Pulse Width   Slow    FDRE/C   n/a            0.500         5.000       4.500      SLICE_X57Y76  sum_q_reg[13]/C
Low Pulse Width   Fast    FDRE/C   n/a            0.500         5.000       4.500      SLICE_X57Y76  sum_q_reg[13]/C
High Pulse Width  Slow    FDRE/C   n/a            0.500         5.000       4.500      SLICE_X57Y73  sum_q_reg[0]/C
High Pulse Width  Fast    FDRE/C   n/a            0.500         5.000       4.500      SLICE_X57Y73  sum_q_reg[0]/C
High Pulse Width  Slow    FDRE/C   n/a            0.500         5.000       4.500      SLICE_X57Y75  sum_q_reg[10]/C
High Pulse Width  Fast    FDRE/C   n/a            0.500         5.000       4.500      SLICE_X57Y75  sum_q_reg[10]/C
High Pulse Width  Slow    FDRE/C   n/a            0.500         5.000       4.500      SLICE_X57Y75  sum_q_reg[11]/C
High Pulse Width  Fast    FDRE/C   n/a            0.500         5.000       4.500      SLICE_X57Y75  sum_q_reg[11]/C
High Pulse Width  Slow    FDRE/C   n/a            0.500         5.000       4.500      SLICE_X57Y76  sum_q_reg[12]/C
High Pulse Width  Fast    FDRE/C   n/a            0.500         5.000       4.500      SLICE_X57Y76  sum_q_reg[12]/C
High Pulse Width  Slow    FDRE/C   n/a            0.500         5.000       4.500      SLICE_X57Y76  sum_q_reg[13]/C
High Pulse Width  Fast    FDRE/C   n/a            0.500         5.000       4.500      SLICE_X57Y76  sum_q_reg[13]/C



