Copyright 1986-2022 Xilinx, Inc. All Rights Reserved. Copyright 2022-2026 Advanced Micro Devices, Inc. All Rights Reserved.
---------------------------------------------------------------------------------------------------------------------------------------------------------------------------------------------------------------------------------------------------------------------------------------
| Tool Version : Vivado v.2026.1 (win64) Build 6511674 Tue Jun 16 11:02:23 MDT 2026
| Date         : Sun Aug 30 23:28:58 2026
| Host         : Amine running 64-bit major release  (build 9200)
| Command      : report_timing_summary -delay_type max -max_paths 10 -report_unconstrained -check_timing_verbose -warn_on_violation -file C:/Users/Amine/mas/fpga-repo/timing_closure_candidate_v7/results/c05_iir_sft_iir18_v7/trial_001_search_p4p0575_a0/reports/timing_summary.rpt
| Design       : sft__iir18_v7__g0
| Device       : 7z020-clg400
| Speed File   : -1  PRODUCTION 1.12 2019-11-22
| Design State : Routed
---------------------------------------------------------------------------------------------------------------------------------------------------------------------------------------------------------------------------------------------------------------------------------------

Timing Summary Report

------------------------------------------------------------------------------------------------
| Timer Settings
| --------------
------------------------------------------------------------------------------------------------

  Enable Multi Corner Analysis               :  Yes
  Enable Pessimism Removal                   :  Yes
  Pessimism Removal Resolution               :  Nearest Common Node
  Enable Input Delay Default Clock           :  No
  Enable Preset / Clear Arcs                 :  No
  Disable Flight Delays                      :  No
  Ignore I/O Paths                           :  No
  Timing Early Launch at Borrowing Latches   :  No
  Borrow Time for Max Delay Exceptions       :  Yes
  Merge Timing Exceptions                    :  Yes
  Inter-SLR Compensation                     :  Conservative

  Corner  Analyze    Analyze    
  Name    Max Paths  Min Paths  
  ------  ---------  ---------  
  Slow    Yes        Yes        
  Fast    Yes        Yes        


------------------------------------------------------------------------------------------------
| Report Methodology
| ------------------
------------------------------------------------------------------------------------------------

No report available as report_methodology has not been run prior. Run report_methodology on the current design for the summary of methodology violations.



check_timing report

Table of Contents
-----------------
1. checking no_clock (0)
2. checking constant_clock (0)
3. checking pulse_width_clock (0)
4. checking unconstrained_internal_endpoints (0)
5. checking no_input_delay (0)
6. checking no_output_delay (0)
7. checking multiple_clock (0)
8. checking generated_clocks (0)
9. checking loops (0)
10. checking partial_input_delay (0)
11. checking partial_output_delay (0)
12. checking latch_loops (0)

1. checking no_clock (0)
------------------------
 There are 0 register/latch pins with no clock.


2. checking constant_clock (0)
------------------------------
 There are 0 register/latch pins with constant_clock.


3. checking pulse_width_clock (0)
---------------------------------
 There are 0 register/latch pins which need pulse_width check


4. checking unconstrained_internal_endpoints (0)
------------------------------------------------
 There are 0 pins that are not constrained for maximum delay.

 There are 0 pins that are not constrained for maximum delay due to constant clock.


5. checking no_input_delay (0)
------------------------------
 There are 0 input ports with no input delay specified.

 There are 0 input ports with no input delay but user has a false path constraint.


6. checking no_output_delay (0)
-------------------------------
 There are 0 ports with no output delay specified.

 There are 0 ports with no output delay but user has a false path constraint

 There are 0 ports with no output delay but with a timing clock defined on it or propagating through it


7. checking multiple_clock (0)
------------------------------
 There are 0 register/latch pins with multiple clocks.


8. checking generated_clocks (0)
--------------------------------
 There are 0 generated clocks that are not connected to a clock source.


9. checking loops (0)
---------------------
 There are 0 combinational loops in the design.


10. checking partial_input_delay (0)
------------------------------------
 There are 0 input ports with partial input delay specified.


11. checking partial_output_delay (0)
-------------------------------------
 There are 0 ports with partial output delay specified.


12. checking latch_loops (0)
----------------------------
 There are 0 combinational latch loops in the design through latch input



------------------------------------------------------------------------------------------------
| Design Timing Summary
| ---------------------
------------------------------------------------------------------------------------------------

    WNS(ns)      TNS(ns)  TNS Failing Endpoints  TNS Total Endpoints     WPWS(ns)     TPWS(ns)  TPWS Failing Endpoints  TPWS Total Endpoints  
    -------      -------  ---------------------  -------------------     --------     --------  ----------------------  --------------------  
     -0.829      -22.223                     51                  634        1.529        0.000                       0                   309  


Timing constraints are not met.


------------------------------------------------------------------------------------------------
| Clock Summary
| -------------
------------------------------------------------------------------------------------------------

Clock  Waveform(ns)         Period(ns)      Frequency(MHz)
-----  ------------         ----------      --------------
vclk   {0.000 2.029}        4.058           246.427         


------------------------------------------------------------------------------------------------
| Intra Clock Table
| -----------------
------------------------------------------------------------------------------------------------

Clock             WNS(ns)      TNS(ns)  TNS Failing Endpoints  TNS Total Endpoints     WPWS(ns)     TPWS(ns)  TPWS Failing Endpoints  TPWS Total Endpoints  
-----             -------      -------  ---------------------  -------------------     --------     --------  ----------------------  --------------------  
vclk               -0.829      -22.223                     51                  634        1.529        0.000                       0                   309  


------------------------------------------------------------------------------------------------
| Inter Clock Table
| -----------------
------------------------------------------------------------------------------------------------

From Clock    To Clock          WNS(ns)      TNS(ns)  TNS Failing Endpoints  TNS Total Endpoints  
----------    --------          -------      -------  ---------------------  -------------------  


------------------------------------------------------------------------------------------------
| Other Path Groups Table
| -----------------------
------------------------------------------------------------------------------------------------

Path Group    From Clock    To Clock          WNS(ns)      TNS(ns)  TNS Failing Endpoints  TNS Total Endpoints  
----------    ----------    --------          -------      -------  ---------------------  -------------------  


------------------------------------------------------------------------------------------------
| User Ignored Path Table
| -----------------------
------------------------------------------------------------------------------------------------

Path Group    From Clock    To Clock    
----------    ----------    --------    


------------------------------------------------------------------------------------------------
| Unconstrained Path Table
| ------------------------
------------------------------------------------------------------------------------------------

Path Group    From Clock    To Clock    
----------    ----------    --------    


------------------------------------------------------------------------------------------------
| Timing Details
| --------------
------------------------------------------------------------------------------------------------


---------------------------------------------------------------------------------------------------
From Clock:  vclk
  To Clock:  vclk

Setup :           51  Failing Endpoints,  Worst Slack       -0.829ns,  Total Violation      -22.223ns
Hold  :           NA  Failing Endpoints,  Worst Slack           NA  ,  Total Violation           NA
PW    :            0  Failing Endpoints,  Worst Slack        1.529ns,  Total Violation        0.000ns
---------------------------------------------------------------------------------------------------


Max Delay Paths
--------------------------------------------------------------------------------------
Slack (VIOLATED) :        -0.829ns  (required time - arrival time)
  Source:                 x[0]
                            (input port clocked by vclk  {rise@0.000ns fall@2.029ns period=4.058ns})
  Destination:            y_reg[13]/D
                            (rising edge-triggered cell FDRE clocked by vclk  {rise@0.000ns fall@2.029ns period=4.058ns})
  Path Group:             vclk
  Path Type:              Setup (Max at Slow Process Corner)
  Requirement:            4.058ns  (vclk rise@4.058ns - vclk rise@0.000ns)
  Data Path Delay:        5.838ns  (logic 2.660ns (45.567%)  route 3.178ns (54.433%))
  Logic Levels:           8  (CARRY4=6 LUT3=2)
  Input Delay:            0.000ns
  Clock Path Skew:        0.924ns (DCD - SCD + CPR)
    Destination Clock Delay (DCD):    0.924ns = ( 4.982 - 4.058 ) 
    Source Clock Delay      (SCD):    0.000ns
    Clock Pessimism Removal (CPR):    0.000ns
  Clock Uncertainty:      0.035ns  ((TSJ^2 + TIJ^2)^1/2 + DJ) / 2 + PE
    Total System Jitter     (TSJ):    0.071ns
    Total Input Jitter      (TIJ):    0.000ns
    Discrete Jitter          (DJ):    0.000ns
    Phase Error              (PE):    0.000ns

    Location             Delay type                Incr(ns)  Path(ns)    Netlist Resource(s)
  -------------------------------------------------------------------    -------------------
                         (clock vclk rise edge)       0.000     0.000 r  <hidden>
                         input delay                  0.000     0.000    <hidden>
                                                      0.000     0.000 r  x[0]
                         net (fo=118, unset)          0.973     0.973    x[0]
    SLICE_X28Y71         LUT3 (Prop_lut3_I2_O)        0.124     1.097 r  y[11]_i_26/O
                         net (fo=1, routed)           0.352     1.449    y[11]_i_26_n_0
    SLICE_X27Y71         CARRY4 (Prop_carry4_DI[3]_CO[3])
                                                      0.385     1.834 r  y_reg[11]_i_21/CO[3]
                         net (fo=1, routed)           0.000     1.834    y_reg[11]_i_21_n_0
    SLICE_X27Y72         CARRY4 (Prop_carry4_CI_O[0])
                                                      0.222     2.056 r  y_reg[15]_i_23/O[0]
                         net (fo=2, routed)           0.713     2.769    acc2[7]
    SLICE_X27Y75         CARRY4 (Prop_carry4_DI[3]_CO[3])
                                                      0.560     3.329 r  y_reg[11]_i_12/CO[3]
                         net (fo=1, routed)           0.000     3.329    y_reg[11]_i_12_n_0
    SLICE_X27Y76         CARRY4 (Prop_carry4_CI_O[1])
                                                      0.334     3.663 r  y_reg[15]_i_14/O[1]
                         net (fo=3, routed)           0.520     4.184    p_0_in[9]
    SLICE_X27Y78         LUT3 (Prop_lut3_I1_O)        0.303     4.487 r  y[11]_i_3/O
                         net (fo=1, routed)           0.619     5.106    y[11]_i_3_n_0
    SLICE_X28Y75         CARRY4 (Prop_carry4_DI[2]_CO[3])
                                                      0.398     5.504 r  y_reg[11]_i_1/CO[3]
                         net (fo=1, routed)           0.000     5.504    y_reg[11]_i_1_n_0
    SLICE_X28Y76         CARRY4 (Prop_carry4_CI_O[1])
                                                      0.334     5.838 r  y_reg[15]_i_2/O[1]
                         net (fo=1, routed)           0.000     5.838    acc[13]
    SLICE_X28Y76         FDRE                                         r  y_reg[13]/D
  -------------------------------------------------------------------    -------------------

                         (clock vclk rise edge)       4.058     4.058 r  <hidden>
                                                      0.000     4.058 r  clk
                         net (fo=308, unset)          0.924     4.982    clk
    SLICE_X28Y76         FDRE                                         r  y_reg[13]/C
                         clock pessimism              0.000     4.982    <hidden>
                         clock uncertainty           -0.035     4.947    <hidden>
    SLICE_X28Y76         FDRE (Setup_fdre_C_D)        0.062     5.009    y_reg[13]
  -------------------------------------------------------------------
                         required time                          5.009    <hidden>
                         arrival time                          -5.838    <hidden>
  -------------------------------------------------------------------
                         slack                                 -0.829    <hidden>

Slack (VIOLATED) :        -0.808ns  (required time - arrival time)
  Source:                 x[0]
                            (input port clocked by vclk  {rise@0.000ns fall@2.029ns period=4.058ns})
  Destination:            y_reg[15]/D
                            (rising edge-triggered cell FDRE clocked by vclk  {rise@0.000ns fall@2.029ns period=4.058ns})
  Path Group:             vclk
  Path Type:              Setup (Max at Slow Process Corner)
  Requirement:            4.058ns  (vclk rise@4.058ns - vclk rise@0.000ns)
  Data Path Delay:        5.817ns  (logic 2.639ns (45.371%)  route 3.178ns (54.629%))
  Logic Levels:           8  (CARRY4=6 LUT3=2)
  Input Delay:            0.000ns
  Clock Path Skew:        0.924ns (DCD - SCD + CPR)
    Destination Clock Delay (DCD):    0.924ns = ( 4.982 - 4.058 ) 
    Source Clock Delay      (SCD):    0.000ns
    Clock Pessimism Removal (CPR):    0.000ns
  Clock Uncertainty:      0.035ns  ((TSJ^2 + TIJ^2)^1/2 + DJ) / 2 + PE
    Total System Jitter     (TSJ):    0.071ns
    Total Input Jitter      (TIJ):    0.000ns
    Discrete Jitter          (DJ):    0.000ns
    Phase Error              (PE):    0.000ns

    Location             Delay type                Incr(ns)  Path(ns)    Netlist Resource(s)
  -------------------------------------------------------------------    -------------------
                         (clock vclk rise edge)       0.000     0.000 r  <hidden>
                         input delay                  0.000     0.000    <hidden>
                                                      0.000     0.000 r  x[0]
                         net (fo=118, unset)          0.973     0.973    x[0]
    SLICE_X28Y71         LUT3 (Prop_lut3_I2_O)        0.124     1.097 r  y[11]_i_26/O
                         net (fo=1, routed)           0.352     1.449    y[11]_i_26_n_0
    SLICE_X27Y71         CARRY4 (Prop_carry4_DI[3]_CO[3])
                                                      0.385     1.834 r  y_reg[11]_i_21/CO[3]
                         net (fo=1, routed)           0.000     1.834    y_reg[11]_i_21_n_0
    SLICE_X27Y72         CARRY4 (Prop_carry4_CI_O[0])
                                                      0.222     2.056 r  y_reg[15]_i_23/O[0]
                         net (fo=2, routed)           0.713     2.769    acc2[7]
    SLICE_X27Y75         CARRY4 (Prop_carry4_DI[3]_CO[3])
                                                      0.560     3.329 r  y_reg[11]_i_12/CO[3]
                         net (fo=1, routed)           0.000     3.329    y_reg[11]_i_12_n_0
    SLICE_X27Y76         CARRY4 (Prop_carry4_CI_O[1])
                                                      0.334     3.663 r  y_reg[15]_i_14/O[1]
                         net (fo=3, routed)           0.520     4.184    p_0_in[9]
    SLICE_X27Y78         LUT3 (Prop_lut3_I1_O)        0.303     4.487 r  y[11]_i_3/O
                         net (fo=1, routed)           0.619     5.106    y[11]_i_3_n_0
    SLICE_X28Y75         CARRY4 (Prop_carry4_DI[2]_CO[3])
                                                      0.398     5.504 r  y_reg[11]_i_1/CO[3]
                         net (fo=1, routed)           0.000     5.504    y_reg[11]_i_1_n_0
    SLICE_X28Y76         CARRY4 (Prop_carry4_CI_O[3])
                                                      0.313     5.817 r  y_reg[15]_i_2/O[3]
                         net (fo=1, routed)           0.000     5.817    acc[15]
    SLICE_X28Y76         FDRE                                         r  y_reg[15]/D
  -------------------------------------------------------------------    -------------------

                         (clock vclk rise edge)       4.058     4.058 r  <hidden>
                                                      0.000     4.058 r  clk
                         net (fo=308, unset)          0.924     4.982    clk
    SLICE_X28Y76         FDRE                                         r  y_reg[15]/C
                         clock pessimism              0.000     4.982    <hidden>
                         clock uncertainty           -0.035     4.947    <hidden>
    SLICE_X28Y76         FDRE (Setup_fdre_C_D)        0.062     5.009    y_reg[15]
  -------------------------------------------------------------------
                         required time                          5.009    <hidden>
                         arrival time                          -5.817    <hidden>
  -------------------------------------------------------------------
                         slack                                 -0.808    <hidden>

Slack (VIOLATED) :        -0.789ns  (required time - arrival time)
  Source:                 x[1]
                            (input port clocked by vclk  {rise@0.000ns fall@2.029ns period=4.058ns})
  Destination:            r11_reg[14]/D
                            (rising edge-triggered cell FDRE clocked by vclk  {rise@0.000ns fall@2.029ns period=4.058ns})
  Path Group:             vclk
  Path Type:              Setup (Max at Slow Process Corner)
  Requirement:            4.058ns  (vclk rise@4.058ns - vclk rise@0.000ns)
  Data Path Delay:        5.798ns  (logic 3.202ns (55.223%)  route 2.596ns (44.777%))
  Logic Levels:           9  (CARRY4=6 LUT1=1 LUT2=1 LUT3=1)
  Input Delay:            0.000ns
  Clock Path Skew:        0.924ns (DCD - SCD + CPR)
    Destination Clock Delay (DCD):    0.924ns = ( 4.982 - 4.058 ) 
    Source Clock Delay      (SCD):    0.000ns
    Clock Pessimism Removal (CPR):    0.000ns
  Clock Uncertainty:      0.035ns  ((TSJ^2 + TIJ^2)^1/2 + DJ) / 2 + PE
    Total System Jitter     (TSJ):    0.071ns
    Total Input Jitter      (TIJ):    0.000ns
    Discrete Jitter          (DJ):    0.000ns
    Phase Error              (PE):    0.000ns

    Location             Delay type                Incr(ns)  Path(ns)    Netlist Resource(s)
  -------------------------------------------------------------------    -------------------
                         (clock vclk rise edge)       0.000     0.000 r  <hidden>
                         input delay                  0.000     0.000    <hidden>
                                                      0.000     0.000 f  x[1]
                         net (fo=92, unset)           0.973     0.973    x[1]
    SLICE_X43Y70         LUT1 (Prop_lut1_I0_O)        0.124     1.097 r  r11[4]_i_9/O
                         net (fo=1, routed)           0.000     1.097    r11[4]_i_9_n_0
    SLICE_X43Y70         CARRY4 (Prop_carry4_S[1]_CO[3])
                                                      0.550     1.647 r  r11_reg[4]_i_2/CO[3]
                         net (fo=1, routed)           0.000     1.647    r11_reg[4]_i_2_n_0
    SLICE_X43Y71         CARRY4 (Prop_carry4_CI_O[1])
                                                      0.334     1.981 r  r11_reg[12]_i_15/O[1]
                         net (fo=4, routed)           0.571     2.552    r11_reg[12]_i_15_n_6
    SLICE_X45Y71         LUT3 (Prop_lut3_I1_O)        0.303     2.855 r  r11[8]_i_7/O
                         net (fo=1, routed)           0.623     3.477    r11[8]_i_7_n_0
    SLICE_X42Y71         CARRY4 (Prop_carry4_DI[3]_CO[3])
                                                      0.396     3.873 r  r11_reg[8]_i_2/CO[3]
                         net (fo=1, routed)           0.000     3.873    r11_reg[8]_i_2_n_0
    SLICE_X42Y72         CARRY4 (Prop_carry4_CI_O[1])
                                                      0.323     4.196 r  r11_reg[12]_i_2/O[1]
                         net (fo=2, routed)           0.430     4.626    r111[9]
    SLICE_X40Y73         LUT2 (Prop_lut2_I0_O)        0.306     4.932 r  r11[12]_i_6/O
                         net (fo=1, routed)           0.000     4.932    r11[12]_i_6_n_0
    SLICE_X40Y73         CARRY4 (Prop_carry4_S[0]_CO[3])
                                                      0.532     5.464 r  r11_reg[12]_i_1/CO[3]
                         net (fo=1, routed)           0.000     5.464    r11_reg[12]_i_1_n_0
    SLICE_X40Y74         CARRY4 (Prop_carry4_CI_O[1])
                                                      0.334     5.798 r  r11_reg[15]_i_1/O[1]
                         net (fo=1, routed)           0.000     5.798    r110[14]
    SLICE_X40Y74         FDRE                                         r  r11_reg[14]/D
  -------------------------------------------------------------------    -------------------

                         (clock vclk rise edge)       4.058     4.058 r  <hidden>
                                                      0.000     4.058 r  clk
                         net (fo=308, unset)          0.924     4.982    clk
    SLICE_X40Y74         FDRE                                         r  r11_reg[14]/C
                         clock pessimism              0.000     4.982    <hidden>
                         clock uncertainty           -0.035     4.947    <hidden>
    SLICE_X40Y74         FDRE (Setup_fdre_C_D)        0.062     5.009    r11_reg[14]
  -------------------------------------------------------------------
                         required time                          5.009    <hidden>
                         arrival time                          -5.798    <hidden>
  -------------------------------------------------------------------
                         slack                                 -0.789    <hidden>

Slack (VIOLATED) :        -0.743ns  (required time - arrival time)
  Source:                 x[1]
                            (input port clocked by vclk  {rise@0.000ns fall@2.029ns period=4.058ns})
  Destination:            r2_reg[14]/D
                            (rising edge-triggered cell FDRE clocked by vclk  {rise@0.000ns fall@2.029ns period=4.058ns})
  Path Group:             vclk
  Path Type:              Setup (Max at Slow Process Corner)
  Requirement:            4.058ns  (vclk rise@4.058ns - vclk rise@0.000ns)
  Data Path Delay:        5.752ns  (logic 3.192ns (55.498%)  route 2.560ns (44.502%))
  Logic Levels:           9  (CARRY4=6 LUT1=1 LUT2=1 LUT3=1)
  Input Delay:            0.000ns
  Clock Path Skew:        0.924ns (DCD - SCD + CPR)
    Destination Clock Delay (DCD):    0.924ns = ( 4.982 - 4.058 ) 
    Source Clock Delay      (SCD):    0.000ns
    Clock Pessimism Removal (CPR):    0.000ns
  Clock Uncertainty:      0.035ns  ((TSJ^2 + TIJ^2)^1/2 + DJ) / 2 + PE
    Total System Jitter     (TSJ):    0.071ns
    Total Input Jitter      (TIJ):    0.000ns
    Discrete Jitter          (DJ):    0.000ns
    Phase Error              (PE):    0.000ns

    Location             Delay type                Incr(ns)  Path(ns)    Netlist Resource(s)
  -------------------------------------------------------------------    -------------------
                         (clock vclk rise edge)       0.000     0.000 r  <hidden>
                         input delay                  0.000     0.000    <hidden>
                                                      0.000     0.000 f  x[1]
                         net (fo=92, unset)           0.973     0.973    x[1]
    SLICE_X28Y78         LUT1 (Prop_lut1_I0_O)        0.124     1.097 r  r2[8]_i_13/O
                         net (fo=1, routed)           0.000     1.097    r2[8]_i_13_n_0
    SLICE_X28Y78         CARRY4 (Prop_carry4_S[1]_CO[3])
                                                      0.550     1.647 r  r2_reg[8]_i_10/CO[3]
                         net (fo=1, routed)           0.000     1.647    r2_reg[8]_i_10_n_0
    SLICE_X28Y79         CARRY4 (Prop_carry4_CI_O[1])
                                                      0.334     1.981 r  r2_reg[12]_i_15/O[1]
                         net (fo=4, routed)           0.587     2.568    r2_reg[12]_i_15_n_6
    SLICE_X31Y79         LUT3 (Prop_lut3_I0_O)        0.303     2.871 r  r2[12]_i_9/O
                         net (fo=1, routed)           0.569     3.440    r2[12]_i_9_n_0
    SLICE_X30Y79         CARRY4 (Prop_carry4_DI[1]_CO[3])
                                                      0.520     3.960 r  r2_reg[12]_i_2/CO[3]
                         net (fo=1, routed)           0.000     3.960    r2_reg[12]_i_2_n_0
    SLICE_X30Y80         CARRY4 (Prop_carry4_CI_O[1])
                                                      0.323     4.283 r  r2_reg[15]_i_2/O[1]
                         net (fo=2, routed)           0.431     4.714    r21[11]
    SLICE_X29Y79         LUT2 (Prop_lut2_I0_O)        0.306     5.020 r  r2[12]_i_4/O
                         net (fo=1, routed)           0.000     5.020    r2[12]_i_4_n_0
    SLICE_X29Y79         CARRY4 (Prop_carry4_S[2]_CO[3])
                                                      0.398     5.418 r  r2_reg[12]_i_1/CO[3]
                         net (fo=1, routed)           0.000     5.418    r2_reg[12]_i_1_n_0
    SLICE_X29Y80         CARRY4 (Prop_carry4_CI_O[1])
                                                      0.334     5.752 r  r2_reg[15]_i_1/O[1]
                         net (fo=1, routed)           0.000     5.752    r20[14]
    SLICE_X29Y80         FDRE                                         r  r2_reg[14]/D
  -------------------------------------------------------------------    -------------------

                         (clock vclk rise edge)       4.058     4.058 r  <hidden>
                                                      0.000     4.058 r  clk
                         net (fo=308, unset)          0.924     4.982    clk
    SLICE_X29Y80         FDRE                                         r  r2_reg[14]/C
                         clock pessimism              0.000     4.982    <hidden>
                         clock uncertainty           -0.035     4.947    <hidden>
    SLICE_X29Y80         FDRE (Setup_fdre_C_D)        0.062     5.009    r2_reg[14]
  -------------------------------------------------------------------
                         required time                          5.009    <hidden>
                         arrival time                          -5.752    <hidden>
  -------------------------------------------------------------------
                         slack                                 -0.743    <hidden>

Slack (VIOLATED) :        -0.734ns  (required time - arrival time)
  Source:                 x[0]
                            (input port clocked by vclk  {rise@0.000ns fall@2.029ns period=4.058ns})
  Destination:            y_reg[14]/D
                            (rising edge-triggered cell FDRE clocked by vclk  {rise@0.000ns fall@2.029ns period=4.058ns})
  Path Group:             vclk
  Path Type:              Setup (Max at Slow Process Corner)
  Requirement:            4.058ns  (vclk rise@4.058ns - vclk rise@0.000ns)
  Data Path Delay:        5.743ns  (logic 2.565ns (44.667%)  route 3.178ns (55.333%))
  Logic Levels:           8  (CARRY4=6 LUT3=2)
  Input Delay:            0.000ns
  Clock Path Skew:        0.924ns (DCD - SCD + CPR)
    Destination Clock Delay (DCD):    0.924ns = ( 4.982 - 4.058 ) 
    Source Clock Delay      (SCD):    0.000ns
    Clock Pessimism Removal (CPR):    0.000ns
  Clock Uncertainty:      0.035ns  ((TSJ^2 + TIJ^2)^1/2 + DJ) / 2 + PE
    Total System Jitter     (TSJ):    0.071ns
    Total Input Jitter      (TIJ):    0.000ns
    Discrete Jitter          (DJ):    0.000ns
    Phase Error              (PE):    0.000ns

    Location             Delay type                Incr(ns)  Path(ns)    Netlist Resource(s)
  -------------------------------------------------------------------    -------------------
                         (clock vclk rise edge)       0.000     0.000 r  <hidden>
                         input delay                  0.000     0.000    <hidden>
                                                      0.000     0.000 r  x[0]
                         net (fo=118, unset)          0.973     0.973    x[0]
    SLICE_X28Y71         LUT3 (Prop_lut3_I2_O)        0.124     1.097 r  y[11]_i_26/O
                         net (fo=1, routed)           0.352     1.449    y[11]_i_26_n_0
    SLICE_X27Y71         CARRY4 (Prop_carry4_DI[3]_CO[3])
                                                      0.385     1.834 r  y_reg[11]_i_21/CO[3]
                         net (fo=1, routed)           0.000     1.834    y_reg[11]_i_21_n_0
    SLICE_X27Y72         CARRY4 (Prop_carry4_CI_O[0])
                                                      0.222     2.056 r  y_reg[15]_i_23/O[0]
                         net (fo=2, routed)           0.713     2.769    acc2[7]
    SLICE_X27Y75         CARRY4 (Prop_carry4_DI[3]_CO[3])
                                                      0.560     3.329 r  y_reg[11]_i_12/CO[3]
                         net (fo=1, routed)           0.000     3.329    y_reg[11]_i_12_n_0
    SLICE_X27Y76         CARRY4 (Prop_carry4_CI_O[1])
                                                      0.334     3.663 r  y_reg[15]_i_14/O[1]
                         net (fo=3, routed)           0.520     4.184    p_0_in[9]
    SLICE_X27Y78         LUT3 (Prop_lut3_I1_O)        0.303     4.487 r  y[11]_i_3/O
                         net (fo=1, routed)           0.619     5.106    y[11]_i_3_n_0
    SLICE_X28Y75         CARRY4 (Prop_carry4_DI[2]_CO[3])
                                                      0.398     5.504 r  y_reg[11]_i_1/CO[3]
                         net (fo=1, routed)           0.000     5.504    y_reg[11]_i_1_n_0
    SLICE_X28Y76         CARRY4 (Prop_carry4_CI_O[2])
                                                      0.239     5.743 r  y_reg[15]_i_2/O[2]
                         net (fo=1, routed)           0.000     5.743    acc[14]
    SLICE_X28Y76         FDRE                                         r  y_reg[14]/D
  -------------------------------------------------------------------    -------------------

                         (clock vclk rise edge)       4.058     4.058 r  <hidden>
                                                      0.000     4.058 r  clk
                         net (fo=308, unset)          0.924     4.982    clk
    SLICE_X28Y76         FDRE                                         r  y_reg[14]/C
                         clock pessimism              0.000     4.982    <hidden>
                         clock uncertainty           -0.035     4.947    <hidden>
    SLICE_X28Y76         FDRE (Setup_fdre_C_D)        0.062     5.009    y_reg[14]
  -------------------------------------------------------------------
                         required time                          5.009    <hidden>
                         arrival time                          -5.743    <hidden>
  -------------------------------------------------------------------
                         slack                                 -0.734    <hidden>

Slack (VIOLATED) :        -0.729ns  (required time - arrival time)
  Source:                 x[1]
                            (input port clocked by vclk  {rise@0.000ns fall@2.029ns period=4.058ns})
  Destination:            r15_reg[14]/D
                            (rising edge-triggered cell FDRE clocked by vclk  {rise@0.000ns fall@2.029ns period=4.058ns})
  Path Group:             vclk
  Path Type:              Setup (Max at Slow Process Corner)
  Requirement:            4.058ns  (vclk rise@4.058ns - vclk rise@0.000ns)
  Data Path Delay:        5.738ns  (logic 3.066ns (53.434%)  route 2.672ns (46.566%))
  Logic Levels:           10  (CARRY4=7 LUT1=1 LUT2=1 LUT3=1)
  Input Delay:            0.000ns
  Clock Path Skew:        0.924ns (DCD - SCD + CPR)
    Destination Clock Delay (DCD):    0.924ns = ( 4.982 - 4.058 ) 
    Source Clock Delay      (SCD):    0.000ns
    Clock Pessimism Removal (CPR):    0.000ns
  Clock Uncertainty:      0.035ns  ((TSJ^2 + TIJ^2)^1/2 + DJ) / 2 + PE
    Total System Jitter     (TSJ):    0.071ns
    Total Input Jitter      (TIJ):    0.000ns
    Discrete Jitter          (DJ):    0.000ns
    Phase Error              (PE):    0.000ns

    Location             Delay type                Incr(ns)  Path(ns)    Netlist Resource(s)
  -------------------------------------------------------------------    -------------------
                         (clock vclk rise edge)       0.000     0.000 r  <hidden>
                         input delay                  0.000     0.000    <hidden>
                                                      0.000     0.000 f  x[1]
                         net (fo=92, unset)           0.973     0.973    x[1]
    SLICE_X39Y78         LUT1 (Prop_lut1_I0_O)        0.124     1.097 r  r15[4]_i_9/O
                         net (fo=1, routed)           0.000     1.097    r15[4]_i_9_n_0
    SLICE_X39Y78         CARRY4 (Prop_carry4_S[1]_CO[3])
                                                      0.550     1.647 r  r15_reg[4]_i_2/CO[3]
                         net (fo=1, routed)           0.000     1.647    r15_reg[4]_i_2_n_0
    SLICE_X39Y79         CARRY4 (Prop_carry4_CI_CO[3])
                                                      0.114     1.761 r  r15_reg[12]_i_15/CO[3]
                         net (fo=1, routed)           0.000     1.761    r15_reg[12]_i_15_n_0
    SLICE_X39Y80         CARRY4 (Prop_carry4_CI_O[0])
                                                      0.222     1.983 r  r15_reg[15]_i_9/O[0]
                         net (fo=3, routed)           0.763     2.746    r15_reg[15]_i_9_n_7
    SLICE_X42Y79         LUT3 (Prop_lut3_I0_O)        0.299     3.045 r  r15[12]_i_7/O
                         net (fo=1, routed)           0.618     3.662    r15[12]_i_7_n_0
    SLICE_X40Y79         CARRY4 (Prop_carry4_DI[3]_CO[3])
                                                      0.385     4.047 r  r15_reg[12]_i_2/CO[3]
                         net (fo=1, routed)           0.000     4.047    r15_reg[12]_i_2_n_0
    SLICE_X40Y80         CARRY4 (Prop_carry4_CI_O[1])
                                                      0.334     4.381 r  r15_reg[15]_i_2/O[1]
                         net (fo=2, routed)           0.319     4.700    r151[12]
    SLICE_X41Y80         LUT2 (Prop_lut2_I0_O)        0.303     5.003 r  r15[12]_i_3/O
                         net (fo=1, routed)           0.000     5.003    r15[12]_i_3_n_0
    SLICE_X41Y80         CARRY4 (Prop_carry4_S[3]_CO[3])
                                                      0.401     5.404 r  r15_reg[12]_i_1/CO[3]
                         net (fo=1, routed)           0.000     5.404    r15_reg[12]_i_1_n_0
    SLICE_X41Y81         CARRY4 (Prop_carry4_CI_O[1])
                                                      0.334     5.738 r  r15_reg[15]_i_1/O[1]
                         net (fo=1, routed)           0.000     5.738    r150[14]
    SLICE_X41Y81         FDRE                                         r  r15_reg[14]/D
  -------------------------------------------------------------------    -------------------

                         (clock vclk rise edge)       4.058     4.058 r  <hidden>
                                                      0.000     4.058 r  clk
                         net (fo=308, unset)          0.924     4.982    clk
    SLICE_X41Y81         FDRE                                         r  r15_reg[14]/C
                         clock pessimism              0.000     4.982    <hidden>
                         clock uncertainty           -0.035     4.947    <hidden>
    SLICE_X41Y81         FDRE (Setup_fdre_C_D)        0.062     5.009    r15_reg[14]
  -------------------------------------------------------------------
                         required time                          5.009    <hidden>
                         arrival time                          -5.738    <hidden>
  -------------------------------------------------------------------
                         slack                                 -0.729    <hidden>

Slack (VIOLATED) :        -0.718ns  (required time - arrival time)
  Source:                 x[0]
                            (input port clocked by vclk  {rise@0.000ns fall@2.029ns period=4.058ns})
  Destination:            y_reg[12]/D
                            (rising edge-triggered cell FDRE clocked by vclk  {rise@0.000ns fall@2.029ns period=4.058ns})
  Path Group:             vclk
  Path Type:              Setup (Max at Slow Process Corner)
  Requirement:            4.058ns  (vclk rise@4.058ns - vclk rise@0.000ns)
  Data Path Delay:        5.727ns  (logic 2.549ns (44.512%)  route 3.178ns (55.488%))
  Logic Levels:           8  (CARRY4=6 LUT3=2)
  Input Delay:            0.000ns
  Clock Path Skew:        0.924ns (DCD - SCD + CPR)
    Destination Clock Delay (DCD):    0.924ns = ( 4.982 - 4.058 ) 
    Source Clock Delay      (SCD):    0.000ns
    Clock Pessimism Removal (CPR):    0.000ns
  Clock Uncertainty:      0.035ns  ((TSJ^2 + TIJ^2)^1/2 + DJ) / 2 + PE
    Total System Jitter     (TSJ):    0.071ns
    Total Input Jitter      (TIJ):    0.000ns
    Discrete Jitter          (DJ):    0.000ns
    Phase Error              (PE):    0.000ns

    Location             Delay type                Incr(ns)  Path(ns)    Netlist Resource(s)
  -------------------------------------------------------------------    -------------------
                         (clock vclk rise edge)       0.000     0.000 r  <hidden>
                         input delay                  0.000     0.000    <hidden>
                                                      0.000     0.000 r  x[0]
                         net (fo=118, unset)          0.973     0.973    x[0]
    SLICE_X28Y71         LUT3 (Prop_lut3_I2_O)        0.124     1.097 r  y[11]_i_26/O
                         net (fo=1, routed)           0.352     1.449    y[11]_i_26_n_0
    SLICE_X27Y71         CARRY4 (Prop_carry4_DI[3]_CO[3])
                                                      0.385     1.834 r  y_reg[11]_i_21/CO[3]
                         net (fo=1, routed)           0.000     1.834    y_reg[11]_i_21_n_0
    SLICE_X27Y72         CARRY4 (Prop_carry4_CI_O[0])
                                                      0.222     2.056 r  y_reg[15]_i_23/O[0]
                         net (fo=2, routed)           0.713     2.769    acc2[7]
    SLICE_X27Y75         CARRY4 (Prop_carry4_DI[3]_CO[3])
                                                      0.560     3.329 r  y_reg[11]_i_12/CO[3]
                         net (fo=1, routed)           0.000     3.329    y_reg[11]_i_12_n_0
    SLICE_X27Y76         CARRY4 (Prop_carry4_CI_O[1])
                                                      0.334     3.663 r  y_reg[15]_i_14/O[1]
                         net (fo=3, routed)           0.520     4.184    p_0_in[9]
    SLICE_X27Y78         LUT3 (Prop_lut3_I1_O)        0.303     4.487 r  y[11]_i_3/O
                         net (fo=1, routed)           0.619     5.106    y[11]_i_3_n_0
    SLICE_X28Y75         CARRY4 (Prop_carry4_DI[2]_CO[3])
                                                      0.398     5.504 r  y_reg[11]_i_1/CO[3]
                         net (fo=1, routed)           0.000     5.504    y_reg[11]_i_1_n_0
    SLICE_X28Y76         CARRY4 (Prop_carry4_CI_O[0])
                                                      0.223     5.727 r  y_reg[15]_i_2/O[0]
                         net (fo=1, routed)           0.000     5.727    acc[12]
    SLICE_X28Y76         FDRE                                         r  y_reg[12]/D
  -------------------------------------------------------------------    -------------------

                         (clock vclk rise edge)       4.058     4.058 r  <hidden>
                                                      0.000     4.058 r  clk
                         net (fo=308, unset)          0.924     4.982    clk
    SLICE_X28Y76         FDRE                                         r  y_reg[12]/C
                         clock pessimism              0.000     4.982    <hidden>
                         clock uncertainty           -0.035     4.947    <hidden>
    SLICE_X28Y76         FDRE (Setup_fdre_C_D)        0.062     5.009    y_reg[12]
  -------------------------------------------------------------------
                         required time                          5.009    <hidden>
                         arrival time                          -5.727    <hidden>
  -------------------------------------------------------------------
                         slack                                 -0.718    <hidden>

Slack (VIOLATED) :        -0.694ns  (required time - arrival time)
  Source:                 x[1]
                            (input port clocked by vclk  {rise@0.000ns fall@2.029ns period=4.058ns})
  Destination:            r11_reg[15]/D
                            (rising edge-triggered cell FDRE clocked by vclk  {rise@0.000ns fall@2.029ns period=4.058ns})
  Path Group:             vclk
  Path Type:              Setup (Max at Slow Process Corner)
  Requirement:            4.058ns  (vclk rise@4.058ns - vclk rise@0.000ns)
  Data Path Delay:        5.703ns  (logic 3.107ns (54.478%)  route 2.596ns (45.522%))
  Logic Levels:           9  (CARRY4=6 LUT1=1 LUT2=1 LUT3=1)
  Input Delay:            0.000ns
  Clock Path Skew:        0.924ns (DCD - SCD + CPR)
    Destination Clock Delay (DCD):    0.924ns = ( 4.982 - 4.058 ) 
    Source Clock Delay      (SCD):    0.000ns
    Clock Pessimism Removal (CPR):    0.000ns
  Clock Uncertainty:      0.035ns  ((TSJ^2 + TIJ^2)^1/2 + DJ) / 2 + PE
    Total System Jitter     (TSJ):    0.071ns
    Total Input Jitter      (TIJ):    0.000ns
    Discrete Jitter          (DJ):    0.000ns
    Phase Error              (PE):    0.000ns

    Location             Delay type                Incr(ns)  Path(ns)    Netlist Resource(s)
  -------------------------------------------------------------------    -------------------
                         (clock vclk rise edge)       0.000     0.000 r  <hidden>
                         input delay                  0.000     0.000    <hidden>
                                                      0.000     0.000 f  x[1]
                         net (fo=92, unset)           0.973     0.973    x[1]
    SLICE_X43Y70         LUT1 (Prop_lut1_I0_O)        0.124     1.097 r  r11[4]_i_9/O
                         net (fo=1, routed)           0.000     1.097    r11[4]_i_9_n_0
    SLICE_X43Y70         CARRY4 (Prop_carry4_S[1]_CO[3])
                                                      0.550     1.647 r  r11_reg[4]_i_2/CO[3]
                         net (fo=1, routed)           0.000     1.647    r11_reg[4]_i_2_n_0
    SLICE_X43Y71         CARRY4 (Prop_carry4_CI_O[1])
                                                      0.334     1.981 r  r11_reg[12]_i_15/O[1]
                         net (fo=4, routed)           0.571     2.552    r11_reg[12]_i_15_n_6
    SLICE_X45Y71         LUT3 (Prop_lut3_I1_O)        0.303     2.855 r  r11[8]_i_7/O
                         net (fo=1, routed)           0.623     3.477    r11[8]_i_7_n_0
    SLICE_X42Y71         CARRY4 (Prop_carry4_DI[3]_CO[3])
                                                      0.396     3.873 r  r11_reg[8]_i_2/CO[3]
                         net (fo=1, routed)           0.000     3.873    r11_reg[8]_i_2_n_0
    SLICE_X42Y72         CARRY4 (Prop_carry4_CI_O[1])
                                                      0.323     4.196 r  r11_reg[12]_i_2/O[1]
                         net (fo=2, routed)           0.430     4.626    r111[9]
    SLICE_X40Y73         LUT2 (Prop_lut2_I0_O)        0.306     4.932 r  r11[12]_i_6/O
                         net (fo=1, routed)           0.000     4.932    r11[12]_i_6_n_0
    SLICE_X40Y73         CARRY4 (Prop_carry4_S[0]_CO[3])
                                                      0.532     5.464 r  r11_reg[12]_i_1/CO[3]
                         net (fo=1, routed)           0.000     5.464    r11_reg[12]_i_1_n_0
    SLICE_X40Y74         CARRY4 (Prop_carry4_CI_O[2])
                                                      0.239     5.703 r  r11_reg[15]_i_1/O[2]
                         net (fo=1, routed)           0.000     5.703    r110[15]
    SLICE_X40Y74         FDRE                                         r  r11_reg[15]/D
  -------------------------------------------------------------------    -------------------

                         (clock vclk rise edge)       4.058     4.058 r  <hidden>
                                                      0.000     4.058 r  clk
                         net (fo=308, unset)          0.924     4.982    clk
    SLICE_X40Y74         FDRE                                         r  r11_reg[15]/C
                         clock pessimism              0.000     4.982    <hidden>
                         clock uncertainty           -0.035     4.947    <hidden>
    SLICE_X40Y74         FDRE (Setup_fdre_C_D)        0.062     5.009    r11_reg[15]
  -------------------------------------------------------------------
                         required time                          5.009    <hidden>
                         arrival time                          -5.703    <hidden>
  -------------------------------------------------------------------
                         slack                                 -0.694    <hidden>

Slack (VIOLATED) :        -0.693ns  (required time - arrival time)
  Source:                 x[1]
                            (input port clocked by vclk  {rise@0.000ns fall@2.029ns period=4.058ns})
  Destination:            r7_reg[13]/D
                            (rising edge-triggered cell FDRE clocked by vclk  {rise@0.000ns fall@2.029ns period=4.058ns})
  Path Group:             vclk
  Path Type:              Setup (Max at Slow Process Corner)
  Requirement:            4.058ns  (vclk rise@4.058ns - vclk rise@0.000ns)
  Data Path Delay:        5.749ns  (logic 3.006ns (52.285%)  route 2.743ns (47.715%))
  Logic Levels:           9  (CARRY4=6 LUT1=1 LUT2=1 LUT3=1)
  Input Delay:            0.000ns
  Clock Path Skew:        0.924ns (DCD - SCD + CPR)
    Destination Clock Delay (DCD):    0.924ns = ( 4.982 - 4.058 ) 
    Source Clock Delay      (SCD):    0.000ns
    Clock Pessimism Removal (CPR):    0.000ns
  Clock Uncertainty:      0.035ns  ((TSJ^2 + TIJ^2)^1/2 + DJ) / 2 + PE
    Total System Jitter     (TSJ):    0.071ns
    Total Input Jitter      (TIJ):    0.000ns
    Discrete Jitter          (DJ):    0.000ns
    Phase Error              (PE):    0.000ns

    Location             Delay type                Incr(ns)  Path(ns)    Netlist Resource(s)
  -------------------------------------------------------------------    -------------------
                         (clock vclk rise edge)       0.000     0.000 r  <hidden>
                         input delay                  0.000     0.000    <hidden>
                                                      0.000     0.000 f  x[1]
                         net (fo=92, unset)           0.973     0.973    x[1]
    SLICE_X32Y73         LUT1 (Prop_lut1_I0_O)        0.124     1.097 r  r7[3]_i_9/O
                         net (fo=1, routed)           0.000     1.097    r7[3]_i_9_n_0
    SLICE_X32Y73         CARRY4 (Prop_carry4_S[1]_CO[3])
                                                      0.533     1.630 r  r7_reg[3]_i_2/CO[3]
                         net (fo=1, routed)           0.000     1.630    r7_reg[3]_i_2_n_0
    SLICE_X32Y74         CARRY4 (Prop_carry4_CI_O[3])
                                                      0.315     1.945 r  r7_reg[11]_i_15/O[3]
                         net (fo=3, routed)           0.719     2.664    r7_reg[11]_i_15_n_4
    SLICE_X35Y74         LUT3 (Prop_lut3_I1_O)        0.307     2.971 r  r7[11]_i_9/O
                         net (fo=1, routed)           0.529     3.499    r7[11]_i_9_n_0
    SLICE_X33Y74         CARRY4 (Prop_carry4_DI[1]_CO[3])
                                                      0.507     4.006 r  r7_reg[11]_i_2/CO[3]
                         net (fo=1, routed)           0.009     4.015    r7_reg[11]_i_2_n_0
    SLICE_X33Y75         CARRY4 (Prop_carry4_CI_O[0])
                                                      0.222     4.237 r  r7_reg[15]_i_2/O[0]
                         net (fo=2, routed)           0.505     4.742    r71[11]
    SLICE_X34Y74         LUT2 (Prop_lut2_I0_O)        0.299     5.041 r  r7[11]_i_3/O
                         net (fo=1, routed)           0.000     5.041    r7[11]_i_3_n_0
    SLICE_X34Y74         CARRY4 (Prop_carry4_S[3]_CO[3])
                                                      0.376     5.417 r  r7_reg[11]_i_1/CO[3]
                         net (fo=1, routed)           0.009     5.426    r7_reg[11]_i_1_n_0
    SLICE_X34Y75         CARRY4 (Prop_carry4_CI_O[1])
                                                      0.323     5.749 r  r7_reg[15]_i_1/O[1]
                         net (fo=1, routed)           0.000     5.749    r70[13]
    SLICE_X34Y75         FDRE                                         r  r7_reg[13]/D
  -------------------------------------------------------------------    -------------------

                         (clock vclk rise edge)       4.058     4.058 r  <hidden>
                                                      0.000     4.058 r  clk
                         net (fo=308, unset)          0.924     4.982    clk
    SLICE_X34Y75         FDRE                                         r  r7_reg[13]/C
                         clock pessimism              0.000     4.982    <hidden>
                         clock uncertainty           -0.035     4.947    <hidden>
    SLICE_X34Y75         FDRE (Setup_fdre_C_D)        0.109     5.056    r7_reg[13]
  -------------------------------------------------------------------
                         required time                          5.056    <hidden>
                         arrival time                          -5.749    <hidden>
  -------------------------------------------------------------------
                         slack                                 -0.693    <hidden>

Slack (VIOLATED) :        -0.685ns  (required time - arrival time)
  Source:                 x[1]
                            (input port clocked by vclk  {rise@0.000ns fall@2.029ns period=4.058ns})
  Destination:            r7_reg[15]/D
                            (rising edge-triggered cell FDRE clocked by vclk  {rise@0.000ns fall@2.029ns period=4.058ns})
  Path Group:             vclk
  Path Type:              Setup (Max at Slow Process Corner)
  Requirement:            4.058ns  (vclk rise@4.058ns - vclk rise@0.000ns)
  Data Path Delay:        5.741ns  (logic 2.998ns (52.218%)  route 2.743ns (47.782%))
  Logic Levels:           9  (CARRY4=6 LUT1=1 LUT2=1 LUT3=1)
  Input Delay:            0.000ns
  Clock Path Skew:        0.924ns (DCD - SCD + CPR)
    Destination Clock Delay (DCD):    0.924ns = ( 4.982 - 4.058 ) 
    Source Clock Delay      (SCD):    0.000ns
    Clock Pessimism Removal (CPR):    0.000ns
  Clock Uncertainty:      0.035ns  ((TSJ^2 + TIJ^2)^1/2 + DJ) / 2 + PE
    Total System Jitter     (TSJ):    0.071ns
    Total Input Jitter      (TIJ):    0.000ns
    Discrete Jitter          (DJ):    0.000ns
    Phase Error              (PE):    0.000ns

    Location             Delay type                Incr(ns)  Path(ns)    Netlist Resource(s)
  -------------------------------------------------------------------    -------------------
                         (clock vclk rise edge)       0.000     0.000 r  <hidden>
                         input delay                  0.000     0.000    <hidden>
                                                      0.000     0.000 f  x[1]
                         net (fo=92, unset)           0.973     0.973    x[1]
    SLICE_X32Y73         LUT1 (Prop_lut1_I0_O)        0.124     1.097 r  r7[3]_i_9/O
                         net (fo=1, routed)           0.000     1.097    r7[3]_i_9_n_0
    SLICE_X32Y73         CARRY4 (Prop_carry4_S[1]_CO[3])
                                                      0.533     1.630 r  r7_reg[3]_i_2/CO[3]
                         net (fo=1, routed)           0.000     1.630    r7_reg[3]_i_2_n_0
    SLICE_X32Y74         CARRY4 (Prop_carry4_CI_O[3])
                                                      0.315     1.945 r  r7_reg[11]_i_15/O[3]
                         net (fo=3, routed)           0.719     2.664    r7_reg[11]_i_15_n_4
    SLICE_X35Y74         LUT3 (Prop_lut3_I1_O)        0.307     2.971 r  r7[11]_i_9/O
                         net (fo=1, routed)           0.529     3.499    r7[11]_i_9_n_0
    SLICE_X33Y74         CARRY4 (Prop_carry4_DI[1]_CO[3])
                                                      0.507     4.006 r  r7_reg[11]_i_2/CO[3]
                         net (fo=1, routed)           0.009     4.015    r7_reg[11]_i_2_n_0
    SLICE_X33Y75         CARRY4 (Prop_carry4_CI_O[0])
                                                      0.222     4.237 r  r7_reg[15]_i_2/O[0]
                         net (fo=2, routed)           0.505     4.742    r71[11]
    SLICE_X34Y74         LUT2 (Prop_lut2_I0_O)        0.299     5.041 r  r7[11]_i_3/O
                         net (fo=1, routed)           0.000     5.041    r7[11]_i_3_n_0
    SLICE_X34Y74         CARRY4 (Prop_carry4_S[3]_CO[3])
                                                      0.376     5.417 r  r7_reg[11]_i_1/CO[3]
                         net (fo=1, routed)           0.009     5.426    r7_reg[11]_i_1_n_0
    SLICE_X34Y75         CARRY4 (Prop_carry4_CI_O[3])
                                                      0.315     5.741 r  r7_reg[15]_i_1/O[3]
                         net (fo=1, routed)           0.000     5.741    r70[15]
    SLICE_X34Y75         FDRE                                         r  r7_reg[15]/D
  -------------------------------------------------------------------    -------------------

                         (clock vclk rise edge)       4.058     4.058 r  <hidden>
                                                      0.000     4.058 r  clk
                         net (fo=308, unset)          0.924     4.982    clk
    SLICE_X34Y75         FDRE                                         r  r7_reg[15]/C
                         clock pessimism              0.000     4.982    <hidden>
                         clock uncertainty           -0.035     4.947    <hidden>
    SLICE_X34Y75         FDRE (Setup_fdre_C_D)        0.109     5.056    r7_reg[15]
  -------------------------------------------------------------------
                         required time                          5.056    <hidden>
                         arrival time                          -5.741    <hidden>
  -------------------------------------------------------------------
                         slack                                 -0.685    <hidden>





Pulse Width Checks
--------------------------------------------------------------------------------------
Clock Name:         vclk
Waveform(ns):       { 0.000 2.029 }
Period(ns):         4.058
Sources:            { clk }

Check Type        Corner  Lib Pin  Reference Pin  Required(ns)  Actual(ns)  Slack(ns)  Location      Pin
Min Period        n/a     FDRE/C   n/a            1.000         4.058       3.058      SLICE_X36Y70  r10_reg[0]/C
Min Period        n/a     FDRE/C   n/a            1.000         4.058       3.058      SLICE_X39Y70  r10_reg[10]/C
Min Period        n/a     FDRE/C   n/a            1.000         4.058       3.058      SLICE_X39Y70  r10_reg[11]/C
Min Period        n/a     FDRE/C   n/a            1.000         4.058       3.058      SLICE_X39Y70  r10_reg[12]/C
Min Period        n/a     FDRE/C   n/a            1.000         4.058       3.058      SLICE_X39Y71  r10_reg[13]/C
Min Period        n/a     FDRE/C   n/a            1.000         4.058       3.058      SLICE_X39Y71  r10_reg[14]/C
Min Period        n/a     FDRE/C   n/a            1.000         4.058       3.058      SLICE_X39Y71  r10_reg[15]/C
Min Period        n/a     FDRE/C   n/a            1.000         4.058       3.058      SLICE_X39Y68  r10_reg[1]/C
Min Period        n/a     FDRE/C   n/a            1.000         4.058       3.058      SLICE_X39Y68  r10_reg[2]/C
Min Period        n/a     FDRE/C   n/a            1.000         4.058       3.058      SLICE_X39Y68  r10_reg[3]/C
Low Pulse Width   Slow    FDRE/C   n/a            0.500         2.029       1.529      SLICE_X36Y70  r10_reg[0]/C
Low Pulse Width   Fast    FDRE/C   n/a            0.500         2.029       1.529      SLICE_X36Y70  r10_reg[0]/C
Low Pulse Width   Slow    FDRE/C   n/a            0.500         2.029       1.529      SLICE_X39Y70  r10_reg[10]/C
Low Pulse Width   Fast    FDRE/C   n/a            0.500         2.029       1.529      SLICE_X39Y70  r10_reg[10]/C
Low Pulse Width   Slow    FDRE/C   n/a            0.500         2.029       1.529      SLICE_X39Y70  r10_reg[11]/C
Low Pulse Width   Fast    FDRE/C   n/a            0.500         2.029       1.529      SLICE_X39Y70  r10_reg[11]/C
Low Pulse Width   Slow    FDRE/C   n/a            0.500         2.029       1.529      SLICE_X39Y70  r10_reg[12]/C
Low Pulse Width   Fast    FDRE/C   n/a            0.500         2.029       1.529      SLICE_X39Y70  r10_reg[12]/C
Low Pulse Width   Slow    FDRE/C   n/a            0.500         2.029       1.529      SLICE_X39Y71  r10_reg[13]/C
Low Pulse Width   Fast    FDRE/C   n/a            0.500         2.029       1.529      SLICE_X39Y71  r10_reg[13]/C
High Pulse Width  Slow    FDRE/C   n/a            0.500         2.029       1.529      SLICE_X36Y70  r10_reg[0]/C
High Pulse Width  Fast    FDRE/C   n/a            0.500         2.029       1.529      SLICE_X36Y70  r10_reg[0]/C
High Pulse Width  Slow    FDRE/C   n/a            0.500         2.029       1.529      SLICE_X39Y70  r10_reg[10]/C
High Pulse Width  Fast    FDRE/C   n/a            0.500         2.029       1.529      SLICE_X39Y70  r10_reg[10]/C
High Pulse Width  Slow    FDRE/C   n/a            0.500         2.029       1.529      SLICE_X39Y70  r10_reg[11]/C
High Pulse Width  Fast    FDRE/C   n/a            0.500         2.029       1.529      SLICE_X39Y70  r10_reg[11]/C
High Pulse Width  Slow    FDRE/C   n/a            0.500         2.029       1.529      SLICE_X39Y70  r10_reg[12]/C
High Pulse Width  Fast    FDRE/C   n/a            0.500         2.029       1.529      SLICE_X39Y70  r10_reg[12]/C
High Pulse Width  Slow    FDRE/C   n/a            0.500         2.029       1.529      SLICE_X39Y71  r10_reg[13]/C
High Pulse Width  Fast    FDRE/C   n/a            0.500         2.029       1.529      SLICE_X39Y71  r10_reg[13]/C



