Copyright 1986-2022 Xilinx, Inc. All Rights Reserved. Copyright 2022-2026 Advanced Micro Devices, Inc. All Rights Reserved.
-----------------------------------------------------------------------------------------------------------------------------------------------------------------------------------------------------------------------------------------------------------------------------------------
| Tool Version : Vivado v.2026.1 (win64) Build 6511674 Tue Jun 16 11:02:23 MDT 2026
| Date         : Sun Aug 30 22:51:09 2026
| Host         : Amine running 64-bit major release  (build 9200)
| Command      : report_timing_summary -delay_type max -max_paths 10 -report_unconstrained -check_timing_verbose -warn_on_violation -file C:/Users/Amine/mas/fpga-repo/timing_closure_candidate_v7/results/c02_fir_rf_fir42_v6_8b/trial_002_search_p6p9675_a0/reports/timing_summary.rpt
| Design       : rf_s1__fir42_v6_8b__g0
| Device       : 7z020-clg400
| Speed File   : -1  PRODUCTION 1.12 2019-11-22
| Design State : Routed
-----------------------------------------------------------------------------------------------------------------------------------------------------------------------------------------------------------------------------------------------------------------------------------------

Timing Summary Report

------------------------------------------------------------------------------------------------
| Timer Settings
| --------------
------------------------------------------------------------------------------------------------

  Enable Multi Corner Analysis               :  Yes
  Enable Pessimism Removal                   :  Yes
  Pessimism Removal Resolution               :  Nearest Common Node
  Enable Input Delay Default Clock           :  No
  Enable Preset / Clear Arcs                 :  No
  Disable Flight Delays                      :  No
  Ignore I/O Paths                           :  No
  Timing Early Launch at Borrowing Latches   :  No
  Borrow Time for Max Delay Exceptions       :  Yes
  Merge Timing Exceptions                    :  Yes
  Inter-SLR Compensation                     :  Conservative

  Corner  Analyze    Analyze    
  Name    Max Paths  Min Paths  
  ------  ---------  ---------  
  Slow    Yes        Yes        
  Fast    Yes        Yes        


------------------------------------------------------------------------------------------------
| Report Methodology
| ------------------
------------------------------------------------------------------------------------------------

No report available as report_methodology has not been run prior. Run report_methodology on the current design for the summary of methodology violations.



check_timing report

Table of Contents
-----------------
1. checking no_clock (0)
2. checking constant_clock (0)
3. checking pulse_width_clock (0)
4. checking unconstrained_internal_endpoints (0)
5. checking no_input_delay (0)
6. checking no_output_delay (0)
7. checking multiple_clock (0)
8. checking generated_clocks (0)
9. checking loops (0)
10. checking partial_input_delay (0)
11. checking partial_output_delay (0)
12. checking latch_loops (0)

1. checking no_clock (0)
------------------------
 There are 0 register/latch pins with no clock.


2. checking constant_clock (0)
------------------------------
 There are 0 register/latch pins with constant_clock.


3. checking pulse_width_clock (0)
---------------------------------
 There are 0 register/latch pins which need pulse_width check


4. checking unconstrained_internal_endpoints (0)
------------------------------------------------
 There are 0 pins that are not constrained for maximum delay.

 There are 0 pins that are not constrained for maximum delay due to constant clock.


5. checking no_input_delay (0)
------------------------------
 There are 0 input ports with no input delay specified.

 There are 0 input ports with no input delay but user has a false path constraint.


6. checking no_output_delay (0)
-------------------------------
 There are 0 ports with no output delay specified.

 There are 0 ports with no output delay but user has a false path constraint

 There are 0 ports with no output delay but with a timing clock defined on it or propagating through it


7. checking multiple_clock (0)
------------------------------
 There are 0 register/latch pins with multiple clocks.


8. checking generated_clocks (0)
--------------------------------
 There are 0 generated clocks that are not connected to a clock source.


9. checking loops (0)
---------------------
 There are 0 combinational loops in the design.


10. checking partial_input_delay (0)
------------------------------------
 There are 0 input ports with partial input delay specified.


11. checking partial_output_delay (0)
-------------------------------------
 There are 0 ports with partial output delay specified.


12. checking latch_loops (0)
----------------------------
 There are 0 combinational latch loops in the design through latch input



------------------------------------------------------------------------------------------------
| Design Timing Summary
| ---------------------
------------------------------------------------------------------------------------------------

    WNS(ns)      TNS(ns)  TNS Failing Endpoints  TNS Total Endpoints     WPWS(ns)     TPWS(ns)  TPWS Failing Endpoints  TPWS Total Endpoints  
    -------      -------  ---------------------  -------------------     --------     --------  ----------------------  --------------------  
      0.153        0.000                      0                 1365        2.504        0.000                       0                   680  


All user specified timing constraints are met.


------------------------------------------------------------------------------------------------
| Clock Summary
| -------------
------------------------------------------------------------------------------------------------

Clock  Waveform(ns)         Period(ns)      Frequency(MHz)
-----  ------------         ----------      --------------
vclk   {0.000 3.484}        6.968           143.513         


------------------------------------------------------------------------------------------------
| Intra Clock Table
| -----------------
------------------------------------------------------------------------------------------------

Clock             WNS(ns)      TNS(ns)  TNS Failing Endpoints  TNS Total Endpoints     WPWS(ns)     TPWS(ns)  TPWS Failing Endpoints  TPWS Total Endpoints  
-----             -------      -------  ---------------------  -------------------     --------     --------  ----------------------  --------------------  
vclk                0.153        0.000                      0                 1365        2.504        0.000                       0                   680  


------------------------------------------------------------------------------------------------
| Inter Clock Table
| -----------------
------------------------------------------------------------------------------------------------

From Clock    To Clock          WNS(ns)      TNS(ns)  TNS Failing Endpoints  TNS Total Endpoints  
----------    --------          -------      -------  ---------------------  -------------------  


------------------------------------------------------------------------------------------------
| Other Path Groups Table
| -----------------------
------------------------------------------------------------------------------------------------

Path Group    From Clock    To Clock          WNS(ns)      TNS(ns)  TNS Failing Endpoints  TNS Total Endpoints  
----------    ----------    --------          -------      -------  ---------------------  -------------------  


------------------------------------------------------------------------------------------------
| User Ignored Path Table
| -----------------------
------------------------------------------------------------------------------------------------

Path Group    From Clock    To Clock    
----------    ----------    --------    


------------------------------------------------------------------------------------------------
| Unconstrained Path Table
| ------------------------
------------------------------------------------------------------------------------------------

Path Group    From Clock    To Clock    
----------    ----------    --------    


------------------------------------------------------------------------------------------------
| Timing Details
| --------------
------------------------------------------------------------------------------------------------


---------------------------------------------------------------------------------------------------
From Clock:  vclk
  To Clock:  vclk

Setup :            0  Failing Endpoints,  Worst Slack        0.153ns,  Total Violation        0.000ns
Hold  :           NA  Failing Endpoints,  Worst Slack           NA  ,  Total Violation           NA
PW    :            0  Failing Endpoints,  Worst Slack        2.504ns,  Total Violation        0.000ns
---------------------------------------------------------------------------------------------------


Max Delay Paths
--------------------------------------------------------------------------------------
Slack (MET) :             0.153ns  (required time - arrival time)
  Source:                 rst_n
                            (input port clocked by vclk  {rise@0.000ns fall@3.484ns period=6.968ns})
  Destination:            a10_reg[13]/R
                            (rising edge-triggered cell FDRE clocked by vclk  {rise@0.000ns fall@3.484ns period=6.968ns})
  Path Group:             vclk
  Path Type:              Setup (Max at Slow Process Corner)
  Requirement:            6.968ns  (vclk rise@6.968ns - vclk rise@0.000ns)
  Data Path Delay:        7.275ns  (logic 0.124ns (1.704%)  route 7.151ns (98.296%))
  Logic Levels:           1  (LUT1=1)
  Input Delay:            0.000ns
  Clock Path Skew:        0.924ns (DCD - SCD + CPR)
    Destination Clock Delay (DCD):    0.924ns = ( 7.892 - 6.968 ) 
    Source Clock Delay      (SCD):    0.000ns
    Clock Pessimism Removal (CPR):    0.000ns
  Clock Uncertainty:      0.035ns  ((TSJ^2 + TIJ^2)^1/2 + DJ) / 2 + PE
    Total System Jitter     (TSJ):    0.071ns
    Total Input Jitter      (TIJ):    0.000ns
    Discrete Jitter          (DJ):    0.000ns
    Phase Error              (PE):    0.000ns

    Location             Delay type                Incr(ns)  Path(ns)    Netlist Resource(s)
  -------------------------------------------------------------------    -------------------
                         (clock vclk rise edge)       0.000     0.000 r  <hidden>
                         input delay                  0.000     0.000    <hidden>
                                                      0.000     0.000 f  rst_n
                         net (fo=0)                   0.973     0.973    rst_n
    SLICE_X30Y72         LUT1 (Prop_lut1_I0_O)        0.124     1.097 r  y[15]_i_1/O
                         net (fo=670, routed)         6.178     7.275    RSTP
    SLICE_X44Y67         FDRE                                         r  a10_reg[13]/R
  -------------------------------------------------------------------    -------------------

                         (clock vclk rise edge)       6.968     6.968 r  <hidden>
                                                      0.000     6.968 r  clk
                         net (fo=679, unset)          0.924     7.892    clk
    SLICE_X44Y67         FDRE                                         r  a10_reg[13]/C
                         clock pessimism              0.000     7.892    <hidden>
                         clock uncertainty           -0.035     7.857    <hidden>
    SLICE_X44Y67         FDRE (Setup_fdre_C_R)       -0.429     7.428    a10_reg[13]
  -------------------------------------------------------------------
                         required time                          7.428    <hidden>
                         arrival time                          -7.275    <hidden>
  -------------------------------------------------------------------
                         slack                                  0.153    <hidden>

Slack (MET) :             0.153ns  (required time - arrival time)
  Source:                 rst_n
                            (input port clocked by vclk  {rise@0.000ns fall@3.484ns period=6.968ns})
  Destination:            a10_reg[14]/R
                            (rising edge-triggered cell FDRE clocked by vclk  {rise@0.000ns fall@3.484ns period=6.968ns})
  Path Group:             vclk
  Path Type:              Setup (Max at Slow Process Corner)
  Requirement:            6.968ns  (vclk rise@6.968ns - vclk rise@0.000ns)
  Data Path Delay:        7.275ns  (logic 0.124ns (1.704%)  route 7.151ns (98.296%))
  Logic Levels:           1  (LUT1=1)
  Input Delay:            0.000ns
  Clock Path Skew:        0.924ns (DCD - SCD + CPR)
    Destination Clock Delay (DCD):    0.924ns = ( 7.892 - 6.968 ) 
    Source Clock Delay      (SCD):    0.000ns
    Clock Pessimism Removal (CPR):    0.000ns
  Clock Uncertainty:      0.035ns  ((TSJ^2 + TIJ^2)^1/2 + DJ) / 2 + PE
    Total System Jitter     (TSJ):    0.071ns
    Total Input Jitter      (TIJ):    0.000ns
    Discrete Jitter          (DJ):    0.000ns
    Phase Error              (PE):    0.000ns

    Location             Delay type                Incr(ns)  Path(ns)    Netlist Resource(s)
  -------------------------------------------------------------------    -------------------
                         (clock vclk rise edge)       0.000     0.000 r  <hidden>
                         input delay                  0.000     0.000    <hidden>
                                                      0.000     0.000 f  rst_n
                         net (fo=0)                   0.973     0.973    rst_n
    SLICE_X30Y72         LUT1 (Prop_lut1_I0_O)        0.124     1.097 r  y[15]_i_1/O
                         net (fo=670, routed)         6.178     7.275    RSTP
    SLICE_X44Y67         FDRE                                         r  a10_reg[14]/R
  -------------------------------------------------------------------    -------------------

                         (clock vclk rise edge)       6.968     6.968 r  <hidden>
                                                      0.000     6.968 r  clk
                         net (fo=679, unset)          0.924     7.892    clk
    SLICE_X44Y67         FDRE                                         r  a10_reg[14]/C
                         clock pessimism              0.000     7.892    <hidden>
                         clock uncertainty           -0.035     7.857    <hidden>
    SLICE_X44Y67         FDRE (Setup_fdre_C_R)       -0.429     7.428    a10_reg[14]
  -------------------------------------------------------------------
                         required time                          7.428    <hidden>
                         arrival time                          -7.275    <hidden>
  -------------------------------------------------------------------
                         slack                                  0.153    <hidden>

Slack (MET) :             0.153ns  (required time - arrival time)
  Source:                 rst_n
                            (input port clocked by vclk  {rise@0.000ns fall@3.484ns period=6.968ns})
  Destination:            a10_reg[15]/R
                            (rising edge-triggered cell FDRE clocked by vclk  {rise@0.000ns fall@3.484ns period=6.968ns})
  Path Group:             vclk
  Path Type:              Setup (Max at Slow Process Corner)
  Requirement:            6.968ns  (vclk rise@6.968ns - vclk rise@0.000ns)
  Data Path Delay:        7.275ns  (logic 0.124ns (1.704%)  route 7.151ns (98.296%))
  Logic Levels:           1  (LUT1=1)
  Input Delay:            0.000ns
  Clock Path Skew:        0.924ns (DCD - SCD + CPR)
    Destination Clock Delay (DCD):    0.924ns = ( 7.892 - 6.968 ) 
    Source Clock Delay      (SCD):    0.000ns
    Clock Pessimism Removal (CPR):    0.000ns
  Clock Uncertainty:      0.035ns  ((TSJ^2 + TIJ^2)^1/2 + DJ) / 2 + PE
    Total System Jitter     (TSJ):    0.071ns
    Total Input Jitter      (TIJ):    0.000ns
    Discrete Jitter          (DJ):    0.000ns
    Phase Error              (PE):    0.000ns

    Location             Delay type                Incr(ns)  Path(ns)    Netlist Resource(s)
  -------------------------------------------------------------------    -------------------
                         (clock vclk rise edge)       0.000     0.000 r  <hidden>
                         input delay                  0.000     0.000    <hidden>
                                                      0.000     0.000 f  rst_n
                         net (fo=0)                   0.973     0.973    rst_n
    SLICE_X30Y72         LUT1 (Prop_lut1_I0_O)        0.124     1.097 r  y[15]_i_1/O
                         net (fo=670, routed)         6.178     7.275    RSTP
    SLICE_X44Y67         FDRE                                         r  a10_reg[15]/R
  -------------------------------------------------------------------    -------------------

                         (clock vclk rise edge)       6.968     6.968 r  <hidden>
                                                      0.000     6.968 r  clk
                         net (fo=679, unset)          0.924     7.892    clk
    SLICE_X44Y67         FDRE                                         r  a10_reg[15]/C
                         clock pessimism              0.000     7.892    <hidden>
                         clock uncertainty           -0.035     7.857    <hidden>
    SLICE_X44Y67         FDRE (Setup_fdre_C_R)       -0.429     7.428    a10_reg[15]
  -------------------------------------------------------------------
                         required time                          7.428    <hidden>
                         arrival time                          -7.275    <hidden>
  -------------------------------------------------------------------
                         slack                                  0.153    <hidden>

Slack (MET) :             0.156ns  (required time - arrival time)
  Source:                 rst_n
                            (input port clocked by vclk  {rise@0.000ns fall@3.484ns period=6.968ns})
  Destination:            a12_reg[10]/R
                            (rising edge-triggered cell FDRE clocked by vclk  {rise@0.000ns fall@3.484ns period=6.968ns})
  Path Group:             vclk
  Path Type:              Setup (Max at Slow Process Corner)
  Requirement:            6.968ns  (vclk rise@6.968ns - vclk rise@0.000ns)
  Data Path Delay:        7.177ns  (logic 0.124ns (1.728%)  route 7.053ns (98.272%))
  Logic Levels:           1  (LUT1=1)
  Input Delay:            0.000ns
  Clock Path Skew:        0.924ns (DCD - SCD + CPR)
    Destination Clock Delay (DCD):    0.924ns = ( 7.892 - 6.968 ) 
    Source Clock Delay      (SCD):    0.000ns
    Clock Pessimism Removal (CPR):    0.000ns
  Clock Uncertainty:      0.035ns  ((TSJ^2 + TIJ^2)^1/2 + DJ) / 2 + PE
    Total System Jitter     (TSJ):    0.071ns
    Total Input Jitter      (TIJ):    0.000ns
    Discrete Jitter          (DJ):    0.000ns
    Phase Error              (PE):    0.000ns

    Location             Delay type                Incr(ns)  Path(ns)    Netlist Resource(s)
  -------------------------------------------------------------------    -------------------
                         (clock vclk rise edge)       0.000     0.000 r  <hidden>
                         input delay                  0.000     0.000    <hidden>
                                                      0.000     0.000 f  rst_n
                         net (fo=0)                   0.973     0.973    rst_n
    SLICE_X30Y72         LUT1 (Prop_lut1_I0_O)        0.124     1.097 r  y[15]_i_1/O
                         net (fo=670, routed)         6.080     7.177    RSTP
    SLICE_X38Y67         FDRE                                         r  a12_reg[10]/R
  -------------------------------------------------------------------    -------------------

                         (clock vclk rise edge)       6.968     6.968 r  <hidden>
                                                      0.000     6.968 r  clk
                         net (fo=679, unset)          0.924     7.892    clk
    SLICE_X38Y67         FDRE                                         r  a12_reg[10]/C
                         clock pessimism              0.000     7.892    <hidden>
                         clock uncertainty           -0.035     7.857    <hidden>
    SLICE_X38Y67         FDRE (Setup_fdre_C_R)       -0.524     7.333    a12_reg[10]
  -------------------------------------------------------------------
                         required time                          7.333    <hidden>
                         arrival time                          -7.177    <hidden>
  -------------------------------------------------------------------
                         slack                                  0.156    <hidden>

Slack (MET) :             0.156ns  (required time - arrival time)
  Source:                 rst_n
                            (input port clocked by vclk  {rise@0.000ns fall@3.484ns period=6.968ns})
  Destination:            a12_reg[11]/R
                            (rising edge-triggered cell FDRE clocked by vclk  {rise@0.000ns fall@3.484ns period=6.968ns})
  Path Group:             vclk
  Path Type:              Setup (Max at Slow Process Corner)
  Requirement:            6.968ns  (vclk rise@6.968ns - vclk rise@0.000ns)
  Data Path Delay:        7.177ns  (logic 0.124ns (1.728%)  route 7.053ns (98.272%))
  Logic Levels:           1  (LUT1=1)
  Input Delay:            0.000ns
  Clock Path Skew:        0.924ns (DCD - SCD + CPR)
    Destination Clock Delay (DCD):    0.924ns = ( 7.892 - 6.968 ) 
    Source Clock Delay      (SCD):    0.000ns
    Clock Pessimism Removal (CPR):    0.000ns
  Clock Uncertainty:      0.035ns  ((TSJ^2 + TIJ^2)^1/2 + DJ) / 2 + PE
    Total System Jitter     (TSJ):    0.071ns
    Total Input Jitter      (TIJ):    0.000ns
    Discrete Jitter          (DJ):    0.000ns
    Phase Error              (PE):    0.000ns

    Location             Delay type                Incr(ns)  Path(ns)    Netlist Resource(s)
  -------------------------------------------------------------------    -------------------
                         (clock vclk rise edge)       0.000     0.000 r  <hidden>
                         input delay                  0.000     0.000    <hidden>
                                                      0.000     0.000 f  rst_n
                         net (fo=0)                   0.973     0.973    rst_n
    SLICE_X30Y72         LUT1 (Prop_lut1_I0_O)        0.124     1.097 r  y[15]_i_1/O
                         net (fo=670, routed)         6.080     7.177    RSTP
    SLICE_X38Y67         FDRE                                         r  a12_reg[11]/R
  -------------------------------------------------------------------    -------------------

                         (clock vclk rise edge)       6.968     6.968 r  <hidden>
                                                      0.000     6.968 r  clk
                         net (fo=679, unset)          0.924     7.892    clk
    SLICE_X38Y67         FDRE                                         r  a12_reg[11]/C
                         clock pessimism              0.000     7.892    <hidden>
                         clock uncertainty           -0.035     7.857    <hidden>
    SLICE_X38Y67         FDRE (Setup_fdre_C_R)       -0.524     7.333    a12_reg[11]
  -------------------------------------------------------------------
                         required time                          7.333    <hidden>
                         arrival time                          -7.177    <hidden>
  -------------------------------------------------------------------
                         slack                                  0.156    <hidden>

Slack (MET) :             0.156ns  (required time - arrival time)
  Source:                 rst_n
                            (input port clocked by vclk  {rise@0.000ns fall@3.484ns period=6.968ns})
  Destination:            a12_reg[8]/R
                            (rising edge-triggered cell FDRE clocked by vclk  {rise@0.000ns fall@3.484ns period=6.968ns})
  Path Group:             vclk
  Path Type:              Setup (Max at Slow Process Corner)
  Requirement:            6.968ns  (vclk rise@6.968ns - vclk rise@0.000ns)
  Data Path Delay:        7.177ns  (logic 0.124ns (1.728%)  route 7.053ns (98.272%))
  Logic Levels:           1  (LUT1=1)
  Input Delay:            0.000ns
  Clock Path Skew:        0.924ns (DCD - SCD + CPR)
    Destination Clock Delay (DCD):    0.924ns = ( 7.892 - 6.968 ) 
    Source Clock Delay      (SCD):    0.000ns
    Clock Pessimism Removal (CPR):    0.000ns
  Clock Uncertainty:      0.035ns  ((TSJ^2 + TIJ^2)^1/2 + DJ) / 2 + PE
    Total System Jitter     (TSJ):    0.071ns
    Total Input Jitter      (TIJ):    0.000ns
    Discrete Jitter          (DJ):    0.000ns
    Phase Error              (PE):    0.000ns

    Location             Delay type                Incr(ns)  Path(ns)    Netlist Resource(s)
  -------------------------------------------------------------------    -------------------
                         (clock vclk rise edge)       0.000     0.000 r  <hidden>
                         input delay                  0.000     0.000    <hidden>
                                                      0.000     0.000 f  rst_n
                         net (fo=0)                   0.973     0.973    rst_n
    SLICE_X30Y72         LUT1 (Prop_lut1_I0_O)        0.124     1.097 r  y[15]_i_1/O
                         net (fo=670, routed)         6.080     7.177    RSTP
    SLICE_X38Y67         FDRE                                         r  a12_reg[8]/R
  -------------------------------------------------------------------    -------------------

                         (clock vclk rise edge)       6.968     6.968 r  <hidden>
                                                      0.000     6.968 r  clk
                         net (fo=679, unset)          0.924     7.892    clk
    SLICE_X38Y67         FDRE                                         r  a12_reg[8]/C
                         clock pessimism              0.000     7.892    <hidden>
                         clock uncertainty           -0.035     7.857    <hidden>
    SLICE_X38Y67         FDRE (Setup_fdre_C_R)       -0.524     7.333    a12_reg[8]
  -------------------------------------------------------------------
                         required time                          7.333    <hidden>
                         arrival time                          -7.177    <hidden>
  -------------------------------------------------------------------
                         slack                                  0.156    <hidden>

Slack (MET) :             0.156ns  (required time - arrival time)
  Source:                 rst_n
                            (input port clocked by vclk  {rise@0.000ns fall@3.484ns period=6.968ns})
  Destination:            a12_reg[9]/R
                            (rising edge-triggered cell FDRE clocked by vclk  {rise@0.000ns fall@3.484ns period=6.968ns})
  Path Group:             vclk
  Path Type:              Setup (Max at Slow Process Corner)
  Requirement:            6.968ns  (vclk rise@6.968ns - vclk rise@0.000ns)
  Data Path Delay:        7.177ns  (logic 0.124ns (1.728%)  route 7.053ns (98.272%))
  Logic Levels:           1  (LUT1=1)
  Input Delay:            0.000ns
  Clock Path Skew:        0.924ns (DCD - SCD + CPR)
    Destination Clock Delay (DCD):    0.924ns = ( 7.892 - 6.968 ) 
    Source Clock Delay      (SCD):    0.000ns
    Clock Pessimism Removal (CPR):    0.000ns
  Clock Uncertainty:      0.035ns  ((TSJ^2 + TIJ^2)^1/2 + DJ) / 2 + PE
    Total System Jitter     (TSJ):    0.071ns
    Total Input Jitter      (TIJ):    0.000ns
    Discrete Jitter          (DJ):    0.000ns
    Phase Error              (PE):    0.000ns

    Location             Delay type                Incr(ns)  Path(ns)    Netlist Resource(s)
  -------------------------------------------------------------------    -------------------
                         (clock vclk rise edge)       0.000     0.000 r  <hidden>
                         input delay                  0.000     0.000    <hidden>
                                                      0.000     0.000 f  rst_n
                         net (fo=0)                   0.973     0.973    rst_n
    SLICE_X30Y72         LUT1 (Prop_lut1_I0_O)        0.124     1.097 r  y[15]_i_1/O
                         net (fo=670, routed)         6.080     7.177    RSTP
    SLICE_X38Y67         FDRE                                         r  a12_reg[9]/R
  -------------------------------------------------------------------    -------------------

                         (clock vclk rise edge)       6.968     6.968 r  <hidden>
                                                      0.000     6.968 r  clk
                         net (fo=679, unset)          0.924     7.892    clk
    SLICE_X38Y67         FDRE                                         r  a12_reg[9]/C
                         clock pessimism              0.000     7.892    <hidden>
                         clock uncertainty           -0.035     7.857    <hidden>
    SLICE_X38Y67         FDRE (Setup_fdre_C_R)       -0.524     7.333    a12_reg[9]
  -------------------------------------------------------------------
                         required time                          7.333    <hidden>
                         arrival time                          -7.177    <hidden>
  -------------------------------------------------------------------
                         slack                                  0.156    <hidden>

Slack (MET) :             0.186ns  (required time - arrival time)
  Source:                 rst_n
                            (input port clocked by vclk  {rise@0.000ns fall@3.484ns period=6.968ns})
  Destination:            a13_reg[1]/R
                            (rising edge-triggered cell FDRE clocked by vclk  {rise@0.000ns fall@3.484ns period=6.968ns})
  Path Group:             vclk
  Path Type:              Setup (Max at Slow Process Corner)
  Requirement:            6.968ns  (vclk rise@6.968ns - vclk rise@0.000ns)
  Data Path Delay:        7.242ns  (logic 0.124ns (1.712%)  route 7.118ns (98.288%))
  Logic Levels:           1  (LUT1=1)
  Input Delay:            0.000ns
  Clock Path Skew:        0.924ns (DCD - SCD + CPR)
    Destination Clock Delay (DCD):    0.924ns = ( 7.892 - 6.968 ) 
    Source Clock Delay      (SCD):    0.000ns
    Clock Pessimism Removal (CPR):    0.000ns
  Clock Uncertainty:      0.035ns  ((TSJ^2 + TIJ^2)^1/2 + DJ) / 2 + PE
    Total System Jitter     (TSJ):    0.071ns
    Total Input Jitter      (TIJ):    0.000ns
    Discrete Jitter          (DJ):    0.000ns
    Phase Error              (PE):    0.000ns

    Location             Delay type                Incr(ns)  Path(ns)    Netlist Resource(s)
  -------------------------------------------------------------------    -------------------
                         (clock vclk rise edge)       0.000     0.000 r  <hidden>
                         input delay                  0.000     0.000    <hidden>
                                                      0.000     0.000 f  rst_n
                         net (fo=0)                   0.973     0.973    rst_n
    SLICE_X30Y72         LUT1 (Prop_lut1_I0_O)        0.124     1.097 r  y[15]_i_1/O
                         net (fo=670, routed)         6.145     7.242    RSTP
    SLICE_X37Y65         FDRE                                         r  a13_reg[1]/R
  -------------------------------------------------------------------    -------------------

                         (clock vclk rise edge)       6.968     6.968 r  <hidden>
                                                      0.000     6.968 r  clk
                         net (fo=679, unset)          0.924     7.892    clk
    SLICE_X37Y65         FDRE                                         r  a13_reg[1]/C
                         clock pessimism              0.000     7.892    <hidden>
                         clock uncertainty           -0.035     7.857    <hidden>
    SLICE_X37Y65         FDRE (Setup_fdre_C_R)       -0.429     7.428    a13_reg[1]
  -------------------------------------------------------------------
                         required time                          7.428    <hidden>
                         arrival time                          -7.242    <hidden>
  -------------------------------------------------------------------
                         slack                                  0.186    <hidden>

Slack (MET) :             0.186ns  (required time - arrival time)
  Source:                 rst_n
                            (input port clocked by vclk  {rise@0.000ns fall@3.484ns period=6.968ns})
  Destination:            a13_reg[2]/R
                            (rising edge-triggered cell FDRE clocked by vclk  {rise@0.000ns fall@3.484ns period=6.968ns})
  Path Group:             vclk
  Path Type:              Setup (Max at Slow Process Corner)
  Requirement:            6.968ns  (vclk rise@6.968ns - vclk rise@0.000ns)
  Data Path Delay:        7.242ns  (logic 0.124ns (1.712%)  route 7.118ns (98.288%))
  Logic Levels:           1  (LUT1=1)
  Input Delay:            0.000ns
  Clock Path Skew:        0.924ns (DCD - SCD + CPR)
    Destination Clock Delay (DCD):    0.924ns = ( 7.892 - 6.968 ) 
    Source Clock Delay      (SCD):    0.000ns
    Clock Pessimism Removal (CPR):    0.000ns
  Clock Uncertainty:      0.035ns  ((TSJ^2 + TIJ^2)^1/2 + DJ) / 2 + PE
    Total System Jitter     (TSJ):    0.071ns
    Total Input Jitter      (TIJ):    0.000ns
    Discrete Jitter          (DJ):    0.000ns
    Phase Error              (PE):    0.000ns

    Location             Delay type                Incr(ns)  Path(ns)    Netlist Resource(s)
  -------------------------------------------------------------------    -------------------
                         (clock vclk rise edge)       0.000     0.000 r  <hidden>
                         input delay                  0.000     0.000    <hidden>
                                                      0.000     0.000 f  rst_n
                         net (fo=0)                   0.973     0.973    rst_n
    SLICE_X30Y72         LUT1 (Prop_lut1_I0_O)        0.124     1.097 r  y[15]_i_1/O
                         net (fo=670, routed)         6.145     7.242    RSTP
    SLICE_X37Y65         FDRE                                         r  a13_reg[2]/R
  -------------------------------------------------------------------    -------------------

                         (clock vclk rise edge)       6.968     6.968 r  <hidden>
                                                      0.000     6.968 r  clk
                         net (fo=679, unset)          0.924     7.892    clk
    SLICE_X37Y65         FDRE                                         r  a13_reg[2]/C
                         clock pessimism              0.000     7.892    <hidden>
                         clock uncertainty           -0.035     7.857    <hidden>
    SLICE_X37Y65         FDRE (Setup_fdre_C_R)       -0.429     7.428    a13_reg[2]
  -------------------------------------------------------------------
                         required time                          7.428    <hidden>
                         arrival time                          -7.242    <hidden>
  -------------------------------------------------------------------
                         slack                                  0.186    <hidden>

Slack (MET) :             0.186ns  (required time - arrival time)
  Source:                 rst_n
                            (input port clocked by vclk  {rise@0.000ns fall@3.484ns period=6.968ns})
  Destination:            a13_reg[3]/R
                            (rising edge-triggered cell FDRE clocked by vclk  {rise@0.000ns fall@3.484ns period=6.968ns})
  Path Group:             vclk
  Path Type:              Setup (Max at Slow Process Corner)
  Requirement:            6.968ns  (vclk rise@6.968ns - vclk rise@0.000ns)
  Data Path Delay:        7.242ns  (logic 0.124ns (1.712%)  route 7.118ns (98.288%))
  Logic Levels:           1  (LUT1=1)
  Input Delay:            0.000ns
  Clock Path Skew:        0.924ns (DCD - SCD + CPR)
    Destination Clock Delay (DCD):    0.924ns = ( 7.892 - 6.968 ) 
    Source Clock Delay      (SCD):    0.000ns
    Clock Pessimism Removal (CPR):    0.000ns
  Clock Uncertainty:      0.035ns  ((TSJ^2 + TIJ^2)^1/2 + DJ) / 2 + PE
    Total System Jitter     (TSJ):    0.071ns
    Total Input Jitter      (TIJ):    0.000ns
    Discrete Jitter          (DJ):    0.000ns
    Phase Error              (PE):    0.000ns

    Location             Delay type                Incr(ns)  Path(ns)    Netlist Resource(s)
  -------------------------------------------------------------------    -------------------
                         (clock vclk rise edge)       0.000     0.000 r  <hidden>
                         input delay                  0.000     0.000    <hidden>
                                                      0.000     0.000 f  rst_n
                         net (fo=0)                   0.973     0.973    rst_n
    SLICE_X30Y72         LUT1 (Prop_lut1_I0_O)        0.124     1.097 r  y[15]_i_1/O
                         net (fo=670, routed)         6.145     7.242    RSTP
    SLICE_X37Y65         FDRE                                         r  a13_reg[3]/R
  -------------------------------------------------------------------    -------------------

                         (clock vclk rise edge)       6.968     6.968 r  <hidden>
                                                      0.000     6.968 r  clk
                         net (fo=679, unset)          0.924     7.892    clk
    SLICE_X37Y65         FDRE                                         r  a13_reg[3]/C
                         clock pessimism              0.000     7.892    <hidden>
                         clock uncertainty           -0.035     7.857    <hidden>
    SLICE_X37Y65         FDRE (Setup_fdre_C_R)       -0.429     7.428    a13_reg[3]
  -------------------------------------------------------------------
                         required time                          7.428    <hidden>
                         arrival time                          -7.242    <hidden>
  -------------------------------------------------------------------
                         slack                                  0.186    <hidden>





Pulse Width Checks
--------------------------------------------------------------------------------------
Clock Name:         vclk
Waveform(ns):       { 0.000 3.484 }
Period(ns):         6.968
Sources:            { clk }

Check Type        Corner  Lib Pin     Reference Pin  Required(ns)  Actual(ns)  Slack(ns)  Location      Pin
Min Period        n/a     FDRE/C      n/a            1.000         6.968       5.968      SLICE_X40Y66  a0_reg[0]/C
Min Period        n/a     FDRE/C      n/a            1.000         6.968       5.968      SLICE_X41Y71  a0_reg[10]/C
Min Period        n/a     FDRE/C      n/a            1.000         6.968       5.968      SLICE_X41Y71  a0_reg[11]/C
Min Period        n/a     FDRE/C      n/a            1.000         6.968       5.968      SLICE_X41Y71  a0_reg[12]/C
Min Period        n/a     FDRE/C      n/a            1.000         6.968       5.968      SLICE_X41Y71  a0_reg[13]/C
Min Period        n/a     FDRE/C      n/a            1.000         6.968       5.968      SLICE_X41Y72  a0_reg[14]/C
Min Period        n/a     FDRE/C      n/a            1.000         6.968       5.968      SLICE_X41Y72  a0_reg[15]/C
Min Period        n/a     FDRE/C      n/a            1.000         6.968       5.968      SLICE_X36Y66  a0_reg[1]/C
Min Period        n/a     FDRE/C      n/a            1.000         6.968       5.968      SLICE_X41Y69  a0_reg[2]/C
Min Period        n/a     FDRE/C      n/a            1.000         6.968       5.968      SLICE_X41Y69  a0_reg[3]/C
Low Pulse Width   Slow    SRL16E/CLK  n/a            0.980         3.484       2.504      SLICE_X30Y66  a15_reg[0]_srl2___a22_reg_r/CLK
Low Pulse Width   Fast    SRL16E/CLK  n/a            0.980         3.484       2.504      SLICE_X30Y66  a15_reg[0]_srl2___a22_reg_r/CLK
Low Pulse Width   Slow    SRL16E/CLK  n/a            0.980         3.484       2.504      SLICE_X34Y62  a21_reg[0]_srl3___a21_reg_r/CLK
Low Pulse Width   Fast    SRL16E/CLK  n/a            0.980         3.484       2.504      SLICE_X34Y62  a21_reg[0]_srl3___a21_reg_r/CLK
Low Pulse Width   Slow    SRL16E/CLK  n/a            0.980         3.484       2.504      SLICE_X34Y61  a28_reg[0]_srl2___a22_reg_r/CLK
Low Pulse Width   Fast    SRL16E/CLK  n/a            0.980         3.484       2.504      SLICE_X34Y61  a28_reg[0]_srl2___a22_reg_r/CLK
Low Pulse Width   Slow    SRL16E/CLK  n/a            0.980         3.484       2.504      SLICE_X34Y62  a40_reg[0]_srl2___a22_reg_r/CLK
Low Pulse Width   Fast    SRL16E/CLK  n/a            0.980         3.484       2.504      SLICE_X34Y62  a40_reg[0]_srl2___a22_reg_r/CLK
Low Pulse Width   Slow    SRL16E/CLK  n/a            0.980         3.484       2.504      SLICE_X34Y62  a7_reg[0]_srl3___a21_reg_r/CLK
Low Pulse Width   Fast    SRL16E/CLK  n/a            0.980         3.484       2.504      SLICE_X34Y62  a7_reg[0]_srl3___a21_reg_r/CLK
High Pulse Width  Slow    SRL16E/CLK  n/a            0.980         3.484       2.504      SLICE_X30Y66  a15_reg[0]_srl2___a22_reg_r/CLK
High Pulse Width  Fast    SRL16E/CLK  n/a            0.980         3.484       2.504      SLICE_X30Y66  a15_reg[0]_srl2___a22_reg_r/CLK
High Pulse Width  Slow    SRL16E/CLK  n/a            0.980         3.484       2.504      SLICE_X34Y62  a21_reg[0]_srl3___a21_reg_r/CLK
High Pulse Width  Fast    SRL16E/CLK  n/a            0.980         3.484       2.504      SLICE_X34Y62  a21_reg[0]_srl3___a21_reg_r/CLK
High Pulse Width  Slow    SRL16E/CLK  n/a            0.980         3.484       2.504      SLICE_X34Y61  a28_reg[0]_srl2___a22_reg_r/CLK
High Pulse Width  Fast    SRL16E/CLK  n/a            0.980         3.484       2.504      SLICE_X34Y61  a28_reg[0]_srl2___a22_reg_r/CLK
High Pulse Width  Slow    SRL16E/CLK  n/a            0.980         3.484       2.504      SLICE_X34Y62  a40_reg[0]_srl2___a22_reg_r/CLK
High Pulse Width  Fast    SRL16E/CLK  n/a            0.980         3.484       2.504      SLICE_X34Y62  a40_reg[0]_srl2___a22_reg_r/CLK
High Pulse Width  Slow    SRL16E/CLK  n/a            0.980         3.484       2.504      SLICE_X34Y62  a7_reg[0]_srl3___a21_reg_r/CLK
High Pulse Width  Fast    SRL16E/CLK  n/a            0.980         3.484       2.504      SLICE_X34Y62  a7_reg[0]_srl3___a21_reg_r/CLK



