Copyright 1986-2022 Xilinx, Inc. All Rights Reserved. Copyright 2022-2026 Advanced Micro Devices, Inc. All Rights Reserved.
---------------------------------------------------------------------------------------------------------------------------------------------------------------------------------------------------------------------------------------------------------------------------------------------------
| Tool Version : Vivado v.2026.1 (win64) Build 6511674 Tue Jun 16 11:02:23 MDT 2026
| Date         : Sun Aug 30 23:27:47 2026
| Host         : Amine running 64-bit major release  (build 9200)
| Command      : report_timing_summary -delay_type max -max_paths 10 -report_unconstrained -check_timing_verbose -warn_on_violation -file C:/Users/Amine/mas/fpga-repo/timing_closure_candidate_v7/results/c04_firr_rf_firr20_v6/trial_012_confirm_pass_p2p977871094_a0/reports/timing_summary.rpt
| Design       : rf_s2__firr20_v6__g1
| Device       : 7z020-clg400
| Speed File   : -1  PRODUCTION 1.12 2019-11-22
| Design State : Routed
---------------------------------------------------------------------------------------------------------------------------------------------------------------------------------------------------------------------------------------------------------------------------------------------------

Timing Summary Report

------------------------------------------------------------------------------------------------
| Timer Settings
| --------------
------------------------------------------------------------------------------------------------

  Enable Multi Corner Analysis               :  Yes
  Enable Pessimism Removal                   :  Yes
  Pessimism Removal Resolution               :  Nearest Common Node
  Enable Input Delay Default Clock           :  No
  Enable Preset / Clear Arcs                 :  No
  Disable Flight Delays                      :  No
  Ignore I/O Paths                           :  No
  Timing Early Launch at Borrowing Latches   :  No
  Borrow Time for Max Delay Exceptions       :  Yes
  Merge Timing Exceptions                    :  Yes
  Inter-SLR Compensation                     :  Conservative

  Corner  Analyze    Analyze    
  Name    Max Paths  Min Paths  
  ------  ---------  ---------  
  Slow    Yes        Yes        
  Fast    Yes        Yes        


------------------------------------------------------------------------------------------------
| Report Methodology
| ------------------
------------------------------------------------------------------------------------------------

No report available as report_methodology has not been run prior. Run report_methodology on the current design for the summary of methodology violations.



check_timing report

Table of Contents
-----------------
1. checking no_clock (0)
2. checking constant_clock (0)
3. checking pulse_width_clock (0)
4. checking unconstrained_internal_endpoints (0)
5. checking no_input_delay (0)
6. checking no_output_delay (0)
7. checking multiple_clock (0)
8. checking generated_clocks (0)
9. checking loops (0)
10. checking partial_input_delay (0)
11. checking partial_output_delay (0)
12. checking latch_loops (0)

1. checking no_clock (0)
------------------------
 There are 0 register/latch pins with no clock.


2. checking constant_clock (0)
------------------------------
 There are 0 register/latch pins with constant_clock.


3. checking pulse_width_clock (0)
---------------------------------
 There are 0 register/latch pins which need pulse_width check


4. checking unconstrained_internal_endpoints (0)
------------------------------------------------
 There are 0 pins that are not constrained for maximum delay.

 There are 0 pins that are not constrained for maximum delay due to constant clock.


5. checking no_input_delay (0)
------------------------------
 There are 0 input ports with no input delay specified.

 There are 0 input ports with no input delay but user has a false path constraint.


6. checking no_output_delay (0)
-------------------------------
 There are 0 ports with no output delay specified.

 There are 0 ports with no output delay but user has a false path constraint

 There are 0 ports with no output delay but with a timing clock defined on it or propagating through it


7. checking multiple_clock (0)
------------------------------
 There are 0 register/latch pins with multiple clocks.


8. checking generated_clocks (0)
--------------------------------
 There are 0 generated clocks that are not connected to a clock source.


9. checking loops (0)
---------------------
 There are 0 combinational loops in the design.


10. checking partial_input_delay (0)
------------------------------------
 There are 0 input ports with partial input delay specified.


11. checking partial_output_delay (0)
-------------------------------------
 There are 0 ports with partial output delay specified.


12. checking latch_loops (0)
----------------------------
 There are 0 combinational latch loops in the design through latch input



------------------------------------------------------------------------------------------------
| Design Timing Summary
| ---------------------
------------------------------------------------------------------------------------------------

    WNS(ns)      TNS(ns)  TNS Failing Endpoints  TNS Total Endpoints     WPWS(ns)     TPWS(ns)  TPWS Failing Endpoints  TPWS Total Endpoints  
    -------      -------  ---------------------  -------------------     --------     --------  ----------------------  --------------------  
      0.015        0.000                      0                  594        0.989        0.000                       0                   290  


All user specified timing constraints are met.


------------------------------------------------------------------------------------------------
| Clock Summary
| -------------
------------------------------------------------------------------------------------------------

Clock  Waveform(ns)         Period(ns)      Frequency(MHz)
-----  ------------         ----------      --------------
vclk   {0.000 1.489}        2.978           335.796         


------------------------------------------------------------------------------------------------
| Intra Clock Table
| -----------------
------------------------------------------------------------------------------------------------

Clock             WNS(ns)      TNS(ns)  TNS Failing Endpoints  TNS Total Endpoints     WPWS(ns)     TPWS(ns)  TPWS Failing Endpoints  TPWS Total Endpoints  
-----             -------      -------  ---------------------  -------------------     --------     --------  ----------------------  --------------------  
vclk                0.015        0.000                      0                  594        0.989        0.000                       0                   290  


------------------------------------------------------------------------------------------------
| Inter Clock Table
| -----------------
------------------------------------------------------------------------------------------------

From Clock    To Clock          WNS(ns)      TNS(ns)  TNS Failing Endpoints  TNS Total Endpoints  
----------    --------          -------      -------  ---------------------  -------------------  


------------------------------------------------------------------------------------------------
| Other Path Groups Table
| -----------------------
------------------------------------------------------------------------------------------------

Path Group    From Clock    To Clock          WNS(ns)      TNS(ns)  TNS Failing Endpoints  TNS Total Endpoints  
----------    ----------    --------          -------      -------  ---------------------  -------------------  


------------------------------------------------------------------------------------------------
| User Ignored Path Table
| -----------------------
------------------------------------------------------------------------------------------------

Path Group    From Clock    To Clock    
----------    ----------    --------    


------------------------------------------------------------------------------------------------
| Unconstrained Path Table
| ------------------------
------------------------------------------------------------------------------------------------

Path Group    From Clock    To Clock    
----------    ----------    --------    


------------------------------------------------------------------------------------------------
| Timing Details
| --------------
------------------------------------------------------------------------------------------------


---------------------------------------------------------------------------------------------------
From Clock:  vclk
  To Clock:  vclk

Setup :            0  Failing Endpoints,  Worst Slack        0.015ns,  Total Violation        0.000ns
Hold  :           NA  Failing Endpoints,  Worst Slack           NA  ,  Total Violation           NA
PW    :            0  Failing Endpoints,  Worst Slack        0.989ns,  Total Violation        0.000ns
---------------------------------------------------------------------------------------------------


Max Delay Paths
--------------------------------------------------------------------------------------
Slack (MET) :             0.015ns  (required time - arrival time)
  Source:                 x[0]
                            (input port clocked by vclk  {rise@0.000ns fall@1.489ns period=2.978ns})
  Destination:            a10_reg[15]/D
                            (rising edge-triggered cell FDRE clocked by vclk  {rise@0.000ns fall@1.489ns period=2.978ns})
  Path Group:             vclk
  Path Type:              Setup (Max at Slow Process Corner)
  Requirement:            2.978ns  (vclk rise@2.978ns - vclk rise@0.000ns)
  Data Path Delay:        3.914ns  (logic 2.024ns (51.706%)  route 1.890ns (48.294%))
  Logic Levels:           6  (CARRY4=4 LUT2=1 LUT3=1)
  Input Delay:            0.000ns
  Clock Path Skew:        0.924ns (DCD - SCD + CPR)
    Destination Clock Delay (DCD):    0.924ns = ( 3.902 - 2.978 ) 
    Source Clock Delay      (SCD):    0.000ns
    Clock Pessimism Removal (CPR):    0.000ns
  Clock Uncertainty:      0.035ns  ((TSJ^2 + TIJ^2)^1/2 + DJ) / 2 + PE
    Total System Jitter     (TSJ):    0.071ns
    Total Input Jitter      (TIJ):    0.000ns
    Discrete Jitter          (DJ):    0.000ns
    Phase Error              (PE):    0.000ns

    Location             Delay type                Incr(ns)  Path(ns)    Netlist Resource(s)
  -------------------------------------------------------------------    -------------------
                         (clock vclk rise edge)       0.000     0.000 r  <hidden>
                         input delay                  0.000     0.000    <hidden>
                                                      0.000     0.000 r  x[0]
                         net (fo=81, unset)           0.973     0.973    x[0]
    SLICE_X38Y76         LUT3 (Prop_lut3_I2_O)        0.124     1.097 r  a10[9]_i_9/O
                         net (fo=1, routed)           0.323     1.420    a10[9]_i_9_n_0
    SLICE_X36Y76         CARRY4 (Prop_carry4_DI[1]_CO[3])
                                                      0.520     1.940 r  a10_reg[9]_i_2/CO[3]
                         net (fo=1, routed)           0.000     1.940    a10_reg[9]_i_2_n_0
    SLICE_X36Y77         CARRY4 (Prop_carry4_CI_O[0])
                                                      0.219     2.159 r  a10_reg[13]_i_2/O[0]
                         net (fo=2, routed)           0.595     2.753    a101[10]
    SLICE_X37Y77         LUT2 (Prop_lut2_I0_O)        0.295     3.048 r  a10[13]_i_6/O
                         net (fo=1, routed)           0.000     3.048    a10[13]_i_6_n_0
    SLICE_X37Y77         CARRY4 (Prop_carry4_S[0]_CO[3])
                                                      0.532     3.580 r  a10_reg[13]_i_1/CO[3]
                         net (fo=1, routed)           0.000     3.580    a10_reg[13]_i_1_n_0
    SLICE_X37Y78         CARRY4 (Prop_carry4_CI_O[1])
                                                      0.334     3.914 r  a10_reg[15]_i_1/O[1]
                         net (fo=1, routed)           0.000     3.914    a100[15]
    SLICE_X37Y78         FDRE                                         r  a10_reg[15]/D
  -------------------------------------------------------------------    -------------------

                         (clock vclk rise edge)       2.978     2.978 r  <hidden>
                                                      0.000     2.978 r  clk
                         net (fo=289, unset)          0.924     3.902    clk
    SLICE_X37Y78         FDRE                                         r  a10_reg[15]/C
                         clock pessimism              0.000     3.902    <hidden>
                         clock uncertainty           -0.035     3.867    <hidden>
    SLICE_X37Y78         FDRE (Setup_fdre_C_D)        0.062     3.929    a10_reg[15]
  -------------------------------------------------------------------
                         required time                          3.929    <hidden>
                         arrival time                          -3.914    <hidden>
  -------------------------------------------------------------------
                         slack                                  0.015    <hidden>

Slack (MET) :             0.126ns  (required time - arrival time)
  Source:                 x[0]
                            (input port clocked by vclk  {rise@0.000ns fall@1.489ns period=2.978ns})
  Destination:            a10_reg[14]/D
                            (rising edge-triggered cell FDRE clocked by vclk  {rise@0.000ns fall@1.489ns period=2.978ns})
  Path Group:             vclk
  Path Type:              Setup (Max at Slow Process Corner)
  Requirement:            2.978ns  (vclk rise@2.978ns - vclk rise@0.000ns)
  Data Path Delay:        3.803ns  (logic 1.913ns (50.297%)  route 1.890ns (49.703%))
  Logic Levels:           6  (CARRY4=4 LUT2=1 LUT3=1)
  Input Delay:            0.000ns
  Clock Path Skew:        0.924ns (DCD - SCD + CPR)
    Destination Clock Delay (DCD):    0.924ns = ( 3.902 - 2.978 ) 
    Source Clock Delay      (SCD):    0.000ns
    Clock Pessimism Removal (CPR):    0.000ns
  Clock Uncertainty:      0.035ns  ((TSJ^2 + TIJ^2)^1/2 + DJ) / 2 + PE
    Total System Jitter     (TSJ):    0.071ns
    Total Input Jitter      (TIJ):    0.000ns
    Discrete Jitter          (DJ):    0.000ns
    Phase Error              (PE):    0.000ns

    Location             Delay type                Incr(ns)  Path(ns)    Netlist Resource(s)
  -------------------------------------------------------------------    -------------------
                         (clock vclk rise edge)       0.000     0.000 r  <hidden>
                         input delay                  0.000     0.000    <hidden>
                                                      0.000     0.000 r  x[0]
                         net (fo=81, unset)           0.973     0.973    x[0]
    SLICE_X38Y76         LUT3 (Prop_lut3_I2_O)        0.124     1.097 r  a10[9]_i_9/O
                         net (fo=1, routed)           0.323     1.420    a10[9]_i_9_n_0
    SLICE_X36Y76         CARRY4 (Prop_carry4_DI[1]_CO[3])
                                                      0.520     1.940 r  a10_reg[9]_i_2/CO[3]
                         net (fo=1, routed)           0.000     1.940    a10_reg[9]_i_2_n_0
    SLICE_X36Y77         CARRY4 (Prop_carry4_CI_O[0])
                                                      0.219     2.159 r  a10_reg[13]_i_2/O[0]
                         net (fo=2, routed)           0.595     2.753    a101[10]
    SLICE_X37Y77         LUT2 (Prop_lut2_I0_O)        0.295     3.048 r  a10[13]_i_6/O
                         net (fo=1, routed)           0.000     3.048    a10[13]_i_6_n_0
    SLICE_X37Y77         CARRY4 (Prop_carry4_S[0]_CO[3])
                                                      0.532     3.580 r  a10_reg[13]_i_1/CO[3]
                         net (fo=1, routed)           0.000     3.580    a10_reg[13]_i_1_n_0
    SLICE_X37Y78         CARRY4 (Prop_carry4_CI_O[0])
                                                      0.223     3.803 r  a10_reg[15]_i_1/O[0]
                         net (fo=1, routed)           0.000     3.803    a100[14]
    SLICE_X37Y78         FDRE                                         r  a10_reg[14]/D
  -------------------------------------------------------------------    -------------------

                         (clock vclk rise edge)       2.978     2.978 r  <hidden>
                                                      0.000     2.978 r  clk
                         net (fo=289, unset)          0.924     3.902    clk
    SLICE_X37Y78         FDRE                                         r  a10_reg[14]/C
                         clock pessimism              0.000     3.902    <hidden>
                         clock uncertainty           -0.035     3.867    <hidden>
    SLICE_X37Y78         FDRE (Setup_fdre_C_D)        0.062     3.929    a10_reg[14]
  -------------------------------------------------------------------
                         required time                          3.929    <hidden>
                         arrival time                          -3.803    <hidden>
  -------------------------------------------------------------------
                         slack                                  0.126    <hidden>

Slack (MET) :             0.147ns  (required time - arrival time)
  Source:                 x[1]
                            (input port clocked by vclk  {rise@0.000ns fall@1.489ns period=2.978ns})
  Destination:            a2_reg[15]/D
                            (rising edge-triggered cell FDRE clocked by vclk  {rise@0.000ns fall@1.489ns period=2.978ns})
  Path Group:             vclk
  Path Type:              Setup (Max at Slow Process Corner)
  Requirement:            2.978ns  (vclk rise@2.978ns - vclk rise@0.000ns)
  Data Path Delay:        3.782ns  (logic 2.154ns (56.947%)  route 1.628ns (43.053%))
  Logic Levels:           7  (CARRY4=5 LUT1=1 LUT2=1)
  Input Delay:            0.000ns
  Clock Path Skew:        0.924ns (DCD - SCD + CPR)
    Destination Clock Delay (DCD):    0.924ns = ( 3.902 - 2.978 ) 
    Source Clock Delay      (SCD):    0.000ns
    Clock Pessimism Removal (CPR):    0.000ns
  Clock Uncertainty:      0.035ns  ((TSJ^2 + TIJ^2)^1/2 + DJ) / 2 + PE
    Total System Jitter     (TSJ):    0.071ns
    Total Input Jitter      (TIJ):    0.000ns
    Discrete Jitter          (DJ):    0.000ns
    Phase Error              (PE):    0.000ns

    Location             Delay type                Incr(ns)  Path(ns)    Netlist Resource(s)
  -------------------------------------------------------------------    -------------------
                         (clock vclk rise edge)       0.000     0.000 r  <hidden>
                         input delay                  0.000     0.000    <hidden>
                                                      0.000     0.000 f  x[1]
                         net (fo=71, unset)           0.973     0.973    x[1]
    SLICE_X26Y70         LUT1 (Prop_lut1_I0_O)        0.124     1.097 r  a2[5]_i_9/O
                         net (fo=1, routed)           0.000     1.097    a2[5]_i_9_n_0
    SLICE_X26Y70         CARRY4 (Prop_carry4_S[1]_CO[3])
                                                      0.533     1.630 r  a2_reg[5]_i_2/CO[3]
                         net (fo=1, routed)           0.000     1.630    a2_reg[5]_i_2_n_0
    SLICE_X26Y71         CARRY4 (Prop_carry4_CI_CO[3])
                                                      0.117     1.747 r  a2_reg[9]_i_2/CO[3]
                         net (fo=1, routed)           0.000     1.747    a2_reg[9]_i_2_n_0
    SLICE_X26Y72         CARRY4 (Prop_carry4_CI_O[0])
                                                      0.219     1.966 r  a2_reg[13]_i_2/O[0]
                         net (fo=2, routed)           0.655     2.621    a21[10]
    SLICE_X27Y72         LUT2 (Prop_lut2_I0_O)        0.295     2.916 r  a2[13]_i_4/O
                         net (fo=1, routed)           0.000     2.916    a2[13]_i_4_n_0
    SLICE_X27Y72         CARRY4 (Prop_carry4_S[0]_CO[3])
                                                      0.532     3.448 r  a2_reg[13]_i_1/CO[3]
                         net (fo=1, routed)           0.000     3.448    a2_reg[13]_i_1_n_0
    SLICE_X27Y73         CARRY4 (Prop_carry4_CI_O[1])
                                                      0.334     3.782 r  a2_reg[15]_i_1/O[1]
                         net (fo=1, routed)           0.000     3.782    a20[15]
    SLICE_X27Y73         FDRE                                         r  a2_reg[15]/D
  -------------------------------------------------------------------    -------------------

                         (clock vclk rise edge)       2.978     2.978 r  <hidden>
                                                      0.000     2.978 r  clk
                         net (fo=289, unset)          0.924     3.902    clk
    SLICE_X27Y73         FDRE                                         r  a2_reg[15]/C
                         clock pessimism              0.000     3.902    <hidden>
                         clock uncertainty           -0.035     3.867    <hidden>
    SLICE_X27Y73         FDRE (Setup_fdre_C_D)        0.062     3.929    a2_reg[15]
  -------------------------------------------------------------------
                         required time                          3.929    <hidden>
                         arrival time                          -3.782    <hidden>
  -------------------------------------------------------------------
                         slack                                  0.147    <hidden>

Slack (MET) :             0.165ns  (required time - arrival time)
  Source:                 x[0]
                            (input port clocked by vclk  {rise@0.000ns fall@1.489ns period=2.978ns})
  Destination:            a4_reg[15]/D
                            (rising edge-triggered cell FDRE clocked by vclk  {rise@0.000ns fall@1.489ns period=2.978ns})
  Path Group:             vclk
  Path Type:              Setup (Max at Slow Process Corner)
  Requirement:            2.978ns  (vclk rise@2.978ns - vclk rise@0.000ns)
  Data Path Delay:        3.764ns  (logic 2.193ns (58.265%)  route 1.571ns (41.735%))
  Logic Levels:           7  (CARRY4=5 LUT2=2)
  Input Delay:            0.000ns
  Clock Path Skew:        0.924ns (DCD - SCD + CPR)
    Destination Clock Delay (DCD):    0.924ns = ( 3.902 - 2.978 ) 
    Source Clock Delay      (SCD):    0.000ns
    Clock Pessimism Removal (CPR):    0.000ns
  Clock Uncertainty:      0.035ns  ((TSJ^2 + TIJ^2)^1/2 + DJ) / 2 + PE
    Total System Jitter     (TSJ):    0.071ns
    Total Input Jitter      (TIJ):    0.000ns
    Discrete Jitter          (DJ):    0.000ns
    Phase Error              (PE):    0.000ns

    Location             Delay type                Incr(ns)  Path(ns)    Netlist Resource(s)
  -------------------------------------------------------------------    -------------------
                         (clock vclk rise edge)       0.000     0.000 r  <hidden>
                         input delay                  0.000     0.000    <hidden>
                                                      0.000     0.000 r  x[0]
                         net (fo=81, unset)           0.973     0.973    x[0]
    SLICE_X28Y75         LUT2 (Prop_lut2_I1_O)        0.124     1.097 r  a4[9]_i_9/O
                         net (fo=1, routed)           0.000     1.097    a4[9]_i_9_n_0
    SLICE_X28Y75         CARRY4 (Prop_carry4_S[1]_CO[3])
                                                      0.550     1.647 r  a4_reg[9]_i_2/CO[3]
                         net (fo=1, routed)           0.000     1.647    a4_reg[9]_i_2_n_0
    SLICE_X28Y76         CARRY4 (Prop_carry4_CI_O[0])
                                                      0.222     1.869 r  a4_reg[13]_i_3/O[0]
                         net (fo=2, routed)           0.598     2.467    a41[7]
    SLICE_X29Y76         LUT2 (Prop_lut2_I0_O)        0.299     2.766 r  a4[9]_i_5/O
                         net (fo=1, routed)           0.000     2.766    a4[9]_i_5_n_0
    SLICE_X29Y76         CARRY4 (Prop_carry4_S[1]_CO[3])
                                                      0.550     3.316 r  a4_reg[9]_i_1/CO[3]
                         net (fo=1, routed)           0.000     3.316    a4_reg[9]_i_1_n_0
    SLICE_X29Y77         CARRY4 (Prop_carry4_CI_CO[3])
                                                      0.114     3.430 r  a4_reg[13]_i_1/CO[3]
                         net (fo=1, routed)           0.000     3.430    a4_reg[13]_i_1_n_0
    SLICE_X29Y78         CARRY4 (Prop_carry4_CI_O[1])
                                                      0.334     3.764 r  a4_reg[15]_i_1/O[1]
                         net (fo=1, routed)           0.000     3.764    a40[15]
    SLICE_X29Y78         FDRE                                         r  a4_reg[15]/D
  -------------------------------------------------------------------    -------------------

                         (clock vclk rise edge)       2.978     2.978 r  <hidden>
                                                      0.000     2.978 r  clk
                         net (fo=289, unset)          0.924     3.902    clk
    SLICE_X29Y78         FDRE                                         r  a4_reg[15]/C
                         clock pessimism              0.000     3.902    <hidden>
                         clock uncertainty           -0.035     3.867    <hidden>
    SLICE_X29Y78         FDRE (Setup_fdre_C_D)        0.062     3.929    a4_reg[15]
  -------------------------------------------------------------------
                         required time                          3.929    <hidden>
                         arrival time                          -3.764    <hidden>
  -------------------------------------------------------------------
                         slack                                  0.165    <hidden>

Slack (MET) :             0.165ns  (required time - arrival time)
  Source:                 x[1]
                            (input port clocked by vclk  {rise@0.000ns fall@1.489ns period=2.978ns})
  Destination:            a6_reg[15]/D
                            (rising edge-triggered cell FDRE clocked by vclk  {rise@0.000ns fall@1.489ns period=2.978ns})
  Path Group:             vclk
  Path Type:              Setup (Max at Slow Process Corner)
  Requirement:            2.978ns  (vclk rise@2.978ns - vclk rise@0.000ns)
  Data Path Delay:        3.764ns  (logic 2.154ns (57.230%)  route 1.610ns (42.770%))
  Logic Levels:           7  (CARRY4=5 LUT1=1 LUT2=1)
  Input Delay:            0.000ns
  Clock Path Skew:        0.924ns (DCD - SCD + CPR)
    Destination Clock Delay (DCD):    0.924ns = ( 3.902 - 2.978 ) 
    Source Clock Delay      (SCD):    0.000ns
    Clock Pessimism Removal (CPR):    0.000ns
  Clock Uncertainty:      0.035ns  ((TSJ^2 + TIJ^2)^1/2 + DJ) / 2 + PE
    Total System Jitter     (TSJ):    0.071ns
    Total Input Jitter      (TIJ):    0.000ns
    Discrete Jitter          (DJ):    0.000ns
    Phase Error              (PE):    0.000ns

    Location             Delay type                Incr(ns)  Path(ns)    Netlist Resource(s)
  -------------------------------------------------------------------    -------------------
                         (clock vclk rise edge)       0.000     0.000 r  <hidden>
                         input delay                  0.000     0.000    <hidden>
                                                      0.000     0.000 f  x[1]
                         net (fo=71, unset)           0.973     0.973    x[1]
    SLICE_X32Y78         LUT1 (Prop_lut1_I0_O)        0.124     1.097 r  a6[5]_i_9/O
                         net (fo=1, routed)           0.000     1.097    a6[5]_i_9_n_0
    SLICE_X32Y78         CARRY4 (Prop_carry4_S[1]_CO[3])
                                                      0.533     1.630 r  a6_reg[5]_i_2/CO[3]
                         net (fo=1, routed)           0.000     1.630    a6_reg[5]_i_2_n_0
    SLICE_X32Y79         CARRY4 (Prop_carry4_CI_CO[3])
                                                      0.117     1.747 r  a6_reg[9]_i_2/CO[3]
                         net (fo=1, routed)           0.000     1.747    a6_reg[9]_i_2_n_0
    SLICE_X32Y80         CARRY4 (Prop_carry4_CI_O[0])
                                                      0.219     1.966 r  a6_reg[13]_i_2/O[0]
                         net (fo=2, routed)           0.637     2.603    a61[10]
    SLICE_X33Y80         LUT2 (Prop_lut2_I0_O)        0.295     2.898 r  a6[13]_i_5/O
                         net (fo=1, routed)           0.000     2.898    a6[13]_i_5_n_0
    SLICE_X33Y80         CARRY4 (Prop_carry4_S[0]_CO[3])
                                                      0.532     3.430 r  a6_reg[13]_i_1/CO[3]
                         net (fo=1, routed)           0.000     3.430    a6_reg[13]_i_1_n_0
    SLICE_X33Y81         CARRY4 (Prop_carry4_CI_O[1])
                                                      0.334     3.764 r  a6_reg[15]_i_1/O[1]
                         net (fo=1, routed)           0.000     3.764    a60[15]
    SLICE_X33Y81         FDRE                                         r  a6_reg[15]/D
  -------------------------------------------------------------------    -------------------

                         (clock vclk rise edge)       2.978     2.978 r  <hidden>
                                                      0.000     2.978 r  clk
                         net (fo=289, unset)          0.924     3.902    clk
    SLICE_X33Y81         FDRE                                         r  a6_reg[15]/C
                         clock pessimism              0.000     3.902    <hidden>
                         clock uncertainty           -0.035     3.867    <hidden>
    SLICE_X33Y81         FDRE (Setup_fdre_C_D)        0.062     3.929    a6_reg[15]
  -------------------------------------------------------------------
                         required time                          3.929    <hidden>
                         arrival time                          -3.764    <hidden>
  -------------------------------------------------------------------
                         slack                                  0.165    <hidden>

Slack (MET) :             0.187ns  (required time - arrival time)
  Source:                 x[1]
                            (input port clocked by vclk  {rise@0.000ns fall@1.489ns period=2.978ns})
  Destination:            a11_reg[13]/D
                            (rising edge-triggered cell FDRE clocked by vclk  {rise@0.000ns fall@1.489ns period=2.978ns})
  Path Group:             vclk
  Path Type:              Setup (Max at Slow Process Corner)
  Requirement:            2.978ns  (vclk rise@2.978ns - vclk rise@0.000ns)
  Data Path Delay:        3.742ns  (logic 2.195ns (58.653%)  route 1.547ns (41.347%))
  Logic Levels:           6  (CARRY4=4 LUT1=1 LUT2=1)
  Input Delay:            0.000ns
  Clock Path Skew:        0.924ns (DCD - SCD + CPR)
    Destination Clock Delay (DCD):    0.924ns = ( 3.902 - 2.978 ) 
    Source Clock Delay      (SCD):    0.000ns
    Clock Pessimism Removal (CPR):    0.000ns
  Clock Uncertainty:      0.035ns  ((TSJ^2 + TIJ^2)^1/2 + DJ) / 2 + PE
    Total System Jitter     (TSJ):    0.071ns
    Total Input Jitter      (TIJ):    0.000ns
    Discrete Jitter          (DJ):    0.000ns
    Phase Error              (PE):    0.000ns

    Location             Delay type                Incr(ns)  Path(ns)    Netlist Resource(s)
  -------------------------------------------------------------------    -------------------
                         (clock vclk rise edge)       0.000     0.000 r  <hidden>
                         input delay                  0.000     0.000    <hidden>
                                                      0.000     0.000 f  x[1]
                         net (fo=71, unset)           0.973     0.973    x[1]
    SLICE_X35Y72         LUT1 (Prop_lut1_I0_O)        0.124     1.097 r  a11[7]_i_9/O
                         net (fo=1, routed)           0.000     1.097    a11[7]_i_9_n_0
    SLICE_X35Y72         CARRY4 (Prop_carry4_S[1]_CO[3])
                                                      0.550     1.647 r  a11_reg[7]_i_2/CO[3]
                         net (fo=1, routed)           0.000     1.647    a11_reg[7]_i_2_n_0
    SLICE_X35Y73         CARRY4 (Prop_carry4_CI_O[1])
                                                      0.334     1.981 r  a11_reg[11]_i_2/O[1]
                         net (fo=2, routed)           0.574     2.555    a111[9]
    SLICE_X37Y73         LUT2 (Prop_lut2_I0_O)        0.303     2.858 r  a11[11]_i_5/O
                         net (fo=1, routed)           0.000     2.858    a11[11]_i_5_n_0
    SLICE_X37Y73         CARRY4 (Prop_carry4_S[1]_CO[3])
                                                      0.550     3.408 r  a11_reg[11]_i_1/CO[3]
                         net (fo=1, routed)           0.000     3.408    a11_reg[11]_i_1_n_0
    SLICE_X37Y74         CARRY4 (Prop_carry4_CI_O[1])
                                                      0.334     3.742 r  a11_reg[15]_i_1/O[1]
                         net (fo=1, routed)           0.000     3.742    a110[13]
    SLICE_X37Y74         FDRE                                         r  a11_reg[13]/D
  -------------------------------------------------------------------    -------------------

                         (clock vclk rise edge)       2.978     2.978 r  <hidden>
                                                      0.000     2.978 r  clk
                         net (fo=289, unset)          0.924     3.902    clk
    SLICE_X37Y74         FDRE                                         r  a11_reg[13]/C
                         clock pessimism              0.000     3.902    <hidden>
                         clock uncertainty           -0.035     3.867    <hidden>
    SLICE_X37Y74         FDRE (Setup_fdre_C_D)        0.062     3.929    a11_reg[13]
  -------------------------------------------------------------------
                         required time                          3.929    <hidden>
                         arrival time                          -3.742    <hidden>
  -------------------------------------------------------------------
                         slack                                  0.187    <hidden>

Slack (MET) :             0.189ns  (required time - arrival time)
  Source:                 x[1]
                            (input port clocked by vclk  {rise@0.000ns fall@1.489ns period=2.978ns})
  Destination:            a13_reg[15]/D
                            (rising edge-triggered cell FDRE clocked by vclk  {rise@0.000ns fall@1.489ns period=2.978ns})
  Path Group:             vclk
  Path Type:              Setup (Max at Slow Process Corner)
  Requirement:            2.978ns  (vclk rise@2.978ns - vclk rise@0.000ns)
  Data Path Delay:        3.740ns  (logic 2.031ns (54.310%)  route 1.709ns (45.690%))
  Logic Levels:           6  (CARRY4=5 LUT1=1)
  Input Delay:            0.000ns
  Clock Path Skew:        0.924ns (DCD - SCD + CPR)
    Destination Clock Delay (DCD):    0.924ns = ( 3.902 - 2.978 ) 
    Source Clock Delay      (SCD):    0.000ns
    Clock Pessimism Removal (CPR):    0.000ns
  Clock Uncertainty:      0.035ns  ((TSJ^2 + TIJ^2)^1/2 + DJ) / 2 + PE
    Total System Jitter     (TSJ):    0.071ns
    Total Input Jitter      (TIJ):    0.000ns
    Discrete Jitter          (DJ):    0.000ns
    Phase Error              (PE):    0.000ns

    Location             Delay type                Incr(ns)  Path(ns)    Netlist Resource(s)
  -------------------------------------------------------------------    -------------------
                         (clock vclk rise edge)       0.000     0.000 r  <hidden>
                         input delay                  0.000     0.000    <hidden>
                                                      0.000     0.000 f  x[1]
                         net (fo=71, unset)           0.973     0.973    x[1]
    SLICE_X40Y74         LUT1 (Prop_lut1_I0_O)        0.124     1.097 r  a13[6]_i_9/O
                         net (fo=1, routed)           0.000     1.097    a13[6]_i_9_n_0
    SLICE_X40Y74         CARRY4 (Prop_carry4_S[1]_CO[3])
                                                      0.550     1.647 r  a13_reg[6]_i_2/CO[3]
                         net (fo=1, routed)           0.009     1.656    a13_reg[6]_i_2_n_0
    SLICE_X40Y75         CARRY4 (Prop_carry4_CI_O[1])
                                                      0.334     1.990 r  a13_reg[10]_i_2/O[1]
                         net (fo=2, routed)           0.718     2.708    a131[8]
    SLICE_X39Y73         CARRY4 (Prop_carry4_DI[1]_CO[3])
                                                      0.686     3.394 r  a13_reg[10]_i_1/CO[3]
                         net (fo=1, routed)           0.000     3.394    a13_reg[10]_i_1_n_0
    SLICE_X39Y74         CARRY4 (Prop_carry4_CI_CO[3])
                                                      0.114     3.508 r  a13_reg[14]_i_1/CO[3]
                         net (fo=1, routed)           0.009     3.517    a13_reg[14]_i_1_n_0
    SLICE_X39Y75         CARRY4 (Prop_carry4_CI_O[0])
                                                      0.223     3.740 r  a13_reg[15]_i_1/O[0]
                         net (fo=1, routed)           0.000     3.740    a130[15]
    SLICE_X39Y75         FDRE                                         r  a13_reg[15]/D
  -------------------------------------------------------------------    -------------------

                         (clock vclk rise edge)       2.978     2.978 r  <hidden>
                                                      0.000     2.978 r  clk
                         net (fo=289, unset)          0.924     3.902    clk
    SLICE_X39Y75         FDRE                                         r  a13_reg[15]/C
                         clock pessimism              0.000     3.902    <hidden>
                         clock uncertainty           -0.035     3.867    <hidden>
    SLICE_X39Y75         FDRE (Setup_fdre_C_D)        0.062     3.929    a13_reg[15]
  -------------------------------------------------------------------
                         required time                          3.929    <hidden>
                         arrival time                          -3.740    <hidden>
  -------------------------------------------------------------------
                         slack                                  0.189    <hidden>

Slack (MET) :             0.201ns  (required time - arrival time)
  Source:                 x[1]
                            (input port clocked by vclk  {rise@0.000ns fall@1.489ns period=2.978ns})
  Destination:            a13_reg[12]/D
                            (rising edge-triggered cell FDRE clocked by vclk  {rise@0.000ns fall@1.489ns period=2.978ns})
  Path Group:             vclk
  Path Type:              Setup (Max at Slow Process Corner)
  Requirement:            2.978ns  (vclk rise@2.978ns - vclk rise@0.000ns)
  Data Path Delay:        3.728ns  (logic 2.028ns (54.405%)  route 1.700ns (45.595%))
  Logic Levels:           5  (CARRY4=4 LUT1=1)
  Input Delay:            0.000ns
  Clock Path Skew:        0.924ns (DCD - SCD + CPR)
    Destination Clock Delay (DCD):    0.924ns = ( 3.902 - 2.978 ) 
    Source Clock Delay      (SCD):    0.000ns
    Clock Pessimism Removal (CPR):    0.000ns
  Clock Uncertainty:      0.035ns  ((TSJ^2 + TIJ^2)^1/2 + DJ) / 2 + PE
    Total System Jitter     (TSJ):    0.071ns
    Total Input Jitter      (TIJ):    0.000ns
    Discrete Jitter          (DJ):    0.000ns
    Phase Error              (PE):    0.000ns

    Location             Delay type                Incr(ns)  Path(ns)    Netlist Resource(s)
  -------------------------------------------------------------------    -------------------
                         (clock vclk rise edge)       0.000     0.000 r  <hidden>
                         input delay                  0.000     0.000    <hidden>
                                                      0.000     0.000 f  x[1]
                         net (fo=71, unset)           0.973     0.973    x[1]
    SLICE_X40Y74         LUT1 (Prop_lut1_I0_O)        0.124     1.097 r  a13[6]_i_9/O
                         net (fo=1, routed)           0.000     1.097    a13[6]_i_9_n_0
    SLICE_X40Y74         CARRY4 (Prop_carry4_S[1]_CO[3])
                                                      0.550     1.647 r  a13_reg[6]_i_2/CO[3]
                         net (fo=1, routed)           0.009     1.656    a13_reg[6]_i_2_n_0
    SLICE_X40Y75         CARRY4 (Prop_carry4_CI_O[1])
                                                      0.334     1.990 r  a13_reg[10]_i_2/O[1]
                         net (fo=2, routed)           0.718     2.708    a131[8]
    SLICE_X39Y73         CARRY4 (Prop_carry4_DI[1]_CO[3])
                                                      0.686     3.394 r  a13_reg[10]_i_1/CO[3]
                         net (fo=1, routed)           0.000     3.394    a13_reg[10]_i_1_n_0
    SLICE_X39Y74         CARRY4 (Prop_carry4_CI_O[1])
                                                      0.334     3.728 r  a13_reg[14]_i_1/O[1]
                         net (fo=1, routed)           0.000     3.728    a130[12]
    SLICE_X39Y74         FDRE                                         r  a13_reg[12]/D
  -------------------------------------------------------------------    -------------------

                         (clock vclk rise edge)       2.978     2.978 r  <hidden>
                                                      0.000     2.978 r  clk
                         net (fo=289, unset)          0.924     3.902    clk
    SLICE_X39Y74         FDRE                                         r  a13_reg[12]/C
                         clock pessimism              0.000     3.902    <hidden>
                         clock uncertainty           -0.035     3.867    <hidden>
    SLICE_X39Y74         FDRE (Setup_fdre_C_D)        0.062     3.929    a13_reg[12]
  -------------------------------------------------------------------
                         required time                          3.929    <hidden>
                         arrival time                          -3.728    <hidden>
  -------------------------------------------------------------------
                         slack                                  0.201    <hidden>

Slack (MET) :             0.208ns  (required time - arrival time)
  Source:                 x[1]
                            (input port clocked by vclk  {rise@0.000ns fall@1.489ns period=2.978ns})
  Destination:            a11_reg[15]/D
                            (rising edge-triggered cell FDRE clocked by vclk  {rise@0.000ns fall@1.489ns period=2.978ns})
  Path Group:             vclk
  Path Type:              Setup (Max at Slow Process Corner)
  Requirement:            2.978ns  (vclk rise@2.978ns - vclk rise@0.000ns)
  Data Path Delay:        3.721ns  (logic 2.174ns (58.420%)  route 1.547ns (41.580%))
  Logic Levels:           6  (CARRY4=4 LUT1=1 LUT2=1)
  Input Delay:            0.000ns
  Clock Path Skew:        0.924ns (DCD - SCD + CPR)
    Destination Clock Delay (DCD):    0.924ns = ( 3.902 - 2.978 ) 
    Source Clock Delay      (SCD):    0.000ns
    Clock Pessimism Removal (CPR):    0.000ns
  Clock Uncertainty:      0.035ns  ((TSJ^2 + TIJ^2)^1/2 + DJ) / 2 + PE
    Total System Jitter     (TSJ):    0.071ns
    Total Input Jitter      (TIJ):    0.000ns
    Discrete Jitter          (DJ):    0.000ns
    Phase Error              (PE):    0.000ns

    Location             Delay type                Incr(ns)  Path(ns)    Netlist Resource(s)
  -------------------------------------------------------------------    -------------------
                         (clock vclk rise edge)       0.000     0.000 r  <hidden>
                         input delay                  0.000     0.000    <hidden>
                                                      0.000     0.000 f  x[1]
                         net (fo=71, unset)           0.973     0.973    x[1]
    SLICE_X35Y72         LUT1 (Prop_lut1_I0_O)        0.124     1.097 r  a11[7]_i_9/O
                         net (fo=1, routed)           0.000     1.097    a11[7]_i_9_n_0
    SLICE_X35Y72         CARRY4 (Prop_carry4_S[1]_CO[3])
                                                      0.550     1.647 r  a11_reg[7]_i_2/CO[3]
                         net (fo=1, routed)           0.000     1.647    a11_reg[7]_i_2_n_0
    SLICE_X35Y73         CARRY4 (Prop_carry4_CI_O[1])
                                                      0.334     1.981 r  a11_reg[11]_i_2/O[1]
                         net (fo=2, routed)           0.574     2.555    a111[9]
    SLICE_X37Y73         LUT2 (Prop_lut2_I0_O)        0.303     2.858 r  a11[11]_i_5/O
                         net (fo=1, routed)           0.000     2.858    a11[11]_i_5_n_0
    SLICE_X37Y73         CARRY4 (Prop_carry4_S[1]_CO[3])
                                                      0.550     3.408 r  a11_reg[11]_i_1/CO[3]
                         net (fo=1, routed)           0.000     3.408    a11_reg[11]_i_1_n_0
    SLICE_X37Y74         CARRY4 (Prop_carry4_CI_O[3])
                                                      0.313     3.721 r  a11_reg[15]_i_1/O[3]
                         net (fo=1, routed)           0.000     3.721    a110[15]
    SLICE_X37Y74         FDRE                                         r  a11_reg[15]/D
  -------------------------------------------------------------------    -------------------

                         (clock vclk rise edge)       2.978     2.978 r  <hidden>
                                                      0.000     2.978 r  clk
                         net (fo=289, unset)          0.924     3.902    clk
    SLICE_X37Y74         FDRE                                         r  a11_reg[15]/C
                         clock pessimism              0.000     3.902    <hidden>
                         clock uncertainty           -0.035     3.867    <hidden>
    SLICE_X37Y74         FDRE (Setup_fdre_C_D)        0.062     3.929    a11_reg[15]
  -------------------------------------------------------------------
                         required time                          3.929    <hidden>
                         arrival time                          -3.721    <hidden>
  -------------------------------------------------------------------
                         slack                                  0.208    <hidden>

Slack (MET) :             0.210ns  (required time - arrival time)
  Source:                 x[1]
                            (input port clocked by vclk  {rise@0.000ns fall@1.489ns period=2.978ns})
  Destination:            a12_reg[15]/D
                            (rising edge-triggered cell FDRE clocked by vclk  {rise@0.000ns fall@1.489ns period=2.978ns})
  Path Group:             vclk
  Path Type:              Setup (Max at Slow Process Corner)
  Requirement:            2.978ns  (vclk rise@2.978ns - vclk rise@0.000ns)
  Data Path Delay:        3.766ns  (logic 2.002ns (53.165%)  route 1.764ns (46.835%))
  Logic Levels:           6  (CARRY4=4 LUT2=1 LUT3=1)
  Input Delay:            0.000ns
  Clock Path Skew:        0.924ns (DCD - SCD + CPR)
    Destination Clock Delay (DCD):    0.924ns = ( 3.902 - 2.978 ) 
    Source Clock Delay      (SCD):    0.000ns
    Clock Pessimism Removal (CPR):    0.000ns
  Clock Uncertainty:      0.035ns  ((TSJ^2 + TIJ^2)^1/2 + DJ) / 2 + PE
    Total System Jitter     (TSJ):    0.071ns
    Total Input Jitter      (TIJ):    0.000ns
    Discrete Jitter          (DJ):    0.000ns
    Phase Error              (PE):    0.000ns

    Location             Delay type                Incr(ns)  Path(ns)    Netlist Resource(s)
  -------------------------------------------------------------------    -------------------
                         (clock vclk rise edge)       0.000     0.000 r  <hidden>
                         input delay                  0.000     0.000    <hidden>
                                                      0.000     0.000 r  x[1]
                         net (fo=71, unset)           0.973     0.973    x[1]
    SLICE_X35Y71         LUT3 (Prop_lut3_I2_O)        0.124     1.097 r  a12[13]_i_14/O
                         net (fo=1, routed)           0.331     1.428    a12[13]_i_14_n_0
    SLICE_X34Y72         CARRY4 (Prop_carry4_DI[0]_CO[3])
                                                      0.550     1.978 r  a12_reg[13]_i_3/CO[3]
                         net (fo=1, routed)           0.000     1.978    a12_reg[13]_i_3_n_0
    SLICE_X34Y73         CARRY4 (Prop_carry4_CI_O[1])
                                                      0.323     2.301 r  a12_reg[13]_i_2/O[1]
                         net (fo=2, routed)           0.459     2.761    a121[13]
    SLICE_X36Y73         LUT2 (Prop_lut2_I0_O)        0.306     3.067 r  a12[13]_i_4/O
                         net (fo=1, routed)           0.000     3.067    a12[13]_i_4_n_0
    SLICE_X36Y73         CARRY4 (Prop_carry4_S[3]_CO[3])
                                                      0.376     3.443 r  a12_reg[13]_i_1/CO[3]
                         net (fo=1, routed)           0.000     3.443    a12_reg[13]_i_1_n_0
    SLICE_X36Y74         CARRY4 (Prop_carry4_CI_O[1])
                                                      0.323     3.766 r  a12_reg[15]_i_1/O[1]
                         net (fo=1, routed)           0.000     3.766    a120[15]
    SLICE_X36Y74         FDRE                                         r  a12_reg[15]/D
  -------------------------------------------------------------------    -------------------

                         (clock vclk rise edge)       2.978     2.978 r  <hidden>
                                                      0.000     2.978 r  clk
                         net (fo=289, unset)          0.924     3.902    clk
    SLICE_X36Y74         FDRE                                         r  a12_reg[15]/C
                         clock pessimism              0.000     3.902    <hidden>
                         clock uncertainty           -0.035     3.867    <hidden>
    SLICE_X36Y74         FDRE (Setup_fdre_C_D)        0.109     3.976    a12_reg[15]
  -------------------------------------------------------------------
                         required time                          3.976    <hidden>
                         arrival time                          -3.766    <hidden>
  -------------------------------------------------------------------
                         slack                                  0.210    <hidden>





Pulse Width Checks
--------------------------------------------------------------------------------------
Clock Name:         vclk
Waveform(ns):       { 0.000 1.489 }
Period(ns):         2.978
Sources:            { clk }

Check Type        Corner  Lib Pin  Reference Pin  Required(ns)  Actual(ns)  Slack(ns)  Location      Pin
Min Period        n/a     FDRE/C   n/a            1.000         2.978       1.978      SLICE_X31Y71  a0_reg[10]/C
Min Period        n/a     FDRE/C   n/a            1.000         2.978       1.978      SLICE_X31Y71  a0_reg[11]/C
Min Period        n/a     FDRE/C   n/a            1.000         2.978       1.978      SLICE_X31Y71  a0_reg[12]/C
Min Period        n/a     FDRE/C   n/a            1.000         2.978       1.978      SLICE_X31Y72  a0_reg[13]/C
Min Period        n/a     FDRE/C   n/a            1.000         2.978       1.978      SLICE_X31Y72  a0_reg[14]/C
Min Period        n/a     FDRE/C   n/a            1.000         2.978       1.978      SLICE_X31Y72  a0_reg[15]/C
Min Period        n/a     FDRE/C   n/a            1.000         2.978       1.978      SLICE_X31Y69  a0_reg[2]/C
Min Period        n/a     FDRE/C   n/a            1.000         2.978       1.978      SLICE_X31Y69  a0_reg[3]/C
Min Period        n/a     FDRE/C   n/a            1.000         2.978       1.978      SLICE_X31Y69  a0_reg[4]/C
Min Period        n/a     FDRE/C   n/a            1.000         2.978       1.978      SLICE_X31Y70  a0_reg[5]/C
Low Pulse Width   Slow    FDRE/C   n/a            0.500         1.489       0.989      SLICE_X31Y71  a0_reg[10]/C
Low Pulse Width   Fast    FDRE/C   n/a            0.500         1.489       0.989      SLICE_X31Y71  a0_reg[10]/C
Low Pulse Width   Slow    FDRE/C   n/a            0.500         1.489       0.989      SLICE_X31Y71  a0_reg[11]/C
Low Pulse Width   Fast    FDRE/C   n/a            0.500         1.489       0.989      SLICE_X31Y71  a0_reg[11]/C
Low Pulse Width   Slow    FDRE/C   n/a            0.500         1.489       0.989      SLICE_X31Y71  a0_reg[12]/C
Low Pulse Width   Fast    FDRE/C   n/a            0.500         1.489       0.989      SLICE_X31Y71  a0_reg[12]/C
Low Pulse Width   Slow    FDRE/C   n/a            0.500         1.489       0.989      SLICE_X31Y72  a0_reg[13]/C
Low Pulse Width   Fast    FDRE/C   n/a            0.500         1.489       0.989      SLICE_X31Y72  a0_reg[13]/C
Low Pulse Width   Slow    FDRE/C   n/a            0.500         1.489       0.989      SLICE_X31Y72  a0_reg[14]/C
Low Pulse Width   Fast    FDRE/C   n/a            0.500         1.489       0.989      SLICE_X31Y72  a0_reg[14]/C
High Pulse Width  Slow    FDRE/C   n/a            0.500         1.489       0.989      SLICE_X31Y71  a0_reg[10]/C
High Pulse Width  Fast    FDRE/C   n/a            0.500         1.489       0.989      SLICE_X31Y71  a0_reg[10]/C
High Pulse Width  Slow    FDRE/C   n/a            0.500         1.489       0.989      SLICE_X31Y71  a0_reg[11]/C
High Pulse Width  Fast    FDRE/C   n/a            0.500         1.489       0.989      SLICE_X31Y71  a0_reg[11]/C
High Pulse Width  Slow    FDRE/C   n/a            0.500         1.489       0.989      SLICE_X31Y71  a0_reg[12]/C
High Pulse Width  Fast    FDRE/C   n/a            0.500         1.489       0.989      SLICE_X31Y71  a0_reg[12]/C
High Pulse Width  Slow    FDRE/C   n/a            0.500         1.489       0.989      SLICE_X31Y72  a0_reg[13]/C
High Pulse Width  Fast    FDRE/C   n/a            0.500         1.489       0.989      SLICE_X31Y72  a0_reg[13]/C
High Pulse Width  Slow    FDRE/C   n/a            0.500         1.489       0.989      SLICE_X31Y72  a0_reg[14]/C
High Pulse Width  Fast    FDRE/C   n/a            0.500         1.489       0.989      SLICE_X31Y72  a0_reg[14]/C



