ECHO is off.
ECHO is off.

****** Vivado v2023.1 (64-bit)
  **** SW Build 3865809 on Sun May  7 15:05:29 MDT 2023
  **** IP Build 3864474 on Sun May  7 20:36:21 MDT 2023
  **** SharedData Build 3865790 on Sun May 07 13:33:03 MDT 2023
    ** Copyright 1986-2022 Xilinx, Inc. All Rights Reserved.
    ** Copyright 2022-2023 Advanced Micro Devices, Inc. All Rights Reserved.

source {C:\Users\Amine\mas\fpga-repo\vivado_diagnostics\minimal_synth_probe.tcl} -notrace
read_verilog: Time (s): cpu = 00:00:05 ; elapsed = 00:00:06 . Memory (MB): peak = 456.754 ; gain = 161.891
Command: synth_design -top minimal_probe -part xc7z020clg400-1 -mode out_of_context
Starting synth_design
Attempting to get a license for feature 'Synthesis' and/or device 'xc7z020'
INFO: [Common 17-349] Got license for feature 'Synthesis' and/or device 'xc7z020'
couldn't read file "C:/Xilinx/Vivado/2023.1/scripts/rt/fpga_tcl/rtSynthCleanup.tcl": no such file or directory
INFO: [Common 17-83] Releasing license: Synthesis
2 Infos, 0 Warnings, 0 Critical Warnings and 1 Errors encountered.
synth_design failed
SYNTH_FAIL message=ERROR: [Common 17-69] Command failed: Vivado Synthesis failed

OPTIONS=-code 1 -level 0 -errorcode {POSIX ENOENT {no such file or directory}} -errorinfo couldn't\ read\ file\ \"C:/Xilinx/Vivado/2023.1/scripts/rt/fpga_tcl/rtSynthCleanup.tcl\":\ no\ such\ file\ or\ directory\n\ \ \ \ while\ executing\n\"source\ \$::env(HRT_TCL_PATH)/rtSynthCleanup.tcl\"\n\ \ \ \ invoked\ from\ within\n\"if\ \{\ \$rt::rc\ \}\ \{\n\ \ \$rt::db\ resetHdlParse\n\ \ set\ hsKey\ \[rt::get_parameter\ helper_shm_key\]\ \n\ \ if\ \{\ \$hsKey\ !=\ \"\"\ &&\ \[info\ exists\ ::env(BUILTIN_SYNTH)\]\ &&\ ...\"\n\ \ \ \ (file\ \"C:\\VGDIAG_SYNTH_20260830\\timed02\\temp/.Xil_Amine/Vivado-43136-Amine/realtime\\minimal_probe.tcl\"\ line\ 99)\n\ \ \ \ invoked\ from\ within\n\"source\ -notrace\ \{C:\\VGDIAG_SYNTH_20260830\\timed02\\temp/.Xil_Amine/Vivado-43136-Amine/realtime\\minimal_probe.tcl\}\"\n\ \ \ \ invoked\ from\ within\n\"synth_design\ -top\ minimal_probe\ -part\ xc7z020clg400-1\ -mode\ out_of_context\" -errorline 3
INFO: [Common 17-206] Exiting Vivado at Sun Aug 30 17:24:17 2026...
