Copyright 1986-2022 Xilinx, Inc. All Rights Reserved. Copyright 2022-2026 Advanced Micro Devices, Inc. All Rights Reserved.
-----------------------------------------------------------------------------------------------------------------------------------------------------------------------------------------------------------------------------------------------------------------------------------------------
| Tool Version : Vivado v.2026.1 (win64) Build 6511674 Tue Jun 16 11:02:23 MDT 2026
| Date         : Sun Aug 30 23:50:42 2026
| Host         : Amine running 64-bit major release  (build 9200)
| Command      : report_timing_summary -delay_type max -max_paths 10 -report_unconstrained -check_timing_verbose -warn_on_violation -file C:/Users/Amine/mas/fpga-repo/timing_closure_candidate_v7/results/c06_iir_rf_iir18_v7/trial_009_confirm_fail_p5p5790625_a0/reports/timing_summary.rpt
| Design       : rf_s1__iir18_v7__g2
| Device       : 7z020-clg400
| Speed File   : -1  PRODUCTION 1.12 2019-11-22
| Design State : Routed
-----------------------------------------------------------------------------------------------------------------------------------------------------------------------------------------------------------------------------------------------------------------------------------------------

Timing Summary Report

------------------------------------------------------------------------------------------------
| Timer Settings
| --------------
------------------------------------------------------------------------------------------------

  Enable Multi Corner Analysis               :  Yes
  Enable Pessimism Removal                   :  Yes
  Pessimism Removal Resolution               :  Nearest Common Node
  Enable Input Delay Default Clock           :  No
  Enable Preset / Clear Arcs                 :  No
  Disable Flight Delays                      :  No
  Ignore I/O Paths                           :  No
  Timing Early Launch at Borrowing Latches   :  No
  Borrow Time for Max Delay Exceptions       :  Yes
  Merge Timing Exceptions                    :  Yes
  Inter-SLR Compensation                     :  Conservative

  Corner  Analyze    Analyze    
  Name    Max Paths  Min Paths  
  ------  ---------  ---------  
  Slow    Yes        Yes        
  Fast    Yes        Yes        


------------------------------------------------------------------------------------------------
| Report Methodology
| ------------------
------------------------------------------------------------------------------------------------

No report available as report_methodology has not been run prior. Run report_methodology on the current design for the summary of methodology violations.



check_timing report

Table of Contents
-----------------
1. checking no_clock (0)
2. checking constant_clock (0)
3. checking pulse_width_clock (0)
4. checking unconstrained_internal_endpoints (0)
5. checking no_input_delay (0)
6. checking no_output_delay (0)
7. checking multiple_clock (0)
8. checking generated_clocks (0)
9. checking loops (0)
10. checking partial_input_delay (0)
11. checking partial_output_delay (0)
12. checking latch_loops (0)

1. checking no_clock (0)
------------------------
 There are 0 register/latch pins with no clock.


2. checking constant_clock (0)
------------------------------
 There are 0 register/latch pins with constant_clock.


3. checking pulse_width_clock (0)
---------------------------------
 There are 0 register/latch pins which need pulse_width check


4. checking unconstrained_internal_endpoints (0)
------------------------------------------------
 There are 0 pins that are not constrained for maximum delay.

 There are 0 pins that are not constrained for maximum delay due to constant clock.


5. checking no_input_delay (0)
------------------------------
 There are 0 input ports with no input delay specified.

 There are 0 input ports with no input delay but user has a false path constraint.


6. checking no_output_delay (0)
-------------------------------
 There are 0 ports with no output delay specified.

 There are 0 ports with no output delay but user has a false path constraint

 There are 0 ports with no output delay but with a timing clock defined on it or propagating through it


7. checking multiple_clock (0)
------------------------------
 There are 0 register/latch pins with multiple clocks.


8. checking generated_clocks (0)
--------------------------------
 There are 0 generated clocks that are not connected to a clock source.


9. checking loops (0)
---------------------
 There are 0 combinational loops in the design.


10. checking partial_input_delay (0)
------------------------------------
 There are 0 input ports with partial input delay specified.


11. checking partial_output_delay (0)
-------------------------------------
 There are 0 ports with partial output delay specified.


12. checking latch_loops (0)
----------------------------
 There are 0 combinational latch loops in the design through latch input



------------------------------------------------------------------------------------------------
| Design Timing Summary
| ---------------------
------------------------------------------------------------------------------------------------

    WNS(ns)      TNS(ns)  TNS Failing Endpoints  TNS Total Endpoints     WPWS(ns)     TPWS(ns)  TPWS Failing Endpoints  TPWS Total Endpoints  
    -------      -------  ---------------------  -------------------     --------     --------  ----------------------  --------------------  
     -0.006       -0.006                      1                  634        2.289        0.000                       0                   309  


Timing constraints are not met.


------------------------------------------------------------------------------------------------
| Clock Summary
| -------------
------------------------------------------------------------------------------------------------

Clock  Waveform(ns)         Period(ns)      Frequency(MHz)
-----  ------------         ----------      --------------
vclk   {0.000 2.789}        5.579           179.244         


------------------------------------------------------------------------------------------------
| Intra Clock Table
| -----------------
------------------------------------------------------------------------------------------------

Clock             WNS(ns)      TNS(ns)  TNS Failing Endpoints  TNS Total Endpoints     WPWS(ns)     TPWS(ns)  TPWS Failing Endpoints  TPWS Total Endpoints  
-----             -------      -------  ---------------------  -------------------     --------     --------  ----------------------  --------------------  
vclk               -0.006       -0.006                      1                  634        2.289        0.000                       0                   309  


------------------------------------------------------------------------------------------------
| Inter Clock Table
| -----------------
------------------------------------------------------------------------------------------------

From Clock    To Clock          WNS(ns)      TNS(ns)  TNS Failing Endpoints  TNS Total Endpoints  
----------    --------          -------      -------  ---------------------  -------------------  


------------------------------------------------------------------------------------------------
| Other Path Groups Table
| -----------------------
------------------------------------------------------------------------------------------------

Path Group    From Clock    To Clock          WNS(ns)      TNS(ns)  TNS Failing Endpoints  TNS Total Endpoints  
----------    ----------    --------          -------      -------  ---------------------  -------------------  


------------------------------------------------------------------------------------------------
| User Ignored Path Table
| -----------------------
------------------------------------------------------------------------------------------------

Path Group    From Clock    To Clock    
----------    ----------    --------    


------------------------------------------------------------------------------------------------
| Unconstrained Path Table
| ------------------------
------------------------------------------------------------------------------------------------

Path Group    From Clock    To Clock    
----------    ----------    --------    


------------------------------------------------------------------------------------------------
| Timing Details
| --------------
------------------------------------------------------------------------------------------------


---------------------------------------------------------------------------------------------------
From Clock:  vclk
  To Clock:  vclk

Setup :            1  Failing Endpoint ,  Worst Slack       -0.006ns,  Total Violation       -0.006ns
Hold  :           NA  Failing Endpoints,  Worst Slack           NA  ,  Total Violation           NA
PW    :            0  Failing Endpoints,  Worst Slack        2.289ns,  Total Violation        0.000ns
---------------------------------------------------------------------------------------------------


Max Delay Paths
--------------------------------------------------------------------------------------
Slack (VIOLATED) :        -0.006ns  (required time - arrival time)
  Source:                 x[1]
                            (input port clocked by vclk  {rise@0.000ns fall@2.789ns period=5.579ns})
  Destination:            r2_reg[14]/D
                            (rising edge-triggered cell FDRE clocked by vclk  {rise@0.000ns fall@2.789ns period=5.579ns})
  Path Group:             vclk
  Path Type:              Setup (Max at Slow Process Corner)
  Requirement:            5.579ns  (vclk rise@5.579ns - vclk rise@0.000ns)
  Data Path Delay:        6.583ns  (logic 3.285ns (49.904%)  route 3.298ns (50.096%))
  Logic Levels:           9  (CARRY4=6 LUT1=1 LUT2=1 LUT3=1)
  Input Delay:            0.000ns
  Clock Path Skew:        0.924ns (DCD - SCD + CPR)
    Destination Clock Delay (DCD):    0.924ns = ( 6.503 - 5.579 ) 
    Source Clock Delay      (SCD):    0.000ns
    Clock Pessimism Removal (CPR):    0.000ns
  Clock Uncertainty:      0.035ns  ((TSJ^2 + TIJ^2)^1/2 + DJ) / 2 + PE
    Total System Jitter     (TSJ):    0.071ns
    Total Input Jitter      (TIJ):    0.000ns
    Discrete Jitter          (DJ):    0.000ns
    Phase Error              (PE):    0.000ns

    Location             Delay type                Incr(ns)  Path(ns)    Netlist Resource(s)
  -------------------------------------------------------------------    -------------------
                         (clock vclk rise edge)       0.000     0.000 r  <hidden>
                         input delay                  0.000     0.000    <hidden>
                                                      0.000     0.000 f  x[1]
                         net (fo=91, unset)           0.973     0.973    x[1]
    SLICE_X28Y76         LUT1 (Prop_lut1_I0_O)        0.124     1.097 r  r2[8]_i_13/O
                         net (fo=1, routed)           0.000     1.097    r2[8]_i_13_n_0
    SLICE_X28Y76         CARRY4 (Prop_carry4_S[1]_CO[3])
                                                      0.550     1.647 r  r2_reg[8]_i_10/CO[3]
                         net (fo=1, routed)           0.000     1.647    r2_reg[8]_i_10_n_0
    SLICE_X28Y77         CARRY4 (Prop_carry4_CI_O[3])
                                                      0.313     1.960 r  r2_reg[12]_i_15/O[3]
                         net (fo=2, routed)           1.156     3.116    r2_reg[12]_i_15_n_4
    SLICE_X27Y74         LUT3 (Prop_lut3_I0_O)        0.334     3.450 r  r2[12]_i_7/O
                         net (fo=2, routed)           0.713     4.163    r2[12]_i_7_n_0
    SLICE_X27Y77         CARRY4 (Prop_carry4_DI[3]_CO[3])
                                                      0.587     4.750 r  r2_reg[12]_i_2/CO[3]
                         net (fo=1, routed)           0.000     4.750    r2_reg[12]_i_2_n_0
    SLICE_X27Y78         CARRY4 (Prop_carry4_CI_O[0])
                                                      0.222     4.972 r  r2_reg[15]_i_2/O[0]
                         net (fo=2, routed)           0.456     5.428    r21[10]
    SLICE_X26Y78         LUT2 (Prop_lut2_I0_O)        0.299     5.727 r  r2[12]_i_5/O
                         net (fo=1, routed)           0.000     5.727    r2[12]_i_5_n_0
    SLICE_X26Y78         CARRY4 (Prop_carry4_S[1]_CO[3])
                                                      0.533     6.260 r  r2_reg[12]_i_1/CO[3]
                         net (fo=1, routed)           0.000     6.260    r2_reg[12]_i_1_n_0
    SLICE_X26Y79         CARRY4 (Prop_carry4_CI_O[1])
                                                      0.323     6.583 r  r2_reg[15]_i_1/O[1]
                         net (fo=1, routed)           0.000     6.583    r20[14]
    SLICE_X26Y79         FDRE                                         r  r2_reg[14]/D
  -------------------------------------------------------------------    -------------------

                         (clock vclk rise edge)       5.579     5.579 r  <hidden>
                                                      0.000     5.579 r  clk
                         net (fo=308, unset)          0.924     6.503    clk
    SLICE_X26Y79         FDRE                                         r  r2_reg[14]/C
                         clock pessimism              0.000     6.503    <hidden>
                         clock uncertainty           -0.035     6.468    <hidden>
    SLICE_X26Y79         FDRE (Setup_fdre_C_D)        0.109     6.577    r2_reg[14]
  -------------------------------------------------------------------
                         required time                          6.577    <hidden>
                         arrival time                          -6.583    <hidden>
  -------------------------------------------------------------------
                         slack                                 -0.006    <hidden>

Slack (MET) :             0.061ns  (required time - arrival time)
  Source:                 x[0]
                            (input port clocked by vclk  {rise@0.000ns fall@2.789ns period=5.579ns})
  Destination:            y_reg[13]/D
                            (rising edge-triggered cell FDRE clocked by vclk  {rise@0.000ns fall@2.789ns period=5.579ns})
  Path Group:             vclk
  Path Type:              Setup (Max at Slow Process Corner)
  Requirement:            5.579ns  (vclk rise@5.579ns - vclk rise@0.000ns)
  Data Path Delay:        6.469ns  (logic 3.086ns (47.702%)  route 3.383ns (52.298%))
  Logic Levels:           9  (CARRY4=5 LUT2=1 LUT3=2 LUT4=1)
  Input Delay:            0.000ns
  Clock Path Skew:        0.924ns (DCD - SCD + CPR)
    Destination Clock Delay (DCD):    0.924ns = ( 6.503 - 5.579 ) 
    Source Clock Delay      (SCD):    0.000ns
    Clock Pessimism Removal (CPR):    0.000ns
  Clock Uncertainty:      0.035ns  ((TSJ^2 + TIJ^2)^1/2 + DJ) / 2 + PE
    Total System Jitter     (TSJ):    0.071ns
    Total Input Jitter      (TIJ):    0.000ns
    Discrete Jitter          (DJ):    0.000ns
    Phase Error              (PE):    0.000ns

    Location             Delay type                Incr(ns)  Path(ns)    Netlist Resource(s)
  -------------------------------------------------------------------    -------------------
                         (clock vclk rise edge)       0.000     0.000 r  <hidden>
                         input delay                  0.000     0.000    <hidden>
                                                      0.000     0.000 r  x[0]
                         net (fo=118, unset)          0.973     0.973    x[0]
    SLICE_X27Y74         LUT3 (Prop_lut3_I2_O)        0.124     1.097 r  y[11]_i_26/O
                         net (fo=1, routed)           0.337     1.434    y[11]_i_26_n_0
    SLICE_X28Y73         CARRY4 (Prop_carry4_DI[3]_CO[3])
                                                      0.385     1.819 r  y_reg[11]_i_21/CO[3]
                         net (fo=1, routed)           0.000     1.819    y_reg[11]_i_21_n_0
    SLICE_X28Y74         CARRY4 (Prop_carry4_CI_O[1])
                                                      0.334     2.153 r  y_reg[15]_i_23/O[1]
                         net (fo=2, routed)           0.523     2.676    acc2[8]
    SLICE_X29Y75         LUT2 (Prop_lut2_I0_O)        0.303     2.979 r  y[15]_i_27/O
                         net (fo=1, routed)           0.000     2.979    y[15]_i_27_n_0
    SLICE_X29Y75         CARRY4 (Prop_carry4_S[0]_O[2])
                                                      0.547     3.526 r  y_reg[15]_i_14/O[2]
                         net (fo=2, routed)           0.861     4.387    p_0_in[10]
    SLICE_X31Y78         LUT3 (Prop_lut3_I1_O)        0.331     4.718 r  y[11]_i_2/O
                         net (fo=2, routed)           0.690     5.407    y[11]_i_2_n_0
    SLICE_X31Y78         LUT4 (Prop_lut4_I3_O)        0.327     5.734 r  y[11]_i_6/O
                         net (fo=1, routed)           0.000     5.734    y[11]_i_6_n_0
    SLICE_X31Y78         CARRY4 (Prop_carry4_S[3]_CO[3])
                                                      0.401     6.135 r  y_reg[11]_i_1/CO[3]
                         net (fo=1, routed)           0.000     6.135    y_reg[11]_i_1_n_0
    SLICE_X31Y79         CARRY4 (Prop_carry4_CI_O[1])
                                                      0.334     6.469 r  y_reg[15]_i_2/O[1]
                         net (fo=1, routed)           0.000     6.469    acc[13]
    SLICE_X31Y79         FDRE                                         r  y_reg[13]/D
  -------------------------------------------------------------------    -------------------

                         (clock vclk rise edge)       5.579     5.579 r  <hidden>
                                                      0.000     5.579 r  clk
                         net (fo=308, unset)          0.924     6.503    clk
    SLICE_X31Y79         FDRE                                         r  y_reg[13]/C
                         clock pessimism              0.000     6.503    <hidden>
                         clock uncertainty           -0.035     6.468    <hidden>
    SLICE_X31Y79         FDRE (Setup_fdre_C_D)        0.062     6.530    y_reg[13]
  -------------------------------------------------------------------
                         required time                          6.530    <hidden>
                         arrival time                          -6.469    <hidden>
  -------------------------------------------------------------------
                         slack                                  0.061    <hidden>

Slack (MET) :             0.078ns  (required time - arrival time)
  Source:                 x[1]
                            (input port clocked by vclk  {rise@0.000ns fall@2.789ns period=5.579ns})
  Destination:            r2_reg[15]/D
                            (rising edge-triggered cell FDRE clocked by vclk  {rise@0.000ns fall@2.789ns period=5.579ns})
  Path Group:             vclk
  Path Type:              Setup (Max at Slow Process Corner)
  Requirement:            5.579ns  (vclk rise@5.579ns - vclk rise@0.000ns)
  Data Path Delay:        6.499ns  (logic 3.201ns (49.256%)  route 3.298ns (50.744%))
  Logic Levels:           9  (CARRY4=6 LUT1=1 LUT2=1 LUT3=1)
  Input Delay:            0.000ns
  Clock Path Skew:        0.924ns (DCD - SCD + CPR)
    Destination Clock Delay (DCD):    0.924ns = ( 6.503 - 5.579 ) 
    Source Clock Delay      (SCD):    0.000ns
    Clock Pessimism Removal (CPR):    0.000ns
  Clock Uncertainty:      0.035ns  ((TSJ^2 + TIJ^2)^1/2 + DJ) / 2 + PE
    Total System Jitter     (TSJ):    0.071ns
    Total Input Jitter      (TIJ):    0.000ns
    Discrete Jitter          (DJ):    0.000ns
    Phase Error              (PE):    0.000ns

    Location             Delay type                Incr(ns)  Path(ns)    Netlist Resource(s)
  -------------------------------------------------------------------    -------------------
                         (clock vclk rise edge)       0.000     0.000 r  <hidden>
                         input delay                  0.000     0.000    <hidden>
                                                      0.000     0.000 f  x[1]
                         net (fo=91, unset)           0.973     0.973    x[1]
    SLICE_X28Y76         LUT1 (Prop_lut1_I0_O)        0.124     1.097 r  r2[8]_i_13/O
                         net (fo=1, routed)           0.000     1.097    r2[8]_i_13_n_0
    SLICE_X28Y76         CARRY4 (Prop_carry4_S[1]_CO[3])
                                                      0.550     1.647 r  r2_reg[8]_i_10/CO[3]
                         net (fo=1, routed)           0.000     1.647    r2_reg[8]_i_10_n_0
    SLICE_X28Y77         CARRY4 (Prop_carry4_CI_O[3])
                                                      0.313     1.960 r  r2_reg[12]_i_15/O[3]
                         net (fo=2, routed)           1.156     3.116    r2_reg[12]_i_15_n_4
    SLICE_X27Y74         LUT3 (Prop_lut3_I0_O)        0.334     3.450 r  r2[12]_i_7/O
                         net (fo=2, routed)           0.713     4.163    r2[12]_i_7_n_0
    SLICE_X27Y77         CARRY4 (Prop_carry4_DI[3]_CO[3])
                                                      0.587     4.750 r  r2_reg[12]_i_2/CO[3]
                         net (fo=1, routed)           0.000     4.750    r2_reg[12]_i_2_n_0
    SLICE_X27Y78         CARRY4 (Prop_carry4_CI_O[0])
                                                      0.222     4.972 r  r2_reg[15]_i_2/O[0]
                         net (fo=2, routed)           0.456     5.428    r21[10]
    SLICE_X26Y78         LUT2 (Prop_lut2_I0_O)        0.299     5.727 r  r2[12]_i_5/O
                         net (fo=1, routed)           0.000     5.727    r2[12]_i_5_n_0
    SLICE_X26Y78         CARRY4 (Prop_carry4_S[1]_CO[3])
                                                      0.533     6.260 r  r2_reg[12]_i_1/CO[3]
                         net (fo=1, routed)           0.000     6.260    r2_reg[12]_i_1_n_0
    SLICE_X26Y79         CARRY4 (Prop_carry4_CI_O[2])
                                                      0.239     6.499 r  r2_reg[15]_i_1/O[2]
                         net (fo=1, routed)           0.000     6.499    r20[15]
    SLICE_X26Y79         FDRE                                         r  r2_reg[15]/D
  -------------------------------------------------------------------    -------------------

                         (clock vclk rise edge)       5.579     5.579 r  <hidden>
                                                      0.000     5.579 r  clk
                         net (fo=308, unset)          0.924     6.503    clk
    SLICE_X26Y79         FDRE                                         r  r2_reg[15]/C
                         clock pessimism              0.000     6.503    <hidden>
                         clock uncertainty           -0.035     6.468    <hidden>
    SLICE_X26Y79         FDRE (Setup_fdre_C_D)        0.109     6.577    r2_reg[15]
  -------------------------------------------------------------------
                         required time                          6.577    <hidden>
                         arrival time                          -6.499    <hidden>
  -------------------------------------------------------------------
                         slack                                  0.078    <hidden>

Slack (MET) :             0.082ns  (required time - arrival time)
  Source:                 x[0]
                            (input port clocked by vclk  {rise@0.000ns fall@2.789ns period=5.579ns})
  Destination:            y_reg[15]/D
                            (rising edge-triggered cell FDRE clocked by vclk  {rise@0.000ns fall@2.789ns period=5.579ns})
  Path Group:             vclk
  Path Type:              Setup (Max at Slow Process Corner)
  Requirement:            5.579ns  (vclk rise@5.579ns - vclk rise@0.000ns)
  Data Path Delay:        6.448ns  (logic 3.065ns (47.532%)  route 3.383ns (52.468%))
  Logic Levels:           9  (CARRY4=5 LUT2=1 LUT3=2 LUT4=1)
  Input Delay:            0.000ns
  Clock Path Skew:        0.924ns (DCD - SCD + CPR)
    Destination Clock Delay (DCD):    0.924ns = ( 6.503 - 5.579 ) 
    Source Clock Delay      (SCD):    0.000ns
    Clock Pessimism Removal (CPR):    0.000ns
  Clock Uncertainty:      0.035ns  ((TSJ^2 + TIJ^2)^1/2 + DJ) / 2 + PE
    Total System Jitter     (TSJ):    0.071ns
    Total Input Jitter      (TIJ):    0.000ns
    Discrete Jitter          (DJ):    0.000ns
    Phase Error              (PE):    0.000ns

    Location             Delay type                Incr(ns)  Path(ns)    Netlist Resource(s)
  -------------------------------------------------------------------    -------------------
                         (clock vclk rise edge)       0.000     0.000 r  <hidden>
                         input delay                  0.000     0.000    <hidden>
                                                      0.000     0.000 r  x[0]
                         net (fo=118, unset)          0.973     0.973    x[0]
    SLICE_X27Y74         LUT3 (Prop_lut3_I2_O)        0.124     1.097 r  y[11]_i_26/O
                         net (fo=1, routed)           0.337     1.434    y[11]_i_26_n_0
    SLICE_X28Y73         CARRY4 (Prop_carry4_DI[3]_CO[3])
                                                      0.385     1.819 r  y_reg[11]_i_21/CO[3]
                         net (fo=1, routed)           0.000     1.819    y_reg[11]_i_21_n_0
    SLICE_X28Y74         CARRY4 (Prop_carry4_CI_O[1])
                                                      0.334     2.153 r  y_reg[15]_i_23/O[1]
                         net (fo=2, routed)           0.523     2.676    acc2[8]
    SLICE_X29Y75         LUT2 (Prop_lut2_I0_O)        0.303     2.979 r  y[15]_i_27/O
                         net (fo=1, routed)           0.000     2.979    y[15]_i_27_n_0
    SLICE_X29Y75         CARRY4 (Prop_carry4_S[0]_O[2])
                                                      0.547     3.526 r  y_reg[15]_i_14/O[2]
                         net (fo=2, routed)           0.861     4.387    p_0_in[10]
    SLICE_X31Y78         LUT3 (Prop_lut3_I1_O)        0.331     4.718 r  y[11]_i_2/O
                         net (fo=2, routed)           0.690     5.407    y[11]_i_2_n_0
    SLICE_X31Y78         LUT4 (Prop_lut4_I3_O)        0.327     5.734 r  y[11]_i_6/O
                         net (fo=1, routed)           0.000     5.734    y[11]_i_6_n_0
    SLICE_X31Y78         CARRY4 (Prop_carry4_S[3]_CO[3])
                                                      0.401     6.135 r  y_reg[11]_i_1/CO[3]
                         net (fo=1, routed)           0.000     6.135    y_reg[11]_i_1_n_0
    SLICE_X31Y79         CARRY4 (Prop_carry4_CI_O[3])
                                                      0.313     6.448 r  y_reg[15]_i_2/O[3]
                         net (fo=1, routed)           0.000     6.448    acc[15]
    SLICE_X31Y79         FDRE                                         r  y_reg[15]/D
  -------------------------------------------------------------------    -------------------

                         (clock vclk rise edge)       5.579     5.579 r  <hidden>
                                                      0.000     5.579 r  clk
                         net (fo=308, unset)          0.924     6.503    clk
    SLICE_X31Y79         FDRE                                         r  y_reg[15]/C
                         clock pessimism              0.000     6.503    <hidden>
                         clock uncertainty           -0.035     6.468    <hidden>
    SLICE_X31Y79         FDRE (Setup_fdre_C_D)        0.062     6.530    y_reg[15]
  -------------------------------------------------------------------
                         required time                          6.530    <hidden>
                         arrival time                          -6.448    <hidden>
  -------------------------------------------------------------------
                         slack                                  0.082    <hidden>

Slack (MET) :             0.098ns  (required time - arrival time)
  Source:                 x[1]
                            (input port clocked by vclk  {rise@0.000ns fall@2.789ns period=5.579ns})
  Destination:            r2_reg[13]/D
                            (rising edge-triggered cell FDRE clocked by vclk  {rise@0.000ns fall@2.789ns period=5.579ns})
  Path Group:             vclk
  Path Type:              Setup (Max at Slow Process Corner)
  Requirement:            5.579ns  (vclk rise@5.579ns - vclk rise@0.000ns)
  Data Path Delay:        6.479ns  (logic 3.181ns (49.099%)  route 3.298ns (50.901%))
  Logic Levels:           9  (CARRY4=6 LUT1=1 LUT2=1 LUT3=1)
  Input Delay:            0.000ns
  Clock Path Skew:        0.924ns (DCD - SCD + CPR)
    Destination Clock Delay (DCD):    0.924ns = ( 6.503 - 5.579 ) 
    Source Clock Delay      (SCD):    0.000ns
    Clock Pessimism Removal (CPR):    0.000ns
  Clock Uncertainty:      0.035ns  ((TSJ^2 + TIJ^2)^1/2 + DJ) / 2 + PE
    Total System Jitter     (TSJ):    0.071ns
    Total Input Jitter      (TIJ):    0.000ns
    Discrete Jitter          (DJ):    0.000ns
    Phase Error              (PE):    0.000ns

    Location             Delay type                Incr(ns)  Path(ns)    Netlist Resource(s)
  -------------------------------------------------------------------    -------------------
                         (clock vclk rise edge)       0.000     0.000 r  <hidden>
                         input delay                  0.000     0.000    <hidden>
                                                      0.000     0.000 f  x[1]
                         net (fo=91, unset)           0.973     0.973    x[1]
    SLICE_X28Y76         LUT1 (Prop_lut1_I0_O)        0.124     1.097 r  r2[8]_i_13/O
                         net (fo=1, routed)           0.000     1.097    r2[8]_i_13_n_0
    SLICE_X28Y76         CARRY4 (Prop_carry4_S[1]_CO[3])
                                                      0.550     1.647 r  r2_reg[8]_i_10/CO[3]
                         net (fo=1, routed)           0.000     1.647    r2_reg[8]_i_10_n_0
    SLICE_X28Y77         CARRY4 (Prop_carry4_CI_O[3])
                                                      0.313     1.960 r  r2_reg[12]_i_15/O[3]
                         net (fo=2, routed)           1.156     3.116    r2_reg[12]_i_15_n_4
    SLICE_X27Y74         LUT3 (Prop_lut3_I0_O)        0.334     3.450 r  r2[12]_i_7/O
                         net (fo=2, routed)           0.713     4.163    r2[12]_i_7_n_0
    SLICE_X27Y77         CARRY4 (Prop_carry4_DI[3]_CO[3])
                                                      0.587     4.750 r  r2_reg[12]_i_2/CO[3]
                         net (fo=1, routed)           0.000     4.750    r2_reg[12]_i_2_n_0
    SLICE_X27Y78         CARRY4 (Prop_carry4_CI_O[0])
                                                      0.222     4.972 r  r2_reg[15]_i_2/O[0]
                         net (fo=2, routed)           0.456     5.428    r21[10]
    SLICE_X26Y78         LUT2 (Prop_lut2_I0_O)        0.299     5.727 r  r2[12]_i_5/O
                         net (fo=1, routed)           0.000     5.727    r2[12]_i_5_n_0
    SLICE_X26Y78         CARRY4 (Prop_carry4_S[1]_CO[3])
                                                      0.533     6.260 r  r2_reg[12]_i_1/CO[3]
                         net (fo=1, routed)           0.000     6.260    r2_reg[12]_i_1_n_0
    SLICE_X26Y79         CARRY4 (Prop_carry4_CI_O[0])
                                                      0.219     6.479 r  r2_reg[15]_i_1/O[0]
                         net (fo=1, routed)           0.000     6.479    r20[13]
    SLICE_X26Y79         FDRE                                         r  r2_reg[13]/D
  -------------------------------------------------------------------    -------------------

                         (clock vclk rise edge)       5.579     5.579 r  <hidden>
                                                      0.000     5.579 r  clk
                         net (fo=308, unset)          0.924     6.503    clk
    SLICE_X26Y79         FDRE                                         r  r2_reg[13]/C
                         clock pessimism              0.000     6.503    <hidden>
                         clock uncertainty           -0.035     6.468    <hidden>
    SLICE_X26Y79         FDRE (Setup_fdre_C_D)        0.109     6.577    r2_reg[13]
  -------------------------------------------------------------------
                         required time                          6.577    <hidden>
                         arrival time                          -6.479    <hidden>
  -------------------------------------------------------------------
                         slack                                  0.098    <hidden>

Slack (MET) :             0.140ns  (required time - arrival time)
  Source:                 x[1]
                            (input port clocked by vclk  {rise@0.000ns fall@2.789ns period=5.579ns})
  Destination:            r15_reg[14]/D
                            (rising edge-triggered cell FDRE clocked by vclk  {rise@0.000ns fall@2.789ns period=5.579ns})
  Path Group:             vclk
  Path Type:              Setup (Max at Slow Process Corner)
  Requirement:            5.579ns  (vclk rise@5.579ns - vclk rise@0.000ns)
  Data Path Delay:        6.437ns  (logic 3.258ns (50.617%)  route 3.179ns (49.383%))
  Logic Levels:           9  (CARRY4=6 LUT1=1 LUT2=1 LUT3=1)
  Input Delay:            0.000ns
  Clock Path Skew:        0.924ns (DCD - SCD + CPR)
    Destination Clock Delay (DCD):    0.924ns = ( 6.503 - 5.579 ) 
    Source Clock Delay      (SCD):    0.000ns
    Clock Pessimism Removal (CPR):    0.000ns
  Clock Uncertainty:      0.035ns  ((TSJ^2 + TIJ^2)^1/2 + DJ) / 2 + PE
    Total System Jitter     (TSJ):    0.071ns
    Total Input Jitter      (TIJ):    0.000ns
    Discrete Jitter          (DJ):    0.000ns
    Phase Error              (PE):    0.000ns

    Location             Delay type                Incr(ns)  Path(ns)    Netlist Resource(s)
  -------------------------------------------------------------------    -------------------
                         (clock vclk rise edge)       0.000     0.000 r  <hidden>
                         input delay                  0.000     0.000    <hidden>
                                                      0.000     0.000 f  x[1]
                         net (fo=91, unset)           0.973     0.973    x[1]
    SLICE_X33Y76         LUT1 (Prop_lut1_I0_O)        0.124     1.097 r  r15[4]_i_9/O
                         net (fo=1, routed)           0.000     1.097    r15[4]_i_9_n_0
    SLICE_X33Y76         CARRY4 (Prop_carry4_S[1]_CO[3])
                                                      0.550     1.647 r  r15_reg[4]_i_2/CO[3]
                         net (fo=1, routed)           0.000     1.647    r15_reg[4]_i_2_n_0
    SLICE_X33Y77         CARRY4 (Prop_carry4_CI_O[3])
                                                      0.313     1.960 r  r15_reg[12]_i_15/O[3]
                         net (fo=3, routed)           1.001     2.961    r15_reg[12]_i_15_n_4
    SLICE_X37Y77         LUT3 (Prop_lut3_I0_O)        0.331     3.292 r  r15[12]_i_8/O
                         net (fo=1, routed)           0.616     3.908    r15[12]_i_8_n_0
    SLICE_X36Y80         CARRY4 (Prop_carry4_DI[2]_CO[3])
                                                      0.612     4.520 r  r15_reg[12]_i_2/CO[3]
                         net (fo=1, routed)           0.000     4.520    r15_reg[12]_i_2_n_0
    SLICE_X36Y81         CARRY4 (Prop_carry4_CI_O[1])
                                                      0.323     4.843 r  r15_reg[15]_i_2/O[1]
                         net (fo=2, routed)           0.588     5.432    r151[12]
    SLICE_X38Y79         LUT2 (Prop_lut2_I0_O)        0.306     5.738 r  r15[12]_i_3/O
                         net (fo=1, routed)           0.000     5.738    r15[12]_i_3_n_0
    SLICE_X38Y79         CARRY4 (Prop_carry4_S[3]_CO[3])
                                                      0.376     6.114 r  r15_reg[12]_i_1/CO[3]
                         net (fo=1, routed)           0.000     6.114    r15_reg[12]_i_1_n_0
    SLICE_X38Y80         CARRY4 (Prop_carry4_CI_O[1])
                                                      0.323     6.437 r  r15_reg[15]_i_1/O[1]
                         net (fo=1, routed)           0.000     6.437    r150[14]
    SLICE_X38Y80         FDRE                                         r  r15_reg[14]/D
  -------------------------------------------------------------------    -------------------

                         (clock vclk rise edge)       5.579     5.579 r  <hidden>
                                                      0.000     5.579 r  clk
                         net (fo=308, unset)          0.924     6.503    clk
    SLICE_X38Y80         FDRE                                         r  r15_reg[14]/C
                         clock pessimism              0.000     6.503    <hidden>
                         clock uncertainty           -0.035     6.468    <hidden>
    SLICE_X38Y80         FDRE (Setup_fdre_C_D)        0.109     6.577    r15_reg[14]
  -------------------------------------------------------------------
                         required time                          6.577    <hidden>
                         arrival time                          -6.437    <hidden>
  -------------------------------------------------------------------
                         slack                                  0.140    <hidden>

Slack (MET) :             0.156ns  (required time - arrival time)
  Source:                 x[0]
                            (input port clocked by vclk  {rise@0.000ns fall@2.789ns period=5.579ns})
  Destination:            y_reg[14]/D
                            (rising edge-triggered cell FDRE clocked by vclk  {rise@0.000ns fall@2.789ns period=5.579ns})
  Path Group:             vclk
  Path Type:              Setup (Max at Slow Process Corner)
  Requirement:            5.579ns  (vclk rise@5.579ns - vclk rise@0.000ns)
  Data Path Delay:        6.374ns  (logic 2.991ns (46.923%)  route 3.383ns (53.077%))
  Logic Levels:           9  (CARRY4=5 LUT2=1 LUT3=2 LUT4=1)
  Input Delay:            0.000ns
  Clock Path Skew:        0.924ns (DCD - SCD + CPR)
    Destination Clock Delay (DCD):    0.924ns = ( 6.503 - 5.579 ) 
    Source Clock Delay      (SCD):    0.000ns
    Clock Pessimism Removal (CPR):    0.000ns
  Clock Uncertainty:      0.035ns  ((TSJ^2 + TIJ^2)^1/2 + DJ) / 2 + PE
    Total System Jitter     (TSJ):    0.071ns
    Total Input Jitter      (TIJ):    0.000ns
    Discrete Jitter          (DJ):    0.000ns
    Phase Error              (PE):    0.000ns

    Location             Delay type                Incr(ns)  Path(ns)    Netlist Resource(s)
  -------------------------------------------------------------------    -------------------
                         (clock vclk rise edge)       0.000     0.000 r  <hidden>
                         input delay                  0.000     0.000    <hidden>
                                                      0.000     0.000 r  x[0]
                         net (fo=118, unset)          0.973     0.973    x[0]
    SLICE_X27Y74         LUT3 (Prop_lut3_I2_O)        0.124     1.097 r  y[11]_i_26/O
                         net (fo=1, routed)           0.337     1.434    y[11]_i_26_n_0
    SLICE_X28Y73         CARRY4 (Prop_carry4_DI[3]_CO[3])
                                                      0.385     1.819 r  y_reg[11]_i_21/CO[3]
                         net (fo=1, routed)           0.000     1.819    y_reg[11]_i_21_n_0
    SLICE_X28Y74         CARRY4 (Prop_carry4_CI_O[1])
                                                      0.334     2.153 r  y_reg[15]_i_23/O[1]
                         net (fo=2, routed)           0.523     2.676    acc2[8]
    SLICE_X29Y75         LUT2 (Prop_lut2_I0_O)        0.303     2.979 r  y[15]_i_27/O
                         net (fo=1, routed)           0.000     2.979    y[15]_i_27_n_0
    SLICE_X29Y75         CARRY4 (Prop_carry4_S[0]_O[2])
                                                      0.547     3.526 r  y_reg[15]_i_14/O[2]
                         net (fo=2, routed)           0.861     4.387    p_0_in[10]
    SLICE_X31Y78         LUT3 (Prop_lut3_I1_O)        0.331     4.718 r  y[11]_i_2/O
                         net (fo=2, routed)           0.690     5.407    y[11]_i_2_n_0
    SLICE_X31Y78         LUT4 (Prop_lut4_I3_O)        0.327     5.734 r  y[11]_i_6/O
                         net (fo=1, routed)           0.000     5.734    y[11]_i_6_n_0
    SLICE_X31Y78         CARRY4 (Prop_carry4_S[3]_CO[3])
                                                      0.401     6.135 r  y_reg[11]_i_1/CO[3]
                         net (fo=1, routed)           0.000     6.135    y_reg[11]_i_1_n_0
    SLICE_X31Y79         CARRY4 (Prop_carry4_CI_O[2])
                                                      0.239     6.374 r  y_reg[15]_i_2/O[2]
                         net (fo=1, routed)           0.000     6.374    acc[14]
    SLICE_X31Y79         FDRE                                         r  y_reg[14]/D
  -------------------------------------------------------------------    -------------------

                         (clock vclk rise edge)       5.579     5.579 r  <hidden>
                                                      0.000     5.579 r  clk
                         net (fo=308, unset)          0.924     6.503    clk
    SLICE_X31Y79         FDRE                                         r  y_reg[14]/C
                         clock pessimism              0.000     6.503    <hidden>
                         clock uncertainty           -0.035     6.468    <hidden>
    SLICE_X31Y79         FDRE (Setup_fdre_C_D)        0.062     6.530    y_reg[14]
  -------------------------------------------------------------------
                         required time                          6.530    <hidden>
                         arrival time                          -6.374    <hidden>
  -------------------------------------------------------------------
                         slack                                  0.156    <hidden>

Slack (MET) :             0.172ns  (required time - arrival time)
  Source:                 x[0]
                            (input port clocked by vclk  {rise@0.000ns fall@2.789ns period=5.579ns})
  Destination:            y_reg[12]/D
                            (rising edge-triggered cell FDRE clocked by vclk  {rise@0.000ns fall@2.789ns period=5.579ns})
  Path Group:             vclk
  Path Type:              Setup (Max at Slow Process Corner)
  Requirement:            5.579ns  (vclk rise@5.579ns - vclk rise@0.000ns)
  Data Path Delay:        6.358ns  (logic 2.975ns (46.789%)  route 3.383ns (53.211%))
  Logic Levels:           9  (CARRY4=5 LUT2=1 LUT3=2 LUT4=1)
  Input Delay:            0.000ns
  Clock Path Skew:        0.924ns (DCD - SCD + CPR)
    Destination Clock Delay (DCD):    0.924ns = ( 6.503 - 5.579 ) 
    Source Clock Delay      (SCD):    0.000ns
    Clock Pessimism Removal (CPR):    0.000ns
  Clock Uncertainty:      0.035ns  ((TSJ^2 + TIJ^2)^1/2 + DJ) / 2 + PE
    Total System Jitter     (TSJ):    0.071ns
    Total Input Jitter      (TIJ):    0.000ns
    Discrete Jitter          (DJ):    0.000ns
    Phase Error              (PE):    0.000ns

    Location             Delay type                Incr(ns)  Path(ns)    Netlist Resource(s)
  -------------------------------------------------------------------    -------------------
                         (clock vclk rise edge)       0.000     0.000 r  <hidden>
                         input delay                  0.000     0.000    <hidden>
                                                      0.000     0.000 r  x[0]
                         net (fo=118, unset)          0.973     0.973    x[0]
    SLICE_X27Y74         LUT3 (Prop_lut3_I2_O)        0.124     1.097 r  y[11]_i_26/O
                         net (fo=1, routed)           0.337     1.434    y[11]_i_26_n_0
    SLICE_X28Y73         CARRY4 (Prop_carry4_DI[3]_CO[3])
                                                      0.385     1.819 r  y_reg[11]_i_21/CO[3]
                         net (fo=1, routed)           0.000     1.819    y_reg[11]_i_21_n_0
    SLICE_X28Y74         CARRY4 (Prop_carry4_CI_O[1])
                                                      0.334     2.153 r  y_reg[15]_i_23/O[1]
                         net (fo=2, routed)           0.523     2.676    acc2[8]
    SLICE_X29Y75         LUT2 (Prop_lut2_I0_O)        0.303     2.979 r  y[15]_i_27/O
                         net (fo=1, routed)           0.000     2.979    y[15]_i_27_n_0
    SLICE_X29Y75         CARRY4 (Prop_carry4_S[0]_O[2])
                                                      0.547     3.526 r  y_reg[15]_i_14/O[2]
                         net (fo=2, routed)           0.861     4.387    p_0_in[10]
    SLICE_X31Y78         LUT3 (Prop_lut3_I1_O)        0.331     4.718 r  y[11]_i_2/O
                         net (fo=2, routed)           0.690     5.407    y[11]_i_2_n_0
    SLICE_X31Y78         LUT4 (Prop_lut4_I3_O)        0.327     5.734 r  y[11]_i_6/O
                         net (fo=1, routed)           0.000     5.734    y[11]_i_6_n_0
    SLICE_X31Y78         CARRY4 (Prop_carry4_S[3]_CO[3])
                                                      0.401     6.135 r  y_reg[11]_i_1/CO[3]
                         net (fo=1, routed)           0.000     6.135    y_reg[11]_i_1_n_0
    SLICE_X31Y79         CARRY4 (Prop_carry4_CI_O[0])
                                                      0.223     6.358 r  y_reg[15]_i_2/O[0]
                         net (fo=1, routed)           0.000     6.358    acc[12]
    SLICE_X31Y79         FDRE                                         r  y_reg[12]/D
  -------------------------------------------------------------------    -------------------

                         (clock vclk rise edge)       5.579     5.579 r  <hidden>
                                                      0.000     5.579 r  clk
                         net (fo=308, unset)          0.924     6.503    clk
    SLICE_X31Y79         FDRE                                         r  y_reg[12]/C
                         clock pessimism              0.000     6.503    <hidden>
                         clock uncertainty           -0.035     6.468    <hidden>
    SLICE_X31Y79         FDRE (Setup_fdre_C_D)        0.062     6.530    y_reg[12]
  -------------------------------------------------------------------
                         required time                          6.530    <hidden>
                         arrival time                          -6.358    <hidden>
  -------------------------------------------------------------------
                         slack                                  0.172    <hidden>

Slack (MET) :             0.207ns  (required time - arrival time)
  Source:                 x[1]
                            (input port clocked by vclk  {rise@0.000ns fall@2.789ns period=5.579ns})
  Destination:            r2_reg[12]/D
                            (rising edge-triggered cell FDRE clocked by vclk  {rise@0.000ns fall@2.789ns period=5.579ns})
  Path Group:             vclk
  Path Type:              Setup (Max at Slow Process Corner)
  Requirement:            5.579ns  (vclk rise@5.579ns - vclk rise@0.000ns)
  Data Path Delay:        6.370ns  (logic 3.072ns (48.228%)  route 3.298ns (51.772%))
  Logic Levels:           8  (CARRY4=5 LUT1=1 LUT2=1 LUT3=1)
  Input Delay:            0.000ns
  Clock Path Skew:        0.924ns (DCD - SCD + CPR)
    Destination Clock Delay (DCD):    0.924ns = ( 6.503 - 5.579 ) 
    Source Clock Delay      (SCD):    0.000ns
    Clock Pessimism Removal (CPR):    0.000ns
  Clock Uncertainty:      0.035ns  ((TSJ^2 + TIJ^2)^1/2 + DJ) / 2 + PE
    Total System Jitter     (TSJ):    0.071ns
    Total Input Jitter      (TIJ):    0.000ns
    Discrete Jitter          (DJ):    0.000ns
    Phase Error              (PE):    0.000ns

    Location             Delay type                Incr(ns)  Path(ns)    Netlist Resource(s)
  -------------------------------------------------------------------    -------------------
                         (clock vclk rise edge)       0.000     0.000 r  <hidden>
                         input delay                  0.000     0.000    <hidden>
                                                      0.000     0.000 f  x[1]
                         net (fo=91, unset)           0.973     0.973    x[1]
    SLICE_X28Y76         LUT1 (Prop_lut1_I0_O)        0.124     1.097 r  r2[8]_i_13/O
                         net (fo=1, routed)           0.000     1.097    r2[8]_i_13_n_0
    SLICE_X28Y76         CARRY4 (Prop_carry4_S[1]_CO[3])
                                                      0.550     1.647 r  r2_reg[8]_i_10/CO[3]
                         net (fo=1, routed)           0.000     1.647    r2_reg[8]_i_10_n_0
    SLICE_X28Y77         CARRY4 (Prop_carry4_CI_O[3])
                                                      0.313     1.960 r  r2_reg[12]_i_15/O[3]
                         net (fo=2, routed)           1.156     3.116    r2_reg[12]_i_15_n_4
    SLICE_X27Y74         LUT3 (Prop_lut3_I0_O)        0.334     3.450 r  r2[12]_i_7/O
                         net (fo=2, routed)           0.713     4.163    r2[12]_i_7_n_0
    SLICE_X27Y77         CARRY4 (Prop_carry4_DI[3]_CO[3])
                                                      0.587     4.750 r  r2_reg[12]_i_2/CO[3]
                         net (fo=1, routed)           0.000     4.750    r2_reg[12]_i_2_n_0
    SLICE_X27Y78         CARRY4 (Prop_carry4_CI_O[0])
                                                      0.222     4.972 r  r2_reg[15]_i_2/O[0]
                         net (fo=2, routed)           0.456     5.428    r21[10]
    SLICE_X26Y78         LUT2 (Prop_lut2_I0_O)        0.299     5.727 r  r2[12]_i_5/O
                         net (fo=1, routed)           0.000     5.727    r2[12]_i_5_n_0
    SLICE_X26Y78         CARRY4 (Prop_carry4_S[1]_O[3])
                                                      0.643     6.370 r  r2_reg[12]_i_1/O[3]
                         net (fo=1, routed)           0.000     6.370    r20[12]
    SLICE_X26Y78         FDRE                                         r  r2_reg[12]/D
  -------------------------------------------------------------------    -------------------

                         (clock vclk rise edge)       5.579     5.579 r  <hidden>
                                                      0.000     5.579 r  clk
                         net (fo=308, unset)          0.924     6.503    clk
    SLICE_X26Y78         FDRE                                         r  r2_reg[12]/C
                         clock pessimism              0.000     6.503    <hidden>
                         clock uncertainty           -0.035     6.468    <hidden>
    SLICE_X26Y78         FDRE (Setup_fdre_C_D)        0.109     6.577    r2_reg[12]
  -------------------------------------------------------------------
                         required time                          6.577    <hidden>
                         arrival time                          -6.370    <hidden>
  -------------------------------------------------------------------
                         slack                                  0.207    <hidden>

Slack (MET) :             0.221ns  (required time - arrival time)
  Source:                 x[1]
                            (input port clocked by vclk  {rise@0.000ns fall@2.789ns period=5.579ns})
  Destination:            r11_reg[14]/D
                            (rising edge-triggered cell FDRE clocked by vclk  {rise@0.000ns fall@2.789ns period=5.579ns})
  Path Group:             vclk
  Path Type:              Setup (Max at Slow Process Corner)
  Requirement:            5.579ns  (vclk rise@5.579ns - vclk rise@0.000ns)
  Data Path Delay:        6.309ns  (logic 3.302ns (52.336%)  route 3.007ns (47.664%))
  Logic Levels:           10  (CARRY4=7 LUT1=1 LUT2=1 LUT3=1)
  Input Delay:            0.000ns
  Clock Path Skew:        0.924ns (DCD - SCD + CPR)
    Destination Clock Delay (DCD):    0.924ns = ( 6.503 - 5.579 ) 
    Source Clock Delay      (SCD):    0.000ns
    Clock Pessimism Removal (CPR):    0.000ns
  Clock Uncertainty:      0.035ns  ((TSJ^2 + TIJ^2)^1/2 + DJ) / 2 + PE
    Total System Jitter     (TSJ):    0.071ns
    Total Input Jitter      (TIJ):    0.000ns
    Discrete Jitter          (DJ):    0.000ns
    Phase Error              (PE):    0.000ns

    Location             Delay type                Incr(ns)  Path(ns)    Netlist Resource(s)
  -------------------------------------------------------------------    -------------------
                         (clock vclk rise edge)       0.000     0.000 r  <hidden>
                         input delay                  0.000     0.000    <hidden>
                                                      0.000     0.000 f  x[1]
                         net (fo=91, unset)           0.973     0.973    x[1]
    SLICE_X44Y70         LUT1 (Prop_lut1_I0_O)        0.124     1.097 r  r11[4]_i_9/O
                         net (fo=1, routed)           0.000     1.097    r11[4]_i_9_n_0
    SLICE_X44Y70         CARRY4 (Prop_carry4_S[1]_CO[3])
                                                      0.550     1.647 r  r11_reg[4]_i_2/CO[3]
                         net (fo=1, routed)           0.000     1.647    r11_reg[4]_i_2_n_0
    SLICE_X44Y71         CARRY4 (Prop_carry4_CI_CO[3])
                                                      0.114     1.761 r  r11_reg[12]_i_15/CO[3]
                         net (fo=1, routed)           0.000     1.761    r11_reg[12]_i_15_n_0
    SLICE_X44Y72         CARRY4 (Prop_carry4_CI_O[1])
                                                      0.334     2.095 r  r11_reg[15]_i_7/O[1]
                         net (fo=3, routed)           1.134     3.229    r11_reg[15]_i_7_n_6
    SLICE_X45Y76         LUT3 (Prop_lut3_I1_O)        0.331     3.560 r  r11[12]_i_7/O
                         net (fo=1, routed)           0.397     3.958    r11[12]_i_7_n_0
    SLICE_X44Y74         CARRY4 (Prop_carry4_DI[3]_CO[3])
                                                      0.593     4.551 r  r11_reg[12]_i_2/CO[3]
                         net (fo=1, routed)           0.009     4.560    r11_reg[12]_i_2_n_0
    SLICE_X44Y75         CARRY4 (Prop_carry4_CI_O[0])
                                                      0.222     4.782 r  r11_reg[15]_i_2/O[0]
                         net (fo=2, routed)           0.484     5.266    r111[12]
    SLICE_X45Y74         LUT2 (Prop_lut2_I0_O)        0.299     5.565 r  r11[12]_i_3/O
                         net (fo=1, routed)           0.000     5.565    r11[12]_i_3_n_0
    SLICE_X45Y74         CARRY4 (Prop_carry4_S[3]_CO[3])
                                                      0.401     5.966 r  r11_reg[12]_i_1/CO[3]
                         net (fo=1, routed)           0.009     5.975    r11_reg[12]_i_1_n_0
    SLICE_X45Y75         CARRY4 (Prop_carry4_CI_O[1])
                                                      0.334     6.309 r  r11_reg[15]_i_1/O[1]
                         net (fo=1, routed)           0.000     6.309    r110[14]
    SLICE_X45Y75         FDRE                                         r  r11_reg[14]/D
  -------------------------------------------------------------------    -------------------

                         (clock vclk rise edge)       5.579     5.579 r  <hidden>
                                                      0.000     5.579 r  clk
                         net (fo=308, unset)          0.924     6.503    clk
    SLICE_X45Y75         FDRE                                         r  r11_reg[14]/C
                         clock pessimism              0.000     6.503    <hidden>
                         clock uncertainty           -0.035     6.468    <hidden>
    SLICE_X45Y75         FDRE (Setup_fdre_C_D)        0.062     6.530    r11_reg[14]
  -------------------------------------------------------------------
                         required time                          6.530    <hidden>
                         arrival time                          -6.309    <hidden>
  -------------------------------------------------------------------
                         slack                                  0.221    <hidden>





Pulse Width Checks
--------------------------------------------------------------------------------------
Clock Name:         vclk
Waveform(ns):       { 0.000 2.789 }
Period(ns):         5.579
Sources:            { clk }

Check Type        Corner  Lib Pin  Reference Pin  Required(ns)  Actual(ns)  Slack(ns)  Location      Pin
Min Period        n/a     FDRE/C   n/a            1.000         5.579       4.579      SLICE_X34Y74  r10_reg[0]/C
Min Period        n/a     FDRE/C   n/a            1.000         5.579       4.579      SLICE_X42Y74  r10_reg[10]/C
Min Period        n/a     FDRE/C   n/a            1.000         5.579       4.579      SLICE_X42Y74  r10_reg[11]/C
Min Period        n/a     FDRE/C   n/a            1.000         5.579       4.579      SLICE_X42Y74  r10_reg[12]/C
Min Period        n/a     FDRE/C   n/a            1.000         5.579       4.579      SLICE_X42Y75  r10_reg[13]/C
Min Period        n/a     FDRE/C   n/a            1.000         5.579       4.579      SLICE_X42Y75  r10_reg[14]/C
Min Period        n/a     FDRE/C   n/a            1.000         5.579       4.579      SLICE_X42Y75  r10_reg[15]/C
Min Period        n/a     FDRE/C   n/a            1.000         5.579       4.579      SLICE_X42Y72  r10_reg[1]/C
Min Period        n/a     FDRE/C   n/a            1.000         5.579       4.579      SLICE_X42Y72  r10_reg[2]/C
Min Period        n/a     FDRE/C   n/a            1.000         5.579       4.579      SLICE_X42Y72  r10_reg[3]/C
Low Pulse Width   Slow    FDRE/C   n/a            0.500         2.789       2.289      SLICE_X34Y74  r10_reg[0]/C
Low Pulse Width   Fast    FDRE/C   n/a            0.500         2.789       2.289      SLICE_X34Y74  r10_reg[0]/C
Low Pulse Width   Slow    FDRE/C   n/a            0.500         2.789       2.289      SLICE_X42Y74  r10_reg[10]/C
Low Pulse Width   Fast    FDRE/C   n/a            0.500         2.789       2.289      SLICE_X42Y74  r10_reg[10]/C
Low Pulse Width   Slow    FDRE/C   n/a            0.500         2.789       2.289      SLICE_X42Y74  r10_reg[11]/C
Low Pulse Width   Fast    FDRE/C   n/a            0.500         2.789       2.289      SLICE_X42Y74  r10_reg[11]/C
Low Pulse Width   Slow    FDRE/C   n/a            0.500         2.789       2.289      SLICE_X42Y74  r10_reg[12]/C
Low Pulse Width   Fast    FDRE/C   n/a            0.500         2.789       2.289      SLICE_X42Y74  r10_reg[12]/C
Low Pulse Width   Slow    FDRE/C   n/a            0.500         2.789       2.289      SLICE_X42Y75  r10_reg[13]/C
Low Pulse Width   Fast    FDRE/C   n/a            0.500         2.789       2.289      SLICE_X42Y75  r10_reg[13]/C
High Pulse Width  Slow    FDRE/C   n/a            0.500         2.789       2.289      SLICE_X34Y74  r10_reg[0]/C
High Pulse Width  Fast    FDRE/C   n/a            0.500         2.789       2.289      SLICE_X34Y74  r10_reg[0]/C
High Pulse Width  Slow    FDRE/C   n/a            0.500         2.789       2.289      SLICE_X42Y74  r10_reg[10]/C
High Pulse Width  Fast    FDRE/C   n/a            0.500         2.789       2.289      SLICE_X42Y74  r10_reg[10]/C
High Pulse Width  Slow    FDRE/C   n/a            0.500         2.789       2.289      SLICE_X42Y74  r10_reg[11]/C
High Pulse Width  Fast    FDRE/C   n/a            0.500         2.789       2.289      SLICE_X42Y74  r10_reg[11]/C
High Pulse Width  Slow    FDRE/C   n/a            0.500         2.789       2.289      SLICE_X42Y74  r10_reg[12]/C
High Pulse Width  Fast    FDRE/C   n/a            0.500         2.789       2.289      SLICE_X42Y74  r10_reg[12]/C
High Pulse Width  Slow    FDRE/C   n/a            0.500         2.789       2.289      SLICE_X42Y75  r10_reg[13]/C
High Pulse Width  Fast    FDRE/C   n/a            0.500         2.789       2.289      SLICE_X42Y75  r10_reg[13]/C



