Copyright 1986-2022 Xilinx, Inc. All Rights Reserved. Copyright 2022-2026 Advanced Micro Devices, Inc. All Rights Reserved.
---------------------------------------------------------------------------------------------------------------------------------------------------------------------
| Tool Version : Vivado v.2026.1 (win64) Build 6511674 Tue Jun 16 11:02:23 MDT 2026
| Date         : Sat Sep 19 11:51:01 2026
| Host         : Amine running 64-bit major release  (build 9200)
| Command      : report_clocks -file C:/Users/Amine/mas/fpga-repo/comparison_pipeline_v3/artifacts/physical/evaluation/e0193/trial_011/reports/clocks_post_synth.rpt
| Design       : fir13_v6_8b
| Device       : 7z020-clg400
| Speed File   : -1  PRODUCTION 1.12 2019-11-22
| Design State : Synthesized
---------------------------------------------------------------------------------------------------------------------------------------------------------------------

Clock Report


Attributes
  P: Propagated
  G: Generated
  A: Auto-derived
  R: Renamed
  V: Virtual
  I: Inverted
  S: Pin phase-shifted with Latency mode

Clock  Period(ns)  Waveform(ns)   Attributes  Sources
vclk   4.342       {0.000 2.171}  P           {clk}


====================================================
Generated Clocks
====================================================



====================================================
User Uncertainty
====================================================



====================================================
User Jitter
====================================================


