Copyright 1986-2022 Xilinx, Inc. All Rights Reserved. Copyright 2022-2026 Advanced Micro Devices, Inc. All Rights Reserved.
-----------------------------------------------------------------------------------------------------------------------------------------------------------------------------------------------------------------------------------------------------------------------
| Tool Version : Vivado v.2026.1 (win64) Build 6511674 Tue Jun 16 11:02:23 MDT 2026
| Date         : Sat Sep 19 11:51:24 2026
| Host         : Amine running 64-bit major release  (build 9200)
| Command      : report_timing_summary -delay_type max -max_paths 10 -report_unconstrained -check_timing_verbose -warn_on_violation -file C:/Users/Amine/mas/fpga-repo/comparison_pipeline_v3/artifacts/physical/evaluation/e0193/trial_011/reports/timing_summary.rpt
| Design       : fir13_v6_8b
| Device       : 7z020-clg400
| Speed File   : -1  PRODUCTION 1.12 2019-11-22
| Design State : Routed
-----------------------------------------------------------------------------------------------------------------------------------------------------------------------------------------------------------------------------------------------------------------------

Timing Summary Report

------------------------------------------------------------------------------------------------
| Timer Settings
| --------------
------------------------------------------------------------------------------------------------

  Enable Multi Corner Analysis               :  Yes
  Enable Pessimism Removal                   :  Yes
  Pessimism Removal Resolution               :  Nearest Common Node
  Enable Input Delay Default Clock           :  No
  Enable Preset / Clear Arcs                 :  No
  Disable Flight Delays                      :  No
  Ignore I/O Paths                           :  No
  Timing Early Launch at Borrowing Latches   :  No
  Borrow Time for Max Delay Exceptions       :  Yes
  Merge Timing Exceptions                    :  Yes
  Inter-SLR Compensation                     :  Conservative

  Corner  Analyze    Analyze    
  Name    Max Paths  Min Paths  
  ------  ---------  ---------  
  Slow    Yes        Yes        
  Fast    Yes        Yes        


------------------------------------------------------------------------------------------------
| Report Methodology
| ------------------
------------------------------------------------------------------------------------------------

No report available as report_methodology has not been run prior. Run report_methodology on the current design for the summary of methodology violations.



check_timing report

Table of Contents
-----------------
1. checking no_clock (0)
2. checking constant_clock (0)
3. checking pulse_width_clock (0)
4. checking unconstrained_internal_endpoints (0)
5. checking no_input_delay (0)
6. checking no_output_delay (0)
7. checking multiple_clock (0)
8. checking generated_clocks (0)
9. checking loops (0)
10. checking partial_input_delay (0)
11. checking partial_output_delay (0)
12. checking latch_loops (0)

1. checking no_clock (0)
------------------------
 There are 0 register/latch pins with no clock.


2. checking constant_clock (0)
------------------------------
 There are 0 register/latch pins with constant_clock.


3. checking pulse_width_clock (0)
---------------------------------
 There are 0 register/latch pins which need pulse_width check


4. checking unconstrained_internal_endpoints (0)
------------------------------------------------
 There are 0 pins that are not constrained for maximum delay.

 There are 0 pins that are not constrained for maximum delay due to constant clock.


5. checking no_input_delay (0)
------------------------------
 There are 0 input ports with no input delay specified.

 There are 0 input ports with no input delay but user has a false path constraint.


6. checking no_output_delay (0)
-------------------------------
 There are 0 ports with no output delay specified.

 There are 0 ports with no output delay but user has a false path constraint

 There are 0 ports with no output delay but with a timing clock defined on it or propagating through it


7. checking multiple_clock (0)
------------------------------
 There are 0 register/latch pins with multiple clocks.


8. checking generated_clocks (0)
--------------------------------
 There are 0 generated clocks that are not connected to a clock source.


9. checking loops (0)
---------------------
 There are 0 combinational loops in the design.


10. checking partial_input_delay (0)
------------------------------------
 There are 0 input ports with partial input delay specified.


11. checking partial_output_delay (0)
-------------------------------------
 There are 0 ports with partial output delay specified.


12. checking latch_loops (0)
----------------------------
 There are 0 combinational latch loops in the design through latch input



------------------------------------------------------------------------------------------------
| Design Timing Summary
| ---------------------
------------------------------------------------------------------------------------------------

    WNS(ns)      TNS(ns)  TNS Failing Endpoints  TNS Total Endpoints     WPWS(ns)     TPWS(ns)  TPWS Failing Endpoints  TPWS Total Endpoints  
    -------      -------  ---------------------  -------------------     --------     --------  ----------------------  --------------------  
      0.007        0.000                      0                  458        1.671        0.000                       0                   221  


All user specified timing constraints are met.


------------------------------------------------------------------------------------------------
| Clock Summary
| -------------
------------------------------------------------------------------------------------------------

Clock  Waveform(ns)         Period(ns)      Frequency(MHz)
-----  ------------         ----------      --------------
vclk   {0.000 2.171}        4.342           230.309         


------------------------------------------------------------------------------------------------
| Intra Clock Table
| -----------------
------------------------------------------------------------------------------------------------

Clock             WNS(ns)      TNS(ns)  TNS Failing Endpoints  TNS Total Endpoints     WPWS(ns)     TPWS(ns)  TPWS Failing Endpoints  TPWS Total Endpoints  
-----             -------      -------  ---------------------  -------------------     --------     --------  ----------------------  --------------------  
vclk                0.007        0.000                      0                  458        1.671        0.000                       0                   221  


------------------------------------------------------------------------------------------------
| Inter Clock Table
| -----------------
------------------------------------------------------------------------------------------------

From Clock    To Clock          WNS(ns)      TNS(ns)  TNS Failing Endpoints  TNS Total Endpoints  
----------    --------          -------      -------  ---------------------  -------------------  


------------------------------------------------------------------------------------------------
| Other Path Groups Table
| -----------------------
------------------------------------------------------------------------------------------------

Path Group    From Clock    To Clock          WNS(ns)      TNS(ns)  TNS Failing Endpoints  TNS Total Endpoints  
----------    ----------    --------          -------      -------  ---------------------  -------------------  


------------------------------------------------------------------------------------------------
| User Ignored Path Table
| -----------------------
------------------------------------------------------------------------------------------------

Path Group    From Clock    To Clock    
----------    ----------    --------    


------------------------------------------------------------------------------------------------
| Unconstrained Path Table
| ------------------------
------------------------------------------------------------------------------------------------

Path Group    From Clock    To Clock    
----------    ----------    --------    


------------------------------------------------------------------------------------------------
| Timing Details
| --------------
------------------------------------------------------------------------------------------------


---------------------------------------------------------------------------------------------------
From Clock:  vclk
  To Clock:  vclk

Setup :            0  Failing Endpoints,  Worst Slack        0.007ns,  Total Violation        0.000ns
Hold  :           NA  Failing Endpoints,  Worst Slack           NA  ,  Total Violation           NA
PW    :            0  Failing Endpoints,  Worst Slack        1.671ns,  Total Violation        0.000ns
---------------------------------------------------------------------------------------------------


Max Delay Paths
--------------------------------------------------------------------------------------
Slack (MET) :             0.007ns  (required time - arrival time)
  Source:                 x[1]
                            (input port clocked by vclk  {rise@0.000ns fall@2.171ns period=4.342ns})
  Destination:            a10_reg[15]/D
                            (rising edge-triggered cell FDRE clocked by vclk  {rise@0.000ns fall@2.171ns period=4.342ns})
  Path Group:             vclk
  Path Type:              Setup (Max at Slow Process Corner)
  Requirement:            4.342ns  (vclk rise@4.342ns - vclk rise@0.000ns)
  Data Path Delay:        5.074ns  (logic 2.912ns (57.390%)  route 2.162ns (42.610%))
  Logic Levels:           9  (CARRY4=6 LUT1=1 LUT2=2)
  Input Delay:            0.000ns
  Clock Path Skew:        0.924ns (DCD - SCD + CPR)
    Destination Clock Delay (DCD):    0.924ns = ( 5.266 - 4.342 ) 
    Source Clock Delay      (SCD):    0.000ns
    Clock Pessimism Removal (CPR):    0.000ns
  Clock Uncertainty:      0.035ns  ((TSJ^2 + TIJ^2)^1/2 + DJ) / 2 + PE
    Total System Jitter     (TSJ):    0.071ns
    Total Input Jitter      (TIJ):    0.000ns
    Discrete Jitter          (DJ):    0.000ns
    Phase Error              (PE):    0.000ns

    Location             Delay type                Incr(ns)  Path(ns)    Netlist Resource(s)
  -------------------------------------------------------------------    -------------------
                         (clock vclk rise edge)       0.000     0.000 r  <hidden>
                         input delay                  0.000     0.000    <hidden>
                                                      0.000     0.000 f  x[1]
                         net (fo=42, unset)           0.973     0.973    x[1]
    SLICE_X32Y71         LUT1 (Prop_lut1_I0_O)        0.124     1.097 r  a10[3]_i_9/O
                         net (fo=1, routed)           0.000     1.097    a10[3]_i_9_n_0
    SLICE_X32Y71         CARRY4 (Prop_carry4_S[1]_CO[3])
                                                      0.533     1.630 r  a10_reg[3]_i_2/CO[3]
                         net (fo=1, routed)           0.000     1.630    a10_reg[3]_i_2_n_0
    SLICE_X32Y72         CARRY4 (Prop_carry4_CI_O[0])
                                                      0.219     1.849 r  a10_reg[15]_i_6/O[0]
                         net (fo=1, routed)           0.620     2.469    a10_reg[15]_i_6_n_7
    SLICE_X35Y71         LUT2 (Prop_lut2_I1_O)        0.295     2.764 r  a10[7]_i_9/O
                         net (fo=1, routed)           0.000     2.764    a10[7]_i_9_n_0
    SLICE_X35Y71         CARRY4 (Prop_carry4_S[1]_CO[3])
                                                      0.550     3.314 r  a10_reg[7]_i_2/CO[3]
                         net (fo=1, routed)           0.000     3.314    a10_reg[7]_i_2_n_0
    SLICE_X35Y72         CARRY4 (Prop_carry4_CI_O[2])
                                                      0.239     3.553 r  a10_reg[11]_i_2/O[2]
                         net (fo=4, routed)           0.569     4.122    a01[9]
    SLICE_X34Y72         LUT2 (Prop_lut2_I0_O)        0.302     4.424 r  a10[11]_i_5/O
                         net (fo=1, routed)           0.000     4.424    a10[11]_i_5_n_0
    SLICE_X34Y72         CARRY4 (Prop_carry4_S[1]_CO[3])
                                                      0.533     4.957 r  a10_reg[11]_i_1/CO[3]
                         net (fo=1, routed)           0.000     4.957    a10_reg[11]_i_1_n_0
    SLICE_X34Y73         CARRY4 (Prop_carry4_CI_CO[3])
                                                      0.117     5.074 r  a10_reg[15]_i_1/CO[3]
                         net (fo=1, routed)           0.000     5.074    a100[15]
    SLICE_X34Y73         FDRE                                         r  a10_reg[15]/D
  -------------------------------------------------------------------    -------------------

                         (clock vclk rise edge)       4.342     4.342 r  <hidden>
                                                      0.000     4.342 r  clk
                         net (fo=220, unset)          0.924     5.266    clk
    SLICE_X34Y73         FDRE                                         r  a10_reg[15]/C
                         clock pessimism              0.000     5.266    <hidden>
                         clock uncertainty           -0.035     5.231    <hidden>
    SLICE_X34Y73         FDRE (Setup_fdre_C_D)       -0.150     5.081    a10_reg[15]
  -------------------------------------------------------------------
                         required time                          5.081    <hidden>
                         arrival time                          -5.074    <hidden>
  -------------------------------------------------------------------
                         slack                                  0.007    <hidden>

Slack (MET) :             0.050ns  (required time - arrival time)
  Source:                 x[1]
                            (input port clocked by vclk  {rise@0.000ns fall@2.171ns period=4.342ns})
  Destination:            a0_reg[13]/D
                            (rising edge-triggered cell FDRE clocked by vclk  {rise@0.000ns fall@2.171ns period=4.342ns})
  Path Group:             vclk
  Path Type:              Setup (Max at Slow Process Corner)
  Requirement:            4.342ns  (vclk rise@4.342ns - vclk rise@0.000ns)
  Data Path Delay:        5.243ns  (logic 3.146ns (60.002%)  route 2.097ns (39.998%))
  Logic Levels:           9  (CARRY4=6 LUT1=1 LUT2=2)
  Input Delay:            0.000ns
  Clock Path Skew:        0.924ns (DCD - SCD + CPR)
    Destination Clock Delay (DCD):    0.924ns = ( 5.266 - 4.342 ) 
    Source Clock Delay      (SCD):    0.000ns
    Clock Pessimism Removal (CPR):    0.000ns
  Clock Uncertainty:      0.035ns  ((TSJ^2 + TIJ^2)^1/2 + DJ) / 2 + PE
    Total System Jitter     (TSJ):    0.071ns
    Total Input Jitter      (TIJ):    0.000ns
    Discrete Jitter          (DJ):    0.000ns
    Phase Error              (PE):    0.000ns

    Location             Delay type                Incr(ns)  Path(ns)    Netlist Resource(s)
  -------------------------------------------------------------------    -------------------
                         (clock vclk rise edge)       0.000     0.000 r  <hidden>
                         input delay                  0.000     0.000    <hidden>
                                                      0.000     0.000 f  x[1]
                         net (fo=42, unset)           0.973     0.973    x[1]
    SLICE_X32Y71         LUT1 (Prop_lut1_I0_O)        0.124     1.097 r  a10[3]_i_9/O
                         net (fo=1, routed)           0.000     1.097    a10[3]_i_9_n_0
    SLICE_X32Y71         CARRY4 (Prop_carry4_S[1]_CO[3])
                                                      0.533     1.630 r  a10_reg[3]_i_2/CO[3]
                         net (fo=1, routed)           0.000     1.630    a10_reg[3]_i_2_n_0
    SLICE_X32Y72         CARRY4 (Prop_carry4_CI_O[0])
                                                      0.219     1.849 r  a10_reg[15]_i_6/O[0]
                         net (fo=1, routed)           0.620     2.469    a10_reg[15]_i_6_n_7
    SLICE_X35Y71         LUT2 (Prop_lut2_I1_O)        0.295     2.764 r  a10[7]_i_9/O
                         net (fo=1, routed)           0.000     2.764    a10[7]_i_9_n_0
    SLICE_X35Y71         CARRY4 (Prop_carry4_S[1]_CO[3])
                                                      0.550     3.314 r  a10_reg[7]_i_2/CO[3]
                         net (fo=1, routed)           0.000     3.314    a10_reg[7]_i_2_n_0
    SLICE_X35Y72         CARRY4 (Prop_carry4_CI_O[2])
                                                      0.239     3.553 r  a10_reg[11]_i_2/O[2]
                         net (fo=4, routed)           0.504     4.057    a01[9]
    SLICE_X33Y73         LUT2 (Prop_lut2_I0_O)        0.302     4.359 r  a0[11]_i_4/O
                         net (fo=1, routed)           0.000     4.359    a0[11]_i_4_n_0
    SLICE_X33Y73         CARRY4 (Prop_carry4_S[1]_CO[3])
                                                      0.550     4.909 r  a0_reg[11]_i_1/CO[3]
                         net (fo=1, routed)           0.000     4.909    a0_reg[11]_i_1_n_0
    SLICE_X33Y74         CARRY4 (Prop_carry4_CI_O[1])
                                                      0.334     5.243 r  a0_reg[15]_i_1/O[1]
                         net (fo=1, routed)           0.000     5.243    a00[13]
    SLICE_X33Y74         FDRE                                         r  a0_reg[13]/D
  -------------------------------------------------------------------    -------------------

                         (clock vclk rise edge)       4.342     4.342 r  <hidden>
                                                      0.000     4.342 r  clk
                         net (fo=220, unset)          0.924     5.266    clk
    SLICE_X33Y74         FDRE                                         r  a0_reg[13]/C
                         clock pessimism              0.000     5.266    <hidden>
                         clock uncertainty           -0.035     5.231    <hidden>
    SLICE_X33Y74         FDRE (Setup_fdre_C_D)        0.062     5.293    a0_reg[13]
  -------------------------------------------------------------------
                         required time                          5.293    <hidden>
                         arrival time                          -5.243    <hidden>
  -------------------------------------------------------------------
                         slack                                  0.050    <hidden>

Slack (MET) :             0.060ns  (required time - arrival time)
  Source:                 x[1]
                            (input port clocked by vclk  {rise@0.000ns fall@2.171ns period=4.342ns})
  Destination:            a10_reg[13]/D
                            (rising edge-triggered cell FDRE clocked by vclk  {rise@0.000ns fall@2.171ns period=4.342ns})
  Path Group:             vclk
  Path Type:              Setup (Max at Slow Process Corner)
  Requirement:            4.342ns  (vclk rise@4.342ns - vclk rise@0.000ns)
  Data Path Delay:        5.280ns  (logic 3.118ns (59.053%)  route 2.162ns (40.947%))
  Logic Levels:           9  (CARRY4=6 LUT1=1 LUT2=2)
  Input Delay:            0.000ns
  Clock Path Skew:        0.924ns (DCD - SCD + CPR)
    Destination Clock Delay (DCD):    0.924ns = ( 5.266 - 4.342 ) 
    Source Clock Delay      (SCD):    0.000ns
    Clock Pessimism Removal (CPR):    0.000ns
  Clock Uncertainty:      0.035ns  ((TSJ^2 + TIJ^2)^1/2 + DJ) / 2 + PE
    Total System Jitter     (TSJ):    0.071ns
    Total Input Jitter      (TIJ):    0.000ns
    Discrete Jitter          (DJ):    0.000ns
    Phase Error              (PE):    0.000ns

    Location             Delay type                Incr(ns)  Path(ns)    Netlist Resource(s)
  -------------------------------------------------------------------    -------------------
                         (clock vclk rise edge)       0.000     0.000 r  <hidden>
                         input delay                  0.000     0.000    <hidden>
                                                      0.000     0.000 f  x[1]
                         net (fo=42, unset)           0.973     0.973    x[1]
    SLICE_X32Y71         LUT1 (Prop_lut1_I0_O)        0.124     1.097 r  a10[3]_i_9/O
                         net (fo=1, routed)           0.000     1.097    a10[3]_i_9_n_0
    SLICE_X32Y71         CARRY4 (Prop_carry4_S[1]_CO[3])
                                                      0.533     1.630 r  a10_reg[3]_i_2/CO[3]
                         net (fo=1, routed)           0.000     1.630    a10_reg[3]_i_2_n_0
    SLICE_X32Y72         CARRY4 (Prop_carry4_CI_O[0])
                                                      0.219     1.849 r  a10_reg[15]_i_6/O[0]
                         net (fo=1, routed)           0.620     2.469    a10_reg[15]_i_6_n_7
    SLICE_X35Y71         LUT2 (Prop_lut2_I1_O)        0.295     2.764 r  a10[7]_i_9/O
                         net (fo=1, routed)           0.000     2.764    a10[7]_i_9_n_0
    SLICE_X35Y71         CARRY4 (Prop_carry4_S[1]_CO[3])
                                                      0.550     3.314 r  a10_reg[7]_i_2/CO[3]
                         net (fo=1, routed)           0.000     3.314    a10_reg[7]_i_2_n_0
    SLICE_X35Y72         CARRY4 (Prop_carry4_CI_O[2])
                                                      0.239     3.553 r  a10_reg[11]_i_2/O[2]
                         net (fo=4, routed)           0.569     4.122    a01[9]
    SLICE_X34Y72         LUT2 (Prop_lut2_I0_O)        0.302     4.424 r  a10[11]_i_5/O
                         net (fo=1, routed)           0.000     4.424    a10[11]_i_5_n_0
    SLICE_X34Y72         CARRY4 (Prop_carry4_S[1]_CO[3])
                                                      0.533     4.957 r  a10_reg[11]_i_1/CO[3]
                         net (fo=1, routed)           0.000     4.957    a10_reg[11]_i_1_n_0
    SLICE_X34Y73         CARRY4 (Prop_carry4_CI_O[1])
                                                      0.323     5.280 r  a10_reg[15]_i_1/O[1]
                         net (fo=1, routed)           0.000     5.280    a100[13]
    SLICE_X34Y73         FDRE                                         r  a10_reg[13]/D
  -------------------------------------------------------------------    -------------------

                         (clock vclk rise edge)       4.342     4.342 r  <hidden>
                                                      0.000     4.342 r  clk
                         net (fo=220, unset)          0.924     5.266    clk
    SLICE_X34Y73         FDRE                                         r  a10_reg[13]/C
                         clock pessimism              0.000     5.266    <hidden>
                         clock uncertainty           -0.035     5.231    <hidden>
    SLICE_X34Y73         FDRE (Setup_fdre_C_D)        0.109     5.340    a10_reg[13]
  -------------------------------------------------------------------
                         required time                          5.340    <hidden>
                         arrival time                          -5.280    <hidden>
  -------------------------------------------------------------------
                         slack                                  0.060    <hidden>

Slack (MET) :             0.071ns  (required time - arrival time)
  Source:                 x[1]
                            (input port clocked by vclk  {rise@0.000ns fall@2.171ns period=4.342ns})
  Destination:            a0_reg[15]/D
                            (rising edge-triggered cell FDRE clocked by vclk  {rise@0.000ns fall@2.171ns period=4.342ns})
  Path Group:             vclk
  Path Type:              Setup (Max at Slow Process Corner)
  Requirement:            4.342ns  (vclk rise@4.342ns - vclk rise@0.000ns)
  Data Path Delay:        5.222ns  (logic 3.125ns (59.841%)  route 2.097ns (40.159%))
  Logic Levels:           9  (CARRY4=6 LUT1=1 LUT2=2)
  Input Delay:            0.000ns
  Clock Path Skew:        0.924ns (DCD - SCD + CPR)
    Destination Clock Delay (DCD):    0.924ns = ( 5.266 - 4.342 ) 
    Source Clock Delay      (SCD):    0.000ns
    Clock Pessimism Removal (CPR):    0.000ns
  Clock Uncertainty:      0.035ns  ((TSJ^2 + TIJ^2)^1/2 + DJ) / 2 + PE
    Total System Jitter     (TSJ):    0.071ns
    Total Input Jitter      (TIJ):    0.000ns
    Discrete Jitter          (DJ):    0.000ns
    Phase Error              (PE):    0.000ns

    Location             Delay type                Incr(ns)  Path(ns)    Netlist Resource(s)
  -------------------------------------------------------------------    -------------------
                         (clock vclk rise edge)       0.000     0.000 r  <hidden>
                         input delay                  0.000     0.000    <hidden>
                                                      0.000     0.000 f  x[1]
                         net (fo=42, unset)           0.973     0.973    x[1]
    SLICE_X32Y71         LUT1 (Prop_lut1_I0_O)        0.124     1.097 r  a10[3]_i_9/O
                         net (fo=1, routed)           0.000     1.097    a10[3]_i_9_n_0
    SLICE_X32Y71         CARRY4 (Prop_carry4_S[1]_CO[3])
                                                      0.533     1.630 r  a10_reg[3]_i_2/CO[3]
                         net (fo=1, routed)           0.000     1.630    a10_reg[3]_i_2_n_0
    SLICE_X32Y72         CARRY4 (Prop_carry4_CI_O[0])
                                                      0.219     1.849 r  a10_reg[15]_i_6/O[0]
                         net (fo=1, routed)           0.620     2.469    a10_reg[15]_i_6_n_7
    SLICE_X35Y71         LUT2 (Prop_lut2_I1_O)        0.295     2.764 r  a10[7]_i_9/O
                         net (fo=1, routed)           0.000     2.764    a10[7]_i_9_n_0
    SLICE_X35Y71         CARRY4 (Prop_carry4_S[1]_CO[3])
                                                      0.550     3.314 r  a10_reg[7]_i_2/CO[3]
                         net (fo=1, routed)           0.000     3.314    a10_reg[7]_i_2_n_0
    SLICE_X35Y72         CARRY4 (Prop_carry4_CI_O[2])
                                                      0.239     3.553 r  a10_reg[11]_i_2/O[2]
                         net (fo=4, routed)           0.504     4.057    a01[9]
    SLICE_X33Y73         LUT2 (Prop_lut2_I0_O)        0.302     4.359 r  a0[11]_i_4/O
                         net (fo=1, routed)           0.000     4.359    a0[11]_i_4_n_0
    SLICE_X33Y73         CARRY4 (Prop_carry4_S[1]_CO[3])
                                                      0.550     4.909 r  a0_reg[11]_i_1/CO[3]
                         net (fo=1, routed)           0.000     4.909    a0_reg[11]_i_1_n_0
    SLICE_X33Y74         CARRY4 (Prop_carry4_CI_O[3])
                                                      0.313     5.222 r  a0_reg[15]_i_1/O[3]
                         net (fo=1, routed)           0.000     5.222    a00[15]
    SLICE_X33Y74         FDRE                                         r  a0_reg[15]/D
  -------------------------------------------------------------------    -------------------

                         (clock vclk rise edge)       4.342     4.342 r  <hidden>
                                                      0.000     4.342 r  clk
                         net (fo=220, unset)          0.924     5.266    clk
    SLICE_X33Y74         FDRE                                         r  a0_reg[15]/C
                         clock pessimism              0.000     5.266    <hidden>
                         clock uncertainty           -0.035     5.231    <hidden>
    SLICE_X33Y74         FDRE (Setup_fdre_C_D)        0.062     5.293    a0_reg[15]
  -------------------------------------------------------------------
                         required time                          5.293    <hidden>
                         arrival time                          -5.222    <hidden>
  -------------------------------------------------------------------
                         slack                                  0.071    <hidden>

Slack (MET) :             0.144ns  (required time - arrival time)
  Source:                 x[1]
                            (input port clocked by vclk  {rise@0.000ns fall@2.171ns period=4.342ns})
  Destination:            a10_reg[14]/D
                            (rising edge-triggered cell FDRE clocked by vclk  {rise@0.000ns fall@2.171ns period=4.342ns})
  Path Group:             vclk
  Path Type:              Setup (Max at Slow Process Corner)
  Requirement:            4.342ns  (vclk rise@4.342ns - vclk rise@0.000ns)
  Data Path Delay:        5.196ns  (logic 3.034ns (58.391%)  route 2.162ns (41.609%))
  Logic Levels:           9  (CARRY4=6 LUT1=1 LUT2=2)
  Input Delay:            0.000ns
  Clock Path Skew:        0.924ns (DCD - SCD + CPR)
    Destination Clock Delay (DCD):    0.924ns = ( 5.266 - 4.342 ) 
    Source Clock Delay      (SCD):    0.000ns
    Clock Pessimism Removal (CPR):    0.000ns
  Clock Uncertainty:      0.035ns  ((TSJ^2 + TIJ^2)^1/2 + DJ) / 2 + PE
    Total System Jitter     (TSJ):    0.071ns
    Total Input Jitter      (TIJ):    0.000ns
    Discrete Jitter          (DJ):    0.000ns
    Phase Error              (PE):    0.000ns

    Location             Delay type                Incr(ns)  Path(ns)    Netlist Resource(s)
  -------------------------------------------------------------------    -------------------
                         (clock vclk rise edge)       0.000     0.000 r  <hidden>
                         input delay                  0.000     0.000    <hidden>
                                                      0.000     0.000 f  x[1]
                         net (fo=42, unset)           0.973     0.973    x[1]
    SLICE_X32Y71         LUT1 (Prop_lut1_I0_O)        0.124     1.097 r  a10[3]_i_9/O
                         net (fo=1, routed)           0.000     1.097    a10[3]_i_9_n_0
    SLICE_X32Y71         CARRY4 (Prop_carry4_S[1]_CO[3])
                                                      0.533     1.630 r  a10_reg[3]_i_2/CO[3]
                         net (fo=1, routed)           0.000     1.630    a10_reg[3]_i_2_n_0
    SLICE_X32Y72         CARRY4 (Prop_carry4_CI_O[0])
                                                      0.219     1.849 r  a10_reg[15]_i_6/O[0]
                         net (fo=1, routed)           0.620     2.469    a10_reg[15]_i_6_n_7
    SLICE_X35Y71         LUT2 (Prop_lut2_I1_O)        0.295     2.764 r  a10[7]_i_9/O
                         net (fo=1, routed)           0.000     2.764    a10[7]_i_9_n_0
    SLICE_X35Y71         CARRY4 (Prop_carry4_S[1]_CO[3])
                                                      0.550     3.314 r  a10_reg[7]_i_2/CO[3]
                         net (fo=1, routed)           0.000     3.314    a10_reg[7]_i_2_n_0
    SLICE_X35Y72         CARRY4 (Prop_carry4_CI_O[2])
                                                      0.239     3.553 r  a10_reg[11]_i_2/O[2]
                         net (fo=4, routed)           0.569     4.122    a01[9]
    SLICE_X34Y72         LUT2 (Prop_lut2_I0_O)        0.302     4.424 r  a10[11]_i_5/O
                         net (fo=1, routed)           0.000     4.424    a10[11]_i_5_n_0
    SLICE_X34Y72         CARRY4 (Prop_carry4_S[1]_CO[3])
                                                      0.533     4.957 r  a10_reg[11]_i_1/CO[3]
                         net (fo=1, routed)           0.000     4.957    a10_reg[11]_i_1_n_0
    SLICE_X34Y73         CARRY4 (Prop_carry4_CI_O[2])
                                                      0.239     5.196 r  a10_reg[15]_i_1/O[2]
                         net (fo=1, routed)           0.000     5.196    a100[14]
    SLICE_X34Y73         FDRE                                         r  a10_reg[14]/D
  -------------------------------------------------------------------    -------------------

                         (clock vclk rise edge)       4.342     4.342 r  <hidden>
                                                      0.000     4.342 r  clk
                         net (fo=220, unset)          0.924     5.266    clk
    SLICE_X34Y73         FDRE                                         r  a10_reg[14]/C
                         clock pessimism              0.000     5.266    <hidden>
                         clock uncertainty           -0.035     5.231    <hidden>
    SLICE_X34Y73         FDRE (Setup_fdre_C_D)        0.109     5.340    a10_reg[14]
  -------------------------------------------------------------------
                         required time                          5.340    <hidden>
                         arrival time                          -5.196    <hidden>
  -------------------------------------------------------------------
                         slack                                  0.144    <hidden>

Slack (MET) :             0.145ns  (required time - arrival time)
  Source:                 x[1]
                            (input port clocked by vclk  {rise@0.000ns fall@2.171ns period=4.342ns})
  Destination:            a0_reg[14]/D
                            (rising edge-triggered cell FDRE clocked by vclk  {rise@0.000ns fall@2.171ns period=4.342ns})
  Path Group:             vclk
  Path Type:              Setup (Max at Slow Process Corner)
  Requirement:            4.342ns  (vclk rise@4.342ns - vclk rise@0.000ns)
  Data Path Delay:        5.148ns  (logic 3.051ns (59.264%)  route 2.097ns (40.736%))
  Logic Levels:           9  (CARRY4=6 LUT1=1 LUT2=2)
  Input Delay:            0.000ns
  Clock Path Skew:        0.924ns (DCD - SCD + CPR)
    Destination Clock Delay (DCD):    0.924ns = ( 5.266 - 4.342 ) 
    Source Clock Delay      (SCD):    0.000ns
    Clock Pessimism Removal (CPR):    0.000ns
  Clock Uncertainty:      0.035ns  ((TSJ^2 + TIJ^2)^1/2 + DJ) / 2 + PE
    Total System Jitter     (TSJ):    0.071ns
    Total Input Jitter      (TIJ):    0.000ns
    Discrete Jitter          (DJ):    0.000ns
    Phase Error              (PE):    0.000ns

    Location             Delay type                Incr(ns)  Path(ns)    Netlist Resource(s)
  -------------------------------------------------------------------    -------------------
                         (clock vclk rise edge)       0.000     0.000 r  <hidden>
                         input delay                  0.000     0.000    <hidden>
                                                      0.000     0.000 f  x[1]
                         net (fo=42, unset)           0.973     0.973    x[1]
    SLICE_X32Y71         LUT1 (Prop_lut1_I0_O)        0.124     1.097 r  a10[3]_i_9/O
                         net (fo=1, routed)           0.000     1.097    a10[3]_i_9_n_0
    SLICE_X32Y71         CARRY4 (Prop_carry4_S[1]_CO[3])
                                                      0.533     1.630 r  a10_reg[3]_i_2/CO[3]
                         net (fo=1, routed)           0.000     1.630    a10_reg[3]_i_2_n_0
    SLICE_X32Y72         CARRY4 (Prop_carry4_CI_O[0])
                                                      0.219     1.849 r  a10_reg[15]_i_6/O[0]
                         net (fo=1, routed)           0.620     2.469    a10_reg[15]_i_6_n_7
    SLICE_X35Y71         LUT2 (Prop_lut2_I1_O)        0.295     2.764 r  a10[7]_i_9/O
                         net (fo=1, routed)           0.000     2.764    a10[7]_i_9_n_0
    SLICE_X35Y71         CARRY4 (Prop_carry4_S[1]_CO[3])
                                                      0.550     3.314 r  a10_reg[7]_i_2/CO[3]
                         net (fo=1, routed)           0.000     3.314    a10_reg[7]_i_2_n_0
    SLICE_X35Y72         CARRY4 (Prop_carry4_CI_O[2])
                                                      0.239     3.553 r  a10_reg[11]_i_2/O[2]
                         net (fo=4, routed)           0.504     4.057    a01[9]
    SLICE_X33Y73         LUT2 (Prop_lut2_I0_O)        0.302     4.359 r  a0[11]_i_4/O
                         net (fo=1, routed)           0.000     4.359    a0[11]_i_4_n_0
    SLICE_X33Y73         CARRY4 (Prop_carry4_S[1]_CO[3])
                                                      0.550     4.909 r  a0_reg[11]_i_1/CO[3]
                         net (fo=1, routed)           0.000     4.909    a0_reg[11]_i_1_n_0
    SLICE_X33Y74         CARRY4 (Prop_carry4_CI_O[2])
                                                      0.239     5.148 r  a0_reg[15]_i_1/O[2]
                         net (fo=1, routed)           0.000     5.148    a00[14]
    SLICE_X33Y74         FDRE                                         r  a0_reg[14]/D
  -------------------------------------------------------------------    -------------------

                         (clock vclk rise edge)       4.342     4.342 r  <hidden>
                                                      0.000     4.342 r  clk
                         net (fo=220, unset)          0.924     5.266    clk
    SLICE_X33Y74         FDRE                                         r  a0_reg[14]/C
                         clock pessimism              0.000     5.266    <hidden>
                         clock uncertainty           -0.035     5.231    <hidden>
    SLICE_X33Y74         FDRE (Setup_fdre_C_D)        0.062     5.293    a0_reg[14]
  -------------------------------------------------------------------
                         required time                          5.293    <hidden>
                         arrival time                          -5.148    <hidden>
  -------------------------------------------------------------------
                         slack                                  0.145    <hidden>

Slack (MET) :             0.161ns  (required time - arrival time)
  Source:                 x[1]
                            (input port clocked by vclk  {rise@0.000ns fall@2.171ns period=4.342ns})
  Destination:            a0_reg[12]/D
                            (rising edge-triggered cell FDRE clocked by vclk  {rise@0.000ns fall@2.171ns period=4.342ns})
  Path Group:             vclk
  Path Type:              Setup (Max at Slow Process Corner)
  Requirement:            4.342ns  (vclk rise@4.342ns - vclk rise@0.000ns)
  Data Path Delay:        5.132ns  (logic 3.035ns (59.137%)  route 2.097ns (40.863%))
  Logic Levels:           9  (CARRY4=6 LUT1=1 LUT2=2)
  Input Delay:            0.000ns
  Clock Path Skew:        0.924ns (DCD - SCD + CPR)
    Destination Clock Delay (DCD):    0.924ns = ( 5.266 - 4.342 ) 
    Source Clock Delay      (SCD):    0.000ns
    Clock Pessimism Removal (CPR):    0.000ns
  Clock Uncertainty:      0.035ns  ((TSJ^2 + TIJ^2)^1/2 + DJ) / 2 + PE
    Total System Jitter     (TSJ):    0.071ns
    Total Input Jitter      (TIJ):    0.000ns
    Discrete Jitter          (DJ):    0.000ns
    Phase Error              (PE):    0.000ns

    Location             Delay type                Incr(ns)  Path(ns)    Netlist Resource(s)
  -------------------------------------------------------------------    -------------------
                         (clock vclk rise edge)       0.000     0.000 r  <hidden>
                         input delay                  0.000     0.000    <hidden>
                                                      0.000     0.000 f  x[1]
                         net (fo=42, unset)           0.973     0.973    x[1]
    SLICE_X32Y71         LUT1 (Prop_lut1_I0_O)        0.124     1.097 r  a10[3]_i_9/O
                         net (fo=1, routed)           0.000     1.097    a10[3]_i_9_n_0
    SLICE_X32Y71         CARRY4 (Prop_carry4_S[1]_CO[3])
                                                      0.533     1.630 r  a10_reg[3]_i_2/CO[3]
                         net (fo=1, routed)           0.000     1.630    a10_reg[3]_i_2_n_0
    SLICE_X32Y72         CARRY4 (Prop_carry4_CI_O[0])
                                                      0.219     1.849 r  a10_reg[15]_i_6/O[0]
                         net (fo=1, routed)           0.620     2.469    a10_reg[15]_i_6_n_7
    SLICE_X35Y71         LUT2 (Prop_lut2_I1_O)        0.295     2.764 r  a10[7]_i_9/O
                         net (fo=1, routed)           0.000     2.764    a10[7]_i_9_n_0
    SLICE_X35Y71         CARRY4 (Prop_carry4_S[1]_CO[3])
                                                      0.550     3.314 r  a10_reg[7]_i_2/CO[3]
                         net (fo=1, routed)           0.000     3.314    a10_reg[7]_i_2_n_0
    SLICE_X35Y72         CARRY4 (Prop_carry4_CI_O[2])
                                                      0.239     3.553 r  a10_reg[11]_i_2/O[2]
                         net (fo=4, routed)           0.504     4.057    a01[9]
    SLICE_X33Y73         LUT2 (Prop_lut2_I0_O)        0.302     4.359 r  a0[11]_i_4/O
                         net (fo=1, routed)           0.000     4.359    a0[11]_i_4_n_0
    SLICE_X33Y73         CARRY4 (Prop_carry4_S[1]_CO[3])
                                                      0.550     4.909 r  a0_reg[11]_i_1/CO[3]
                         net (fo=1, routed)           0.000     4.909    a0_reg[11]_i_1_n_0
    SLICE_X33Y74         CARRY4 (Prop_carry4_CI_O[0])
                                                      0.223     5.132 r  a0_reg[15]_i_1/O[0]
                         net (fo=1, routed)           0.000     5.132    a00[12]
    SLICE_X33Y74         FDRE                                         r  a0_reg[12]/D
  -------------------------------------------------------------------    -------------------

                         (clock vclk rise edge)       4.342     4.342 r  <hidden>
                                                      0.000     4.342 r  clk
                         net (fo=220, unset)          0.924     5.266    clk
    SLICE_X33Y74         FDRE                                         r  a0_reg[12]/C
                         clock pessimism              0.000     5.266    <hidden>
                         clock uncertainty           -0.035     5.231    <hidden>
    SLICE_X33Y74         FDRE (Setup_fdre_C_D)        0.062     5.293    a0_reg[12]
  -------------------------------------------------------------------
                         required time                          5.293    <hidden>
                         arrival time                          -5.132    <hidden>
  -------------------------------------------------------------------
                         slack                                  0.161    <hidden>

Slack (MET) :             0.164ns  (required time - arrival time)
  Source:                 x[1]
                            (input port clocked by vclk  {rise@0.000ns fall@2.171ns period=4.342ns})
  Destination:            a10_reg[12]/D
                            (rising edge-triggered cell FDRE clocked by vclk  {rise@0.000ns fall@2.171ns period=4.342ns})
  Path Group:             vclk
  Path Type:              Setup (Max at Slow Process Corner)
  Requirement:            4.342ns  (vclk rise@4.342ns - vclk rise@0.000ns)
  Data Path Delay:        5.176ns  (logic 3.014ns (58.230%)  route 2.162ns (41.770%))
  Logic Levels:           9  (CARRY4=6 LUT1=1 LUT2=2)
  Input Delay:            0.000ns
  Clock Path Skew:        0.924ns (DCD - SCD + CPR)
    Destination Clock Delay (DCD):    0.924ns = ( 5.266 - 4.342 ) 
    Source Clock Delay      (SCD):    0.000ns
    Clock Pessimism Removal (CPR):    0.000ns
  Clock Uncertainty:      0.035ns  ((TSJ^2 + TIJ^2)^1/2 + DJ) / 2 + PE
    Total System Jitter     (TSJ):    0.071ns
    Total Input Jitter      (TIJ):    0.000ns
    Discrete Jitter          (DJ):    0.000ns
    Phase Error              (PE):    0.000ns

    Location             Delay type                Incr(ns)  Path(ns)    Netlist Resource(s)
  -------------------------------------------------------------------    -------------------
                         (clock vclk rise edge)       0.000     0.000 r  <hidden>
                         input delay                  0.000     0.000    <hidden>
                                                      0.000     0.000 f  x[1]
                         net (fo=42, unset)           0.973     0.973    x[1]
    SLICE_X32Y71         LUT1 (Prop_lut1_I0_O)        0.124     1.097 r  a10[3]_i_9/O
                         net (fo=1, routed)           0.000     1.097    a10[3]_i_9_n_0
    SLICE_X32Y71         CARRY4 (Prop_carry4_S[1]_CO[3])
                                                      0.533     1.630 r  a10_reg[3]_i_2/CO[3]
                         net (fo=1, routed)           0.000     1.630    a10_reg[3]_i_2_n_0
    SLICE_X32Y72         CARRY4 (Prop_carry4_CI_O[0])
                                                      0.219     1.849 r  a10_reg[15]_i_6/O[0]
                         net (fo=1, routed)           0.620     2.469    a10_reg[15]_i_6_n_7
    SLICE_X35Y71         LUT2 (Prop_lut2_I1_O)        0.295     2.764 r  a10[7]_i_9/O
                         net (fo=1, routed)           0.000     2.764    a10[7]_i_9_n_0
    SLICE_X35Y71         CARRY4 (Prop_carry4_S[1]_CO[3])
                                                      0.550     3.314 r  a10_reg[7]_i_2/CO[3]
                         net (fo=1, routed)           0.000     3.314    a10_reg[7]_i_2_n_0
    SLICE_X35Y72         CARRY4 (Prop_carry4_CI_O[2])
                                                      0.239     3.553 r  a10_reg[11]_i_2/O[2]
                         net (fo=4, routed)           0.569     4.122    a01[9]
    SLICE_X34Y72         LUT2 (Prop_lut2_I0_O)        0.302     4.424 r  a10[11]_i_5/O
                         net (fo=1, routed)           0.000     4.424    a10[11]_i_5_n_0
    SLICE_X34Y72         CARRY4 (Prop_carry4_S[1]_CO[3])
                                                      0.533     4.957 r  a10_reg[11]_i_1/CO[3]
                         net (fo=1, routed)           0.000     4.957    a10_reg[11]_i_1_n_0
    SLICE_X34Y73         CARRY4 (Prop_carry4_CI_O[0])
                                                      0.219     5.176 r  a10_reg[15]_i_1/O[0]
                         net (fo=1, routed)           0.000     5.176    a100[12]
    SLICE_X34Y73         FDRE                                         r  a10_reg[12]/D
  -------------------------------------------------------------------    -------------------

                         (clock vclk rise edge)       4.342     4.342 r  <hidden>
                                                      0.000     4.342 r  clk
                         net (fo=220, unset)          0.924     5.266    clk
    SLICE_X34Y73         FDRE                                         r  a10_reg[12]/C
                         clock pessimism              0.000     5.266    <hidden>
                         clock uncertainty           -0.035     5.231    <hidden>
    SLICE_X34Y73         FDRE (Setup_fdre_C_D)        0.109     5.340    a10_reg[12]
  -------------------------------------------------------------------
                         required time                          5.340    <hidden>
                         arrival time                          -5.176    <hidden>
  -------------------------------------------------------------------
                         slack                                  0.164    <hidden>

Slack (MET) :             0.256ns  (required time - arrival time)
  Source:                 x[1]
                            (input port clocked by vclk  {rise@0.000ns fall@2.171ns period=4.342ns})
  Destination:            a0_reg[9]/D
                            (rising edge-triggered cell FDRE clocked by vclk  {rise@0.000ns fall@2.171ns period=4.342ns})
  Path Group:             vclk
  Path Type:              Setup (Max at Slow Process Corner)
  Requirement:            4.342ns  (vclk rise@4.342ns - vclk rise@0.000ns)
  Data Path Delay:        5.037ns  (logic 2.937ns (58.308%)  route 2.100ns (41.692%))
  Logic Levels:           8  (CARRY4=5 LUT1=1 LUT2=2)
  Input Delay:            0.000ns
  Clock Path Skew:        0.924ns (DCD - SCD + CPR)
    Destination Clock Delay (DCD):    0.924ns = ( 5.266 - 4.342 ) 
    Source Clock Delay      (SCD):    0.000ns
    Clock Pessimism Removal (CPR):    0.000ns
  Clock Uncertainty:      0.035ns  ((TSJ^2 + TIJ^2)^1/2 + DJ) / 2 + PE
    Total System Jitter     (TSJ):    0.071ns
    Total Input Jitter      (TIJ):    0.000ns
    Discrete Jitter          (DJ):    0.000ns
    Phase Error              (PE):    0.000ns

    Location             Delay type                Incr(ns)  Path(ns)    Netlist Resource(s)
  -------------------------------------------------------------------    -------------------
                         (clock vclk rise edge)       0.000     0.000 r  <hidden>
                         input delay                  0.000     0.000    <hidden>
                                                      0.000     0.000 f  x[1]
                         net (fo=42, unset)           0.973     0.973    x[1]
    SLICE_X32Y71         LUT1 (Prop_lut1_I0_O)        0.124     1.097 r  a10[3]_i_9/O
                         net (fo=1, routed)           0.000     1.097    a10[3]_i_9_n_0
    SLICE_X32Y71         CARRY4 (Prop_carry4_S[1]_CO[3])
                                                      0.533     1.630 r  a10_reg[3]_i_2/CO[3]
                         net (fo=1, routed)           0.000     1.630    a10_reg[3]_i_2_n_0
    SLICE_X32Y72         CARRY4 (Prop_carry4_CI_O[0])
                                                      0.219     1.849 r  a10_reg[15]_i_6/O[0]
                         net (fo=1, routed)           0.620     2.469    a10_reg[15]_i_6_n_7
    SLICE_X35Y71         LUT2 (Prop_lut2_I1_O)        0.295     2.764 r  a10[7]_i_9/O
                         net (fo=1, routed)           0.000     2.764    a10[7]_i_9_n_0
    SLICE_X35Y71         CARRY4 (Prop_carry4_S[1]_O[2])
                                                      0.580     3.344 r  a10_reg[7]_i_2/O[2]
                         net (fo=4, routed)           0.507     3.851    a01[5]
    SLICE_X33Y72         LUT2 (Prop_lut2_I0_O)        0.302     4.153 r  a0[7]_i_4/O
                         net (fo=1, routed)           0.000     4.153    a0[7]_i_4_n_0
    SLICE_X33Y72         CARRY4 (Prop_carry4_S[1]_CO[3])
                                                      0.550     4.703 r  a0_reg[7]_i_1/CO[3]
                         net (fo=1, routed)           0.000     4.703    a0_reg[7]_i_1_n_0
    SLICE_X33Y73         CARRY4 (Prop_carry4_CI_O[1])
                                                      0.334     5.037 r  a0_reg[11]_i_1/O[1]
                         net (fo=1, routed)           0.000     5.037    a00[9]
    SLICE_X33Y73         FDRE                                         r  a0_reg[9]/D
  -------------------------------------------------------------------    -------------------

                         (clock vclk rise edge)       4.342     4.342 r  <hidden>
                                                      0.000     4.342 r  clk
                         net (fo=220, unset)          0.924     5.266    clk
    SLICE_X33Y73         FDRE                                         r  a0_reg[9]/C
                         clock pessimism              0.000     5.266    <hidden>
                         clock uncertainty           -0.035     5.231    <hidden>
    SLICE_X33Y73         FDRE (Setup_fdre_C_D)        0.062     5.293    a0_reg[9]
  -------------------------------------------------------------------
                         required time                          5.293    <hidden>
                         arrival time                          -5.037    <hidden>
  -------------------------------------------------------------------
                         slack                                  0.256    <hidden>

Slack (MET) :             0.269ns  (required time - arrival time)
  Source:                 x[1]
                            (input port clocked by vclk  {rise@0.000ns fall@2.171ns period=4.342ns})
  Destination:            a10_reg[9]/D
                            (rising edge-triggered cell FDRE clocked by vclk  {rise@0.000ns fall@2.171ns period=4.342ns})
  Path Group:             vclk
  Path Type:              Setup (Max at Slow Process Corner)
  Requirement:            4.342ns  (vclk rise@4.342ns - vclk rise@0.000ns)
  Data Path Delay:        5.071ns  (logic 2.909ns (57.366%)  route 2.162ns (42.634%))
  Logic Levels:           8  (CARRY4=5 LUT1=1 LUT2=2)
  Input Delay:            0.000ns
  Clock Path Skew:        0.924ns (DCD - SCD + CPR)
    Destination Clock Delay (DCD):    0.924ns = ( 5.266 - 4.342 ) 
    Source Clock Delay      (SCD):    0.000ns
    Clock Pessimism Removal (CPR):    0.000ns
  Clock Uncertainty:      0.035ns  ((TSJ^2 + TIJ^2)^1/2 + DJ) / 2 + PE
    Total System Jitter     (TSJ):    0.071ns
    Total Input Jitter      (TIJ):    0.000ns
    Discrete Jitter          (DJ):    0.000ns
    Phase Error              (PE):    0.000ns

    Location             Delay type                Incr(ns)  Path(ns)    Netlist Resource(s)
  -------------------------------------------------------------------    -------------------
                         (clock vclk rise edge)       0.000     0.000 r  <hidden>
                         input delay                  0.000     0.000    <hidden>
                                                      0.000     0.000 f  x[1]
                         net (fo=42, unset)           0.973     0.973    x[1]
    SLICE_X32Y71         LUT1 (Prop_lut1_I0_O)        0.124     1.097 r  a10[3]_i_9/O
                         net (fo=1, routed)           0.000     1.097    a10[3]_i_9_n_0
    SLICE_X32Y71         CARRY4 (Prop_carry4_S[1]_CO[3])
                                                      0.533     1.630 r  a10_reg[3]_i_2/CO[3]
                         net (fo=1, routed)           0.000     1.630    a10_reg[3]_i_2_n_0
    SLICE_X32Y72         CARRY4 (Prop_carry4_CI_O[0])
                                                      0.219     1.849 r  a10_reg[15]_i_6/O[0]
                         net (fo=1, routed)           0.620     2.469    a10_reg[15]_i_6_n_7
    SLICE_X35Y71         LUT2 (Prop_lut2_I1_O)        0.295     2.764 r  a10[7]_i_9/O
                         net (fo=1, routed)           0.000     2.764    a10[7]_i_9_n_0
    SLICE_X35Y71         CARRY4 (Prop_carry4_S[1]_O[2])
                                                      0.580     3.344 r  a10_reg[7]_i_2/O[2]
                         net (fo=4, routed)           0.569     3.913    a01[5]
    SLICE_X34Y71         LUT2 (Prop_lut2_I0_O)        0.302     4.215 r  a10[7]_i_5/O
                         net (fo=1, routed)           0.000     4.215    a10[7]_i_5_n_0
    SLICE_X34Y71         CARRY4 (Prop_carry4_S[1]_CO[3])
                                                      0.533     4.748 r  a10_reg[7]_i_1/CO[3]
                         net (fo=1, routed)           0.000     4.748    a10_reg[7]_i_1_n_0
    SLICE_X34Y72         CARRY4 (Prop_carry4_CI_O[1])
                                                      0.323     5.071 r  a10_reg[11]_i_1/O[1]
                         net (fo=1, routed)           0.000     5.071    a100[9]
    SLICE_X34Y72         FDRE                                         r  a10_reg[9]/D
  -------------------------------------------------------------------    -------------------

                         (clock vclk rise edge)       4.342     4.342 r  <hidden>
                                                      0.000     4.342 r  clk
                         net (fo=220, unset)          0.924     5.266    clk
    SLICE_X34Y72         FDRE                                         r  a10_reg[9]/C
                         clock pessimism              0.000     5.266    <hidden>
                         clock uncertainty           -0.035     5.231    <hidden>
    SLICE_X34Y72         FDRE (Setup_fdre_C_D)        0.109     5.340    a10_reg[9]
  -------------------------------------------------------------------
                         required time                          5.340    <hidden>
                         arrival time                          -5.071    <hidden>
  -------------------------------------------------------------------
                         slack                                  0.269    <hidden>





Pulse Width Checks
--------------------------------------------------------------------------------------
Clock Name:         vclk
Waveform(ns):       { 0.000 2.171 }
Period(ns):         4.342
Sources:            { clk }

Check Type        Corner  Lib Pin  Reference Pin  Required(ns)  Actual(ns)  Slack(ns)  Location      Pin
Min Period        n/a     FDRE/C   n/a            1.000         4.342       3.342      SLICE_X33Y71  a0_reg[0]/C
Min Period        n/a     FDRE/C   n/a            1.000         4.342       3.342      SLICE_X33Y73  a0_reg[10]/C
Min Period        n/a     FDRE/C   n/a            1.000         4.342       3.342      SLICE_X33Y73  a0_reg[11]/C
Min Period        n/a     FDRE/C   n/a            1.000         4.342       3.342      SLICE_X33Y74  a0_reg[12]/C
Min Period        n/a     FDRE/C   n/a            1.000         4.342       3.342      SLICE_X33Y74  a0_reg[13]/C
Min Period        n/a     FDRE/C   n/a            1.000         4.342       3.342      SLICE_X33Y74  a0_reg[14]/C
Min Period        n/a     FDRE/C   n/a            1.000         4.342       3.342      SLICE_X33Y74  a0_reg[15]/C
Min Period        n/a     FDRE/C   n/a            1.000         4.342       3.342      SLICE_X33Y71  a0_reg[1]/C
Min Period        n/a     FDRE/C   n/a            1.000         4.342       3.342      SLICE_X33Y71  a0_reg[2]/C
Min Period        n/a     FDRE/C   n/a            1.000         4.342       3.342      SLICE_X33Y71  a0_reg[3]/C
Low Pulse Width   Slow    FDRE/C   n/a            0.500         2.171       1.671      SLICE_X33Y71  a0_reg[0]/C
Low Pulse Width   Fast    FDRE/C   n/a            0.500         2.171       1.671      SLICE_X33Y71  a0_reg[0]/C
Low Pulse Width   Slow    FDRE/C   n/a            0.500         2.171       1.671      SLICE_X33Y73  a0_reg[10]/C
Low Pulse Width   Fast    FDRE/C   n/a            0.500         2.171       1.671      SLICE_X33Y73  a0_reg[10]/C
Low Pulse Width   Slow    FDRE/C   n/a            0.500         2.171       1.671      SLICE_X33Y73  a0_reg[11]/C
Low Pulse Width   Fast    FDRE/C   n/a            0.500         2.171       1.671      SLICE_X33Y73  a0_reg[11]/C
Low Pulse Width   Slow    FDRE/C   n/a            0.500         2.171       1.671      SLICE_X33Y74  a0_reg[12]/C
Low Pulse Width   Fast    FDRE/C   n/a            0.500         2.171       1.671      SLICE_X33Y74  a0_reg[12]/C
Low Pulse Width   Slow    FDRE/C   n/a            0.500         2.171       1.671      SLICE_X33Y74  a0_reg[13]/C
Low Pulse Width   Fast    FDRE/C   n/a            0.500         2.171       1.671      SLICE_X33Y74  a0_reg[13]/C
High Pulse Width  Slow    FDRE/C   n/a            0.500         2.171       1.671      SLICE_X33Y71  a0_reg[0]/C
High Pulse Width  Fast    FDRE/C   n/a            0.500         2.171       1.671      SLICE_X33Y71  a0_reg[0]/C
High Pulse Width  Slow    FDRE/C   n/a            0.500         2.171       1.671      SLICE_X33Y73  a0_reg[10]/C
High Pulse Width  Fast    FDRE/C   n/a            0.500         2.171       1.671      SLICE_X33Y73  a0_reg[10]/C
High Pulse Width  Slow    FDRE/C   n/a            0.500         2.171       1.671      SLICE_X33Y73  a0_reg[11]/C
High Pulse Width  Fast    FDRE/C   n/a            0.500         2.171       1.671      SLICE_X33Y73  a0_reg[11]/C
High Pulse Width  Slow    FDRE/C   n/a            0.500         2.171       1.671      SLICE_X33Y74  a0_reg[12]/C
High Pulse Width  Fast    FDRE/C   n/a            0.500         2.171       1.671      SLICE_X33Y74  a0_reg[12]/C
High Pulse Width  Slow    FDRE/C   n/a            0.500         2.171       1.671      SLICE_X33Y74  a0_reg[13]/C
High Pulse Width  Fast    FDRE/C   n/a            0.500         2.171       1.671      SLICE_X33Y74  a0_reg[13]/C



