ECHO is off.
ECHO is off.

****** Vivado v2023.1 (64-bit)
  **** SW Build 3865809 on Sun May  7 15:05:29 MDT 2023
  **** IP Build 3864474 on Sun May  7 20:36:21 MDT 2023
  **** SharedData Build 3865790 on Sun May 07 13:33:03 MDT 2023
    ** Copyright 1986-2022 Xilinx, Inc. All Rights Reserved.
    ** Copyright 2022-2023 Advanced Micro Devices, Inc. All Rights Reserved.

source {C:\Users\Amine\mas\fpga-repo\vivado_diagnostics\minimal_synth_probe.tcl} -notrace
DIAGNOSTIC_RT_OVERRIDE root=C:/VGDIAG_RT_COPY_20260830
PARENT_ENV HRT_TCL_PATH=C:/VGDIAG_RT_COPY_20260830/fpga_tcl
PARENT_ENV RDI_APPROOT=C:/Xilinx/Vivado/2023.1
PARENT_ENV RDI_ARGS= -mode batch -nojournal -nolog -notrace -tempDir C:\VGDIAG_SYNTH_20260830\copy04\temp -source C:\Users\Amine\mas\fpga-repo\vivado_diagnostics\minimal_synth_probe.tcl -tclargs C:\Users\Amine\mas\fpga-repo\vivado_diagnostics\minimal_probe.sv C:\VGDIAG_SYNTH_20260830\copy04\result.txt C:\VGDIAG_RT_COPY_20260830
PARENT_ENV RDI_ARGS_FUNCTION=RDI_EXEC_DEFAULT
PARENT_ENV RDI_BASEROOT=C:/Xilinx/Vivado
PARENT_ENV RDI_BATCH_MODE=True
PARENT_ENV RDI_BINDIR=C:/Xilinx/Vivado/2023.1/bin
PARENT_ENV RDI_BINROOT=C:/Xilinx/Vivado/2023.1/bin
PARENT_ENV RDI_BUILD=yes
PARENT_ENV RDI_CHECK_PROG=True
PARENT_ENV RDI_DATADIR=C:/Xilinx/Vivado/2023.1/data
PARENT_ENV RDI_INSTALLROOT=C:/Xilinx
PARENT_ENV RDI_INSTALLVER=2023.1
PARENT_ENV RDI_INSTALLVERSION=2023.1
PARENT_ENV RDI_ISE_PLATFORM=nt64
PARENT_ENV RDI_JAVACEFROOT=C:/Xilinx/Vivado/2023.1/tps/win64/java-cef-95.0.4638.69
PARENT_ENV RDI_JAVAFXROOT=C:/Xilinx/Vivado/2023.1/tps/win64/javafx-sdk-17.0.1
PARENT_ENV RDI_JAVAROOT=C:/Xilinx/Vivado/2023.1/tps/win64/jre17.0.3_7
PARENT_ENV RDI_JAVA_VERSION=17.0.3_7
PARENT_ENV RDI_LIBDIR=C:/Xilinx/Vivado/2023.1/lib/win64.o
PARENT_ENV RDI_MINGW_LIB=C:/Xilinx/Vivado/2023.1\tps\mingw\6.2.0\win64.o\nt\bin;C:/Xilinx/Vivado/2023.1\tps\mingw\6.2.0\win64.o\nt\libexec\gcc\x86_64-w64-mingw32\6.2.0
PARENT_ENV RDI_OPT_EXT=.o
PARENT_ENV RDI_PLATFORM=win64
PARENT_ENV RDI_PREPEND_PATH=C:/Xilinx/Vivado/2023.1/ids_lite/ISE/bin/nt64;C:/Xilinx/Vivado/2023.1/ids_lite/ISE/lib/nt64
PARENT_ENV RDI_PROG=C:/Xilinx/Vivado/2023.1/bin/unwrapped/win64.o/vivado.exe
PARENT_ENV RDI_PROGNAME=vivado.exe
PARENT_ENV RDI_PYTHON3=C:/Xilinx/Vivado/2023.1\tps\win64\python-3.8.3
PARENT_ENV RDI_PYTHON3_VERSION=3.8.3
PARENT_ENV RDI_PYTHONHOME=C:/Xilinx/Vivado/2023.1\tps\win64\python-3.8.3
PARENT_ENV RDI_PYTHONPATH=C:/Xilinx/Vivado/2023.1\tps\win64\python-3.8.3;C:/Xilinx/Vivado/2023.1\tps\win64\python-3.8.3\bin;C:/Xilinx/Vivado/2023.1\tps\win64\python-3.8.3\lib;C:/Xilinx/Vivado/2023.1\tps\win64\python-3.8.3\lib\site-packages
PARENT_ENV RDI_PYTHON_LD_LIBPATH=C:/Xilinx/Vivado/2023.1\tps\win64\python-3.8.3\lib
PARENT_ENV RDI_SESSION_INFO=C:\VGDIAG_SYNTH_20260830\copy04:AMINE-30-08-2026_17-33-21.70
PARENT_ENV RDI_SHARED_DATA=C:/Xilinx/SharedData/2023.1/data
PARENT_ENV RDI_TPS_ROOT=C:/Xilinx/Vivado/2023.1/tps/win64
PARENT_ENV RDI_USE_JDK17=True
PARENT_ENV RDI_VERBOSE=False
PARENT_ENV RT_INTERUPT=C:/Users/Amine/.oasys/realTime-interrupt.tcl
PARENT_ENV RT_LIBPATH=C:/VGDIAG_RT_COPY_20260830/data
PARENT_ENV RT_TCL_PATH=C:/VGDIAG_RT_COPY_20260830/base_tcl/tcl
PARENT_ENV TEMP=C:\Users\Amine\AppData\Local\Temp
PARENT_ENV TMP=C:\Users\Amine\AppData\Local\Temp
PARENT_ENV XILINX=C:/Xilinx/Vivado/2023.1/ids_lite/ISE
PARENT_ENV XILINX_DSP=C:/Xilinx/Vivado/2023.1/ids_lite/ISE
PARENT_ENV XILINX_HLS=C:/Xilinx/Vitis_HLS/2023.1
PARENT_ENV XILINX_PLANAHEAD=C:/Xilinx/Vivado/2023.1
PARENT_ENV XILINX_VIVADO=C:/Xilinx/Vivado/2023.1
PARENT_ENV XILINX_VIVADO_HLS=C:/Xilinx/Vivado/2023.1
read_verilog: Time (s): cpu = 00:00:06 ; elapsed = 00:00:06 . Memory (MB): peak = 456.273 ; gain = 161.406
Command: synth_design -top minimal_probe -part xc7z020clg400-1 -mode out_of_context
Starting synth_design
Attempting to get a license for feature 'Synthesis' and/or device 'xc7z020'
INFO: [Common 17-349] Got license for feature 'Synthesis' and/or device 'xc7z020'
INFO: [Synth 8-7079] Multithreading enabled for synth_design using a maximum of 1 processes.
INFO: [Synth 8-7078] Launching helper process for spawning children vivado processes
INFO: [Synth 8-7075] Helper process launched with PID 46324
---------------------------------------------------------------------------------
Starting Synthesize : Time (s): cpu = 00:00:04 ; elapsed = 00:00:05 . Memory (MB): peak = 893.715 ; gain = 412.613
---------------------------------------------------------------------------------
INFO: [Synth 8-6157] synthesizing module 'minimal_probe' [C:/Users/Amine/mas/fpga-repo/vivado_diagnostics/minimal_probe.sv:1]
INFO: [Synth 8-6155] done synthesizing module 'minimal_probe' (0#1) [C:/Users/Amine/mas/fpga-repo/vivado_diagnostics/minimal_probe.sv:1]
---------------------------------------------------------------------------------
Finished Synthesize : Time (s): cpu = 00:00:05 ; elapsed = 00:00:07 . Memory (MB): peak = 983.605 ; gain = 502.504
---------------------------------------------------------------------------------
---------------------------------------------------------------------------------
Finished Constraint Validation : Time (s): cpu = 00:00:06 ; elapsed = 00:00:07 . Memory (MB): peak = 983.605 ; gain = 502.504
---------------------------------------------------------------------------------
---------------------------------------------------------------------------------
Start Loading Part and Timing Information
---------------------------------------------------------------------------------
Loading part: xc7z020clg400-1
---------------------------------------------------------------------------------
Finished Loading Part and Timing Information : Time (s): cpu = 00:00:06 ; elapsed = 00:00:07 . Memory (MB): peak = 983.605 ; gain = 502.504
---------------------------------------------------------------------------------
INFO: [Device 21-403] Loading part xc7z020clg400-1
---------------------------------------------------------------------------------
Finished RTL Optimization Phase 2 : Time (s): cpu = 00:00:06 ; elapsed = 00:00:07 . Memory (MB): peak = 983.605 ; gain = 502.504
---------------------------------------------------------------------------------
No constraint files found.
---------------------------------------------------------------------------------
Start RTL Component Statistics 
---------------------------------------------------------------------------------
Detailed RTL Component Info : 
+---Adders : 
	   2 Input   32 Bit       Adders := 1     
+---XORs : 
	   2 Input     32 Bit         XORs := 1     
+---Registers : 
	               32 Bit    Registers := 1     
---------------------------------------------------------------------------------
Finished RTL Component Statistics 
---------------------------------------------------------------------------------
---------------------------------------------------------------------------------
Start Part Resource Summary
---------------------------------------------------------------------------------
Part Resources:
DSPs: 220 (col length:60)
BRAMs: 280 (col length: RAMB18 60 RAMB36 30)
---------------------------------------------------------------------------------
Finished Part Resource Summary
---------------------------------------------------------------------------------
No constraint files found.
---------------------------------------------------------------------------------
Start Cross Boundary and Area Optimization
---------------------------------------------------------------------------------
WARNING: [Synth 8-7080] Parallel synthesis criteria is not met
---------------------------------------------------------------------------------
Finished Cross Boundary and Area Optimization : Time (s): cpu = 00:00:10 ; elapsed = 00:00:13 . Memory (MB): peak = 1189.219 ; gain = 708.117
---------------------------------------------------------------------------------
No constraint files found.
---------------------------------------------------------------------------------
Start Timing Optimization
---------------------------------------------------------------------------------
---------------------------------------------------------------------------------
Finished Timing Optimization : Time (s): cpu = 00:00:10 ; elapsed = 00:00:13 . Memory (MB): peak = 1189.219 ; gain = 708.117
---------------------------------------------------------------------------------
---------------------------------------------------------------------------------
Start Technology Mapping
---------------------------------------------------------------------------------
---------------------------------------------------------------------------------
Finished Technology Mapping : Time (s): cpu = 00:00:10 ; elapsed = 00:00:13 . Memory (MB): peak = 1189.219 ; gain = 708.117
---------------------------------------------------------------------------------
---------------------------------------------------------------------------------
Start IO Insertion
---------------------------------------------------------------------------------
---------------------------------------------------------------------------------
Start Flattening Before IO Insertion
---------------------------------------------------------------------------------
---------------------------------------------------------------------------------
Finished Flattening Before IO Insertion
---------------------------------------------------------------------------------
---------------------------------------------------------------------------------
Start Final Netlist Cleanup
---------------------------------------------------------------------------------
---------------------------------------------------------------------------------
Finished Final Netlist Cleanup
---------------------------------------------------------------------------------
---------------------------------------------------------------------------------
Finished IO Insertion : Time (s): cpu = 00:00:13 ; elapsed = 00:00:17 . Memory (MB): peak = 1189.219 ; gain = 708.117
---------------------------------------------------------------------------------
---------------------------------------------------------------------------------
Start Renaming Generated Instances
---------------------------------------------------------------------------------
---------------------------------------------------------------------------------
Finished Renaming Generated Instances : Time (s): cpu = 00:00:13 ; elapsed = 00:00:17 . Memory (MB): peak = 1189.219 ; gain = 708.117
---------------------------------------------------------------------------------
---------------------------------------------------------------------------------
Start Rebuilding User Hierarchy
---------------------------------------------------------------------------------
---------------------------------------------------------------------------------
Finished Rebuilding User Hierarchy : Time (s): cpu = 00:00:13 ; elapsed = 00:00:17 . Memory (MB): peak = 1189.219 ; gain = 708.117
---------------------------------------------------------------------------------
---------------------------------------------------------------------------------
Start Renaming Generated Ports
---------------------------------------------------------------------------------
---------------------------------------------------------------------------------
Finished Renaming Generated Ports : Time (s): cpu = 00:00:13 ; elapsed = 00:00:17 . Memory (MB): peak = 1189.219 ; gain = 708.117
---------------------------------------------------------------------------------
---------------------------------------------------------------------------------
Start Handling Custom Attributes
---------------------------------------------------------------------------------
---------------------------------------------------------------------------------
Finished Handling Custom Attributes : Time (s): cpu = 00:00:13 ; elapsed = 00:00:17 . Memory (MB): peak = 1189.219 ; gain = 708.117
---------------------------------------------------------------------------------
---------------------------------------------------------------------------------
Start Renaming Generated Nets
---------------------------------------------------------------------------------
---------------------------------------------------------------------------------
Finished Renaming Generated Nets : Time (s): cpu = 00:00:13 ; elapsed = 00:00:17 . Memory (MB): peak = 1189.219 ; gain = 708.117
---------------------------------------------------------------------------------
---------------------------------------------------------------------------------
Start Writing Synthesis Report
---------------------------------------------------------------------------------

Report BlackBoxes: 
+-+--------------+----------+
| |BlackBox name |Instances |
+-+--------------+----------+
+-+--------------+----------+

Report Cell Usage: 
+------+-------+------+
|      |Cell   |Count |
+------+-------+------+
|1     |CARRY4 |     8|
|2     |LUT2   |    64|
|3     |FDRE   |    32|
+------+-------+------+

Report Instance Areas: 
+------+---------+-------+------+
|      |Instance |Module |Cells |
+------+---------+-------+------+
|1     |top      |       |   104|
+------+---------+-------+------+
---------------------------------------------------------------------------------
Finished Writing Synthesis Report : Time (s): cpu = 00:00:13 ; elapsed = 00:00:17 . Memory (MB): peak = 1189.219 ; gain = 708.117
---------------------------------------------------------------------------------
Synthesis finished with 0 errors, 0 critical warnings and 1 warnings.
Synthesis Optimization Runtime : Time (s): cpu = 00:00:13 ; elapsed = 00:00:17 . Memory (MB): peak = 1189.219 ; gain = 708.117
Synthesis Optimization Complete : Time (s): cpu = 00:00:13 ; elapsed = 00:00:17 . Memory (MB): peak = 1189.219 ; gain = 708.117
INFO: [Project 1-571] Translating synthesized netlist
Netlist sorting complete. Time (s): cpu = 00:00:00 ; elapsed = 00:00:00.002 . Memory (MB): peak = 1201.160 ; gain = 0.000
INFO: [Netlist 29-17] Analyzing 8 Unisim elements for replacement
INFO: [Netlist 29-28] Unisim Transformation completed in 0 CPU seconds
INFO: [Project 1-570] Preparing netlist for logic optimization
INFO: [Opt 31-138] Pushed 0 inverter(s) to 0 load pin(s).
Netlist sorting complete. Time (s): cpu = 00:00:00 ; elapsed = 00:00:00 . Memory (MB): peak = 1302.383 ; gain = 0.000
INFO: [Project 1-111] Unisim Transformation Summary:
No Unisim elements were transformed.

Synth Design complete | Checksum: 16fa960a
INFO: [Common 17-83] Releasing license: Synthesis
14 Infos, 1 Warnings, 0 Critical Warnings and 0 Errors encountered.
synth_design completed successfully
synth_design: Time (s): cpu = 00:00:15 ; elapsed = 00:00:20 . Memory (MB): peak = 1302.383 ; gain = 846.109
INFO: [Common 17-600] The following parameters have non-default value.
general.maxThreads
SYNTH_PASS cells=106
INFO: [Common 17-206] Exiting Vivado at Sun Aug 30 17:33:52 2026...
