Copyright 1986-2022 Xilinx, Inc. All Rights Reserved. Copyright 2022-2026 Advanced Micro Devices, Inc. All Rights Reserved.
---------------------------------------------------------------------------------------------------------------------------------------------------------------------------------------------------------------------------------------------------------------------------------------------
| Tool Version : Vivado v.2026.1 (win64) Build 6511674 Tue Jun 16 11:02:23 MDT 2026
| Date         : Sun Aug 30 23:21:47 2026
| Host         : Amine running 64-bit major release  (build 9200)
| Command      : report_timing_summary -delay_type max -max_paths 10 -report_unconstrained -check_timing_verbose -warn_on_violation -file C:/Users/Amine/mas/fpga-repo/timing_closure_candidate_v7/results/c04_firr_rf_firr20_v6/trial_007_search_p3p033359375_a0/reports/timing_summary.rpt
| Design       : rf_s2__firr20_v6__g1
| Device       : 7z020-clg400
| Speed File   : -1  PRODUCTION 1.12 2019-11-22
| Design State : Routed
---------------------------------------------------------------------------------------------------------------------------------------------------------------------------------------------------------------------------------------------------------------------------------------------

Timing Summary Report

------------------------------------------------------------------------------------------------
| Timer Settings
| --------------
------------------------------------------------------------------------------------------------

  Enable Multi Corner Analysis               :  Yes
  Enable Pessimism Removal                   :  Yes
  Pessimism Removal Resolution               :  Nearest Common Node
  Enable Input Delay Default Clock           :  No
  Enable Preset / Clear Arcs                 :  No
  Disable Flight Delays                      :  No
  Ignore I/O Paths                           :  No
  Timing Early Launch at Borrowing Latches   :  No
  Borrow Time for Max Delay Exceptions       :  Yes
  Merge Timing Exceptions                    :  Yes
  Inter-SLR Compensation                     :  Conservative

  Corner  Analyze    Analyze    
  Name    Max Paths  Min Paths  
  ------  ---------  ---------  
  Slow    Yes        Yes        
  Fast    Yes        Yes        


------------------------------------------------------------------------------------------------
| Report Methodology
| ------------------
------------------------------------------------------------------------------------------------

No report available as report_methodology has not been run prior. Run report_methodology on the current design for the summary of methodology violations.



check_timing report

Table of Contents
-----------------
1. checking no_clock (0)
2. checking constant_clock (0)
3. checking pulse_width_clock (0)
4. checking unconstrained_internal_endpoints (0)
5. checking no_input_delay (0)
6. checking no_output_delay (0)
7. checking multiple_clock (0)
8. checking generated_clocks (0)
9. checking loops (0)
10. checking partial_input_delay (0)
11. checking partial_output_delay (0)
12. checking latch_loops (0)

1. checking no_clock (0)
------------------------
 There are 0 register/latch pins with no clock.


2. checking constant_clock (0)
------------------------------
 There are 0 register/latch pins with constant_clock.


3. checking pulse_width_clock (0)
---------------------------------
 There are 0 register/latch pins which need pulse_width check


4. checking unconstrained_internal_endpoints (0)
------------------------------------------------
 There are 0 pins that are not constrained for maximum delay.

 There are 0 pins that are not constrained for maximum delay due to constant clock.


5. checking no_input_delay (0)
------------------------------
 There are 0 input ports with no input delay specified.

 There are 0 input ports with no input delay but user has a false path constraint.


6. checking no_output_delay (0)
-------------------------------
 There are 0 ports with no output delay specified.

 There are 0 ports with no output delay but user has a false path constraint

 There are 0 ports with no output delay but with a timing clock defined on it or propagating through it


7. checking multiple_clock (0)
------------------------------
 There are 0 register/latch pins with multiple clocks.


8. checking generated_clocks (0)
--------------------------------
 There are 0 generated clocks that are not connected to a clock source.


9. checking loops (0)
---------------------
 There are 0 combinational loops in the design.


10. checking partial_input_delay (0)
------------------------------------
 There are 0 input ports with partial input delay specified.


11. checking partial_output_delay (0)
-------------------------------------
 There are 0 ports with partial output delay specified.


12. checking latch_loops (0)
----------------------------
 There are 0 combinational latch loops in the design through latch input



------------------------------------------------------------------------------------------------
| Design Timing Summary
| ---------------------
------------------------------------------------------------------------------------------------

    WNS(ns)      TNS(ns)  TNS Failing Endpoints  TNS Total Endpoints     WPWS(ns)     TPWS(ns)  TPWS Failing Endpoints  TPWS Total Endpoints  
    -------      -------  ---------------------  -------------------     --------     --------  ----------------------  --------------------  
      0.043        0.000                      0                  594        1.016        0.000                       0                   290  


All user specified timing constraints are met.


------------------------------------------------------------------------------------------------
| Clock Summary
| -------------
------------------------------------------------------------------------------------------------

Clock  Waveform(ns)         Period(ns)      Frequency(MHz)
-----  ------------         ----------      --------------
vclk   {0.000 1.517}        3.033           329.707         


------------------------------------------------------------------------------------------------
| Intra Clock Table
| -----------------
------------------------------------------------------------------------------------------------

Clock             WNS(ns)      TNS(ns)  TNS Failing Endpoints  TNS Total Endpoints     WPWS(ns)     TPWS(ns)  TPWS Failing Endpoints  TPWS Total Endpoints  
-----             -------      -------  ---------------------  -------------------     --------     --------  ----------------------  --------------------  
vclk                0.043        0.000                      0                  594        1.016        0.000                       0                   290  


------------------------------------------------------------------------------------------------
| Inter Clock Table
| -----------------
------------------------------------------------------------------------------------------------

From Clock    To Clock          WNS(ns)      TNS(ns)  TNS Failing Endpoints  TNS Total Endpoints  
----------    --------          -------      -------  ---------------------  -------------------  


------------------------------------------------------------------------------------------------
| Other Path Groups Table
| -----------------------
------------------------------------------------------------------------------------------------

Path Group    From Clock    To Clock          WNS(ns)      TNS(ns)  TNS Failing Endpoints  TNS Total Endpoints  
----------    ----------    --------          -------      -------  ---------------------  -------------------  


------------------------------------------------------------------------------------------------
| User Ignored Path Table
| -----------------------
------------------------------------------------------------------------------------------------

Path Group    From Clock    To Clock    
----------    ----------    --------    


------------------------------------------------------------------------------------------------
| Unconstrained Path Table
| ------------------------
------------------------------------------------------------------------------------------------

Path Group    From Clock    To Clock    
----------    ----------    --------    


------------------------------------------------------------------------------------------------
| Timing Details
| --------------
------------------------------------------------------------------------------------------------


---------------------------------------------------------------------------------------------------
From Clock:  vclk
  To Clock:  vclk

Setup :            0  Failing Endpoints,  Worst Slack        0.043ns,  Total Violation        0.000ns
Hold  :           NA  Failing Endpoints,  Worst Slack           NA  ,  Total Violation           NA
PW    :            0  Failing Endpoints,  Worst Slack        1.016ns,  Total Violation        0.000ns
---------------------------------------------------------------------------------------------------


Max Delay Paths
--------------------------------------------------------------------------------------
Slack (MET) :             0.043ns  (required time - arrival time)
  Source:                 x[0]
                            (input port clocked by vclk  {rise@0.000ns fall@1.516ns period=3.033ns})
  Destination:            a10_reg[15]/D
                            (rising edge-triggered cell FDRE clocked by vclk  {rise@0.000ns fall@1.516ns period=3.033ns})
  Path Group:             vclk
  Path Type:              Setup (Max at Slow Process Corner)
  Requirement:            3.033ns  (vclk rise@3.033ns - vclk rise@0.000ns)
  Data Path Delay:        3.941ns  (logic 2.024ns (51.358%)  route 1.917ns (48.642%))
  Logic Levels:           6  (CARRY4=4 LUT2=1 LUT3=1)
  Input Delay:            0.000ns
  Clock Path Skew:        0.924ns (DCD - SCD + CPR)
    Destination Clock Delay (DCD):    0.924ns = ( 3.957 - 3.033 ) 
    Source Clock Delay      (SCD):    0.000ns
    Clock Pessimism Removal (CPR):    0.000ns
  Clock Uncertainty:      0.035ns  ((TSJ^2 + TIJ^2)^1/2 + DJ) / 2 + PE
    Total System Jitter     (TSJ):    0.071ns
    Total Input Jitter      (TIJ):    0.000ns
    Discrete Jitter          (DJ):    0.000ns
    Phase Error              (PE):    0.000ns

    Location             Delay type                Incr(ns)  Path(ns)    Netlist Resource(s)
  -------------------------------------------------------------------    -------------------
                         (clock vclk rise edge)       0.000     0.000 r  <hidden>
                         input delay                  0.000     0.000    <hidden>
                                                      0.000     0.000 r  x[0]
                         net (fo=81, unset)           0.973     0.973    x[0]
    SLICE_X34Y67         LUT3 (Prop_lut3_I2_O)        0.124     1.097 r  a10[9]_i_9/O
                         net (fo=1, routed)           0.338     1.435    a10[9]_i_9_n_0
    SLICE_X32Y67         CARRY4 (Prop_carry4_DI[1]_CO[3])
                                                      0.520     1.955 r  a10_reg[9]_i_2/CO[3]
                         net (fo=1, routed)           0.000     1.955    a10_reg[9]_i_2_n_0
    SLICE_X32Y68         CARRY4 (Prop_carry4_CI_O[0])
                                                      0.219     2.174 r  a10_reg[13]_i_2/O[0]
                         net (fo=2, routed)           0.606     2.780    a101[10]
    SLICE_X33Y68         LUT2 (Prop_lut2_I0_O)        0.295     3.075 r  a10[13]_i_6/O
                         net (fo=1, routed)           0.000     3.075    a10[13]_i_6_n_0
    SLICE_X33Y68         CARRY4 (Prop_carry4_S[0]_CO[3])
                                                      0.532     3.607 r  a10_reg[13]_i_1/CO[3]
                         net (fo=1, routed)           0.000     3.607    a10_reg[13]_i_1_n_0
    SLICE_X33Y69         CARRY4 (Prop_carry4_CI_O[1])
                                                      0.334     3.941 r  a10_reg[15]_i_1/O[1]
                         net (fo=1, routed)           0.000     3.941    a100[15]
    SLICE_X33Y69         FDRE                                         r  a10_reg[15]/D
  -------------------------------------------------------------------    -------------------

                         (clock vclk rise edge)       3.033     3.033 r  <hidden>
                                                      0.000     3.033 r  clk
                         net (fo=289, unset)          0.924     3.957    clk
    SLICE_X33Y69         FDRE                                         r  a10_reg[15]/C
                         clock pessimism              0.000     3.957    <hidden>
                         clock uncertainty           -0.035     3.922    <hidden>
    SLICE_X33Y69         FDRE (Setup_fdre_C_D)        0.062     3.984    a10_reg[15]
  -------------------------------------------------------------------
                         required time                          3.984    <hidden>
                         arrival time                          -3.941    <hidden>
  -------------------------------------------------------------------
                         slack                                  0.043    <hidden>

Slack (MET) :             0.117ns  (required time - arrival time)
  Source:                 x[6]
                            (input port clocked by vclk  {rise@0.000ns fall@1.516ns period=3.033ns})
  Destination:            a12_reg[15]/D
                            (rising edge-triggered cell FDRE clocked by vclk  {rise@0.000ns fall@1.516ns period=3.033ns})
  Path Group:             vclk
  Path Type:              Setup (Max at Slow Process Corner)
  Requirement:            3.033ns  (vclk rise@3.033ns - vclk rise@0.000ns)
  Data Path Delay:        3.867ns  (logic 2.237ns (57.855%)  route 1.630ns (42.145%))
  Logic Levels:           6  (CARRY4=4 LUT2=1 LUT3=1)
  Input Delay:            0.000ns
  Clock Path Skew:        0.924ns (DCD - SCD + CPR)
    Destination Clock Delay (DCD):    0.924ns = ( 3.957 - 3.033 ) 
    Source Clock Delay      (SCD):    0.000ns
    Clock Pessimism Removal (CPR):    0.000ns
  Clock Uncertainty:      0.035ns  ((TSJ^2 + TIJ^2)^1/2 + DJ) / 2 + PE
    Total System Jitter     (TSJ):    0.071ns
    Total Input Jitter      (TIJ):    0.000ns
    Discrete Jitter          (DJ):    0.000ns
    Phase Error              (PE):    0.000ns

    Location             Delay type                Incr(ns)  Path(ns)    Netlist Resource(s)
  -------------------------------------------------------------------    -------------------
                         (clock vclk rise edge)       0.000     0.000 r  <hidden>
                         input delay                  0.000     0.000    <hidden>
                                                      0.000     0.000 r  x[6]
                         net (fo=65, unset)           0.973     0.973    x[6]
    SLICE_X41Y66         LUT3 (Prop_lut3_I1_O)        0.150     1.123 r  a12[13]_i_13/O
                         net (fo=1, routed)           0.193     1.316    a12[13]_i_13_n_0
    SLICE_X40Y66         CARRY4 (Prop_carry4_DI[1]_CO[3])
                                                      0.715     2.031 r  a12_reg[13]_i_3/CO[3]
                         net (fo=1, routed)           0.000     2.031    a12_reg[13]_i_3_n_0
    SLICE_X40Y67         CARRY4 (Prop_carry4_CI_O[1])
                                                      0.334     2.365 r  a12_reg[13]_i_2/O[1]
                         net (fo=2, routed)           0.464     2.829    a121[13]
    SLICE_X39Y67         LUT2 (Prop_lut2_I0_O)        0.303     3.132 r  a12[13]_i_4/O
                         net (fo=1, routed)           0.000     3.132    a12[13]_i_4_n_0
    SLICE_X39Y67         CARRY4 (Prop_carry4_S[3]_CO[3])
                                                      0.401     3.533 r  a12_reg[13]_i_1/CO[3]
                         net (fo=1, routed)           0.000     3.533    a12_reg[13]_i_1_n_0
    SLICE_X39Y68         CARRY4 (Prop_carry4_CI_O[1])
                                                      0.334     3.867 r  a12_reg[15]_i_1/O[1]
                         net (fo=1, routed)           0.000     3.867    a120[15]
    SLICE_X39Y68         FDRE                                         r  a12_reg[15]/D
  -------------------------------------------------------------------    -------------------

                         (clock vclk rise edge)       3.033     3.033 r  <hidden>
                                                      0.000     3.033 r  clk
                         net (fo=289, unset)          0.924     3.957    clk
    SLICE_X39Y68         FDRE                                         r  a12_reg[15]/C
                         clock pessimism              0.000     3.957    <hidden>
                         clock uncertainty           -0.035     3.922    <hidden>
    SLICE_X39Y68         FDRE (Setup_fdre_C_D)        0.062     3.984    a12_reg[15]
  -------------------------------------------------------------------
                         required time                          3.984    <hidden>
                         arrival time                          -3.867    <hidden>
  -------------------------------------------------------------------
                         slack                                  0.117    <hidden>

Slack (MET) :             0.154ns  (required time - arrival time)
  Source:                 x[0]
                            (input port clocked by vclk  {rise@0.000ns fall@1.516ns period=3.033ns})
  Destination:            a10_reg[14]/D
                            (rising edge-triggered cell FDRE clocked by vclk  {rise@0.000ns fall@1.516ns period=3.033ns})
  Path Group:             vclk
  Path Type:              Setup (Max at Slow Process Corner)
  Requirement:            3.033ns  (vclk rise@3.033ns - vclk rise@0.000ns)
  Data Path Delay:        3.830ns  (logic 1.913ns (49.949%)  route 1.917ns (50.051%))
  Logic Levels:           6  (CARRY4=4 LUT2=1 LUT3=1)
  Input Delay:            0.000ns
  Clock Path Skew:        0.924ns (DCD - SCD + CPR)
    Destination Clock Delay (DCD):    0.924ns = ( 3.957 - 3.033 ) 
    Source Clock Delay      (SCD):    0.000ns
    Clock Pessimism Removal (CPR):    0.000ns
  Clock Uncertainty:      0.035ns  ((TSJ^2 + TIJ^2)^1/2 + DJ) / 2 + PE
    Total System Jitter     (TSJ):    0.071ns
    Total Input Jitter      (TIJ):    0.000ns
    Discrete Jitter          (DJ):    0.000ns
    Phase Error              (PE):    0.000ns

    Location             Delay type                Incr(ns)  Path(ns)    Netlist Resource(s)
  -------------------------------------------------------------------    -------------------
                         (clock vclk rise edge)       0.000     0.000 r  <hidden>
                         input delay                  0.000     0.000    <hidden>
                                                      0.000     0.000 r  x[0]
                         net (fo=81, unset)           0.973     0.973    x[0]
    SLICE_X34Y67         LUT3 (Prop_lut3_I2_O)        0.124     1.097 r  a10[9]_i_9/O
                         net (fo=1, routed)           0.338     1.435    a10[9]_i_9_n_0
    SLICE_X32Y67         CARRY4 (Prop_carry4_DI[1]_CO[3])
                                                      0.520     1.955 r  a10_reg[9]_i_2/CO[3]
                         net (fo=1, routed)           0.000     1.955    a10_reg[9]_i_2_n_0
    SLICE_X32Y68         CARRY4 (Prop_carry4_CI_O[0])
                                                      0.219     2.174 r  a10_reg[13]_i_2/O[0]
                         net (fo=2, routed)           0.606     2.780    a101[10]
    SLICE_X33Y68         LUT2 (Prop_lut2_I0_O)        0.295     3.075 r  a10[13]_i_6/O
                         net (fo=1, routed)           0.000     3.075    a10[13]_i_6_n_0
    SLICE_X33Y68         CARRY4 (Prop_carry4_S[0]_CO[3])
                                                      0.532     3.607 r  a10_reg[13]_i_1/CO[3]
                         net (fo=1, routed)           0.000     3.607    a10_reg[13]_i_1_n_0
    SLICE_X33Y69         CARRY4 (Prop_carry4_CI_O[0])
                                                      0.223     3.830 r  a10_reg[15]_i_1/O[0]
                         net (fo=1, routed)           0.000     3.830    a100[14]
    SLICE_X33Y69         FDRE                                         r  a10_reg[14]/D
  -------------------------------------------------------------------    -------------------

                         (clock vclk rise edge)       3.033     3.033 r  <hidden>
                                                      0.000     3.033 r  clk
                         net (fo=289, unset)          0.924     3.957    clk
    SLICE_X33Y69         FDRE                                         r  a10_reg[14]/C
                         clock pessimism              0.000     3.957    <hidden>
                         clock uncertainty           -0.035     3.922    <hidden>
    SLICE_X33Y69         FDRE (Setup_fdre_C_D)        0.062     3.984    a10_reg[14]
  -------------------------------------------------------------------
                         required time                          3.984    <hidden>
                         arrival time                          -3.830    <hidden>
  -------------------------------------------------------------------
                         slack                                  0.154    <hidden>

Slack (MET) :             0.228ns  (required time - arrival time)
  Source:                 x[6]
                            (input port clocked by vclk  {rise@0.000ns fall@1.516ns period=3.033ns})
  Destination:            a12_reg[14]/D
                            (rising edge-triggered cell FDRE clocked by vclk  {rise@0.000ns fall@1.516ns period=3.033ns})
  Path Group:             vclk
  Path Type:              Setup (Max at Slow Process Corner)
  Requirement:            3.033ns  (vclk rise@3.033ns - vclk rise@0.000ns)
  Data Path Delay:        3.756ns  (logic 2.126ns (56.609%)  route 1.630ns (43.391%))
  Logic Levels:           6  (CARRY4=4 LUT2=1 LUT3=1)
  Input Delay:            0.000ns
  Clock Path Skew:        0.924ns (DCD - SCD + CPR)
    Destination Clock Delay (DCD):    0.924ns = ( 3.957 - 3.033 ) 
    Source Clock Delay      (SCD):    0.000ns
    Clock Pessimism Removal (CPR):    0.000ns
  Clock Uncertainty:      0.035ns  ((TSJ^2 + TIJ^2)^1/2 + DJ) / 2 + PE
    Total System Jitter     (TSJ):    0.071ns
    Total Input Jitter      (TIJ):    0.000ns
    Discrete Jitter          (DJ):    0.000ns
    Phase Error              (PE):    0.000ns

    Location             Delay type                Incr(ns)  Path(ns)    Netlist Resource(s)
  -------------------------------------------------------------------    -------------------
                         (clock vclk rise edge)       0.000     0.000 r  <hidden>
                         input delay                  0.000     0.000    <hidden>
                                                      0.000     0.000 r  x[6]
                         net (fo=65, unset)           0.973     0.973    x[6]
    SLICE_X41Y66         LUT3 (Prop_lut3_I1_O)        0.150     1.123 r  a12[13]_i_13/O
                         net (fo=1, routed)           0.193     1.316    a12[13]_i_13_n_0
    SLICE_X40Y66         CARRY4 (Prop_carry4_DI[1]_CO[3])
                                                      0.715     2.031 r  a12_reg[13]_i_3/CO[3]
                         net (fo=1, routed)           0.000     2.031    a12_reg[13]_i_3_n_0
    SLICE_X40Y67         CARRY4 (Prop_carry4_CI_O[1])
                                                      0.334     2.365 r  a12_reg[13]_i_2/O[1]
                         net (fo=2, routed)           0.464     2.829    a121[13]
    SLICE_X39Y67         LUT2 (Prop_lut2_I0_O)        0.303     3.132 r  a12[13]_i_4/O
                         net (fo=1, routed)           0.000     3.132    a12[13]_i_4_n_0
    SLICE_X39Y67         CARRY4 (Prop_carry4_S[3]_CO[3])
                                                      0.401     3.533 r  a12_reg[13]_i_1/CO[3]
                         net (fo=1, routed)           0.000     3.533    a12_reg[13]_i_1_n_0
    SLICE_X39Y68         CARRY4 (Prop_carry4_CI_O[0])
                                                      0.223     3.756 r  a12_reg[15]_i_1/O[0]
                         net (fo=1, routed)           0.000     3.756    a120[14]
    SLICE_X39Y68         FDRE                                         r  a12_reg[14]/D
  -------------------------------------------------------------------    -------------------

                         (clock vclk rise edge)       3.033     3.033 r  <hidden>
                                                      0.000     3.033 r  clk
                         net (fo=289, unset)          0.924     3.957    clk
    SLICE_X39Y68         FDRE                                         r  a12_reg[14]/C
                         clock pessimism              0.000     3.957    <hidden>
                         clock uncertainty           -0.035     3.922    <hidden>
    SLICE_X39Y68         FDRE (Setup_fdre_C_D)        0.062     3.984    a12_reg[14]
  -------------------------------------------------------------------
                         required time                          3.984    <hidden>
                         arrival time                          -3.756    <hidden>
  -------------------------------------------------------------------
                         slack                                  0.228    <hidden>

Slack (MET) :             0.263ns  (required time - arrival time)
  Source:                 x[0]
                            (input port clocked by vclk  {rise@0.000ns fall@1.516ns period=3.033ns})
  Destination:            a4_reg[15]/D
                            (rising edge-triggered cell FDRE clocked by vclk  {rise@0.000ns fall@1.516ns period=3.033ns})
  Path Group:             vclk
  Path Type:              Setup (Max at Slow Process Corner)
  Requirement:            3.033ns  (vclk rise@3.033ns - vclk rise@0.000ns)
  Data Path Delay:        3.721ns  (logic 2.172ns (58.371%)  route 1.549ns (41.629%))
  Logic Levels:           7  (CARRY4=5 LUT2=2)
  Input Delay:            0.000ns
  Clock Path Skew:        0.924ns (DCD - SCD + CPR)
    Destination Clock Delay (DCD):    0.924ns = ( 3.957 - 3.033 ) 
    Source Clock Delay      (SCD):    0.000ns
    Clock Pessimism Removal (CPR):    0.000ns
  Clock Uncertainty:      0.035ns  ((TSJ^2 + TIJ^2)^1/2 + DJ) / 2 + PE
    Total System Jitter     (TSJ):    0.071ns
    Total Input Jitter      (TIJ):    0.000ns
    Discrete Jitter          (DJ):    0.000ns
    Phase Error              (PE):    0.000ns

    Location             Delay type                Incr(ns)  Path(ns)    Netlist Resource(s)
  -------------------------------------------------------------------    -------------------
                         (clock vclk rise edge)       0.000     0.000 r  <hidden>
                         input delay                  0.000     0.000    <hidden>
                                                      0.000     0.000 r  x[0]
                         net (fo=81, unset)           0.973     0.973    x[0]
    SLICE_X26Y66         LUT2 (Prop_lut2_I1_O)        0.124     1.097 r  a4[9]_i_9/O
                         net (fo=1, routed)           0.000     1.097    a4[9]_i_9_n_0
    SLICE_X26Y66         CARRY4 (Prop_carry4_S[1]_CO[3])
                                                      0.533     1.630 r  a4_reg[9]_i_2/CO[3]
                         net (fo=1, routed)           0.000     1.630    a4_reg[9]_i_2_n_0
    SLICE_X26Y67         CARRY4 (Prop_carry4_CI_CO[3])
                                                      0.117     1.747 r  a4_reg[13]_i_3/CO[3]
                         net (fo=1, routed)           0.000     1.747    a4_reg[13]_i_3_n_0
    SLICE_X26Y68         CARRY4 (Prop_carry4_CI_O[0])
                                                      0.219     1.966 r  a4_reg[13]_i_2/O[0]
                         net (fo=2, routed)           0.576     2.542    a41[11]
    SLICE_X27Y68         LUT2 (Prop_lut2_I0_O)        0.295     2.837 r  a4[13]_i_5/O
                         net (fo=1, routed)           0.000     2.837    a4[13]_i_5_n_0
    SLICE_X27Y68         CARRY4 (Prop_carry4_S[1]_CO[3])
                                                      0.550     3.387 r  a4_reg[13]_i_1/CO[3]
                         net (fo=1, routed)           0.000     3.387    a4_reg[13]_i_1_n_0
    SLICE_X27Y69         CARRY4 (Prop_carry4_CI_O[1])
                                                      0.334     3.721 r  a4_reg[15]_i_1/O[1]
                         net (fo=1, routed)           0.000     3.721    a40[15]
    SLICE_X27Y69         FDRE                                         r  a4_reg[15]/D
  -------------------------------------------------------------------    -------------------

                         (clock vclk rise edge)       3.033     3.033 r  <hidden>
                                                      0.000     3.033 r  clk
                         net (fo=289, unset)          0.924     3.957    clk
    SLICE_X27Y69         FDRE                                         r  a4_reg[15]/C
                         clock pessimism              0.000     3.957    <hidden>
                         clock uncertainty           -0.035     3.922    <hidden>
    SLICE_X27Y69         FDRE (Setup_fdre_C_D)        0.062     3.984    a4_reg[15]
  -------------------------------------------------------------------
                         required time                          3.984    <hidden>
                         arrival time                          -3.721    <hidden>
  -------------------------------------------------------------------
                         slack                                  0.263    <hidden>

Slack (MET) :             0.295ns  (required time - arrival time)
  Source:                 x[1]
                            (input port clocked by vclk  {rise@0.000ns fall@1.516ns period=3.033ns})
  Destination:            a6_reg[15]/D
                            (rising edge-triggered cell FDRE clocked by vclk  {rise@0.000ns fall@1.516ns period=3.033ns})
  Path Group:             vclk
  Path Type:              Setup (Max at Slow Process Corner)
  Requirement:            3.033ns  (vclk rise@3.033ns - vclk rise@0.000ns)
  Data Path Delay:        3.689ns  (logic 2.061ns (55.865%)  route 1.628ns (44.135%))
  Logic Levels:           7  (CARRY4=5 LUT1=1 LUT2=1)
  Input Delay:            0.000ns
  Clock Path Skew:        0.924ns (DCD - SCD + CPR)
    Destination Clock Delay (DCD):    0.924ns = ( 3.957 - 3.033 ) 
    Source Clock Delay      (SCD):    0.000ns
    Clock Pessimism Removal (CPR):    0.000ns
  Clock Uncertainty:      0.035ns  ((TSJ^2 + TIJ^2)^1/2 + DJ) / 2 + PE
    Total System Jitter     (TSJ):    0.071ns
    Total Input Jitter      (TIJ):    0.000ns
    Discrete Jitter          (DJ):    0.000ns
    Phase Error              (PE):    0.000ns

    Location             Delay type                Incr(ns)  Path(ns)    Netlist Resource(s)
  -------------------------------------------------------------------    -------------------
                         (clock vclk rise edge)       0.000     0.000 r  <hidden>
                         input delay                  0.000     0.000    <hidden>
                                                      0.000     0.000 f  x[1]
                         net (fo=71, unset)           0.973     0.973    x[1]
    SLICE_X29Y69         LUT1 (Prop_lut1_I0_O)        0.124     1.097 r  a6[5]_i_9/O
                         net (fo=1, routed)           0.000     1.097    a6[5]_i_9_n_0
    SLICE_X29Y69         CARRY4 (Prop_carry4_S[1]_CO[3])
                                                      0.550     1.647 r  a6_reg[5]_i_2/CO[3]
                         net (fo=1, routed)           0.000     1.647    a6_reg[5]_i_2_n_0
    SLICE_X29Y70         CARRY4 (Prop_carry4_CI_CO[3])
                                                      0.114     1.761 r  a6_reg[9]_i_2/CO[3]
                         net (fo=1, routed)           0.000     1.761    a6_reg[9]_i_2_n_0
    SLICE_X29Y71         CARRY4 (Prop_carry4_CI_O[2])
                                                      0.239     2.000 r  a6_reg[13]_i_2/O[2]
                         net (fo=2, routed)           0.655     2.655    a61[12]
    SLICE_X28Y71         LUT2 (Prop_lut2_I0_O)        0.302     2.957 r  a6[13]_i_3/O
                         net (fo=1, routed)           0.000     2.957    a6[13]_i_3_n_0
    SLICE_X28Y71         CARRY4 (Prop_carry4_S[2]_CO[3])
                                                      0.398     3.355 r  a6_reg[13]_i_1/CO[3]
                         net (fo=1, routed)           0.000     3.355    a6_reg[13]_i_1_n_0
    SLICE_X28Y72         CARRY4 (Prop_carry4_CI_O[1])
                                                      0.334     3.689 r  a6_reg[15]_i_1/O[1]
                         net (fo=1, routed)           0.000     3.689    a60[15]
    SLICE_X28Y72         FDRE                                         r  a6_reg[15]/D
  -------------------------------------------------------------------    -------------------

                         (clock vclk rise edge)       3.033     3.033 r  <hidden>
                                                      0.000     3.033 r  clk
                         net (fo=289, unset)          0.924     3.957    clk
    SLICE_X28Y72         FDRE                                         r  a6_reg[15]/C
                         clock pessimism              0.000     3.957    <hidden>
                         clock uncertainty           -0.035     3.922    <hidden>
    SLICE_X28Y72         FDRE (Setup_fdre_C_D)        0.062     3.984    a6_reg[15]
  -------------------------------------------------------------------
                         required time                          3.984    <hidden>
                         arrival time                          -3.689    <hidden>
  -------------------------------------------------------------------
                         slack                                  0.295    <hidden>

Slack (MET) :             0.298ns  (required time - arrival time)
  Source:                 x[0]
                            (input port clocked by vclk  {rise@0.000ns fall@1.516ns period=3.033ns})
  Destination:            a10_reg[11]/D
                            (rising edge-triggered cell FDRE clocked by vclk  {rise@0.000ns fall@1.516ns period=3.033ns})
  Path Group:             vclk
  Path Type:              Setup (Max at Slow Process Corner)
  Requirement:            3.033ns  (vclk rise@3.033ns - vclk rise@0.000ns)
  Data Path Delay:        3.686ns  (logic 1.776ns (48.183%)  route 1.910ns (51.817%))
  Logic Levels:           5  (CARRY4=3 LUT2=1 LUT3=1)
  Input Delay:            0.000ns
  Clock Path Skew:        0.924ns (DCD - SCD + CPR)
    Destination Clock Delay (DCD):    0.924ns = ( 3.957 - 3.033 ) 
    Source Clock Delay      (SCD):    0.000ns
    Clock Pessimism Removal (CPR):    0.000ns
  Clock Uncertainty:      0.035ns  ((TSJ^2 + TIJ^2)^1/2 + DJ) / 2 + PE
    Total System Jitter     (TSJ):    0.071ns
    Total Input Jitter      (TIJ):    0.000ns
    Discrete Jitter          (DJ):    0.000ns
    Phase Error              (PE):    0.000ns

    Location             Delay type                Incr(ns)  Path(ns)    Netlist Resource(s)
  -------------------------------------------------------------------    -------------------
                         (clock vclk rise edge)       0.000     0.000 r  <hidden>
                         input delay                  0.000     0.000    <hidden>
                                                      0.000     0.000 r  x[0]
                         net (fo=81, unset)           0.973     0.973    x[0]
    SLICE_X34Y67         LUT3 (Prop_lut3_I2_O)        0.124     1.097 r  a10[9]_i_9/O
                         net (fo=1, routed)           0.338     1.435    a10[9]_i_9_n_0
    SLICE_X32Y67         CARRY4 (Prop_carry4_DI[1]_O[3])
                                                      0.610     2.045 r  a10_reg[9]_i_2/O[3]
                         net (fo=2, routed)           0.599     2.644    a101[9]
    SLICE_X33Y67         LUT2 (Prop_lut2_I0_O)        0.307     2.951 r  a10[9]_i_3/O
                         net (fo=1, routed)           0.000     2.951    a10[9]_i_3_n_0
    SLICE_X33Y67         CARRY4 (Prop_carry4_S[3]_CO[3])
                                                      0.401     3.352 r  a10_reg[9]_i_1/CO[3]
                         net (fo=1, routed)           0.000     3.352    a10_reg[9]_i_1_n_0
    SLICE_X33Y68         CARRY4 (Prop_carry4_CI_O[1])
                                                      0.334     3.686 r  a10_reg[13]_i_1/O[1]
                         net (fo=1, routed)           0.000     3.686    a100[11]
    SLICE_X33Y68         FDRE                                         r  a10_reg[11]/D
  -------------------------------------------------------------------    -------------------

                         (clock vclk rise edge)       3.033     3.033 r  <hidden>
                                                      0.000     3.033 r  clk
                         net (fo=289, unset)          0.924     3.957    clk
    SLICE_X33Y68         FDRE                                         r  a10_reg[11]/C
                         clock pessimism              0.000     3.957    <hidden>
                         clock uncertainty           -0.035     3.922    <hidden>
    SLICE_X33Y68         FDRE (Setup_fdre_C_D)        0.062     3.984    a10_reg[11]
  -------------------------------------------------------------------
                         required time                          3.984    <hidden>
                         arrival time                          -3.686    <hidden>
  -------------------------------------------------------------------
                         slack                                  0.298    <hidden>

Slack (MET) :             0.303ns  (required time - arrival time)
  Source:                 x[0]
                            (input port clocked by vclk  {rise@0.000ns fall@1.516ns period=3.033ns})
  Destination:            a10_reg[13]/D
                            (rising edge-triggered cell FDRE clocked by vclk  {rise@0.000ns fall@1.516ns period=3.033ns})
  Path Group:             vclk
  Path Type:              Setup (Max at Slow Process Corner)
  Requirement:            3.033ns  (vclk rise@3.033ns - vclk rise@0.000ns)
  Data Path Delay:        3.681ns  (logic 1.764ns (47.923%)  route 1.917ns (52.077%))
  Logic Levels:           5  (CARRY4=3 LUT2=1 LUT3=1)
  Input Delay:            0.000ns
  Clock Path Skew:        0.924ns (DCD - SCD + CPR)
    Destination Clock Delay (DCD):    0.924ns = ( 3.957 - 3.033 ) 
    Source Clock Delay      (SCD):    0.000ns
    Clock Pessimism Removal (CPR):    0.000ns
  Clock Uncertainty:      0.035ns  ((TSJ^2 + TIJ^2)^1/2 + DJ) / 2 + PE
    Total System Jitter     (TSJ):    0.071ns
    Total Input Jitter      (TIJ):    0.000ns
    Discrete Jitter          (DJ):    0.000ns
    Phase Error              (PE):    0.000ns

    Location             Delay type                Incr(ns)  Path(ns)    Netlist Resource(s)
  -------------------------------------------------------------------    -------------------
                         (clock vclk rise edge)       0.000     0.000 r  <hidden>
                         input delay                  0.000     0.000    <hidden>
                                                      0.000     0.000 r  x[0]
                         net (fo=81, unset)           0.973     0.973    x[0]
    SLICE_X34Y67         LUT3 (Prop_lut3_I2_O)        0.124     1.097 r  a10[9]_i_9/O
                         net (fo=1, routed)           0.338     1.435    a10[9]_i_9_n_0
    SLICE_X32Y67         CARRY4 (Prop_carry4_DI[1]_CO[3])
                                                      0.520     1.955 r  a10_reg[9]_i_2/CO[3]
                         net (fo=1, routed)           0.000     1.955    a10_reg[9]_i_2_n_0
    SLICE_X32Y68         CARRY4 (Prop_carry4_CI_O[0])
                                                      0.219     2.174 r  a10_reg[13]_i_2/O[0]
                         net (fo=2, routed)           0.606     2.780    a101[10]
    SLICE_X33Y68         LUT2 (Prop_lut2_I0_O)        0.295     3.075 r  a10[13]_i_6/O
                         net (fo=1, routed)           0.000     3.075    a10[13]_i_6_n_0
    SLICE_X33Y68         CARRY4 (Prop_carry4_S[0]_O[3])
                                                      0.606     3.681 r  a10_reg[13]_i_1/O[3]
                         net (fo=1, routed)           0.000     3.681    a100[13]
    SLICE_X33Y68         FDRE                                         r  a10_reg[13]/D
  -------------------------------------------------------------------    -------------------

                         (clock vclk rise edge)       3.033     3.033 r  <hidden>
                                                      0.000     3.033 r  clk
                         net (fo=289, unset)          0.924     3.957    clk
    SLICE_X33Y68         FDRE                                         r  a10_reg[13]/C
                         clock pessimism              0.000     3.957    <hidden>
                         clock uncertainty           -0.035     3.922    <hidden>
    SLICE_X33Y68         FDRE (Setup_fdre_C_D)        0.062     3.984    a10_reg[13]
  -------------------------------------------------------------------
                         required time                          3.984    <hidden>
                         arrival time                          -3.681    <hidden>
  -------------------------------------------------------------------
                         slack                                  0.303    <hidden>

Slack (MET) :             0.323ns  (required time - arrival time)
  Source:                 rst_n
                            (input port clocked by vclk  {rise@0.000ns fall@1.516ns period=3.033ns})
  Destination:            a13_reg[11]/R
                            (rising edge-triggered cell FDRE clocked by vclk  {rise@0.000ns fall@1.516ns period=3.033ns})
  Path Group:             vclk
  Path Type:              Setup (Max at Slow Process Corner)
  Requirement:            3.033ns  (vclk rise@3.033ns - vclk rise@0.000ns)
  Data Path Delay:        3.075ns  (logic 0.124ns (4.032%)  route 2.951ns (95.968%))
  Logic Levels:           1  (LUT1=1)
  Input Delay:            0.000ns
  Clock Path Skew:        0.924ns (DCD - SCD + CPR)
    Destination Clock Delay (DCD):    0.924ns = ( 3.957 - 3.033 ) 
    Source Clock Delay      (SCD):    0.000ns
    Clock Pessimism Removal (CPR):    0.000ns
  Clock Uncertainty:      0.035ns  ((TSJ^2 + TIJ^2)^1/2 + DJ) / 2 + PE
    Total System Jitter     (TSJ):    0.071ns
    Total Input Jitter      (TIJ):    0.000ns
    Discrete Jitter          (DJ):    0.000ns
    Phase Error              (PE):    0.000ns

    Location             Delay type                Incr(ns)  Path(ns)    Netlist Resource(s)
  -------------------------------------------------------------------    -------------------
                         (clock vclk rise edge)       0.000     0.000 r  <hidden>
                         input delay                  0.000     0.000    <hidden>
                                                      0.000     0.000 f  rst_n
                         net (fo=0)                   0.973     0.973    rst_n
    SLICE_X32Y73         LUT1 (Prop_lut1_I0_O)        0.124     1.097 r  y[15]_i_1/O
                         net (fo=290, routed)         1.978     3.075    RSTP
    SLICE_X38Y68         FDRE                                         r  a13_reg[11]/R
  -------------------------------------------------------------------    -------------------

                         (clock vclk rise edge)       3.033     3.033 r  <hidden>
                                                      0.000     3.033 r  clk
                         net (fo=289, unset)          0.924     3.957    clk
    SLICE_X38Y68         FDRE                                         r  a13_reg[11]/C
                         clock pessimism              0.000     3.957    <hidden>
                         clock uncertainty           -0.035     3.922    <hidden>
    SLICE_X38Y68         FDRE (Setup_fdre_C_R)       -0.524     3.398    a13_reg[11]
  -------------------------------------------------------------------
                         required time                          3.398    <hidden>
                         arrival time                          -3.075    <hidden>
  -------------------------------------------------------------------
                         slack                                  0.323    <hidden>

Slack (MET) :             0.323ns  (required time - arrival time)
  Source:                 rst_n
                            (input port clocked by vclk  {rise@0.000ns fall@1.516ns period=3.033ns})
  Destination:            a13_reg[12]/R
                            (rising edge-triggered cell FDRE clocked by vclk  {rise@0.000ns fall@1.516ns period=3.033ns})
  Path Group:             vclk
  Path Type:              Setup (Max at Slow Process Corner)
  Requirement:            3.033ns  (vclk rise@3.033ns - vclk rise@0.000ns)
  Data Path Delay:        3.075ns  (logic 0.124ns (4.032%)  route 2.951ns (95.968%))
  Logic Levels:           1  (LUT1=1)
  Input Delay:            0.000ns
  Clock Path Skew:        0.924ns (DCD - SCD + CPR)
    Destination Clock Delay (DCD):    0.924ns = ( 3.957 - 3.033 ) 
    Source Clock Delay      (SCD):    0.000ns
    Clock Pessimism Removal (CPR):    0.000ns
  Clock Uncertainty:      0.035ns  ((TSJ^2 + TIJ^2)^1/2 + DJ) / 2 + PE
    Total System Jitter     (TSJ):    0.071ns
    Total Input Jitter      (TIJ):    0.000ns
    Discrete Jitter          (DJ):    0.000ns
    Phase Error              (PE):    0.000ns

    Location             Delay type                Incr(ns)  Path(ns)    Netlist Resource(s)
  -------------------------------------------------------------------    -------------------
                         (clock vclk rise edge)       0.000     0.000 r  <hidden>
                         input delay                  0.000     0.000    <hidden>
                                                      0.000     0.000 f  rst_n
                         net (fo=0)                   0.973     0.973    rst_n
    SLICE_X32Y73         LUT1 (Prop_lut1_I0_O)        0.124     1.097 r  y[15]_i_1/O
                         net (fo=290, routed)         1.978     3.075    RSTP
    SLICE_X38Y68         FDRE                                         r  a13_reg[12]/R
  -------------------------------------------------------------------    -------------------

                         (clock vclk rise edge)       3.033     3.033 r  <hidden>
                                                      0.000     3.033 r  clk
                         net (fo=289, unset)          0.924     3.957    clk
    SLICE_X38Y68         FDRE                                         r  a13_reg[12]/C
                         clock pessimism              0.000     3.957    <hidden>
                         clock uncertainty           -0.035     3.922    <hidden>
    SLICE_X38Y68         FDRE (Setup_fdre_C_R)       -0.524     3.398    a13_reg[12]
  -------------------------------------------------------------------
                         required time                          3.398    <hidden>
                         arrival time                          -3.075    <hidden>
  -------------------------------------------------------------------
                         slack                                  0.323    <hidden>





Pulse Width Checks
--------------------------------------------------------------------------------------
Clock Name:         vclk
Waveform(ns):       { 0.000 1.516 }
Period(ns):         3.033
Sources:            { clk }

Check Type        Corner  Lib Pin  Reference Pin  Required(ns)  Actual(ns)  Slack(ns)  Location      Pin
Min Period        n/a     FDRE/C   n/a            1.000         3.033       2.033      SLICE_X30Y67  a0_reg[10]/C
Min Period        n/a     FDRE/C   n/a            1.000         3.033       2.033      SLICE_X30Y67  a0_reg[11]/C
Min Period        n/a     FDRE/C   n/a            1.000         3.033       2.033      SLICE_X30Y67  a0_reg[12]/C
Min Period        n/a     FDRE/C   n/a            1.000         3.033       2.033      SLICE_X30Y68  a0_reg[13]/C
Min Period        n/a     FDRE/C   n/a            1.000         3.033       2.033      SLICE_X30Y68  a0_reg[14]/C
Min Period        n/a     FDRE/C   n/a            1.000         3.033       2.033      SLICE_X30Y68  a0_reg[15]/C
Min Period        n/a     FDRE/C   n/a            1.000         3.033       2.033      SLICE_X30Y65  a0_reg[2]/C
Min Period        n/a     FDRE/C   n/a            1.000         3.033       2.033      SLICE_X30Y65  a0_reg[3]/C
Min Period        n/a     FDRE/C   n/a            1.000         3.033       2.033      SLICE_X30Y65  a0_reg[4]/C
Min Period        n/a     FDRE/C   n/a            1.000         3.033       2.033      SLICE_X30Y66  a0_reg[5]/C
Low Pulse Width   Slow    FDRE/C   n/a            0.500         1.516       1.016      SLICE_X30Y67  a0_reg[10]/C
Low Pulse Width   Fast    FDRE/C   n/a            0.500         1.517       1.016      SLICE_X30Y67  a0_reg[10]/C
Low Pulse Width   Slow    FDRE/C   n/a            0.500         1.516       1.016      SLICE_X30Y67  a0_reg[11]/C
Low Pulse Width   Fast    FDRE/C   n/a            0.500         1.517       1.016      SLICE_X30Y67  a0_reg[11]/C
Low Pulse Width   Slow    FDRE/C   n/a            0.500         1.516       1.016      SLICE_X30Y67  a0_reg[12]/C
Low Pulse Width   Fast    FDRE/C   n/a            0.500         1.517       1.016      SLICE_X30Y67  a0_reg[12]/C
Low Pulse Width   Slow    FDRE/C   n/a            0.500         1.516       1.016      SLICE_X30Y68  a0_reg[13]/C
Low Pulse Width   Fast    FDRE/C   n/a            0.500         1.517       1.016      SLICE_X30Y68  a0_reg[13]/C
Low Pulse Width   Slow    FDRE/C   n/a            0.500         1.516       1.016      SLICE_X30Y68  a0_reg[14]/C
Low Pulse Width   Fast    FDRE/C   n/a            0.500         1.517       1.016      SLICE_X30Y68  a0_reg[14]/C
High Pulse Width  Slow    FDRE/C   n/a            0.500         1.517       1.017      SLICE_X30Y67  a0_reg[10]/C
High Pulse Width  Fast    FDRE/C   n/a            0.500         1.517       1.016      SLICE_X30Y67  a0_reg[10]/C
High Pulse Width  Slow    FDRE/C   n/a            0.500         1.517       1.017      SLICE_X30Y67  a0_reg[11]/C
High Pulse Width  Fast    FDRE/C   n/a            0.500         1.517       1.016      SLICE_X30Y67  a0_reg[11]/C
High Pulse Width  Slow    FDRE/C   n/a            0.500         1.517       1.017      SLICE_X30Y67  a0_reg[12]/C
High Pulse Width  Fast    FDRE/C   n/a            0.500         1.517       1.016      SLICE_X30Y67  a0_reg[12]/C
High Pulse Width  Slow    FDRE/C   n/a            0.500         1.517       1.017      SLICE_X30Y68  a0_reg[13]/C
High Pulse Width  Fast    FDRE/C   n/a            0.500         1.517       1.016      SLICE_X30Y68  a0_reg[13]/C
High Pulse Width  Slow    FDRE/C   n/a            0.500         1.517       1.017      SLICE_X30Y68  a0_reg[14]/C
High Pulse Width  Fast    FDRE/C   n/a            0.500         1.517       1.016      SLICE_X30Y68  a0_reg[14]/C



