Copyright 1986-2022 Xilinx, Inc. All Rights Reserved. Copyright 2022-2026 Advanced Micro Devices, Inc. All Rights Reserved.
------------------------------------------------------------------------------------------------------------------------------------------------------------------------------------------------------------------------------------------------------------------------------------------
| Tool Version : Vivado v.2026.1 (win64) Build 6511674 Tue Jun 16 11:02:23 MDT 2026
| Date         : Sun Aug 30 22:53:42 2026
| Host         : Amine running 64-bit major release  (build 9200)
| Command      : report_timing_summary -delay_type max -max_paths 10 -report_unconstrained -check_timing_verbose -warn_on_violation -file C:/Users/Amine/mas/fpga-repo/timing_closure_candidate_v7/results/c02_fir_rf_fir42_v6_8b/trial_004_search_p4p87725_a0/reports/timing_summary.rpt
| Design       : rf_s1__fir42_v6_8b__g0
| Device       : 7z020-clg400
| Speed File   : -1  PRODUCTION 1.12 2019-11-22
| Design State : Routed
------------------------------------------------------------------------------------------------------------------------------------------------------------------------------------------------------------------------------------------------------------------------------------------

Timing Summary Report

------------------------------------------------------------------------------------------------
| Timer Settings
| --------------
------------------------------------------------------------------------------------------------

  Enable Multi Corner Analysis               :  Yes
  Enable Pessimism Removal                   :  Yes
  Pessimism Removal Resolution               :  Nearest Common Node
  Enable Input Delay Default Clock           :  No
  Enable Preset / Clear Arcs                 :  No
  Disable Flight Delays                      :  No
  Ignore I/O Paths                           :  No
  Timing Early Launch at Borrowing Latches   :  No
  Borrow Time for Max Delay Exceptions       :  Yes
  Merge Timing Exceptions                    :  Yes
  Inter-SLR Compensation                     :  Conservative

  Corner  Analyze    Analyze    
  Name    Max Paths  Min Paths  
  ------  ---------  ---------  
  Slow    Yes        Yes        
  Fast    Yes        Yes        


------------------------------------------------------------------------------------------------
| Report Methodology
| ------------------
------------------------------------------------------------------------------------------------

No report available as report_methodology has not been run prior. Run report_methodology on the current design for the summary of methodology violations.



check_timing report

Table of Contents
-----------------
1. checking no_clock (0)
2. checking constant_clock (0)
3. checking pulse_width_clock (0)
4. checking unconstrained_internal_endpoints (0)
5. checking no_input_delay (0)
6. checking no_output_delay (0)
7. checking multiple_clock (0)
8. checking generated_clocks (0)
9. checking loops (0)
10. checking partial_input_delay (0)
11. checking partial_output_delay (0)
12. checking latch_loops (0)

1. checking no_clock (0)
------------------------
 There are 0 register/latch pins with no clock.


2. checking constant_clock (0)
------------------------------
 There are 0 register/latch pins with constant_clock.


3. checking pulse_width_clock (0)
---------------------------------
 There are 0 register/latch pins which need pulse_width check


4. checking unconstrained_internal_endpoints (0)
------------------------------------------------
 There are 0 pins that are not constrained for maximum delay.

 There are 0 pins that are not constrained for maximum delay due to constant clock.


5. checking no_input_delay (0)
------------------------------
 There are 0 input ports with no input delay specified.

 There are 0 input ports with no input delay but user has a false path constraint.


6. checking no_output_delay (0)
-------------------------------
 There are 0 ports with no output delay specified.

 There are 0 ports with no output delay but user has a false path constraint

 There are 0 ports with no output delay but with a timing clock defined on it or propagating through it


7. checking multiple_clock (0)
------------------------------
 There are 0 register/latch pins with multiple clocks.


8. checking generated_clocks (0)
--------------------------------
 There are 0 generated clocks that are not connected to a clock source.


9. checking loops (0)
---------------------
 There are 0 combinational loops in the design.


10. checking partial_input_delay (0)
------------------------------------
 There are 0 input ports with partial input delay specified.


11. checking partial_output_delay (0)
-------------------------------------
 There are 0 ports with partial output delay specified.


12. checking latch_loops (0)
----------------------------
 There are 0 combinational latch loops in the design through latch input



------------------------------------------------------------------------------------------------
| Design Timing Summary
| ---------------------
------------------------------------------------------------------------------------------------

    WNS(ns)      TNS(ns)  TNS Failing Endpoints  TNS Total Endpoints     WPWS(ns)     TPWS(ns)  TPWS Failing Endpoints  TPWS Total Endpoints  
    -------      -------  ---------------------  -------------------     --------     --------  ----------------------  --------------------  
     -0.506      -11.029                     46                 1365        1.458        0.000                       0                   680  


Timing constraints are not met.


------------------------------------------------------------------------------------------------
| Clock Summary
| -------------
------------------------------------------------------------------------------------------------

Clock  Waveform(ns)         Period(ns)      Frequency(MHz)
-----  ------------         ----------      --------------
vclk   {0.000 2.438}        4.877           205.044         


------------------------------------------------------------------------------------------------
| Intra Clock Table
| -----------------
------------------------------------------------------------------------------------------------

Clock             WNS(ns)      TNS(ns)  TNS Failing Endpoints  TNS Total Endpoints     WPWS(ns)     TPWS(ns)  TPWS Failing Endpoints  TPWS Total Endpoints  
-----             -------      -------  ---------------------  -------------------     --------     --------  ----------------------  --------------------  
vclk               -0.506      -11.029                     46                 1365        1.458        0.000                       0                   680  


------------------------------------------------------------------------------------------------
| Inter Clock Table
| -----------------
------------------------------------------------------------------------------------------------

From Clock    To Clock          WNS(ns)      TNS(ns)  TNS Failing Endpoints  TNS Total Endpoints  
----------    --------          -------      -------  ---------------------  -------------------  


------------------------------------------------------------------------------------------------
| Other Path Groups Table
| -----------------------
------------------------------------------------------------------------------------------------

Path Group    From Clock    To Clock          WNS(ns)      TNS(ns)  TNS Failing Endpoints  TNS Total Endpoints  
----------    ----------    --------          -------      -------  ---------------------  -------------------  


------------------------------------------------------------------------------------------------
| User Ignored Path Table
| -----------------------
------------------------------------------------------------------------------------------------

Path Group    From Clock    To Clock    
----------    ----------    --------    


------------------------------------------------------------------------------------------------
| Unconstrained Path Table
| ------------------------
------------------------------------------------------------------------------------------------

Path Group    From Clock    To Clock    
----------    ----------    --------    


------------------------------------------------------------------------------------------------
| Timing Details
| --------------
------------------------------------------------------------------------------------------------


---------------------------------------------------------------------------------------------------
From Clock:  vclk
  To Clock:  vclk

Setup :           46  Failing Endpoints,  Worst Slack       -0.506ns,  Total Violation      -11.029ns
Hold  :           NA  Failing Endpoints,  Worst Slack           NA  ,  Total Violation           NA
PW    :            0  Failing Endpoints,  Worst Slack        1.458ns,  Total Violation        0.000ns
---------------------------------------------------------------------------------------------------


Max Delay Paths
--------------------------------------------------------------------------------------
Slack (VIOLATED) :        -0.506ns  (required time - arrival time)
  Source:                 x[1]
                            (input port clocked by vclk  {rise@0.000ns fall@2.438ns period=4.877ns})
  Destination:            a3_reg[13]/D
                            (rising edge-triggered cell FDRE clocked by vclk  {rise@0.000ns fall@2.438ns period=4.877ns})
  Path Group:             vclk
  Path Type:              Setup (Max at Slow Process Corner)
  Requirement:            4.877ns  (vclk rise@4.877ns - vclk rise@0.000ns)
  Data Path Delay:        6.381ns  (logic 3.025ns (47.404%)  route 3.356ns (52.596%))
  Logic Levels:           9  (CARRY4=6 LUT1=1 LUT2=1 LUT3=1)
  Input Delay:            0.000ns
  Clock Path Skew:        0.924ns (DCD - SCD + CPR)
    Destination Clock Delay (DCD):    0.924ns = ( 5.801 - 4.877 ) 
    Source Clock Delay      (SCD):    0.000ns
    Clock Pessimism Removal (CPR):    0.000ns
  Clock Uncertainty:      0.035ns  ((TSJ^2 + TIJ^2)^1/2 + DJ) / 2 + PE
    Total System Jitter     (TSJ):    0.071ns
    Total Input Jitter      (TIJ):    0.000ns
    Discrete Jitter          (DJ):    0.000ns
    Phase Error              (PE):    0.000ns

    Location             Delay type                Incr(ns)  Path(ns)    Netlist Resource(s)
  -------------------------------------------------------------------    -------------------
                         (clock vclk rise edge)       0.000     0.000 r  <hidden>
                         input delay                  0.000     0.000    <hidden>
                                                      0.000     0.000 f  x[1]
                         net (fo=180, unset)          0.973     0.973    x[1]
    SLICE_X28Y64         LUT1 (Prop_lut1_I0_O)        0.124     1.097 r  a3[3]_i_9/O
                         net (fo=1, routed)           0.000     1.097    a3[3]_i_9_n_0
    SLICE_X28Y64         CARRY4 (Prop_carry4_S[1]_CO[3])
                                                      0.550     1.647 r  a3_reg[3]_i_2/CO[3]
                         net (fo=1, routed)           0.000     1.647    a3_reg[3]_i_2_n_0
    SLICE_X28Y65         CARRY4 (Prop_carry4_CI_O[3])
                                                      0.313     1.960 r  a3_reg[11]_i_15/O[3]
                         net (fo=3, routed)           1.133     3.093    a3_reg[11]_i_15_n_4
    SLICE_X27Y67         LUT3 (Prop_lut3_I0_O)        0.306     3.399 r  a3[11]_i_8/O
                         net (fo=1, routed)           0.614     4.014    a3[11]_i_8_n_0
    SLICE_X26Y71         CARRY4 (Prop_carry4_DI[2]_CO[3])
                                                      0.404     4.418 r  a3_reg[11]_i_2/CO[3]
                         net (fo=1, routed)           0.000     4.418    a3_reg[11]_i_2_n_0
    SLICE_X26Y72         CARRY4 (Prop_carry4_CI_O[1])
                                                      0.323     4.741 r  a3_reg[15]_i_2/O[1]
                         net (fo=2, routed)           0.635     5.376    a31[11]
    SLICE_X30Y69         LUT2 (Prop_lut2_I0_O)        0.306     5.682 r  a3[11]_i_3/O
                         net (fo=1, routed)           0.000     5.682    a3[11]_i_3_n_0
    SLICE_X30Y69         CARRY4 (Prop_carry4_S[3]_CO[3])
                                                      0.376     6.058 r  a3_reg[11]_i_1/CO[3]
                         net (fo=1, routed)           0.000     6.058    a3_reg[11]_i_1_n_0
    SLICE_X30Y70         CARRY4 (Prop_carry4_CI_O[1])
                                                      0.323     6.381 r  a3_reg[15]_i_1/O[1]
                         net (fo=1, routed)           0.000     6.381    a30[13]
    SLICE_X30Y70         FDRE                                         r  a3_reg[13]/D
  -------------------------------------------------------------------    -------------------

                         (clock vclk rise edge)       4.877     4.877 r  <hidden>
                                                      0.000     4.877 r  clk
                         net (fo=679, unset)          0.924     5.801    clk
    SLICE_X30Y70         FDRE                                         r  a3_reg[13]/C
                         clock pessimism              0.000     5.801    <hidden>
                         clock uncertainty           -0.035     5.766    <hidden>
    SLICE_X30Y70         FDRE (Setup_fdre_C_D)        0.109     5.875    a3_reg[13]
  -------------------------------------------------------------------
                         required time                          5.875    <hidden>
                         arrival time                          -6.381    <hidden>
  -------------------------------------------------------------------
                         slack                                 -0.506    <hidden>

Slack (VIOLATED) :        -0.505ns  (required time - arrival time)
  Source:                 x[0]
                            (input port clocked by vclk  {rise@0.000ns fall@2.438ns period=4.877ns})
  Destination:            a23_reg[13]/D
                            (rising edge-triggered cell FDRE clocked by vclk  {rise@0.000ns fall@2.438ns period=4.877ns})
  Path Group:             vclk
  Path Type:              Setup (Max at Slow Process Corner)
  Requirement:            4.877ns  (vclk rise@4.877ns - vclk rise@0.000ns)
  Data Path Delay:        6.380ns  (logic 3.308ns (51.853%)  route 3.072ns (48.147%))
  Logic Levels:           9  (CARRY4=6 LUT2=2 LUT3=1)
  Input Delay:            0.000ns
  Clock Path Skew:        0.924ns (DCD - SCD + CPR)
    Destination Clock Delay (DCD):    0.924ns = ( 5.801 - 4.877 ) 
    Source Clock Delay      (SCD):    0.000ns
    Clock Pessimism Removal (CPR):    0.000ns
  Clock Uncertainty:      0.035ns  ((TSJ^2 + TIJ^2)^1/2 + DJ) / 2 + PE
    Total System Jitter     (TSJ):    0.071ns
    Total Input Jitter      (TIJ):    0.000ns
    Discrete Jitter          (DJ):    0.000ns
    Phase Error              (PE):    0.000ns

    Location             Delay type                Incr(ns)  Path(ns)    Netlist Resource(s)
  -------------------------------------------------------------------    -------------------
                         (clock vclk rise edge)       0.000     0.000 r  <hidden>
                         input delay                  0.000     0.000    <hidden>
                                                      0.000     0.000 r  x[0]
                         net (fo=228, unset)          0.973     0.973    x[0]
    SLICE_X40Y64         LUT2 (Prop_lut2_I1_O)        0.124     1.097 r  a36[3]_i_9/O
                         net (fo=1, routed)           0.000     1.097    a36[3]_i_9_n_0
    SLICE_X40Y64         CARRY4 (Prop_carry4_S[1]_CO[3])
                                                      0.550     1.647 r  a36_reg[3]_i_2/CO[3]
                         net (fo=1, routed)           0.000     1.647    a36_reg[3]_i_2_n_0
    SLICE_X40Y65         CARRY4 (Prop_carry4_CI_O[1])
                                                      0.334     1.981 r  a36_reg[11]_i_15/O[1]
                         net (fo=3, routed)           0.805     2.786    a36_reg[11]_i_15_n_6
    SLICE_X41Y66         LUT3 (Prop_lut3_I1_O)        0.329     3.115 r  a36[11]_i_10/O
                         net (fo=1, routed)           0.619     3.734    a36[11]_i_10_n_0
    SLICE_X36Y69         CARRY4 (Prop_carry4_DI[0]_CO[3])
                                                      0.758     4.492 r  a36_reg[11]_i_2/CO[3]
                         net (fo=1, routed)           0.000     4.492    a36_reg[11]_i_2_n_0
    SLICE_X36Y70         CARRY4 (Prop_carry4_CI_O[0])
                                                      0.219     4.711 r  a36_reg[15]_i_2/O[0]
                         net (fo=4, routed)           0.675     5.386    a231[11]
    SLICE_X36Y66         LUT2 (Prop_lut2_I0_O)        0.295     5.681 r  a23[11]_i_2/O
                         net (fo=1, routed)           0.000     5.681    a23[11]_i_2_n_0
    SLICE_X36Y66         CARRY4 (Prop_carry4_S[3]_CO[3])
                                                      0.376     6.057 r  a23_reg[11]_i_1/CO[3]
                         net (fo=1, routed)           0.000     6.057    a23_reg[11]_i_1_n_0
    SLICE_X36Y67         CARRY4 (Prop_carry4_CI_O[1])
                                                      0.323     6.380 r  a23_reg[15]_i_1/O[1]
                         net (fo=1, routed)           0.000     6.380    a230[13]
    SLICE_X36Y67         FDRE                                         r  a23_reg[13]/D
  -------------------------------------------------------------------    -------------------

                         (clock vclk rise edge)       4.877     4.877 r  <hidden>
                                                      0.000     4.877 r  clk
                         net (fo=679, unset)          0.924     5.801    clk
    SLICE_X36Y67         FDRE                                         r  a23_reg[13]/C
                         clock pessimism              0.000     5.801    <hidden>
                         clock uncertainty           -0.035     5.766    <hidden>
    SLICE_X36Y67         FDRE (Setup_fdre_C_D)        0.109     5.875    a23_reg[13]
  -------------------------------------------------------------------
                         required time                          5.875    <hidden>
                         arrival time                          -6.380    <hidden>
  -------------------------------------------------------------------
                         slack                                 -0.505    <hidden>

Slack (VIOLATED) :        -0.498ns  (required time - arrival time)
  Source:                 x[1]
                            (input port clocked by vclk  {rise@0.000ns fall@2.438ns period=4.877ns})
  Destination:            a3_reg[15]/D
                            (rising edge-triggered cell FDRE clocked by vclk  {rise@0.000ns fall@2.438ns period=4.877ns})
  Path Group:             vclk
  Path Type:              Setup (Max at Slow Process Corner)
  Requirement:            4.877ns  (vclk rise@4.877ns - vclk rise@0.000ns)
  Data Path Delay:        6.373ns  (logic 3.017ns (47.338%)  route 3.356ns (52.662%))
  Logic Levels:           9  (CARRY4=6 LUT1=1 LUT2=1 LUT3=1)
  Input Delay:            0.000ns
  Clock Path Skew:        0.924ns (DCD - SCD + CPR)
    Destination Clock Delay (DCD):    0.924ns = ( 5.801 - 4.877 ) 
    Source Clock Delay      (SCD):    0.000ns
    Clock Pessimism Removal (CPR):    0.000ns
  Clock Uncertainty:      0.035ns  ((TSJ^2 + TIJ^2)^1/2 + DJ) / 2 + PE
    Total System Jitter     (TSJ):    0.071ns
    Total Input Jitter      (TIJ):    0.000ns
    Discrete Jitter          (DJ):    0.000ns
    Phase Error              (PE):    0.000ns

    Location             Delay type                Incr(ns)  Path(ns)    Netlist Resource(s)
  -------------------------------------------------------------------    -------------------
                         (clock vclk rise edge)       0.000     0.000 r  <hidden>
                         input delay                  0.000     0.000    <hidden>
                                                      0.000     0.000 f  x[1]
                         net (fo=180, unset)          0.973     0.973    x[1]
    SLICE_X28Y64         LUT1 (Prop_lut1_I0_O)        0.124     1.097 r  a3[3]_i_9/O
                         net (fo=1, routed)           0.000     1.097    a3[3]_i_9_n_0
    SLICE_X28Y64         CARRY4 (Prop_carry4_S[1]_CO[3])
                                                      0.550     1.647 r  a3_reg[3]_i_2/CO[3]
                         net (fo=1, routed)           0.000     1.647    a3_reg[3]_i_2_n_0
    SLICE_X28Y65         CARRY4 (Prop_carry4_CI_O[3])
                                                      0.313     1.960 r  a3_reg[11]_i_15/O[3]
                         net (fo=3, routed)           1.133     3.093    a3_reg[11]_i_15_n_4
    SLICE_X27Y67         LUT3 (Prop_lut3_I0_O)        0.306     3.399 r  a3[11]_i_8/O
                         net (fo=1, routed)           0.614     4.014    a3[11]_i_8_n_0
    SLICE_X26Y71         CARRY4 (Prop_carry4_DI[2]_CO[3])
                                                      0.404     4.418 r  a3_reg[11]_i_2/CO[3]
                         net (fo=1, routed)           0.000     4.418    a3_reg[11]_i_2_n_0
    SLICE_X26Y72         CARRY4 (Prop_carry4_CI_O[1])
                                                      0.323     4.741 r  a3_reg[15]_i_2/O[1]
                         net (fo=2, routed)           0.635     5.376    a31[11]
    SLICE_X30Y69         LUT2 (Prop_lut2_I0_O)        0.306     5.682 r  a3[11]_i_3/O
                         net (fo=1, routed)           0.000     5.682    a3[11]_i_3_n_0
    SLICE_X30Y69         CARRY4 (Prop_carry4_S[3]_CO[3])
                                                      0.376     6.058 r  a3_reg[11]_i_1/CO[3]
                         net (fo=1, routed)           0.000     6.058    a3_reg[11]_i_1_n_0
    SLICE_X30Y70         CARRY4 (Prop_carry4_CI_O[3])
                                                      0.315     6.373 r  a3_reg[15]_i_1/O[3]
                         net (fo=1, routed)           0.000     6.373    a30[15]
    SLICE_X30Y70         FDRE                                         r  a3_reg[15]/D
  -------------------------------------------------------------------    -------------------

                         (clock vclk rise edge)       4.877     4.877 r  <hidden>
                                                      0.000     4.877 r  clk
                         net (fo=679, unset)          0.924     5.801    clk
    SLICE_X30Y70         FDRE                                         r  a3_reg[15]/C
                         clock pessimism              0.000     5.801    <hidden>
                         clock uncertainty           -0.035     5.766    <hidden>
    SLICE_X30Y70         FDRE (Setup_fdre_C_D)        0.109     5.875    a3_reg[15]
  -------------------------------------------------------------------
                         required time                          5.875    <hidden>
                         arrival time                          -6.373    <hidden>
  -------------------------------------------------------------------
                         slack                                 -0.498    <hidden>

Slack (VIOLATED) :        -0.497ns  (required time - arrival time)
  Source:                 x[0]
                            (input port clocked by vclk  {rise@0.000ns fall@2.438ns period=4.877ns})
  Destination:            a23_reg[15]/D
                            (rising edge-triggered cell FDRE clocked by vclk  {rise@0.000ns fall@2.438ns period=4.877ns})
  Path Group:             vclk
  Path Type:              Setup (Max at Slow Process Corner)
  Requirement:            4.877ns  (vclk rise@4.877ns - vclk rise@0.000ns)
  Data Path Delay:        6.372ns  (logic 3.300ns (51.792%)  route 3.072ns (48.208%))
  Logic Levels:           9  (CARRY4=6 LUT2=2 LUT3=1)
  Input Delay:            0.000ns
  Clock Path Skew:        0.924ns (DCD - SCD + CPR)
    Destination Clock Delay (DCD):    0.924ns = ( 5.801 - 4.877 ) 
    Source Clock Delay      (SCD):    0.000ns
    Clock Pessimism Removal (CPR):    0.000ns
  Clock Uncertainty:      0.035ns  ((TSJ^2 + TIJ^2)^1/2 + DJ) / 2 + PE
    Total System Jitter     (TSJ):    0.071ns
    Total Input Jitter      (TIJ):    0.000ns
    Discrete Jitter          (DJ):    0.000ns
    Phase Error              (PE):    0.000ns

    Location             Delay type                Incr(ns)  Path(ns)    Netlist Resource(s)
  -------------------------------------------------------------------    -------------------
                         (clock vclk rise edge)       0.000     0.000 r  <hidden>
                         input delay                  0.000     0.000    <hidden>
                                                      0.000     0.000 r  x[0]
                         net (fo=228, unset)          0.973     0.973    x[0]
    SLICE_X40Y64         LUT2 (Prop_lut2_I1_O)        0.124     1.097 r  a36[3]_i_9/O
                         net (fo=1, routed)           0.000     1.097    a36[3]_i_9_n_0
    SLICE_X40Y64         CARRY4 (Prop_carry4_S[1]_CO[3])
                                                      0.550     1.647 r  a36_reg[3]_i_2/CO[3]
                         net (fo=1, routed)           0.000     1.647    a36_reg[3]_i_2_n_0
    SLICE_X40Y65         CARRY4 (Prop_carry4_CI_O[1])
                                                      0.334     1.981 r  a36_reg[11]_i_15/O[1]
                         net (fo=3, routed)           0.805     2.786    a36_reg[11]_i_15_n_6
    SLICE_X41Y66         LUT3 (Prop_lut3_I1_O)        0.329     3.115 r  a36[11]_i_10/O
                         net (fo=1, routed)           0.619     3.734    a36[11]_i_10_n_0
    SLICE_X36Y69         CARRY4 (Prop_carry4_DI[0]_CO[3])
                                                      0.758     4.492 r  a36_reg[11]_i_2/CO[3]
                         net (fo=1, routed)           0.000     4.492    a36_reg[11]_i_2_n_0
    SLICE_X36Y70         CARRY4 (Prop_carry4_CI_O[0])
                                                      0.219     4.711 r  a36_reg[15]_i_2/O[0]
                         net (fo=4, routed)           0.675     5.386    a231[11]
    SLICE_X36Y66         LUT2 (Prop_lut2_I0_O)        0.295     5.681 r  a23[11]_i_2/O
                         net (fo=1, routed)           0.000     5.681    a23[11]_i_2_n_0
    SLICE_X36Y66         CARRY4 (Prop_carry4_S[3]_CO[3])
                                                      0.376     6.057 r  a23_reg[11]_i_1/CO[3]
                         net (fo=1, routed)           0.000     6.057    a23_reg[11]_i_1_n_0
    SLICE_X36Y67         CARRY4 (Prop_carry4_CI_O[3])
                                                      0.315     6.372 r  a23_reg[15]_i_1/O[3]
                         net (fo=1, routed)           0.000     6.372    a230[15]
    SLICE_X36Y67         FDRE                                         r  a23_reg[15]/D
  -------------------------------------------------------------------    -------------------

                         (clock vclk rise edge)       4.877     4.877 r  <hidden>
                                                      0.000     4.877 r  clk
                         net (fo=679, unset)          0.924     5.801    clk
    SLICE_X36Y67         FDRE                                         r  a23_reg[15]/C
                         clock pessimism              0.000     5.801    <hidden>
                         clock uncertainty           -0.035     5.766    <hidden>
    SLICE_X36Y67         FDRE (Setup_fdre_C_D)        0.109     5.875    a23_reg[15]
  -------------------------------------------------------------------
                         required time                          5.875    <hidden>
                         arrival time                          -6.372    <hidden>
  -------------------------------------------------------------------
                         slack                                 -0.497    <hidden>

Slack (VIOLATED) :        -0.488ns  (required time - arrival time)
  Source:                 x[0]
                            (input port clocked by vclk  {rise@0.000ns fall@2.438ns period=4.877ns})
  Destination:            a36_reg[15]/D
                            (rising edge-triggered cell FDRE clocked by vclk  {rise@0.000ns fall@2.438ns period=4.877ns})
  Path Group:             vclk
  Path Type:              Setup (Max at Slow Process Corner)
  Requirement:            4.877ns  (vclk rise@4.877ns - vclk rise@0.000ns)
  Data Path Delay:        6.316ns  (logic 3.330ns (52.722%)  route 2.986ns (47.278%))
  Logic Levels:           8  (CARRY4=5 LUT2=2 LUT3=1)
  Input Delay:            0.000ns
  Clock Path Skew:        0.924ns (DCD - SCD + CPR)
    Destination Clock Delay (DCD):    0.924ns = ( 5.801 - 4.877 ) 
    Source Clock Delay      (SCD):    0.000ns
    Clock Pessimism Removal (CPR):    0.000ns
  Clock Uncertainty:      0.035ns  ((TSJ^2 + TIJ^2)^1/2 + DJ) / 2 + PE
    Total System Jitter     (TSJ):    0.071ns
    Total Input Jitter      (TIJ):    0.000ns
    Discrete Jitter          (DJ):    0.000ns
    Phase Error              (PE):    0.000ns

    Location             Delay type                Incr(ns)  Path(ns)    Netlist Resource(s)
  -------------------------------------------------------------------    -------------------
                         (clock vclk rise edge)       0.000     0.000 r  <hidden>
                         input delay                  0.000     0.000    <hidden>
                                                      0.000     0.000 r  x[0]
                         net (fo=228, unset)          0.973     0.973    x[0]
    SLICE_X40Y64         LUT2 (Prop_lut2_I1_O)        0.124     1.097 r  a36[3]_i_9/O
                         net (fo=1, routed)           0.000     1.097    a36[3]_i_9_n_0
    SLICE_X40Y64         CARRY4 (Prop_carry4_S[1]_CO[3])
                                                      0.550     1.647 r  a36_reg[3]_i_2/CO[3]
                         net (fo=1, routed)           0.000     1.647    a36_reg[3]_i_2_n_0
    SLICE_X40Y65         CARRY4 (Prop_carry4_CI_O[1])
                                                      0.334     1.981 r  a36_reg[11]_i_15/O[1]
                         net (fo=3, routed)           0.805     2.786    a36_reg[11]_i_15_n_6
    SLICE_X41Y66         LUT3 (Prop_lut3_I1_O)        0.329     3.115 r  a36[11]_i_10/O
                         net (fo=1, routed)           0.619     3.734    a36[11]_i_10_n_0
    SLICE_X36Y69         CARRY4 (Prop_carry4_DI[0]_CO[3])
                                                      0.758     4.492 r  a36_reg[11]_i_2/CO[3]
                         net (fo=1, routed)           0.000     4.492    a36_reg[11]_i_2_n_0
    SLICE_X36Y70         CARRY4 (Prop_carry4_CI_O[1])
                                                      0.323     4.815 r  a36_reg[15]_i_2/O[1]
                         net (fo=4, routed)           0.589     5.404    a231[12]
    SLICE_X39Y67         LUT2 (Prop_lut2_I0_O)        0.306     5.710 r  a36[15]_i_3/O
                         net (fo=1, routed)           0.000     5.710    a36[15]_i_3_n_0
    SLICE_X39Y67         CARRY4 (Prop_carry4_S[0]_O[3])
                                                      0.606     6.316 r  a36_reg[15]_i_1/O[3]
                         net (fo=1, routed)           0.000     6.316    a360[15]
    SLICE_X39Y67         FDRE                                         r  a36_reg[15]/D
  -------------------------------------------------------------------    -------------------

                         (clock vclk rise edge)       4.877     4.877 r  <hidden>
                                                      0.000     4.877 r  clk
                         net (fo=679, unset)          0.924     5.801    clk
    SLICE_X39Y67         FDRE                                         r  a36_reg[15]/C
                         clock pessimism              0.000     5.801    <hidden>
                         clock uncertainty           -0.035     5.766    <hidden>
    SLICE_X39Y67         FDRE (Setup_fdre_C_D)        0.062     5.828    a36_reg[15]
  -------------------------------------------------------------------
                         required time                          5.828    <hidden>
                         arrival time                          -6.316    <hidden>
  -------------------------------------------------------------------
                         slack                                 -0.488    <hidden>

Slack (VIOLATED) :        -0.464ns  (required time - arrival time)
  Source:                 x[0]
                            (input port clocked by vclk  {rise@0.000ns fall@2.438ns period=4.877ns})
  Destination:            a36_reg[13]/D
                            (rising edge-triggered cell FDRE clocked by vclk  {rise@0.000ns fall@2.438ns period=4.877ns})
  Path Group:             vclk
  Path Type:              Setup (Max at Slow Process Corner)
  Requirement:            4.877ns  (vclk rise@4.877ns - vclk rise@0.000ns)
  Data Path Delay:        6.292ns  (logic 3.309ns (52.587%)  route 2.983ns (47.413%))
  Logic Levels:           8  (CARRY4=5 LUT2=2 LUT3=1)
  Input Delay:            0.000ns
  Clock Path Skew:        0.924ns (DCD - SCD + CPR)
    Destination Clock Delay (DCD):    0.924ns = ( 5.801 - 4.877 ) 
    Source Clock Delay      (SCD):    0.000ns
    Clock Pessimism Removal (CPR):    0.000ns
  Clock Uncertainty:      0.035ns  ((TSJ^2 + TIJ^2)^1/2 + DJ) / 2 + PE
    Total System Jitter     (TSJ):    0.071ns
    Total Input Jitter      (TIJ):    0.000ns
    Discrete Jitter          (DJ):    0.000ns
    Phase Error              (PE):    0.000ns

    Location             Delay type                Incr(ns)  Path(ns)    Netlist Resource(s)
  -------------------------------------------------------------------    -------------------
                         (clock vclk rise edge)       0.000     0.000 r  <hidden>
                         input delay                  0.000     0.000    <hidden>
                                                      0.000     0.000 r  x[0]
                         net (fo=228, unset)          0.973     0.973    x[0]
    SLICE_X40Y64         LUT2 (Prop_lut2_I1_O)        0.124     1.097 r  a36[3]_i_9/O
                         net (fo=1, routed)           0.000     1.097    a36[3]_i_9_n_0
    SLICE_X40Y64         CARRY4 (Prop_carry4_S[1]_CO[3])
                                                      0.550     1.647 r  a36_reg[3]_i_2/CO[3]
                         net (fo=1, routed)           0.000     1.647    a36_reg[3]_i_2_n_0
    SLICE_X40Y65         CARRY4 (Prop_carry4_CI_O[1])
                                                      0.334     1.981 r  a36_reg[11]_i_15/O[1]
                         net (fo=3, routed)           0.805     2.786    a36_reg[11]_i_15_n_6
    SLICE_X41Y66         LUT3 (Prop_lut3_I1_O)        0.329     3.115 r  a36[11]_i_10/O
                         net (fo=1, routed)           0.619     3.734    a36[11]_i_10_n_0
    SLICE_X36Y69         CARRY4 (Prop_carry4_DI[0]_O[2])
                                                      0.787     4.521 r  a36_reg[11]_i_2/O[2]
                         net (fo=4, routed)           0.587     5.107    a231[9]
    SLICE_X39Y66         LUT2 (Prop_lut2_I0_O)        0.301     5.408 r  a36[11]_i_5/O
                         net (fo=1, routed)           0.000     5.408    a36[11]_i_5_n_0
    SLICE_X39Y66         CARRY4 (Prop_carry4_S[1]_CO[3])
                                                      0.550     5.958 r  a36_reg[11]_i_1/CO[3]
                         net (fo=1, routed)           0.000     5.958    a36_reg[11]_i_1_n_0
    SLICE_X39Y67         CARRY4 (Prop_carry4_CI_O[1])
                                                      0.334     6.292 r  a36_reg[15]_i_1/O[1]
                         net (fo=1, routed)           0.000     6.292    a360[13]
    SLICE_X39Y67         FDRE                                         r  a36_reg[13]/D
  -------------------------------------------------------------------    -------------------

                         (clock vclk rise edge)       4.877     4.877 r  <hidden>
                                                      0.000     4.877 r  clk
                         net (fo=679, unset)          0.924     5.801    clk
    SLICE_X39Y67         FDRE                                         r  a36_reg[13]/C
                         clock pessimism              0.000     5.801    <hidden>
                         clock uncertainty           -0.035     5.766    <hidden>
    SLICE_X39Y67         FDRE (Setup_fdre_C_D)        0.062     5.828    a36_reg[13]
  -------------------------------------------------------------------
                         required time                          5.828    <hidden>
                         arrival time                          -6.292    <hidden>
  -------------------------------------------------------------------
                         slack                                 -0.464    <hidden>

Slack (VIOLATED) :        -0.429ns  (required time - arrival time)
  Source:                 x[0]
                            (input port clocked by vclk  {rise@0.000ns fall@2.438ns period=4.877ns})
  Destination:            a36_reg[14]/D
                            (rising edge-triggered cell FDRE clocked by vclk  {rise@0.000ns fall@2.438ns period=4.877ns})
  Path Group:             vclk
  Path Type:              Setup (Max at Slow Process Corner)
  Requirement:            4.877ns  (vclk rise@4.877ns - vclk rise@0.000ns)
  Data Path Delay:        6.257ns  (logic 3.271ns (52.276%)  route 2.986ns (47.724%))
  Logic Levels:           8  (CARRY4=5 LUT2=2 LUT3=1)
  Input Delay:            0.000ns
  Clock Path Skew:        0.924ns (DCD - SCD + CPR)
    Destination Clock Delay (DCD):    0.924ns = ( 5.801 - 4.877 ) 
    Source Clock Delay      (SCD):    0.000ns
    Clock Pessimism Removal (CPR):    0.000ns
  Clock Uncertainty:      0.035ns  ((TSJ^2 + TIJ^2)^1/2 + DJ) / 2 + PE
    Total System Jitter     (TSJ):    0.071ns
    Total Input Jitter      (TIJ):    0.000ns
    Discrete Jitter          (DJ):    0.000ns
    Phase Error              (PE):    0.000ns

    Location             Delay type                Incr(ns)  Path(ns)    Netlist Resource(s)
  -------------------------------------------------------------------    -------------------
                         (clock vclk rise edge)       0.000     0.000 r  <hidden>
                         input delay                  0.000     0.000    <hidden>
                                                      0.000     0.000 r  x[0]
                         net (fo=228, unset)          0.973     0.973    x[0]
    SLICE_X40Y64         LUT2 (Prop_lut2_I1_O)        0.124     1.097 r  a36[3]_i_9/O
                         net (fo=1, routed)           0.000     1.097    a36[3]_i_9_n_0
    SLICE_X40Y64         CARRY4 (Prop_carry4_S[1]_CO[3])
                                                      0.550     1.647 r  a36_reg[3]_i_2/CO[3]
                         net (fo=1, routed)           0.000     1.647    a36_reg[3]_i_2_n_0
    SLICE_X40Y65         CARRY4 (Prop_carry4_CI_O[1])
                                                      0.334     1.981 r  a36_reg[11]_i_15/O[1]
                         net (fo=3, routed)           0.805     2.786    a36_reg[11]_i_15_n_6
    SLICE_X41Y66         LUT3 (Prop_lut3_I1_O)        0.329     3.115 r  a36[11]_i_10/O
                         net (fo=1, routed)           0.619     3.734    a36[11]_i_10_n_0
    SLICE_X36Y69         CARRY4 (Prop_carry4_DI[0]_CO[3])
                                                      0.758     4.492 r  a36_reg[11]_i_2/CO[3]
                         net (fo=1, routed)           0.000     4.492    a36_reg[11]_i_2_n_0
    SLICE_X36Y70         CARRY4 (Prop_carry4_CI_O[1])
                                                      0.323     4.815 r  a36_reg[15]_i_2/O[1]
                         net (fo=4, routed)           0.589     5.404    a231[12]
    SLICE_X39Y67         LUT2 (Prop_lut2_I0_O)        0.306     5.710 r  a36[15]_i_3/O
                         net (fo=1, routed)           0.000     5.710    a36[15]_i_3_n_0
    SLICE_X39Y67         CARRY4 (Prop_carry4_S[0]_O[2])
                                                      0.547     6.257 r  a36_reg[15]_i_1/O[2]
                         net (fo=1, routed)           0.000     6.257    a360[14]
    SLICE_X39Y67         FDRE                                         r  a36_reg[14]/D
  -------------------------------------------------------------------    -------------------

                         (clock vclk rise edge)       4.877     4.877 r  <hidden>
                                                      0.000     4.877 r  clk
                         net (fo=679, unset)          0.924     5.801    clk
    SLICE_X39Y67         FDRE                                         r  a36_reg[14]/C
                         clock pessimism              0.000     5.801    <hidden>
                         clock uncertainty           -0.035     5.766    <hidden>
    SLICE_X39Y67         FDRE (Setup_fdre_C_D)        0.062     5.828    a36_reg[14]
  -------------------------------------------------------------------
                         required time                          5.828    <hidden>
                         arrival time                          -6.257    <hidden>
  -------------------------------------------------------------------
                         slack                                 -0.429    <hidden>

Slack (VIOLATED) :        -0.422ns  (required time - arrival time)
  Source:                 x[1]
                            (input port clocked by vclk  {rise@0.000ns fall@2.438ns period=4.877ns})
  Destination:            a3_reg[14]/D
                            (rising edge-triggered cell FDRE clocked by vclk  {rise@0.000ns fall@2.438ns period=4.877ns})
  Path Group:             vclk
  Path Type:              Setup (Max at Slow Process Corner)
  Requirement:            4.877ns  (vclk rise@4.877ns - vclk rise@0.000ns)
  Data Path Delay:        6.297ns  (logic 2.941ns (46.703%)  route 3.356ns (53.297%))
  Logic Levels:           9  (CARRY4=6 LUT1=1 LUT2=1 LUT3=1)
  Input Delay:            0.000ns
  Clock Path Skew:        0.924ns (DCD - SCD + CPR)
    Destination Clock Delay (DCD):    0.924ns = ( 5.801 - 4.877 ) 
    Source Clock Delay      (SCD):    0.000ns
    Clock Pessimism Removal (CPR):    0.000ns
  Clock Uncertainty:      0.035ns  ((TSJ^2 + TIJ^2)^1/2 + DJ) / 2 + PE
    Total System Jitter     (TSJ):    0.071ns
    Total Input Jitter      (TIJ):    0.000ns
    Discrete Jitter          (DJ):    0.000ns
    Phase Error              (PE):    0.000ns

    Location             Delay type                Incr(ns)  Path(ns)    Netlist Resource(s)
  -------------------------------------------------------------------    -------------------
                         (clock vclk rise edge)       0.000     0.000 r  <hidden>
                         input delay                  0.000     0.000    <hidden>
                                                      0.000     0.000 f  x[1]
                         net (fo=180, unset)          0.973     0.973    x[1]
    SLICE_X28Y64         LUT1 (Prop_lut1_I0_O)        0.124     1.097 r  a3[3]_i_9/O
                         net (fo=1, routed)           0.000     1.097    a3[3]_i_9_n_0
    SLICE_X28Y64         CARRY4 (Prop_carry4_S[1]_CO[3])
                                                      0.550     1.647 r  a3_reg[3]_i_2/CO[3]
                         net (fo=1, routed)           0.000     1.647    a3_reg[3]_i_2_n_0
    SLICE_X28Y65         CARRY4 (Prop_carry4_CI_O[3])
                                                      0.313     1.960 r  a3_reg[11]_i_15/O[3]
                         net (fo=3, routed)           1.133     3.093    a3_reg[11]_i_15_n_4
    SLICE_X27Y67         LUT3 (Prop_lut3_I0_O)        0.306     3.399 r  a3[11]_i_8/O
                         net (fo=1, routed)           0.614     4.014    a3[11]_i_8_n_0
    SLICE_X26Y71         CARRY4 (Prop_carry4_DI[2]_CO[3])
                                                      0.404     4.418 r  a3_reg[11]_i_2/CO[3]
                         net (fo=1, routed)           0.000     4.418    a3_reg[11]_i_2_n_0
    SLICE_X26Y72         CARRY4 (Prop_carry4_CI_O[1])
                                                      0.323     4.741 r  a3_reg[15]_i_2/O[1]
                         net (fo=2, routed)           0.635     5.376    a31[11]
    SLICE_X30Y69         LUT2 (Prop_lut2_I0_O)        0.306     5.682 r  a3[11]_i_3/O
                         net (fo=1, routed)           0.000     5.682    a3[11]_i_3_n_0
    SLICE_X30Y69         CARRY4 (Prop_carry4_S[3]_CO[3])
                                                      0.376     6.058 r  a3_reg[11]_i_1/CO[3]
                         net (fo=1, routed)           0.000     6.058    a3_reg[11]_i_1_n_0
    SLICE_X30Y70         CARRY4 (Prop_carry4_CI_O[2])
                                                      0.239     6.297 r  a3_reg[15]_i_1/O[2]
                         net (fo=1, routed)           0.000     6.297    a30[14]
    SLICE_X30Y70         FDRE                                         r  a3_reg[14]/D
  -------------------------------------------------------------------    -------------------

                         (clock vclk rise edge)       4.877     4.877 r  <hidden>
                                                      0.000     4.877 r  clk
                         net (fo=679, unset)          0.924     5.801    clk
    SLICE_X30Y70         FDRE                                         r  a3_reg[14]/C
                         clock pessimism              0.000     5.801    <hidden>
                         clock uncertainty           -0.035     5.766    <hidden>
    SLICE_X30Y70         FDRE (Setup_fdre_C_D)        0.109     5.875    a3_reg[14]
  -------------------------------------------------------------------
                         required time                          5.875    <hidden>
                         arrival time                          -6.297    <hidden>
  -------------------------------------------------------------------
                         slack                                 -0.422    <hidden>

Slack (VIOLATED) :        -0.421ns  (required time - arrival time)
  Source:                 x[0]
                            (input port clocked by vclk  {rise@0.000ns fall@2.438ns period=4.877ns})
  Destination:            a23_reg[14]/D
                            (rising edge-triggered cell FDRE clocked by vclk  {rise@0.000ns fall@2.438ns period=4.877ns})
  Path Group:             vclk
  Path Type:              Setup (Max at Slow Process Corner)
  Requirement:            4.877ns  (vclk rise@4.877ns - vclk rise@0.000ns)
  Data Path Delay:        6.296ns  (logic 3.224ns (51.210%)  route 3.072ns (48.790%))
  Logic Levels:           9  (CARRY4=6 LUT2=2 LUT3=1)
  Input Delay:            0.000ns
  Clock Path Skew:        0.924ns (DCD - SCD + CPR)
    Destination Clock Delay (DCD):    0.924ns = ( 5.801 - 4.877 ) 
    Source Clock Delay      (SCD):    0.000ns
    Clock Pessimism Removal (CPR):    0.000ns
  Clock Uncertainty:      0.035ns  ((TSJ^2 + TIJ^2)^1/2 + DJ) / 2 + PE
    Total System Jitter     (TSJ):    0.071ns
    Total Input Jitter      (TIJ):    0.000ns
    Discrete Jitter          (DJ):    0.000ns
    Phase Error              (PE):    0.000ns

    Location             Delay type                Incr(ns)  Path(ns)    Netlist Resource(s)
  -------------------------------------------------------------------    -------------------
                         (clock vclk rise edge)       0.000     0.000 r  <hidden>
                         input delay                  0.000     0.000    <hidden>
                                                      0.000     0.000 r  x[0]
                         net (fo=228, unset)          0.973     0.973    x[0]
    SLICE_X40Y64         LUT2 (Prop_lut2_I1_O)        0.124     1.097 r  a36[3]_i_9/O
                         net (fo=1, routed)           0.000     1.097    a36[3]_i_9_n_0
    SLICE_X40Y64         CARRY4 (Prop_carry4_S[1]_CO[3])
                                                      0.550     1.647 r  a36_reg[3]_i_2/CO[3]
                         net (fo=1, routed)           0.000     1.647    a36_reg[3]_i_2_n_0
    SLICE_X40Y65         CARRY4 (Prop_carry4_CI_O[1])
                                                      0.334     1.981 r  a36_reg[11]_i_15/O[1]
                         net (fo=3, routed)           0.805     2.786    a36_reg[11]_i_15_n_6
    SLICE_X41Y66         LUT3 (Prop_lut3_I1_O)        0.329     3.115 r  a36[11]_i_10/O
                         net (fo=1, routed)           0.619     3.734    a36[11]_i_10_n_0
    SLICE_X36Y69         CARRY4 (Prop_carry4_DI[0]_CO[3])
                                                      0.758     4.492 r  a36_reg[11]_i_2/CO[3]
                         net (fo=1, routed)           0.000     4.492    a36_reg[11]_i_2_n_0
    SLICE_X36Y70         CARRY4 (Prop_carry4_CI_O[0])
                                                      0.219     4.711 r  a36_reg[15]_i_2/O[0]
                         net (fo=4, routed)           0.675     5.386    a231[11]
    SLICE_X36Y66         LUT2 (Prop_lut2_I0_O)        0.295     5.681 r  a23[11]_i_2/O
                         net (fo=1, routed)           0.000     5.681    a23[11]_i_2_n_0
    SLICE_X36Y66         CARRY4 (Prop_carry4_S[3]_CO[3])
                                                      0.376     6.057 r  a23_reg[11]_i_1/CO[3]
                         net (fo=1, routed)           0.000     6.057    a23_reg[11]_i_1_n_0
    SLICE_X36Y67         CARRY4 (Prop_carry4_CI_O[2])
                                                      0.239     6.296 r  a23_reg[15]_i_1/O[2]
                         net (fo=1, routed)           0.000     6.296    a230[14]
    SLICE_X36Y67         FDRE                                         r  a23_reg[14]/D
  -------------------------------------------------------------------    -------------------

                         (clock vclk rise edge)       4.877     4.877 r  <hidden>
                                                      0.000     4.877 r  clk
                         net (fo=679, unset)          0.924     5.801    clk
    SLICE_X36Y67         FDRE                                         r  a23_reg[14]/C
                         clock pessimism              0.000     5.801    <hidden>
                         clock uncertainty           -0.035     5.766    <hidden>
    SLICE_X36Y67         FDRE (Setup_fdre_C_D)        0.109     5.875    a23_reg[14]
  -------------------------------------------------------------------
                         required time                          5.875    <hidden>
                         arrival time                          -6.296    <hidden>
  -------------------------------------------------------------------
                         slack                                 -0.421    <hidden>

Slack (VIOLATED) :        -0.402ns  (required time - arrival time)
  Source:                 x[1]
                            (input port clocked by vclk  {rise@0.000ns fall@2.438ns period=4.877ns})
  Destination:            a3_reg[12]/D
                            (rising edge-triggered cell FDRE clocked by vclk  {rise@0.000ns fall@2.438ns period=4.877ns})
  Path Group:             vclk
  Path Type:              Setup (Max at Slow Process Corner)
  Requirement:            4.877ns  (vclk rise@4.877ns - vclk rise@0.000ns)
  Data Path Delay:        6.277ns  (logic 2.921ns (46.533%)  route 3.356ns (53.467%))
  Logic Levels:           9  (CARRY4=6 LUT1=1 LUT2=1 LUT3=1)
  Input Delay:            0.000ns
  Clock Path Skew:        0.924ns (DCD - SCD + CPR)
    Destination Clock Delay (DCD):    0.924ns = ( 5.801 - 4.877 ) 
    Source Clock Delay      (SCD):    0.000ns
    Clock Pessimism Removal (CPR):    0.000ns
  Clock Uncertainty:      0.035ns  ((TSJ^2 + TIJ^2)^1/2 + DJ) / 2 + PE
    Total System Jitter     (TSJ):    0.071ns
    Total Input Jitter      (TIJ):    0.000ns
    Discrete Jitter          (DJ):    0.000ns
    Phase Error              (PE):    0.000ns

    Location             Delay type                Incr(ns)  Path(ns)    Netlist Resource(s)
  -------------------------------------------------------------------    -------------------
                         (clock vclk rise edge)       0.000     0.000 r  <hidden>
                         input delay                  0.000     0.000    <hidden>
                                                      0.000     0.000 f  x[1]
                         net (fo=180, unset)          0.973     0.973    x[1]
    SLICE_X28Y64         LUT1 (Prop_lut1_I0_O)        0.124     1.097 r  a3[3]_i_9/O
                         net (fo=1, routed)           0.000     1.097    a3[3]_i_9_n_0
    SLICE_X28Y64         CARRY4 (Prop_carry4_S[1]_CO[3])
                                                      0.550     1.647 r  a3_reg[3]_i_2/CO[3]
                         net (fo=1, routed)           0.000     1.647    a3_reg[3]_i_2_n_0
    SLICE_X28Y65         CARRY4 (Prop_carry4_CI_O[3])
                                                      0.313     1.960 r  a3_reg[11]_i_15/O[3]
                         net (fo=3, routed)           1.133     3.093    a3_reg[11]_i_15_n_4
    SLICE_X27Y67         LUT3 (Prop_lut3_I0_O)        0.306     3.399 r  a3[11]_i_8/O
                         net (fo=1, routed)           0.614     4.014    a3[11]_i_8_n_0
    SLICE_X26Y71         CARRY4 (Prop_carry4_DI[2]_CO[3])
                                                      0.404     4.418 r  a3_reg[11]_i_2/CO[3]
                         net (fo=1, routed)           0.000     4.418    a3_reg[11]_i_2_n_0
    SLICE_X26Y72         CARRY4 (Prop_carry4_CI_O[1])
                                                      0.323     4.741 r  a3_reg[15]_i_2/O[1]
                         net (fo=2, routed)           0.635     5.376    a31[11]
    SLICE_X30Y69         LUT2 (Prop_lut2_I0_O)        0.306     5.682 r  a3[11]_i_3/O
                         net (fo=1, routed)           0.000     5.682    a3[11]_i_3_n_0
    SLICE_X30Y69         CARRY4 (Prop_carry4_S[3]_CO[3])
                                                      0.376     6.058 r  a3_reg[11]_i_1/CO[3]
                         net (fo=1, routed)           0.000     6.058    a3_reg[11]_i_1_n_0
    SLICE_X30Y70         CARRY4 (Prop_carry4_CI_O[0])
                                                      0.219     6.277 r  a3_reg[15]_i_1/O[0]
                         net (fo=1, routed)           0.000     6.277    a30[12]
    SLICE_X30Y70         FDRE                                         r  a3_reg[12]/D
  -------------------------------------------------------------------    -------------------

                         (clock vclk rise edge)       4.877     4.877 r  <hidden>
                                                      0.000     4.877 r  clk
                         net (fo=679, unset)          0.924     5.801    clk
    SLICE_X30Y70         FDRE                                         r  a3_reg[12]/C
                         clock pessimism              0.000     5.801    <hidden>
                         clock uncertainty           -0.035     5.766    <hidden>
    SLICE_X30Y70         FDRE (Setup_fdre_C_D)        0.109     5.875    a3_reg[12]
  -------------------------------------------------------------------
                         required time                          5.875    <hidden>
                         arrival time                          -6.277    <hidden>
  -------------------------------------------------------------------
                         slack                                 -0.402    <hidden>





Pulse Width Checks
--------------------------------------------------------------------------------------
Clock Name:         vclk
Waveform(ns):       { 0.000 2.438 }
Period(ns):         4.877
Sources:            { clk }

Check Type        Corner  Lib Pin     Reference Pin  Required(ns)  Actual(ns)  Slack(ns)  Location      Pin
Min Period        n/a     FDRE/C      n/a            1.000         4.877       3.877      SLICE_X26Y65  a0_reg[0]/C
Min Period        n/a     FDRE/C      n/a            1.000         4.877       3.877      SLICE_X30Y65  a0_reg[10]/C
Min Period        n/a     FDRE/C      n/a            1.000         4.877       3.877      SLICE_X30Y65  a0_reg[11]/C
Min Period        n/a     FDRE/C      n/a            1.000         4.877       3.877      SLICE_X30Y65  a0_reg[12]/C
Min Period        n/a     FDRE/C      n/a            1.000         4.877       3.877      SLICE_X30Y65  a0_reg[13]/C
Min Period        n/a     FDRE/C      n/a            1.000         4.877       3.877      SLICE_X30Y66  a0_reg[14]/C
Min Period        n/a     FDRE/C      n/a            1.000         4.877       3.877      SLICE_X30Y66  a0_reg[15]/C
Min Period        n/a     FDRE/C      n/a            1.000         4.877       3.877      SLICE_X26Y65  a0_reg[1]/C
Min Period        n/a     FDRE/C      n/a            1.000         4.877       3.877      SLICE_X30Y63  a0_reg[2]/C
Min Period        n/a     FDRE/C      n/a            1.000         4.877       3.877      SLICE_X30Y63  a0_reg[3]/C
Low Pulse Width   Slow    SRL16E/CLK  n/a            0.980         2.438       1.458      SLICE_X34Y57  a15_reg[0]_srl2___a22_reg_r/CLK
Low Pulse Width   Fast    SRL16E/CLK  n/a            0.980         2.438       1.458      SLICE_X34Y57  a15_reg[0]_srl2___a22_reg_r/CLK
Low Pulse Width   Slow    SRL16E/CLK  n/a            0.980         2.438       1.458      SLICE_X34Y57  a21_reg[0]_srl3___a21_reg_r/CLK
Low Pulse Width   Fast    SRL16E/CLK  n/a            0.980         2.438       1.458      SLICE_X34Y57  a21_reg[0]_srl3___a21_reg_r/CLK
Low Pulse Width   Slow    SRL16E/CLK  n/a            0.980         2.438       1.458      SLICE_X34Y57  a28_reg[0]_srl2___a22_reg_r/CLK
Low Pulse Width   Fast    SRL16E/CLK  n/a            0.980         2.438       1.458      SLICE_X34Y57  a28_reg[0]_srl2___a22_reg_r/CLK
Low Pulse Width   Slow    SRL16E/CLK  n/a            0.980         2.438       1.458      SLICE_X34Y57  a40_reg[0]_srl2___a22_reg_r/CLK
Low Pulse Width   Fast    SRL16E/CLK  n/a            0.980         2.438       1.458      SLICE_X34Y57  a40_reg[0]_srl2___a22_reg_r/CLK
Low Pulse Width   Slow    SRL16E/CLK  n/a            0.980         2.438       1.458      SLICE_X34Y68  a7_reg[0]_srl3___a21_reg_r/CLK
Low Pulse Width   Fast    SRL16E/CLK  n/a            0.980         2.438       1.458      SLICE_X34Y68  a7_reg[0]_srl3___a21_reg_r/CLK
High Pulse Width  Slow    SRL16E/CLK  n/a            0.980         2.438       1.458      SLICE_X34Y57  a15_reg[0]_srl2___a22_reg_r/CLK
High Pulse Width  Fast    SRL16E/CLK  n/a            0.980         2.438       1.458      SLICE_X34Y57  a15_reg[0]_srl2___a22_reg_r/CLK
High Pulse Width  Slow    SRL16E/CLK  n/a            0.980         2.438       1.458      SLICE_X34Y57  a21_reg[0]_srl3___a21_reg_r/CLK
High Pulse Width  Fast    SRL16E/CLK  n/a            0.980         2.438       1.458      SLICE_X34Y57  a21_reg[0]_srl3___a21_reg_r/CLK
High Pulse Width  Slow    SRL16E/CLK  n/a            0.980         2.438       1.458      SLICE_X34Y57  a28_reg[0]_srl2___a22_reg_r/CLK
High Pulse Width  Fast    SRL16E/CLK  n/a            0.980         2.438       1.458      SLICE_X34Y57  a28_reg[0]_srl2___a22_reg_r/CLK
High Pulse Width  Slow    SRL16E/CLK  n/a            0.980         2.438       1.458      SLICE_X34Y57  a40_reg[0]_srl2___a22_reg_r/CLK
High Pulse Width  Fast    SRL16E/CLK  n/a            0.980         2.438       1.458      SLICE_X34Y57  a40_reg[0]_srl2___a22_reg_r/CLK
High Pulse Width  Slow    SRL16E/CLK  n/a            0.980         2.438       1.458      SLICE_X34Y68  a7_reg[0]_srl3___a21_reg_r/CLK
High Pulse Width  Fast    SRL16E/CLK  n/a            0.980         2.438       1.458      SLICE_X34Y68  a7_reg[0]_srl3___a21_reg_r/CLK



