ECHO is off.
ECHO is off.

****** Vivado v2023.1 (64-bit)
  **** SW Build 3865809 on Sun May  7 15:05:29 MDT 2023
  **** IP Build 3864474 on Sun May  7 20:36:21 MDT 2023
  **** SharedData Build 3865790 on Sun May 07 13:33:03 MDT 2023
    ** Copyright 1986-2022 Xilinx, Inc. All Rights Reserved.
    ** Copyright 2022-2023 Advanced Micro Devices, Inc. All Rights Reserved.

source {C:\Users\Amine\mas\fpga-repo\vivado_diagnostics\minimal_synth_probe.tcl} -notrace
PARENT_ENV HRT_TCL_PATH=C:/Xilinx/Vivado/2023.1/scripts/rt/fpga_tcl
PARENT_ENV RDI_APPROOT=C:/Xilinx/Vivado/2023.1
PARENT_ENV RDI_ARGS= -mode batch -nojournal -nolog -notrace -tempDir C:\VGDIAG_SYNTH_20260830\alternate05\r05_original\temp -source C:\Users\Amine\mas\fpga-repo\vivado_diagnostics\minimal_synth_probe.tcl -tclargs C:\Users\Amine\mas\fpga-repo\vivado_diagnostics\minimal_probe.sv C:\VGDIAG_SYNTH_20260830\alternate05\r05_original\result.txt
PARENT_ENV RDI_ARGS_FUNCTION=RDI_EXEC_DEFAULT
PARENT_ENV RDI_BASEROOT=C:/Xilinx/Vivado
PARENT_ENV RDI_BATCH_MODE=True
PARENT_ENV RDI_BINDIR=C:/Xilinx/Vivado/2023.1/bin
PARENT_ENV RDI_BINROOT=C:/Xilinx/Vivado/2023.1/bin
PARENT_ENV RDI_BUILD=yes
PARENT_ENV RDI_CHECK_PROG=True
PARENT_ENV RDI_DATADIR=C:/Xilinx/Vivado/2023.1/data
PARENT_ENV RDI_INSTALLROOT=C:/Xilinx
PARENT_ENV RDI_INSTALLVER=2023.1
PARENT_ENV RDI_INSTALLVERSION=2023.1
PARENT_ENV RDI_ISE_PLATFORM=nt64
PARENT_ENV RDI_JAVACEFROOT=C:/Xilinx/Vivado/2023.1/tps/win64/java-cef-95.0.4638.69
PARENT_ENV RDI_JAVAFXROOT=C:/Xilinx/Vivado/2023.1/tps/win64/javafx-sdk-17.0.1
PARENT_ENV RDI_JAVAROOT=C:/Xilinx/Vivado/2023.1/tps/win64/jre17.0.3_7
PARENT_ENV RDI_JAVA_VERSION=17.0.3_7
PARENT_ENV RDI_LIBDIR=C:/Xilinx/Vivado/2023.1/lib/win64.o
PARENT_ENV RDI_MINGW_LIB=C:/Xilinx/Vivado/2023.1\tps\mingw\6.2.0\win64.o\nt\bin;C:/Xilinx/Vivado/2023.1\tps\mingw\6.2.0\win64.o\nt\libexec\gcc\x86_64-w64-mingw32\6.2.0
PARENT_ENV RDI_OPT_EXT=.o
PARENT_ENV RDI_PLATFORM=win64
PARENT_ENV RDI_PREPEND_PATH=C:/Xilinx/Vivado/2023.1/ids_lite/ISE/bin/nt64;C:/Xilinx/Vivado/2023.1/ids_lite/ISE/lib/nt64
PARENT_ENV RDI_PROG=C:/Xilinx/Vivado/2023.1/bin/unwrapped/win64.o/vivado.exe
PARENT_ENV RDI_PROGNAME=vivado.exe
PARENT_ENV RDI_PYTHON3=C:/Xilinx/Vivado/2023.1\tps\win64\python-3.8.3
PARENT_ENV RDI_PYTHON3_VERSION=3.8.3
PARENT_ENV RDI_PYTHONHOME=C:/Xilinx/Vivado/2023.1\tps\win64\python-3.8.3
PARENT_ENV RDI_PYTHONPATH=C:/Xilinx/Vivado/2023.1\tps\win64\python-3.8.3;C:/Xilinx/Vivado/2023.1\tps\win64\python-3.8.3\bin;C:/Xilinx/Vivado/2023.1\tps\win64\python-3.8.3\lib;C:/Xilinx/Vivado/2023.1\tps\win64\python-3.8.3\lib\site-packages
PARENT_ENV RDI_PYTHON_LD_LIBPATH=C:/Xilinx/Vivado/2023.1\tps\win64\python-3.8.3\lib
PARENT_ENV RDI_SESSION_INFO=C:\VGDIAG_SYNTH_20260830\alternate05\r05_original:AMINE-30-08-2026_17-35-41.24
PARENT_ENV RDI_SHARED_DATA=C:/Xilinx/SharedData/2023.1/data
PARENT_ENV RDI_TPS_ROOT=C:/Xilinx/Vivado/2023.1/tps/win64
PARENT_ENV RDI_USE_JDK17=True
PARENT_ENV RDI_VERBOSE=False
PARENT_ENV RT_INTERUPT=C:/Users/Amine/.oasys/realTime-interrupt.tcl
PARENT_ENV RT_LIBPATH=C:/Xilinx/Vivado/2023.1/scripts/rt/data
PARENT_ENV RT_TCL_PATH=C:/Xilinx/Vivado/2023.1/scripts/rt/base_tcl/tcl
PARENT_ENV TEMP=C:\Users\Amine\AppData\Local\Temp
PARENT_ENV TMP=C:\Users\Amine\AppData\Local\Temp
PARENT_ENV XILINX=C:/Xilinx/Vivado/2023.1/ids_lite/ISE
PARENT_ENV XILINX_DSP=C:/Xilinx/Vivado/2023.1/ids_lite/ISE
PARENT_ENV XILINX_HLS=C:/Xilinx/Vitis_HLS/2023.1
PARENT_ENV XILINX_PLANAHEAD=C:/Xilinx/Vivado/2023.1
PARENT_ENV XILINX_VIVADO=C:/Xilinx/Vivado/2023.1
PARENT_ENV XILINX_VIVADO_HLS=C:/Xilinx/Vivado/2023.1
read_verilog: Time (s): cpu = 00:00:04 ; elapsed = 00:00:05 . Memory (MB): peak = 455.414 ; gain = 156.703
Command: synth_design -top minimal_probe -part xc7z020clg400-1 -mode out_of_context
Starting synth_design
Attempting to get a license for feature 'Synthesis' and/or device 'xc7z020'
INFO: [Common 17-349] Got license for feature 'Synthesis' and/or device 'xc7z020'
INFO: [Synth 8-7079] Multithreading enabled for synth_design using a maximum of 1 processes.
INFO: [Synth 8-7078] Launching helper process for spawning children vivado processes
INFO: [Synth 8-7075] Helper process launched with PID 58988
couldn't read file "C:/Xilinx/Vivado/2023.1/scripts/rt/data/unimacro/unimacro_vhdl.tcl": No error
INFO: [Common 17-83] Releasing license: Synthesis
5 Infos, 0 Warnings, 0 Critical Warnings and 1 Errors encountered.
synth_design failed
SYNTH_FAIL message=ERROR: [Common 17-69] Command failed: Vivado Synthesis failed

OPTIONS=-code 1 -level 0 -errorcode NONE -errorinfo {couldn't read file "C:/Xilinx/Vivado/2023.1/scripts/rt/data/unimacro/unimacro_vhdl.tcl": No error
    while executing
"source -notrace {C:\VGDIAG_SYNTH_20260830\alternate05\r05_original\temp/.Xil_Amine/Vivado-48336-Amine/realtime\minimal_probe.tcl}"
    invoked from within
"synth_design -top minimal_probe -part xc7z020clg400-1 -mode out_of_context"} -errorline 3
INFO: [Common 17-206] Exiting Vivado at Sun Aug 30 17:35:55 2026...
