Copyright 1986-2022 Xilinx, Inc. All Rights Reserved. Copyright 2022-2026 Advanced Micro Devices, Inc. All Rights Reserved.
--------------------------------------------------------------------------------------------------------------------------------------------------------------------------------------------------------------------------------------------------------------------------------------------------
| Tool Version : Vivado v.2026.1 (win64) Build 6511674 Tue Jun 16 11:02:23 MDT 2026
| Date         : Mon Aug 31 00:37:17 2026
| Host         : Amine running 64-bit major release  (build 9200)
| Command      : report_timing_summary -delay_type max -max_paths 10 -report_unconstrained -check_timing_verbose -warn_on_violation -file C:/Users/Amine/mas/fpga-repo/timing_closure_candidate_v7/results/c09_poly_sft_poly6_v13_8b/trial_010_confirm_pass_p28p865_a0/reports/timing_summary.rpt
| Design       : sft__poly6_v13_8b__g6
| Device       : 7z020-clg400
| Speed File   : -1  PRODUCTION 1.12 2019-11-22
| Design State : Routed
--------------------------------------------------------------------------------------------------------------------------------------------------------------------------------------------------------------------------------------------------------------------------------------------------

Timing Summary Report

------------------------------------------------------------------------------------------------
| Timer Settings
| --------------
------------------------------------------------------------------------------------------------

  Enable Multi Corner Analysis               :  Yes
  Enable Pessimism Removal                   :  Yes
  Pessimism Removal Resolution               :  Nearest Common Node
  Enable Input Delay Default Clock           :  No
  Enable Preset / Clear Arcs                 :  No
  Disable Flight Delays                      :  No
  Ignore I/O Paths                           :  No
  Timing Early Launch at Borrowing Latches   :  No
  Borrow Time for Max Delay Exceptions       :  Yes
  Merge Timing Exceptions                    :  Yes
  Inter-SLR Compensation                     :  Conservative

  Corner  Analyze    Analyze    
  Name    Max Paths  Min Paths  
  ------  ---------  ---------  
  Slow    Yes        Yes        
  Fast    Yes        Yes        


------------------------------------------------------------------------------------------------
| Report Methodology
| ------------------
------------------------------------------------------------------------------------------------

No report available as report_methodology has not been run prior. Run report_methodology on the current design for the summary of methodology violations.



check_timing report

Table of Contents
-----------------
1. checking no_clock (0)
2. checking constant_clock (0)
3. checking pulse_width_clock (0)
4. checking unconstrained_internal_endpoints (0)
5. checking no_input_delay (0)
6. checking no_output_delay (0)
7. checking multiple_clock (0)
8. checking generated_clocks (0)
9. checking loops (0)
10. checking partial_input_delay (0)
11. checking partial_output_delay (0)
12. checking latch_loops (0)

1. checking no_clock (0)
------------------------
 There are 0 register/latch pins with no clock.


2. checking constant_clock (0)
------------------------------
 There are 0 register/latch pins with constant_clock.


3. checking pulse_width_clock (0)
---------------------------------
 There are 0 register/latch pins which need pulse_width check


4. checking unconstrained_internal_endpoints (0)
------------------------------------------------
 There are 0 pins that are not constrained for maximum delay.

 There are 0 pins that are not constrained for maximum delay due to constant clock.


5. checking no_input_delay (0)
------------------------------
 There are 0 input ports with no input delay specified.

 There are 0 input ports with no input delay but user has a false path constraint.


6. checking no_output_delay (0)
-------------------------------
 There are 0 ports with no output delay specified.

 There are 0 ports with no output delay but user has a false path constraint

 There are 0 ports with no output delay but with a timing clock defined on it or propagating through it


7. checking multiple_clock (0)
------------------------------
 There are 0 register/latch pins with multiple clocks.


8. checking generated_clocks (0)
--------------------------------
 There are 0 generated clocks that are not connected to a clock source.


9. checking loops (0)
---------------------
 There are 0 combinational loops in the design.


10. checking partial_input_delay (0)
------------------------------------
 There are 0 input ports with partial input delay specified.


11. checking partial_output_delay (0)
-------------------------------------
 There are 0 ports with partial output delay specified.


12. checking latch_loops (0)
----------------------------
 There are 0 combinational latch loops in the design through latch input



------------------------------------------------------------------------------------------------
| Design Timing Summary
| ---------------------
------------------------------------------------------------------------------------------------

    WNS(ns)      TNS(ns)  TNS Failing Endpoints  TNS Total Endpoints     WPWS(ns)     TPWS(ns)  TPWS Failing Endpoints  TPWS Total Endpoints  
    -------      -------  ---------------------  -------------------     --------     --------  ----------------------  --------------------  
      0.139        0.000                      0                   41       26.711        0.000                       0                     1  


All user specified timing constraints are met.


------------------------------------------------------------------------------------------------
| Clock Summary
| -------------
------------------------------------------------------------------------------------------------

Clock  Waveform(ns)       Period(ns)      Frequency(MHz)
-----  ------------       ----------      --------------
vclk   {0.000 14.432}     28.865          34.644          


------------------------------------------------------------------------------------------------
| Intra Clock Table
| -----------------
------------------------------------------------------------------------------------------------

Clock             WNS(ns)      TNS(ns)  TNS Failing Endpoints  TNS Total Endpoints     WPWS(ns)     TPWS(ns)  TPWS Failing Endpoints  TPWS Total Endpoints  
-----             -------      -------  ---------------------  -------------------     --------     --------  ----------------------  --------------------  
vclk                0.139        0.000                      0                   41       26.711        0.000                       0                     1  


------------------------------------------------------------------------------------------------
| Inter Clock Table
| -----------------
------------------------------------------------------------------------------------------------

From Clock    To Clock          WNS(ns)      TNS(ns)  TNS Failing Endpoints  TNS Total Endpoints  
----------    --------          -------      -------  ---------------------  -------------------  


------------------------------------------------------------------------------------------------
| Other Path Groups Table
| -----------------------
------------------------------------------------------------------------------------------------

Path Group    From Clock    To Clock          WNS(ns)      TNS(ns)  TNS Failing Endpoints  TNS Total Endpoints  
----------    ----------    --------          -------      -------  ---------------------  -------------------  


------------------------------------------------------------------------------------------------
| User Ignored Path Table
| -----------------------
------------------------------------------------------------------------------------------------

Path Group    From Clock    To Clock    
----------    ----------    --------    


------------------------------------------------------------------------------------------------
| Unconstrained Path Table
| ------------------------
------------------------------------------------------------------------------------------------

Path Group    From Clock    To Clock    
----------    ----------    --------    


------------------------------------------------------------------------------------------------
| Timing Details
| --------------
------------------------------------------------------------------------------------------------


---------------------------------------------------------------------------------------------------
From Clock:  vclk
  To Clock:  vclk

Setup :            0  Failing Endpoints,  Worst Slack        0.139ns,  Total Violation        0.000ns
Hold  :           NA  Failing Endpoints,  Worst Slack           NA  ,  Total Violation           NA
PW    :            0  Failing Endpoints,  Worst Slack       26.711ns,  Total Violation        0.000ns
---------------------------------------------------------------------------------------------------


Max Delay Paths
--------------------------------------------------------------------------------------
Slack (MET) :             0.139ns  (required time - arrival time)
  Source:                 x[1]
                            (input port clocked by vclk  {rise@0.000ns fall@14.432ns period=28.865ns})
  Destination:            y_reg/A[14]
                            (rising edge-triggered cell DSP48E1 clocked by vclk  {rise@0.000ns fall@14.432ns period=28.865ns})
  Path Group:             vclk
  Path Type:              Setup (Max at Slow Process Corner)
  Requirement:            28.865ns  (vclk rise@28.865ns - vclk rise@0.000ns)
  Data Path Delay:        25.893ns  (logic 18.779ns (72.526%)  route 7.114ns (27.474%))
  Logic Levels:           12  (CARRY4=5 DSP48E1=4 LUT1=1 LUT3=1 LUT4=1)
  Input Delay:            0.000ns
  Clock Path Skew:        0.924ns (DCD - SCD + CPR)
    Destination Clock Delay (DCD):    0.924ns = ( 29.789 - 28.865 ) 
    Source Clock Delay      (SCD):    0.000ns
    Clock Pessimism Removal (CPR):    0.000ns
  Clock Uncertainty:      0.035ns  ((TSJ^2 + TIJ^2)^1/2 + DJ) / 2 + PE
    Total System Jitter     (TSJ):    0.071ns
    Total Input Jitter      (TIJ):    0.000ns
    Discrete Jitter          (DJ):    0.000ns
    Phase Error              (PE):    0.000ns

    Location             Delay type                Incr(ns)  Path(ns)    Netlist Resource(s)
  -------------------------------------------------------------------    -------------------
                         (clock vclk rise edge)       0.000     0.000 r  <hidden>
                         input delay                  0.000     0.000    <hidden>
                                                      0.000     0.000 f  x[1]
                         net (fo=11, unset)           0.973     0.973    x[1]
    SLICE_X40Y60         LUT1 (Prop_lut1_I0_O)        0.124     1.097 r  y8_i_12/O
                         net (fo=1, routed)           0.000     1.097    y8_i_12_n_0
    SLICE_X40Y60         CARRY4 (Prop_carry4_S[1]_CO[3])
                                                      0.550     1.647 r  y8_i_5/CO[3]
                         net (fo=1, routed)           0.000     1.647    y8_i_5_n_0
    SLICE_X40Y61         CARRY4 (Prop_carry4_CI_O[2])
                                                      0.239     1.886 r  y8_i_28/O[2]
                         net (fo=3, routed)           0.824     2.710    y8_i_28_n_5
    SLICE_X39Y61         LUT3 (Prop_lut3_I1_O)        0.330     3.040 r  y8_i_22/O
                         net (fo=2, routed)           0.469     3.509    y8_i_22_n_0
    SLICE_X39Y61         LUT4 (Prop_lut4_I3_O)        0.326     3.835 r  y8_i_26/O
                         net (fo=1, routed)           0.000     3.835    y8_i_26_n_0
    SLICE_X39Y61         CARRY4 (Prop_carry4_S[1]_CO[3])
                                                      0.550     4.385 r  y8_i_7/CO[3]
                         net (fo=1, routed)           0.000     4.385    y8_i_7_n_0
    SLICE_X39Y62         CARRY4 (Prop_carry4_CI_O[2])
                                                      0.239     4.624 r  y8_i_6/O[2]
                         net (fo=1, routed)           0.497     5.121    y11__0[13]
    SLICE_X38Y63         CARRY4 (Prop_carry4_S[1]_O[2])
                                                      0.880     6.001 r  y8_i_1/O[2]
                         net (fo=1, routed)           0.539     6.540    A[14]
    DSP48_X2Y25          DSP48E1 (Prop_dsp48e1_A[14]_P[14])
                                                      4.018    10.558 r  y8/P[14]
                         net (fo=1, routed)           0.858    11.416    y8_n_91
    DSP48_X2Y24          DSP48E1 (Prop_dsp48e1_A[14]_P[13])
                                                      3.841    15.257 r  y6/P[13]
                         net (fo=1, routed)           1.137    16.394    y6_n_92
    DSP48_X2Y28          DSP48E1 (Prop_dsp48e1_A[13]_P[12])
                                                      3.841    20.235 r  y4/P[12]
                         net (fo=1, routed)           0.959    21.194    y4_n_93
    DSP48_X2Y27          DSP48E1 (Prop_dsp48e1_A[12]_P[14])
                                                      3.841    25.035 r  y2/P[14]
                         net (fo=1, routed)           0.858    25.893    y2_n_91
    DSP48_X2Y26          DSP48E1                                      r  y_reg/A[14]
  -------------------------------------------------------------------    -------------------

                         (clock vclk rise edge)      28.865    28.865 r  <hidden>
                                                      0.000    28.865 r  clk
                         net (fo=0)                   0.924    29.789    clk
    DSP48_X2Y26          DSP48E1                                      r  y_reg/CLK
                         clock pessimism              0.000    29.789    <hidden>
                         clock uncertainty           -0.035    29.754    <hidden>
    DSP48_X2Y26          DSP48E1 (Setup_dsp48e1_CLK_A[14])
                                                     -3.722    26.032    y_reg
  -------------------------------------------------------------------
                         required time                         26.032    <hidden>
                         arrival time                         -25.893    <hidden>
  -------------------------------------------------------------------
                         slack                                  0.139    <hidden>

Slack (MET) :             0.370ns  (required time - arrival time)
  Source:                 x[1]
                            (input port clocked by vclk  {rise@0.000ns fall@14.432ns period=28.865ns})
  Destination:            y_reg/A[13]
                            (rising edge-triggered cell DSP48E1 clocked by vclk  {rise@0.000ns fall@14.432ns period=28.865ns})
  Path Group:             vclk
  Path Type:              Setup (Max at Slow Process Corner)
  Requirement:            28.865ns  (vclk rise@28.865ns - vclk rise@0.000ns)
  Data Path Delay:        25.662ns  (logic 18.779ns (73.178%)  route 6.883ns (26.822%))
  Logic Levels:           12  (CARRY4=5 DSP48E1=4 LUT1=1 LUT3=1 LUT4=1)
  Input Delay:            0.000ns
  Clock Path Skew:        0.924ns (DCD - SCD + CPR)
    Destination Clock Delay (DCD):    0.924ns = ( 29.789 - 28.865 ) 
    Source Clock Delay      (SCD):    0.000ns
    Clock Pessimism Removal (CPR):    0.000ns
  Clock Uncertainty:      0.035ns  ((TSJ^2 + TIJ^2)^1/2 + DJ) / 2 + PE
    Total System Jitter     (TSJ):    0.071ns
    Total Input Jitter      (TIJ):    0.000ns
    Discrete Jitter          (DJ):    0.000ns
    Phase Error              (PE):    0.000ns

    Location             Delay type                Incr(ns)  Path(ns)    Netlist Resource(s)
  -------------------------------------------------------------------    -------------------
                         (clock vclk rise edge)       0.000     0.000 r  <hidden>
                         input delay                  0.000     0.000    <hidden>
                                                      0.000     0.000 f  x[1]
                         net (fo=11, unset)           0.973     0.973    x[1]
    SLICE_X40Y60         LUT1 (Prop_lut1_I0_O)        0.124     1.097 r  y8_i_12/O
                         net (fo=1, routed)           0.000     1.097    y8_i_12_n_0
    SLICE_X40Y60         CARRY4 (Prop_carry4_S[1]_CO[3])
                                                      0.550     1.647 r  y8_i_5/CO[3]
                         net (fo=1, routed)           0.000     1.647    y8_i_5_n_0
    SLICE_X40Y61         CARRY4 (Prop_carry4_CI_O[2])
                                                      0.239     1.886 r  y8_i_28/O[2]
                         net (fo=3, routed)           0.824     2.710    y8_i_28_n_5
    SLICE_X39Y61         LUT3 (Prop_lut3_I1_O)        0.330     3.040 r  y8_i_22/O
                         net (fo=2, routed)           0.469     3.509    y8_i_22_n_0
    SLICE_X39Y61         LUT4 (Prop_lut4_I3_O)        0.326     3.835 r  y8_i_26/O
                         net (fo=1, routed)           0.000     3.835    y8_i_26_n_0
    SLICE_X39Y61         CARRY4 (Prop_carry4_S[1]_CO[3])
                                                      0.550     4.385 r  y8_i_7/CO[3]
                         net (fo=1, routed)           0.000     4.385    y8_i_7_n_0
    SLICE_X39Y62         CARRY4 (Prop_carry4_CI_O[2])
                                                      0.239     4.624 r  y8_i_6/O[2]
                         net (fo=1, routed)           0.497     5.121    y11__0[13]
    SLICE_X38Y63         CARRY4 (Prop_carry4_S[1]_O[2])
                                                      0.880     6.001 r  y8_i_1/O[2]
                         net (fo=1, routed)           0.539     6.540    A[14]
    DSP48_X2Y25          DSP48E1 (Prop_dsp48e1_A[14]_P[14])
                                                      4.018    10.558 r  y8/P[14]
                         net (fo=1, routed)           0.858    11.416    y8_n_91
    DSP48_X2Y24          DSP48E1 (Prop_dsp48e1_A[14]_P[13])
                                                      3.841    15.257 r  y6/P[13]
                         net (fo=1, routed)           1.137    16.394    y6_n_92
    DSP48_X2Y28          DSP48E1 (Prop_dsp48e1_A[13]_P[12])
                                                      3.841    20.235 r  y4/P[12]
                         net (fo=1, routed)           0.959    21.194    y4_n_93
    DSP48_X2Y27          DSP48E1 (Prop_dsp48e1_A[12]_P[13])
                                                      3.841    25.035 r  y2/P[13]
                         net (fo=1, routed)           0.627    25.662    y2_n_92
    DSP48_X2Y26          DSP48E1                                      r  y_reg/A[13]
  -------------------------------------------------------------------    -------------------

                         (clock vclk rise edge)      28.865    28.865 r  <hidden>
                                                      0.000    28.865 r  clk
                         net (fo=0)                   0.924    29.789    clk
    DSP48_X2Y26          DSP48E1                                      r  y_reg/CLK
                         clock pessimism              0.000    29.789    <hidden>
                         clock uncertainty           -0.035    29.754    <hidden>
    DSP48_X2Y26          DSP48E1 (Setup_dsp48e1_CLK_A[13])
                                                     -3.722    26.032    y_reg
  -------------------------------------------------------------------
                         required time                         26.032    <hidden>
                         arrival time                         -25.662    <hidden>
  -------------------------------------------------------------------
                         slack                                  0.370    <hidden>

Slack (MET) :             0.418ns  (required time - arrival time)
  Source:                 x[1]
                            (input port clocked by vclk  {rise@0.000ns fall@14.432ns period=28.865ns})
  Destination:            y_reg/A[15]
                            (rising edge-triggered cell DSP48E1 clocked by vclk  {rise@0.000ns fall@14.432ns period=28.865ns})
  Path Group:             vclk
  Path Type:              Setup (Max at Slow Process Corner)
  Requirement:            28.865ns  (vclk rise@28.865ns - vclk rise@0.000ns)
  Data Path Delay:        25.614ns  (logic 18.779ns (73.316%)  route 6.835ns (26.684%))
  Logic Levels:           12  (CARRY4=5 DSP48E1=4 LUT1=1 LUT3=1 LUT4=1)
  Input Delay:            0.000ns
  Clock Path Skew:        0.924ns (DCD - SCD + CPR)
    Destination Clock Delay (DCD):    0.924ns = ( 29.789 - 28.865 ) 
    Source Clock Delay      (SCD):    0.000ns
    Clock Pessimism Removal (CPR):    0.000ns
  Clock Uncertainty:      0.035ns  ((TSJ^2 + TIJ^2)^1/2 + DJ) / 2 + PE
    Total System Jitter     (TSJ):    0.071ns
    Total Input Jitter      (TIJ):    0.000ns
    Discrete Jitter          (DJ):    0.000ns
    Phase Error              (PE):    0.000ns

    Location             Delay type                Incr(ns)  Path(ns)    Netlist Resource(s)
  -------------------------------------------------------------------    -------------------
                         (clock vclk rise edge)       0.000     0.000 r  <hidden>
                         input delay                  0.000     0.000    <hidden>
                                                      0.000     0.000 f  x[1]
                         net (fo=11, unset)           0.973     0.973    x[1]
    SLICE_X40Y60         LUT1 (Prop_lut1_I0_O)        0.124     1.097 r  y8_i_12/O
                         net (fo=1, routed)           0.000     1.097    y8_i_12_n_0
    SLICE_X40Y60         CARRY4 (Prop_carry4_S[1]_CO[3])
                                                      0.550     1.647 r  y8_i_5/CO[3]
                         net (fo=1, routed)           0.000     1.647    y8_i_5_n_0
    SLICE_X40Y61         CARRY4 (Prop_carry4_CI_O[2])
                                                      0.239     1.886 r  y8_i_28/O[2]
                         net (fo=3, routed)           0.824     2.710    y8_i_28_n_5
    SLICE_X39Y61         LUT3 (Prop_lut3_I1_O)        0.330     3.040 r  y8_i_22/O
                         net (fo=2, routed)           0.469     3.509    y8_i_22_n_0
    SLICE_X39Y61         LUT4 (Prop_lut4_I3_O)        0.326     3.835 r  y8_i_26/O
                         net (fo=1, routed)           0.000     3.835    y8_i_26_n_0
    SLICE_X39Y61         CARRY4 (Prop_carry4_S[1]_CO[3])
                                                      0.550     4.385 r  y8_i_7/CO[3]
                         net (fo=1, routed)           0.000     4.385    y8_i_7_n_0
    SLICE_X39Y62         CARRY4 (Prop_carry4_CI_O[2])
                                                      0.239     4.624 r  y8_i_6/O[2]
                         net (fo=1, routed)           0.497     5.121    y11__0[13]
    SLICE_X38Y63         CARRY4 (Prop_carry4_S[1]_O[2])
                                                      0.880     6.001 r  y8_i_1/O[2]
                         net (fo=1, routed)           0.539     6.540    A[14]
    DSP48_X2Y25          DSP48E1 (Prop_dsp48e1_A[14]_P[14])
                                                      4.018    10.558 r  y8/P[14]
                         net (fo=1, routed)           0.858    11.416    y8_n_91
    DSP48_X2Y24          DSP48E1 (Prop_dsp48e1_A[14]_P[13])
                                                      3.841    15.257 r  y6/P[13]
                         net (fo=1, routed)           1.137    16.394    y6_n_92
    DSP48_X2Y28          DSP48E1 (Prop_dsp48e1_A[13]_P[12])
                                                      3.841    20.235 r  y4/P[12]
                         net (fo=1, routed)           0.959    21.194    y4_n_93
    DSP48_X2Y27          DSP48E1 (Prop_dsp48e1_A[12]_P[15])
                                                      3.841    25.035 r  y2/P[15]
                         net (fo=1, routed)           0.579    25.614    y2_n_90
    DSP48_X2Y26          DSP48E1                                      r  y_reg/A[15]
  -------------------------------------------------------------------    -------------------

                         (clock vclk rise edge)      28.865    28.865 r  <hidden>
                                                      0.000    28.865 r  clk
                         net (fo=0)                   0.924    29.789    clk
    DSP48_X2Y26          DSP48E1                                      r  y_reg/CLK
                         clock pessimism              0.000    29.789    <hidden>
                         clock uncertainty           -0.035    29.754    <hidden>
    DSP48_X2Y26          DSP48E1 (Setup_dsp48e1_CLK_A[15])
                                                     -3.722    26.032    y_reg
  -------------------------------------------------------------------
                         required time                         26.032    <hidden>
                         arrival time                         -25.614    <hidden>
  -------------------------------------------------------------------
                         slack                                  0.418    <hidden>

Slack (MET) :             0.559ns  (required time - arrival time)
  Source:                 x[1]
                            (input port clocked by vclk  {rise@0.000ns fall@14.432ns period=28.865ns})
  Destination:            y_reg/A[0]
                            (rising edge-triggered cell DSP48E1 clocked by vclk  {rise@0.000ns fall@14.432ns period=28.865ns})
  Path Group:             vclk
  Path Type:              Setup (Max at Slow Process Corner)
  Requirement:            28.865ns  (vclk rise@28.865ns - vclk rise@0.000ns)
  Data Path Delay:        25.473ns  (logic 18.779ns (73.722%)  route 6.694ns (26.278%))
  Logic Levels:           12  (CARRY4=5 DSP48E1=4 LUT1=1 LUT3=1 LUT4=1)
  Input Delay:            0.000ns
  Clock Path Skew:        0.924ns (DCD - SCD + CPR)
    Destination Clock Delay (DCD):    0.924ns = ( 29.789 - 28.865 ) 
    Source Clock Delay      (SCD):    0.000ns
    Clock Pessimism Removal (CPR):    0.000ns
  Clock Uncertainty:      0.035ns  ((TSJ^2 + TIJ^2)^1/2 + DJ) / 2 + PE
    Total System Jitter     (TSJ):    0.071ns
    Total Input Jitter      (TIJ):    0.000ns
    Discrete Jitter          (DJ):    0.000ns
    Phase Error              (PE):    0.000ns

    Location             Delay type                Incr(ns)  Path(ns)    Netlist Resource(s)
  -------------------------------------------------------------------    -------------------
                         (clock vclk rise edge)       0.000     0.000 r  <hidden>
                         input delay                  0.000     0.000    <hidden>
                                                      0.000     0.000 f  x[1]
                         net (fo=11, unset)           0.973     0.973    x[1]
    SLICE_X40Y60         LUT1 (Prop_lut1_I0_O)        0.124     1.097 r  y8_i_12/O
                         net (fo=1, routed)           0.000     1.097    y8_i_12_n_0
    SLICE_X40Y60         CARRY4 (Prop_carry4_S[1]_CO[3])
                                                      0.550     1.647 r  y8_i_5/CO[3]
                         net (fo=1, routed)           0.000     1.647    y8_i_5_n_0
    SLICE_X40Y61         CARRY4 (Prop_carry4_CI_O[2])
                                                      0.239     1.886 r  y8_i_28/O[2]
                         net (fo=3, routed)           0.824     2.710    y8_i_28_n_5
    SLICE_X39Y61         LUT3 (Prop_lut3_I1_O)        0.330     3.040 r  y8_i_22/O
                         net (fo=2, routed)           0.469     3.509    y8_i_22_n_0
    SLICE_X39Y61         LUT4 (Prop_lut4_I3_O)        0.326     3.835 r  y8_i_26/O
                         net (fo=1, routed)           0.000     3.835    y8_i_26_n_0
    SLICE_X39Y61         CARRY4 (Prop_carry4_S[1]_CO[3])
                                                      0.550     4.385 r  y8_i_7/CO[3]
                         net (fo=1, routed)           0.000     4.385    y8_i_7_n_0
    SLICE_X39Y62         CARRY4 (Prop_carry4_CI_O[2])
                                                      0.239     4.624 r  y8_i_6/O[2]
                         net (fo=1, routed)           0.497     5.121    y11__0[13]
    SLICE_X38Y63         CARRY4 (Prop_carry4_S[1]_O[2])
                                                      0.880     6.001 r  y8_i_1/O[2]
                         net (fo=1, routed)           0.539     6.540    A[14]
    DSP48_X2Y25          DSP48E1 (Prop_dsp48e1_A[14]_P[14])
                                                      4.018    10.558 r  y8/P[14]
                         net (fo=1, routed)           0.858    11.416    y8_n_91
    DSP48_X2Y24          DSP48E1 (Prop_dsp48e1_A[14]_P[13])
                                                      3.841    15.257 r  y6/P[13]
                         net (fo=1, routed)           1.137    16.394    y6_n_92
    DSP48_X2Y28          DSP48E1 (Prop_dsp48e1_A[13]_P[12])
                                                      3.841    20.235 r  y4/P[12]
                         net (fo=1, routed)           0.959    21.194    y4_n_93
    DSP48_X2Y27          DSP48E1 (Prop_dsp48e1_A[12]_P[0])
                                                      3.841    25.035 r  y2/P[0]
                         net (fo=1, routed)           0.438    25.473    y2_n_105
    DSP48_X2Y26          DSP48E1                                      r  y_reg/A[0]
  -------------------------------------------------------------------    -------------------

                         (clock vclk rise edge)      28.865    28.865 r  <hidden>
                                                      0.000    28.865 r  clk
                         net (fo=0)                   0.924    29.789    clk
    DSP48_X2Y26          DSP48E1                                      r  y_reg/CLK
                         clock pessimism              0.000    29.789    <hidden>
                         clock uncertainty           -0.035    29.754    <hidden>
    DSP48_X2Y26          DSP48E1 (Setup_dsp48e1_CLK_A[0])
                                                     -3.722    26.032    y_reg
  -------------------------------------------------------------------
                         required time                         26.032    <hidden>
                         arrival time                         -25.473    <hidden>
  -------------------------------------------------------------------
                         slack                                  0.559    <hidden>

Slack (MET) :             0.559ns  (required time - arrival time)
  Source:                 x[1]
                            (input port clocked by vclk  {rise@0.000ns fall@14.432ns period=28.865ns})
  Destination:            y_reg/A[10]
                            (rising edge-triggered cell DSP48E1 clocked by vclk  {rise@0.000ns fall@14.432ns period=28.865ns})
  Path Group:             vclk
  Path Type:              Setup (Max at Slow Process Corner)
  Requirement:            28.865ns  (vclk rise@28.865ns - vclk rise@0.000ns)
  Data Path Delay:        25.473ns  (logic 18.779ns (73.722%)  route 6.694ns (26.278%))
  Logic Levels:           12  (CARRY4=5 DSP48E1=4 LUT1=1 LUT3=1 LUT4=1)
  Input Delay:            0.000ns
  Clock Path Skew:        0.924ns (DCD - SCD + CPR)
    Destination Clock Delay (DCD):    0.924ns = ( 29.789 - 28.865 ) 
    Source Clock Delay      (SCD):    0.000ns
    Clock Pessimism Removal (CPR):    0.000ns
  Clock Uncertainty:      0.035ns  ((TSJ^2 + TIJ^2)^1/2 + DJ) / 2 + PE
    Total System Jitter     (TSJ):    0.071ns
    Total Input Jitter      (TIJ):    0.000ns
    Discrete Jitter          (DJ):    0.000ns
    Phase Error              (PE):    0.000ns

    Location             Delay type                Incr(ns)  Path(ns)    Netlist Resource(s)
  -------------------------------------------------------------------    -------------------
                         (clock vclk rise edge)       0.000     0.000 r  <hidden>
                         input delay                  0.000     0.000    <hidden>
                                                      0.000     0.000 f  x[1]
                         net (fo=11, unset)           0.973     0.973    x[1]
    SLICE_X40Y60         LUT1 (Prop_lut1_I0_O)        0.124     1.097 r  y8_i_12/O
                         net (fo=1, routed)           0.000     1.097    y8_i_12_n_0
    SLICE_X40Y60         CARRY4 (Prop_carry4_S[1]_CO[3])
                                                      0.550     1.647 r  y8_i_5/CO[3]
                         net (fo=1, routed)           0.000     1.647    y8_i_5_n_0
    SLICE_X40Y61         CARRY4 (Prop_carry4_CI_O[2])
                                                      0.239     1.886 r  y8_i_28/O[2]
                         net (fo=3, routed)           0.824     2.710    y8_i_28_n_5
    SLICE_X39Y61         LUT3 (Prop_lut3_I1_O)        0.330     3.040 r  y8_i_22/O
                         net (fo=2, routed)           0.469     3.509    y8_i_22_n_0
    SLICE_X39Y61         LUT4 (Prop_lut4_I3_O)        0.326     3.835 r  y8_i_26/O
                         net (fo=1, routed)           0.000     3.835    y8_i_26_n_0
    SLICE_X39Y61         CARRY4 (Prop_carry4_S[1]_CO[3])
                                                      0.550     4.385 r  y8_i_7/CO[3]
                         net (fo=1, routed)           0.000     4.385    y8_i_7_n_0
    SLICE_X39Y62         CARRY4 (Prop_carry4_CI_O[2])
                                                      0.239     4.624 r  y8_i_6/O[2]
                         net (fo=1, routed)           0.497     5.121    y11__0[13]
    SLICE_X38Y63         CARRY4 (Prop_carry4_S[1]_O[2])
                                                      0.880     6.001 r  y8_i_1/O[2]
                         net (fo=1, routed)           0.539     6.540    A[14]
    DSP48_X2Y25          DSP48E1 (Prop_dsp48e1_A[14]_P[14])
                                                      4.018    10.558 r  y8/P[14]
                         net (fo=1, routed)           0.858    11.416    y8_n_91
    DSP48_X2Y24          DSP48E1 (Prop_dsp48e1_A[14]_P[13])
                                                      3.841    15.257 r  y6/P[13]
                         net (fo=1, routed)           1.137    16.394    y6_n_92
    DSP48_X2Y28          DSP48E1 (Prop_dsp48e1_A[13]_P[12])
                                                      3.841    20.235 r  y4/P[12]
                         net (fo=1, routed)           0.959    21.194    y4_n_93
    DSP48_X2Y27          DSP48E1 (Prop_dsp48e1_A[12]_P[10])
                                                      3.841    25.035 r  y2/P[10]
                         net (fo=1, routed)           0.438    25.473    y2_n_95
    DSP48_X2Y26          DSP48E1                                      r  y_reg/A[10]
  -------------------------------------------------------------------    -------------------

                         (clock vclk rise edge)      28.865    28.865 r  <hidden>
                                                      0.000    28.865 r  clk
                         net (fo=0)                   0.924    29.789    clk
    DSP48_X2Y26          DSP48E1                                      r  y_reg/CLK
                         clock pessimism              0.000    29.789    <hidden>
                         clock uncertainty           -0.035    29.754    <hidden>
    DSP48_X2Y26          DSP48E1 (Setup_dsp48e1_CLK_A[10])
                                                     -3.722    26.032    y_reg
  -------------------------------------------------------------------
                         required time                         26.032    <hidden>
                         arrival time                         -25.473    <hidden>
  -------------------------------------------------------------------
                         slack                                  0.559    <hidden>

Slack (MET) :             0.559ns  (required time - arrival time)
  Source:                 x[1]
                            (input port clocked by vclk  {rise@0.000ns fall@14.432ns period=28.865ns})
  Destination:            y_reg/A[11]
                            (rising edge-triggered cell DSP48E1 clocked by vclk  {rise@0.000ns fall@14.432ns period=28.865ns})
  Path Group:             vclk
  Path Type:              Setup (Max at Slow Process Corner)
  Requirement:            28.865ns  (vclk rise@28.865ns - vclk rise@0.000ns)
  Data Path Delay:        25.473ns  (logic 18.779ns (73.722%)  route 6.694ns (26.278%))
  Logic Levels:           12  (CARRY4=5 DSP48E1=4 LUT1=1 LUT3=1 LUT4=1)
  Input Delay:            0.000ns
  Clock Path Skew:        0.924ns (DCD - SCD + CPR)
    Destination Clock Delay (DCD):    0.924ns = ( 29.789 - 28.865 ) 
    Source Clock Delay      (SCD):    0.000ns
    Clock Pessimism Removal (CPR):    0.000ns
  Clock Uncertainty:      0.035ns  ((TSJ^2 + TIJ^2)^1/2 + DJ) / 2 + PE
    Total System Jitter     (TSJ):    0.071ns
    Total Input Jitter      (TIJ):    0.000ns
    Discrete Jitter          (DJ):    0.000ns
    Phase Error              (PE):    0.000ns

    Location             Delay type                Incr(ns)  Path(ns)    Netlist Resource(s)
  -------------------------------------------------------------------    -------------------
                         (clock vclk rise edge)       0.000     0.000 r  <hidden>
                         input delay                  0.000     0.000    <hidden>
                                                      0.000     0.000 f  x[1]
                         net (fo=11, unset)           0.973     0.973    x[1]
    SLICE_X40Y60         LUT1 (Prop_lut1_I0_O)        0.124     1.097 r  y8_i_12/O
                         net (fo=1, routed)           0.000     1.097    y8_i_12_n_0
    SLICE_X40Y60         CARRY4 (Prop_carry4_S[1]_CO[3])
                                                      0.550     1.647 r  y8_i_5/CO[3]
                         net (fo=1, routed)           0.000     1.647    y8_i_5_n_0
    SLICE_X40Y61         CARRY4 (Prop_carry4_CI_O[2])
                                                      0.239     1.886 r  y8_i_28/O[2]
                         net (fo=3, routed)           0.824     2.710    y8_i_28_n_5
    SLICE_X39Y61         LUT3 (Prop_lut3_I1_O)        0.330     3.040 r  y8_i_22/O
                         net (fo=2, routed)           0.469     3.509    y8_i_22_n_0
    SLICE_X39Y61         LUT4 (Prop_lut4_I3_O)        0.326     3.835 r  y8_i_26/O
                         net (fo=1, routed)           0.000     3.835    y8_i_26_n_0
    SLICE_X39Y61         CARRY4 (Prop_carry4_S[1]_CO[3])
                                                      0.550     4.385 r  y8_i_7/CO[3]
                         net (fo=1, routed)           0.000     4.385    y8_i_7_n_0
    SLICE_X39Y62         CARRY4 (Prop_carry4_CI_O[2])
                                                      0.239     4.624 r  y8_i_6/O[2]
                         net (fo=1, routed)           0.497     5.121    y11__0[13]
    SLICE_X38Y63         CARRY4 (Prop_carry4_S[1]_O[2])
                                                      0.880     6.001 r  y8_i_1/O[2]
                         net (fo=1, routed)           0.539     6.540    A[14]
    DSP48_X2Y25          DSP48E1 (Prop_dsp48e1_A[14]_P[14])
                                                      4.018    10.558 r  y8/P[14]
                         net (fo=1, routed)           0.858    11.416    y8_n_91
    DSP48_X2Y24          DSP48E1 (Prop_dsp48e1_A[14]_P[13])
                                                      3.841    15.257 r  y6/P[13]
                         net (fo=1, routed)           1.137    16.394    y6_n_92
    DSP48_X2Y28          DSP48E1 (Prop_dsp48e1_A[13]_P[12])
                                                      3.841    20.235 r  y4/P[12]
                         net (fo=1, routed)           0.959    21.194    y4_n_93
    DSP48_X2Y27          DSP48E1 (Prop_dsp48e1_A[12]_P[11])
                                                      3.841    25.035 r  y2/P[11]
                         net (fo=1, routed)           0.438    25.473    y2_n_94
    DSP48_X2Y26          DSP48E1                                      r  y_reg/A[11]
  -------------------------------------------------------------------    -------------------

                         (clock vclk rise edge)      28.865    28.865 r  <hidden>
                                                      0.000    28.865 r  clk
                         net (fo=0)                   0.924    29.789    clk
    DSP48_X2Y26          DSP48E1                                      r  y_reg/CLK
                         clock pessimism              0.000    29.789    <hidden>
                         clock uncertainty           -0.035    29.754    <hidden>
    DSP48_X2Y26          DSP48E1 (Setup_dsp48e1_CLK_A[11])
                                                     -3.722    26.032    y_reg
  -------------------------------------------------------------------
                         required time                         26.032    <hidden>
                         arrival time                         -25.473    <hidden>
  -------------------------------------------------------------------
                         slack                                  0.559    <hidden>

Slack (MET) :             0.559ns  (required time - arrival time)
  Source:                 x[1]
                            (input port clocked by vclk  {rise@0.000ns fall@14.432ns period=28.865ns})
  Destination:            y_reg/A[12]
                            (rising edge-triggered cell DSP48E1 clocked by vclk  {rise@0.000ns fall@14.432ns period=28.865ns})
  Path Group:             vclk
  Path Type:              Setup (Max at Slow Process Corner)
  Requirement:            28.865ns  (vclk rise@28.865ns - vclk rise@0.000ns)
  Data Path Delay:        25.473ns  (logic 18.779ns (73.722%)  route 6.694ns (26.278%))
  Logic Levels:           12  (CARRY4=5 DSP48E1=4 LUT1=1 LUT3=1 LUT4=1)
  Input Delay:            0.000ns
  Clock Path Skew:        0.924ns (DCD - SCD + CPR)
    Destination Clock Delay (DCD):    0.924ns = ( 29.789 - 28.865 ) 
    Source Clock Delay      (SCD):    0.000ns
    Clock Pessimism Removal (CPR):    0.000ns
  Clock Uncertainty:      0.035ns  ((TSJ^2 + TIJ^2)^1/2 + DJ) / 2 + PE
    Total System Jitter     (TSJ):    0.071ns
    Total Input Jitter      (TIJ):    0.000ns
    Discrete Jitter          (DJ):    0.000ns
    Phase Error              (PE):    0.000ns

    Location             Delay type                Incr(ns)  Path(ns)    Netlist Resource(s)
  -------------------------------------------------------------------    -------------------
                         (clock vclk rise edge)       0.000     0.000 r  <hidden>
                         input delay                  0.000     0.000    <hidden>
                                                      0.000     0.000 f  x[1]
                         net (fo=11, unset)           0.973     0.973    x[1]
    SLICE_X40Y60         LUT1 (Prop_lut1_I0_O)        0.124     1.097 r  y8_i_12/O
                         net (fo=1, routed)           0.000     1.097    y8_i_12_n_0
    SLICE_X40Y60         CARRY4 (Prop_carry4_S[1]_CO[3])
                                                      0.550     1.647 r  y8_i_5/CO[3]
                         net (fo=1, routed)           0.000     1.647    y8_i_5_n_0
    SLICE_X40Y61         CARRY4 (Prop_carry4_CI_O[2])
                                                      0.239     1.886 r  y8_i_28/O[2]
                         net (fo=3, routed)           0.824     2.710    y8_i_28_n_5
    SLICE_X39Y61         LUT3 (Prop_lut3_I1_O)        0.330     3.040 r  y8_i_22/O
                         net (fo=2, routed)           0.469     3.509    y8_i_22_n_0
    SLICE_X39Y61         LUT4 (Prop_lut4_I3_O)        0.326     3.835 r  y8_i_26/O
                         net (fo=1, routed)           0.000     3.835    y8_i_26_n_0
    SLICE_X39Y61         CARRY4 (Prop_carry4_S[1]_CO[3])
                                                      0.550     4.385 r  y8_i_7/CO[3]
                         net (fo=1, routed)           0.000     4.385    y8_i_7_n_0
    SLICE_X39Y62         CARRY4 (Prop_carry4_CI_O[2])
                                                      0.239     4.624 r  y8_i_6/O[2]
                         net (fo=1, routed)           0.497     5.121    y11__0[13]
    SLICE_X38Y63         CARRY4 (Prop_carry4_S[1]_O[2])
                                                      0.880     6.001 r  y8_i_1/O[2]
                         net (fo=1, routed)           0.539     6.540    A[14]
    DSP48_X2Y25          DSP48E1 (Prop_dsp48e1_A[14]_P[14])
                                                      4.018    10.558 r  y8/P[14]
                         net (fo=1, routed)           0.858    11.416    y8_n_91
    DSP48_X2Y24          DSP48E1 (Prop_dsp48e1_A[14]_P[13])
                                                      3.841    15.257 r  y6/P[13]
                         net (fo=1, routed)           1.137    16.394    y6_n_92
    DSP48_X2Y28          DSP48E1 (Prop_dsp48e1_A[13]_P[12])
                                                      3.841    20.235 r  y4/P[12]
                         net (fo=1, routed)           0.959    21.194    y4_n_93
    DSP48_X2Y27          DSP48E1 (Prop_dsp48e1_A[12]_P[12])
                                                      3.841    25.035 r  y2/P[12]
                         net (fo=1, routed)           0.438    25.473    y2_n_93
    DSP48_X2Y26          DSP48E1                                      r  y_reg/A[12]
  -------------------------------------------------------------------    -------------------

                         (clock vclk rise edge)      28.865    28.865 r  <hidden>
                                                      0.000    28.865 r  clk
                         net (fo=0)                   0.924    29.789    clk
    DSP48_X2Y26          DSP48E1                                      r  y_reg/CLK
                         clock pessimism              0.000    29.789    <hidden>
                         clock uncertainty           -0.035    29.754    <hidden>
    DSP48_X2Y26          DSP48E1 (Setup_dsp48e1_CLK_A[12])
                                                     -3.722    26.032    y_reg
  -------------------------------------------------------------------
                         required time                         26.032    <hidden>
                         arrival time                         -25.473    <hidden>
  -------------------------------------------------------------------
                         slack                                  0.559    <hidden>

Slack (MET) :             0.559ns  (required time - arrival time)
  Source:                 x[1]
                            (input port clocked by vclk  {rise@0.000ns fall@14.432ns period=28.865ns})
  Destination:            y_reg/A[1]
                            (rising edge-triggered cell DSP48E1 clocked by vclk  {rise@0.000ns fall@14.432ns period=28.865ns})
  Path Group:             vclk
  Path Type:              Setup (Max at Slow Process Corner)
  Requirement:            28.865ns  (vclk rise@28.865ns - vclk rise@0.000ns)
  Data Path Delay:        25.473ns  (logic 18.779ns (73.722%)  route 6.694ns (26.278%))
  Logic Levels:           12  (CARRY4=5 DSP48E1=4 LUT1=1 LUT3=1 LUT4=1)
  Input Delay:            0.000ns
  Clock Path Skew:        0.924ns (DCD - SCD + CPR)
    Destination Clock Delay (DCD):    0.924ns = ( 29.789 - 28.865 ) 
    Source Clock Delay      (SCD):    0.000ns
    Clock Pessimism Removal (CPR):    0.000ns
  Clock Uncertainty:      0.035ns  ((TSJ^2 + TIJ^2)^1/2 + DJ) / 2 + PE
    Total System Jitter     (TSJ):    0.071ns
    Total Input Jitter      (TIJ):    0.000ns
    Discrete Jitter          (DJ):    0.000ns
    Phase Error              (PE):    0.000ns

    Location             Delay type                Incr(ns)  Path(ns)    Netlist Resource(s)
  -------------------------------------------------------------------    -------------------
                         (clock vclk rise edge)       0.000     0.000 r  <hidden>
                         input delay                  0.000     0.000    <hidden>
                                                      0.000     0.000 f  x[1]
                         net (fo=11, unset)           0.973     0.973    x[1]
    SLICE_X40Y60         LUT1 (Prop_lut1_I0_O)        0.124     1.097 r  y8_i_12/O
                         net (fo=1, routed)           0.000     1.097    y8_i_12_n_0
    SLICE_X40Y60         CARRY4 (Prop_carry4_S[1]_CO[3])
                                                      0.550     1.647 r  y8_i_5/CO[3]
                         net (fo=1, routed)           0.000     1.647    y8_i_5_n_0
    SLICE_X40Y61         CARRY4 (Prop_carry4_CI_O[2])
                                                      0.239     1.886 r  y8_i_28/O[2]
                         net (fo=3, routed)           0.824     2.710    y8_i_28_n_5
    SLICE_X39Y61         LUT3 (Prop_lut3_I1_O)        0.330     3.040 r  y8_i_22/O
                         net (fo=2, routed)           0.469     3.509    y8_i_22_n_0
    SLICE_X39Y61         LUT4 (Prop_lut4_I3_O)        0.326     3.835 r  y8_i_26/O
                         net (fo=1, routed)           0.000     3.835    y8_i_26_n_0
    SLICE_X39Y61         CARRY4 (Prop_carry4_S[1]_CO[3])
                                                      0.550     4.385 r  y8_i_7/CO[3]
                         net (fo=1, routed)           0.000     4.385    y8_i_7_n_0
    SLICE_X39Y62         CARRY4 (Prop_carry4_CI_O[2])
                                                      0.239     4.624 r  y8_i_6/O[2]
                         net (fo=1, routed)           0.497     5.121    y11__0[13]
    SLICE_X38Y63         CARRY4 (Prop_carry4_S[1]_O[2])
                                                      0.880     6.001 r  y8_i_1/O[2]
                         net (fo=1, routed)           0.539     6.540    A[14]
    DSP48_X2Y25          DSP48E1 (Prop_dsp48e1_A[14]_P[14])
                                                      4.018    10.558 r  y8/P[14]
                         net (fo=1, routed)           0.858    11.416    y8_n_91
    DSP48_X2Y24          DSP48E1 (Prop_dsp48e1_A[14]_P[13])
                                                      3.841    15.257 r  y6/P[13]
                         net (fo=1, routed)           1.137    16.394    y6_n_92
    DSP48_X2Y28          DSP48E1 (Prop_dsp48e1_A[13]_P[12])
                                                      3.841    20.235 r  y4/P[12]
                         net (fo=1, routed)           0.959    21.194    y4_n_93
    DSP48_X2Y27          DSP48E1 (Prop_dsp48e1_A[12]_P[1])
                                                      3.841    25.035 r  y2/P[1]
                         net (fo=1, routed)           0.438    25.473    y2_n_104
    DSP48_X2Y26          DSP48E1                                      r  y_reg/A[1]
  -------------------------------------------------------------------    -------------------

                         (clock vclk rise edge)      28.865    28.865 r  <hidden>
                                                      0.000    28.865 r  clk
                         net (fo=0)                   0.924    29.789    clk
    DSP48_X2Y26          DSP48E1                                      r  y_reg/CLK
                         clock pessimism              0.000    29.789    <hidden>
                         clock uncertainty           -0.035    29.754    <hidden>
    DSP48_X2Y26          DSP48E1 (Setup_dsp48e1_CLK_A[1])
                                                     -3.722    26.032    y_reg
  -------------------------------------------------------------------
                         required time                         26.032    <hidden>
                         arrival time                         -25.473    <hidden>
  -------------------------------------------------------------------
                         slack                                  0.559    <hidden>

Slack (MET) :             0.559ns  (required time - arrival time)
  Source:                 x[1]
                            (input port clocked by vclk  {rise@0.000ns fall@14.432ns period=28.865ns})
  Destination:            y_reg/A[2]
                            (rising edge-triggered cell DSP48E1 clocked by vclk  {rise@0.000ns fall@14.432ns period=28.865ns})
  Path Group:             vclk
  Path Type:              Setup (Max at Slow Process Corner)
  Requirement:            28.865ns  (vclk rise@28.865ns - vclk rise@0.000ns)
  Data Path Delay:        25.473ns  (logic 18.779ns (73.722%)  route 6.694ns (26.278%))
  Logic Levels:           12  (CARRY4=5 DSP48E1=4 LUT1=1 LUT3=1 LUT4=1)
  Input Delay:            0.000ns
  Clock Path Skew:        0.924ns (DCD - SCD + CPR)
    Destination Clock Delay (DCD):    0.924ns = ( 29.789 - 28.865 ) 
    Source Clock Delay      (SCD):    0.000ns
    Clock Pessimism Removal (CPR):    0.000ns
  Clock Uncertainty:      0.035ns  ((TSJ^2 + TIJ^2)^1/2 + DJ) / 2 + PE
    Total System Jitter     (TSJ):    0.071ns
    Total Input Jitter      (TIJ):    0.000ns
    Discrete Jitter          (DJ):    0.000ns
    Phase Error              (PE):    0.000ns

    Location             Delay type                Incr(ns)  Path(ns)    Netlist Resource(s)
  -------------------------------------------------------------------    -------------------
                         (clock vclk rise edge)       0.000     0.000 r  <hidden>
                         input delay                  0.000     0.000    <hidden>
                                                      0.000     0.000 f  x[1]
                         net (fo=11, unset)           0.973     0.973    x[1]
    SLICE_X40Y60         LUT1 (Prop_lut1_I0_O)        0.124     1.097 r  y8_i_12/O
                         net (fo=1, routed)           0.000     1.097    y8_i_12_n_0
    SLICE_X40Y60         CARRY4 (Prop_carry4_S[1]_CO[3])
                                                      0.550     1.647 r  y8_i_5/CO[3]
                         net (fo=1, routed)           0.000     1.647    y8_i_5_n_0
    SLICE_X40Y61         CARRY4 (Prop_carry4_CI_O[2])
                                                      0.239     1.886 r  y8_i_28/O[2]
                         net (fo=3, routed)           0.824     2.710    y8_i_28_n_5
    SLICE_X39Y61         LUT3 (Prop_lut3_I1_O)        0.330     3.040 r  y8_i_22/O
                         net (fo=2, routed)           0.469     3.509    y8_i_22_n_0
    SLICE_X39Y61         LUT4 (Prop_lut4_I3_O)        0.326     3.835 r  y8_i_26/O
                         net (fo=1, routed)           0.000     3.835    y8_i_26_n_0
    SLICE_X39Y61         CARRY4 (Prop_carry4_S[1]_CO[3])
                                                      0.550     4.385 r  y8_i_7/CO[3]
                         net (fo=1, routed)           0.000     4.385    y8_i_7_n_0
    SLICE_X39Y62         CARRY4 (Prop_carry4_CI_O[2])
                                                      0.239     4.624 r  y8_i_6/O[2]
                         net (fo=1, routed)           0.497     5.121    y11__0[13]
    SLICE_X38Y63         CARRY4 (Prop_carry4_S[1]_O[2])
                                                      0.880     6.001 r  y8_i_1/O[2]
                         net (fo=1, routed)           0.539     6.540    A[14]
    DSP48_X2Y25          DSP48E1 (Prop_dsp48e1_A[14]_P[14])
                                                      4.018    10.558 r  y8/P[14]
                         net (fo=1, routed)           0.858    11.416    y8_n_91
    DSP48_X2Y24          DSP48E1 (Prop_dsp48e1_A[14]_P[13])
                                                      3.841    15.257 r  y6/P[13]
                         net (fo=1, routed)           1.137    16.394    y6_n_92
    DSP48_X2Y28          DSP48E1 (Prop_dsp48e1_A[13]_P[12])
                                                      3.841    20.235 r  y4/P[12]
                         net (fo=1, routed)           0.959    21.194    y4_n_93
    DSP48_X2Y27          DSP48E1 (Prop_dsp48e1_A[12]_P[2])
                                                      3.841    25.035 r  y2/P[2]
                         net (fo=1, routed)           0.438    25.473    y2_n_103
    DSP48_X2Y26          DSP48E1                                      r  y_reg/A[2]
  -------------------------------------------------------------------    -------------------

                         (clock vclk rise edge)      28.865    28.865 r  <hidden>
                                                      0.000    28.865 r  clk
                         net (fo=0)                   0.924    29.789    clk
    DSP48_X2Y26          DSP48E1                                      r  y_reg/CLK
                         clock pessimism              0.000    29.789    <hidden>
                         clock uncertainty           -0.035    29.754    <hidden>
    DSP48_X2Y26          DSP48E1 (Setup_dsp48e1_CLK_A[2])
                                                     -3.722    26.032    y_reg
  -------------------------------------------------------------------
                         required time                         26.032    <hidden>
                         arrival time                         -25.473    <hidden>
  -------------------------------------------------------------------
                         slack                                  0.559    <hidden>

Slack (MET) :             0.559ns  (required time - arrival time)
  Source:                 x[1]
                            (input port clocked by vclk  {rise@0.000ns fall@14.432ns period=28.865ns})
  Destination:            y_reg/A[3]
                            (rising edge-triggered cell DSP48E1 clocked by vclk  {rise@0.000ns fall@14.432ns period=28.865ns})
  Path Group:             vclk
  Path Type:              Setup (Max at Slow Process Corner)
  Requirement:            28.865ns  (vclk rise@28.865ns - vclk rise@0.000ns)
  Data Path Delay:        25.473ns  (logic 18.779ns (73.722%)  route 6.694ns (26.278%))
  Logic Levels:           12  (CARRY4=5 DSP48E1=4 LUT1=1 LUT3=1 LUT4=1)
  Input Delay:            0.000ns
  Clock Path Skew:        0.924ns (DCD - SCD + CPR)
    Destination Clock Delay (DCD):    0.924ns = ( 29.789 - 28.865 ) 
    Source Clock Delay      (SCD):    0.000ns
    Clock Pessimism Removal (CPR):    0.000ns
  Clock Uncertainty:      0.035ns  ((TSJ^2 + TIJ^2)^1/2 + DJ) / 2 + PE
    Total System Jitter     (TSJ):    0.071ns
    Total Input Jitter      (TIJ):    0.000ns
    Discrete Jitter          (DJ):    0.000ns
    Phase Error              (PE):    0.000ns

    Location             Delay type                Incr(ns)  Path(ns)    Netlist Resource(s)
  -------------------------------------------------------------------    -------------------
                         (clock vclk rise edge)       0.000     0.000 r  <hidden>
                         input delay                  0.000     0.000    <hidden>
                                                      0.000     0.000 f  x[1]
                         net (fo=11, unset)           0.973     0.973    x[1]
    SLICE_X40Y60         LUT1 (Prop_lut1_I0_O)        0.124     1.097 r  y8_i_12/O
                         net (fo=1, routed)           0.000     1.097    y8_i_12_n_0
    SLICE_X40Y60         CARRY4 (Prop_carry4_S[1]_CO[3])
                                                      0.550     1.647 r  y8_i_5/CO[3]
                         net (fo=1, routed)           0.000     1.647    y8_i_5_n_0
    SLICE_X40Y61         CARRY4 (Prop_carry4_CI_O[2])
                                                      0.239     1.886 r  y8_i_28/O[2]
                         net (fo=3, routed)           0.824     2.710    y8_i_28_n_5
    SLICE_X39Y61         LUT3 (Prop_lut3_I1_O)        0.330     3.040 r  y8_i_22/O
                         net (fo=2, routed)           0.469     3.509    y8_i_22_n_0
    SLICE_X39Y61         LUT4 (Prop_lut4_I3_O)        0.326     3.835 r  y8_i_26/O
                         net (fo=1, routed)           0.000     3.835    y8_i_26_n_0
    SLICE_X39Y61         CARRY4 (Prop_carry4_S[1]_CO[3])
                                                      0.550     4.385 r  y8_i_7/CO[3]
                         net (fo=1, routed)           0.000     4.385    y8_i_7_n_0
    SLICE_X39Y62         CARRY4 (Prop_carry4_CI_O[2])
                                                      0.239     4.624 r  y8_i_6/O[2]
                         net (fo=1, routed)           0.497     5.121    y11__0[13]
    SLICE_X38Y63         CARRY4 (Prop_carry4_S[1]_O[2])
                                                      0.880     6.001 r  y8_i_1/O[2]
                         net (fo=1, routed)           0.539     6.540    A[14]
    DSP48_X2Y25          DSP48E1 (Prop_dsp48e1_A[14]_P[14])
                                                      4.018    10.558 r  y8/P[14]
                         net (fo=1, routed)           0.858    11.416    y8_n_91
    DSP48_X2Y24          DSP48E1 (Prop_dsp48e1_A[14]_P[13])
                                                      3.841    15.257 r  y6/P[13]
                         net (fo=1, routed)           1.137    16.394    y6_n_92
    DSP48_X2Y28          DSP48E1 (Prop_dsp48e1_A[13]_P[12])
                                                      3.841    20.235 r  y4/P[12]
                         net (fo=1, routed)           0.959    21.194    y4_n_93
    DSP48_X2Y27          DSP48E1 (Prop_dsp48e1_A[12]_P[3])
                                                      3.841    25.035 r  y2/P[3]
                         net (fo=1, routed)           0.438    25.473    y2_n_102
    DSP48_X2Y26          DSP48E1                                      r  y_reg/A[3]
  -------------------------------------------------------------------    -------------------

                         (clock vclk rise edge)      28.865    28.865 r  <hidden>
                                                      0.000    28.865 r  clk
                         net (fo=0)                   0.924    29.789    clk
    DSP48_X2Y26          DSP48E1                                      r  y_reg/CLK
                         clock pessimism              0.000    29.789    <hidden>
                         clock uncertainty           -0.035    29.754    <hidden>
    DSP48_X2Y26          DSP48E1 (Setup_dsp48e1_CLK_A[3])
                                                     -3.722    26.032    y_reg
  -------------------------------------------------------------------
                         required time                         26.032    <hidden>
                         arrival time                         -25.473    <hidden>
  -------------------------------------------------------------------
                         slack                                  0.559    <hidden>





Pulse Width Checks
--------------------------------------------------------------------------------------
Clock Name:         vclk
Waveform(ns):       { 0.000 14.432 }
Period(ns):         28.865
Sources:            { clk }

Check Type  Corner  Lib Pin      Reference Pin  Required(ns)  Actual(ns)  Slack(ns)  Location     Pin
Min Period  n/a     DSP48E1/CLK  n/a            2.154         28.865      26.711     DSP48_X2Y26  y_reg/CLK



