Copyright 1986-2022 Xilinx, Inc. All Rights Reserved. Copyright 2022-2026 Advanced Micro Devices, Inc. All Rights Reserved.
---------------------------------------------------------------------------------------------------------------------------------------------------------------------------------------------------------------------------------------------------------------------------------------------
| Tool Version : Vivado v.2026.1 (win64) Build 6511674 Tue Jun 16 11:02:23 MDT 2026
| Date         : Sun Aug 30 22:57:49 2026
| Host         : Amine running 64-bit major release  (build 9200)
| Command      : report_timing_summary -delay_type max -max_paths 10 -report_unconstrained -check_timing_verbose -warn_on_violation -file C:/Users/Amine/mas/fpga-repo/timing_closure_candidate_v7/results/c02_fir_rf_fir42_v6_8b/trial_007_search_p5p31271875_a0/reports/timing_summary.rpt
| Design       : rf_s1__fir42_v6_8b__g0
| Device       : 7z020-clg400
| Speed File   : -1  PRODUCTION 1.12 2019-11-22
| Design State : Routed
---------------------------------------------------------------------------------------------------------------------------------------------------------------------------------------------------------------------------------------------------------------------------------------------

Timing Summary Report

------------------------------------------------------------------------------------------------
| Timer Settings
| --------------
------------------------------------------------------------------------------------------------

  Enable Multi Corner Analysis               :  Yes
  Enable Pessimism Removal                   :  Yes
  Pessimism Removal Resolution               :  Nearest Common Node
  Enable Input Delay Default Clock           :  No
  Enable Preset / Clear Arcs                 :  No
  Disable Flight Delays                      :  No
  Ignore I/O Paths                           :  No
  Timing Early Launch at Borrowing Latches   :  No
  Borrow Time for Max Delay Exceptions       :  Yes
  Merge Timing Exceptions                    :  Yes
  Inter-SLR Compensation                     :  Conservative

  Corner  Analyze    Analyze    
  Name    Max Paths  Min Paths  
  ------  ---------  ---------  
  Slow    Yes        Yes        
  Fast    Yes        Yes        


------------------------------------------------------------------------------------------------
| Report Methodology
| ------------------
------------------------------------------------------------------------------------------------

No report available as report_methodology has not been run prior. Run report_methodology on the current design for the summary of methodology violations.



check_timing report

Table of Contents
-----------------
1. checking no_clock (0)
2. checking constant_clock (0)
3. checking pulse_width_clock (0)
4. checking unconstrained_internal_endpoints (0)
5. checking no_input_delay (0)
6. checking no_output_delay (0)
7. checking multiple_clock (0)
8. checking generated_clocks (0)
9. checking loops (0)
10. checking partial_input_delay (0)
11. checking partial_output_delay (0)
12. checking latch_loops (0)

1. checking no_clock (0)
------------------------
 There are 0 register/latch pins with no clock.


2. checking constant_clock (0)
------------------------------
 There are 0 register/latch pins with constant_clock.


3. checking pulse_width_clock (0)
---------------------------------
 There are 0 register/latch pins which need pulse_width check


4. checking unconstrained_internal_endpoints (0)
------------------------------------------------
 There are 0 pins that are not constrained for maximum delay.

 There are 0 pins that are not constrained for maximum delay due to constant clock.


5. checking no_input_delay (0)
------------------------------
 There are 0 input ports with no input delay specified.

 There are 0 input ports with no input delay but user has a false path constraint.


6. checking no_output_delay (0)
-------------------------------
 There are 0 ports with no output delay specified.

 There are 0 ports with no output delay but user has a false path constraint

 There are 0 ports with no output delay but with a timing clock defined on it or propagating through it


7. checking multiple_clock (0)
------------------------------
 There are 0 register/latch pins with multiple clocks.


8. checking generated_clocks (0)
--------------------------------
 There are 0 generated clocks that are not connected to a clock source.


9. checking loops (0)
---------------------
 There are 0 combinational loops in the design.


10. checking partial_input_delay (0)
------------------------------------
 There are 0 input ports with partial input delay specified.


11. checking partial_output_delay (0)
-------------------------------------
 There are 0 ports with partial output delay specified.


12. checking latch_loops (0)
----------------------------
 There are 0 combinational latch loops in the design through latch input



------------------------------------------------------------------------------------------------
| Design Timing Summary
| ---------------------
------------------------------------------------------------------------------------------------

    WNS(ns)      TNS(ns)  TNS Failing Endpoints  TNS Total Endpoints     WPWS(ns)     TPWS(ns)  TPWS Failing Endpoints  TPWS Total Endpoints  
    -------      -------  ---------------------  -------------------     --------     --------  ----------------------  --------------------  
     -0.380       -4.027                     30                 1365        1.676        0.000                       0                   680  


Timing constraints are not met.


------------------------------------------------------------------------------------------------
| Clock Summary
| -------------
------------------------------------------------------------------------------------------------

Clock  Waveform(ns)         Period(ns)      Frequency(MHz)
-----  ------------         ----------      --------------
vclk   {0.000 2.657}        5.313           188.218         


------------------------------------------------------------------------------------------------
| Intra Clock Table
| -----------------
------------------------------------------------------------------------------------------------

Clock             WNS(ns)      TNS(ns)  TNS Failing Endpoints  TNS Total Endpoints     WPWS(ns)     TPWS(ns)  TPWS Failing Endpoints  TPWS Total Endpoints  
-----             -------      -------  ---------------------  -------------------     --------     --------  ----------------------  --------------------  
vclk               -0.380       -4.027                     30                 1365        1.676        0.000                       0                   680  


------------------------------------------------------------------------------------------------
| Inter Clock Table
| -----------------
------------------------------------------------------------------------------------------------

From Clock    To Clock          WNS(ns)      TNS(ns)  TNS Failing Endpoints  TNS Total Endpoints  
----------    --------          -------      -------  ---------------------  -------------------  


------------------------------------------------------------------------------------------------
| Other Path Groups Table
| -----------------------
------------------------------------------------------------------------------------------------

Path Group    From Clock    To Clock          WNS(ns)      TNS(ns)  TNS Failing Endpoints  TNS Total Endpoints  
----------    ----------    --------          -------      -------  ---------------------  -------------------  


------------------------------------------------------------------------------------------------
| User Ignored Path Table
| -----------------------
------------------------------------------------------------------------------------------------

Path Group    From Clock    To Clock    
----------    ----------    --------    


------------------------------------------------------------------------------------------------
| Unconstrained Path Table
| ------------------------
------------------------------------------------------------------------------------------------

Path Group    From Clock    To Clock    
----------    ----------    --------    


------------------------------------------------------------------------------------------------
| Timing Details
| --------------
------------------------------------------------------------------------------------------------


---------------------------------------------------------------------------------------------------
From Clock:  vclk
  To Clock:  vclk

Setup :           30  Failing Endpoints,  Worst Slack       -0.380ns,  Total Violation       -4.027ns
Hold  :           NA  Failing Endpoints,  Worst Slack           NA  ,  Total Violation           NA
PW    :            0  Failing Endpoints,  Worst Slack        1.676ns,  Total Violation        0.000ns
---------------------------------------------------------------------------------------------------


Max Delay Paths
--------------------------------------------------------------------------------------
Slack (VIOLATED) :        -0.380ns  (required time - arrival time)
  Source:                 x[0]
                            (input port clocked by vclk  {rise@0.000ns fall@2.657ns period=5.313ns})
  Destination:            a36_reg[13]/D
                            (rising edge-triggered cell FDRE clocked by vclk  {rise@0.000ns fall@2.657ns period=5.313ns})
  Path Group:             vclk
  Path Type:              Setup (Max at Slow Process Corner)
  Requirement:            5.313ns  (vclk rise@5.313ns - vclk rise@0.000ns)
  Data Path Delay:        6.644ns  (logic 3.214ns (48.374%)  route 3.430ns (51.626%))
  Logic Levels:           9  (CARRY4=6 LUT2=2 LUT3=1)
  Input Delay:            0.000ns
  Clock Path Skew:        0.924ns (DCD - SCD + CPR)
    Destination Clock Delay (DCD):    0.924ns = ( 6.237 - 5.313 ) 
    Source Clock Delay      (SCD):    0.000ns
    Clock Pessimism Removal (CPR):    0.000ns
  Clock Uncertainty:      0.035ns  ((TSJ^2 + TIJ^2)^1/2 + DJ) / 2 + PE
    Total System Jitter     (TSJ):    0.071ns
    Total Input Jitter      (TIJ):    0.000ns
    Discrete Jitter          (DJ):    0.000ns
    Phase Error              (PE):    0.000ns

    Location             Delay type                Incr(ns)  Path(ns)    Netlist Resource(s)
  -------------------------------------------------------------------    -------------------
                         (clock vclk rise edge)       0.000     0.000 r  <hidden>
                         input delay                  0.000     0.000    <hidden>
                                                      0.000     0.000 r  x[0]
                         net (fo=228, unset)          0.973     0.973    x[0]
    SLICE_X27Y66         LUT2 (Prop_lut2_I1_O)        0.124     1.097 r  a36[3]_i_9/O
                         net (fo=1, routed)           0.000     1.097    a36[3]_i_9_n_0
    SLICE_X27Y66         CARRY4 (Prop_carry4_S[1]_CO[3])
                                                      0.550     1.647 r  a36_reg[3]_i_2/CO[3]
                         net (fo=1, routed)           0.000     1.647    a36_reg[3]_i_2_n_0
    SLICE_X27Y67         CARRY4 (Prop_carry4_CI_O[2])
                                                      0.239     1.886 r  a36_reg[11]_i_15/O[2]
                         net (fo=3, routed)           1.109     2.995    a36_reg[11]_i_15_n_5
    SLICE_X31Y64         LUT3 (Prop_lut3_I1_O)        0.330     3.325 r  a36[11]_i_9/O
                         net (fo=1, routed)           0.470     3.795    a36[11]_i_9_n_0
    SLICE_X28Y64         CARRY4 (Prop_carry4_DI[1]_CO[3])
                                                      0.715     4.510 r  a36_reg[11]_i_2/CO[3]
                         net (fo=1, routed)           0.000     4.510    a36_reg[11]_i_2_n_0
    SLICE_X28Y65         CARRY4 (Prop_carry4_CI_O[0])
                                                      0.222     4.732 r  a36_reg[15]_i_2/O[0]
                         net (fo=4, routed)           0.878     5.610    a231[11]
    SLICE_X39Y64         LUT2 (Prop_lut2_I0_O)        0.299     5.909 r  a36[11]_i_3/O
                         net (fo=1, routed)           0.000     5.909    a36[11]_i_3_n_0
    SLICE_X39Y64         CARRY4 (Prop_carry4_S[3]_CO[3])
                                                      0.401     6.310 r  a36_reg[11]_i_1/CO[3]
                         net (fo=1, routed)           0.000     6.310    a36_reg[11]_i_1_n_0
    SLICE_X39Y65         CARRY4 (Prop_carry4_CI_O[1])
                                                      0.334     6.644 r  a36_reg[15]_i_1/O[1]
                         net (fo=1, routed)           0.000     6.644    a360[13]
    SLICE_X39Y65         FDRE                                         r  a36_reg[13]/D
  -------------------------------------------------------------------    -------------------

                         (clock vclk rise edge)       5.313     5.313 r  <hidden>
                                                      0.000     5.313 r  clk
                         net (fo=679, unset)          0.924     6.237    clk
    SLICE_X39Y65         FDRE                                         r  a36_reg[13]/C
                         clock pessimism              0.000     6.237    <hidden>
                         clock uncertainty           -0.035     6.202    <hidden>
    SLICE_X39Y65         FDRE (Setup_fdre_C_D)        0.062     6.264    a36_reg[13]
  -------------------------------------------------------------------
                         required time                          6.264    <hidden>
                         arrival time                          -6.644    <hidden>
  -------------------------------------------------------------------
                         slack                                 -0.380    <hidden>

Slack (VIOLATED) :        -0.359ns  (required time - arrival time)
  Source:                 x[0]
                            (input port clocked by vclk  {rise@0.000ns fall@2.657ns period=5.313ns})
  Destination:            a36_reg[15]/D
                            (rising edge-triggered cell FDRE clocked by vclk  {rise@0.000ns fall@2.657ns period=5.313ns})
  Path Group:             vclk
  Path Type:              Setup (Max at Slow Process Corner)
  Requirement:            5.313ns  (vclk rise@5.313ns - vclk rise@0.000ns)
  Data Path Delay:        6.623ns  (logic 3.193ns (48.211%)  route 3.430ns (51.789%))
  Logic Levels:           9  (CARRY4=6 LUT2=2 LUT3=1)
  Input Delay:            0.000ns
  Clock Path Skew:        0.924ns (DCD - SCD + CPR)
    Destination Clock Delay (DCD):    0.924ns = ( 6.237 - 5.313 ) 
    Source Clock Delay      (SCD):    0.000ns
    Clock Pessimism Removal (CPR):    0.000ns
  Clock Uncertainty:      0.035ns  ((TSJ^2 + TIJ^2)^1/2 + DJ) / 2 + PE
    Total System Jitter     (TSJ):    0.071ns
    Total Input Jitter      (TIJ):    0.000ns
    Discrete Jitter          (DJ):    0.000ns
    Phase Error              (PE):    0.000ns

    Location             Delay type                Incr(ns)  Path(ns)    Netlist Resource(s)
  -------------------------------------------------------------------    -------------------
                         (clock vclk rise edge)       0.000     0.000 r  <hidden>
                         input delay                  0.000     0.000    <hidden>
                                                      0.000     0.000 r  x[0]
                         net (fo=228, unset)          0.973     0.973    x[0]
    SLICE_X27Y66         LUT2 (Prop_lut2_I1_O)        0.124     1.097 r  a36[3]_i_9/O
                         net (fo=1, routed)           0.000     1.097    a36[3]_i_9_n_0
    SLICE_X27Y66         CARRY4 (Prop_carry4_S[1]_CO[3])
                                                      0.550     1.647 r  a36_reg[3]_i_2/CO[3]
                         net (fo=1, routed)           0.000     1.647    a36_reg[3]_i_2_n_0
    SLICE_X27Y67         CARRY4 (Prop_carry4_CI_O[2])
                                                      0.239     1.886 r  a36_reg[11]_i_15/O[2]
                         net (fo=3, routed)           1.109     2.995    a36_reg[11]_i_15_n_5
    SLICE_X31Y64         LUT3 (Prop_lut3_I1_O)        0.330     3.325 r  a36[11]_i_9/O
                         net (fo=1, routed)           0.470     3.795    a36[11]_i_9_n_0
    SLICE_X28Y64         CARRY4 (Prop_carry4_DI[1]_CO[3])
                                                      0.715     4.510 r  a36_reg[11]_i_2/CO[3]
                         net (fo=1, routed)           0.000     4.510    a36_reg[11]_i_2_n_0
    SLICE_X28Y65         CARRY4 (Prop_carry4_CI_O[0])
                                                      0.222     4.732 r  a36_reg[15]_i_2/O[0]
                         net (fo=4, routed)           0.878     5.610    a231[11]
    SLICE_X39Y64         LUT2 (Prop_lut2_I0_O)        0.299     5.909 r  a36[11]_i_3/O
                         net (fo=1, routed)           0.000     5.909    a36[11]_i_3_n_0
    SLICE_X39Y64         CARRY4 (Prop_carry4_S[3]_CO[3])
                                                      0.401     6.310 r  a36_reg[11]_i_1/CO[3]
                         net (fo=1, routed)           0.000     6.310    a36_reg[11]_i_1_n_0
    SLICE_X39Y65         CARRY4 (Prop_carry4_CI_O[3])
                                                      0.313     6.623 r  a36_reg[15]_i_1/O[3]
                         net (fo=1, routed)           0.000     6.623    a360[15]
    SLICE_X39Y65         FDRE                                         r  a36_reg[15]/D
  -------------------------------------------------------------------    -------------------

                         (clock vclk rise edge)       5.313     5.313 r  <hidden>
                                                      0.000     5.313 r  clk
                         net (fo=679, unset)          0.924     6.237    clk
    SLICE_X39Y65         FDRE                                         r  a36_reg[15]/C
                         clock pessimism              0.000     6.237    <hidden>
                         clock uncertainty           -0.035     6.202    <hidden>
    SLICE_X39Y65         FDRE (Setup_fdre_C_D)        0.062     6.264    a36_reg[15]
  -------------------------------------------------------------------
                         required time                          6.264    <hidden>
                         arrival time                          -6.623    <hidden>
  -------------------------------------------------------------------
                         slack                                 -0.359    <hidden>

Slack (VIOLATED) :        -0.327ns  (required time - arrival time)
  Source:                 x[1]
                            (input port clocked by vclk  {rise@0.000ns fall@2.657ns period=5.313ns})
  Destination:            a8_reg[14]/D
                            (rising edge-triggered cell FDRE clocked by vclk  {rise@0.000ns fall@2.657ns period=5.313ns})
  Path Group:             vclk
  Path Type:              Setup (Max at Slow Process Corner)
  Requirement:            5.313ns  (vclk rise@5.313ns - vclk rise@0.000ns)
  Data Path Delay:        6.591ns  (logic 3.002ns (45.550%)  route 3.589ns (54.450%))
  Logic Levels:           8  (CARRY4=5 LUT1=1 LUT2=1 LUT3=1)
  Input Delay:            0.000ns
  Clock Path Skew:        0.924ns (DCD - SCD + CPR)
    Destination Clock Delay (DCD):    0.924ns = ( 6.237 - 5.313 ) 
    Source Clock Delay      (SCD):    0.000ns
    Clock Pessimism Removal (CPR):    0.000ns
  Clock Uncertainty:      0.035ns  ((TSJ^2 + TIJ^2)^1/2 + DJ) / 2 + PE
    Total System Jitter     (TSJ):    0.071ns
    Total Input Jitter      (TIJ):    0.000ns
    Discrete Jitter          (DJ):    0.000ns
    Phase Error              (PE):    0.000ns

    Location             Delay type                Incr(ns)  Path(ns)    Netlist Resource(s)
  -------------------------------------------------------------------    -------------------
                         (clock vclk rise edge)       0.000     0.000 r  <hidden>
                         input delay                  0.000     0.000    <hidden>
                                                      0.000     0.000 f  x[1]
                         net (fo=179, unset)          0.973     0.973    x[1]
    SLICE_X46Y59         LUT1 (Prop_lut1_I0_O)        0.124     1.097 r  a33[4]_i_9/O
                         net (fo=1, routed)           0.000     1.097    a33[4]_i_9_n_0
    SLICE_X46Y59         CARRY4 (Prop_carry4_S[1]_CO[3])
                                                      0.533     1.630 r  a33_reg[4]_i_2/CO[3]
                         net (fo=1, routed)           0.000     1.630    a33_reg[4]_i_2_n_0
    SLICE_X46Y60         CARRY4 (Prop_carry4_CI_O[3])
                                                      0.315     1.945 r  a33_reg[12]_i_15/O[3]
                         net (fo=3, routed)           1.227     3.172    a33_reg[12]_i_15_n_4
    SLICE_X31Y64         LUT3 (Prop_lut3_I1_O)        0.307     3.479 r  a33[12]_i_9/O
                         net (fo=1, routed)           0.802     4.281    a33[12]_i_9_n_0
    SLICE_X45Y63         CARRY4 (Prop_carry4_DI[1]_O[2])
                                                      0.537     4.818 r  a33_reg[12]_i_2/O[2]
                         net (fo=4, routed)           0.586     5.405    a81[10]
    SLICE_X49Y64         LUT2 (Prop_lut2_I0_O)        0.302     5.707 r  a8[12]_i_4/O
                         net (fo=1, routed)           0.000     5.707    a8[12]_i_4_n_0
    SLICE_X49Y64         CARRY4 (Prop_carry4_S[1]_CO[3])
                                                      0.550     6.257 r  a8_reg[12]_i_1/CO[3]
                         net (fo=1, routed)           0.000     6.257    a8_reg[12]_i_1_n_0
    SLICE_X49Y65         CARRY4 (Prop_carry4_CI_O[1])
                                                      0.334     6.591 r  a8_reg[15]_i_1/O[1]
                         net (fo=1, routed)           0.000     6.591    a80[14]
    SLICE_X49Y65         FDRE                                         r  a8_reg[14]/D
  -------------------------------------------------------------------    -------------------

                         (clock vclk rise edge)       5.313     5.313 r  <hidden>
                                                      0.000     5.313 r  clk
                         net (fo=679, unset)          0.924     6.237    clk
    SLICE_X49Y65         FDRE                                         r  a8_reg[14]/C
                         clock pessimism              0.000     6.237    <hidden>
                         clock uncertainty           -0.035     6.202    <hidden>
    SLICE_X49Y65         FDRE (Setup_fdre_C_D)        0.062     6.264    a8_reg[14]
  -------------------------------------------------------------------
                         required time                          6.264    <hidden>
                         arrival time                          -6.591    <hidden>
  -------------------------------------------------------------------
                         slack                                 -0.327    <hidden>

Slack (VIOLATED) :        -0.299ns  (required time - arrival time)
  Source:                 x[1]
                            (input port clocked by vclk  {rise@0.000ns fall@2.657ns period=5.313ns})
  Destination:            a33_reg[14]/D
                            (rising edge-triggered cell FDRE clocked by vclk  {rise@0.000ns fall@2.657ns period=5.313ns})
  Path Group:             vclk
  Path Type:              Setup (Max at Slow Process Corner)
  Requirement:            5.313ns  (vclk rise@5.313ns - vclk rise@0.000ns)
  Data Path Delay:        6.563ns  (logic 2.902ns (44.218%)  route 3.661ns (55.782%))
  Logic Levels:           8  (CARRY4=6 LUT1=1 LUT3=1)
  Input Delay:            0.000ns
  Clock Path Skew:        0.924ns (DCD - SCD + CPR)
    Destination Clock Delay (DCD):    0.924ns = ( 6.237 - 5.313 ) 
    Source Clock Delay      (SCD):    0.000ns
    Clock Pessimism Removal (CPR):    0.000ns
  Clock Uncertainty:      0.035ns  ((TSJ^2 + TIJ^2)^1/2 + DJ) / 2 + PE
    Total System Jitter     (TSJ):    0.071ns
    Total Input Jitter      (TIJ):    0.000ns
    Discrete Jitter          (DJ):    0.000ns
    Phase Error              (PE):    0.000ns

    Location             Delay type                Incr(ns)  Path(ns)    Netlist Resource(s)
  -------------------------------------------------------------------    -------------------
                         (clock vclk rise edge)       0.000     0.000 r  <hidden>
                         input delay                  0.000     0.000    <hidden>
                                                      0.000     0.000 f  x[1]
                         net (fo=179, unset)          0.973     0.973    x[1]
    SLICE_X46Y59         LUT1 (Prop_lut1_I0_O)        0.124     1.097 r  a33[4]_i_9/O
                         net (fo=1, routed)           0.000     1.097    a33[4]_i_9_n_0
    SLICE_X46Y59         CARRY4 (Prop_carry4_S[1]_CO[3])
                                                      0.533     1.630 r  a33_reg[4]_i_2/CO[3]
                         net (fo=1, routed)           0.000     1.630    a33_reg[4]_i_2_n_0
    SLICE_X46Y60         CARRY4 (Prop_carry4_CI_O[3])
                                                      0.315     1.945 r  a33_reg[12]_i_15/O[3]
                         net (fo=3, routed)           1.227     3.172    a33_reg[12]_i_15_n_4
    SLICE_X31Y64         LUT3 (Prop_lut3_I1_O)        0.307     3.479 r  a33[12]_i_9/O
                         net (fo=1, routed)           0.802     4.281    a33[12]_i_9_n_0
    SLICE_X45Y63         CARRY4 (Prop_carry4_DI[1]_CO[3])
                                                      0.507     4.788 r  a33_reg[12]_i_2/CO[3]
                         net (fo=1, routed)           0.000     4.788    a33_reg[12]_i_2_n_0
    SLICE_X45Y64         CARRY4 (Prop_carry4_CI_O[0])
                                                      0.222     5.010 r  a33_reg[15]_i_2/O[0]
                         net (fo=4, routed)           0.659     5.669    a81[12]
    SLICE_X44Y64         CARRY4 (Prop_carry4_DI[3]_CO[3])
                                                      0.560     6.229 r  a33_reg[12]_i_1/CO[3]
                         net (fo=1, routed)           0.000     6.229    a33_reg[12]_i_1_n_0
    SLICE_X44Y65         CARRY4 (Prop_carry4_CI_O[1])
                                                      0.334     6.563 r  a33_reg[15]_i_1/O[1]
                         net (fo=1, routed)           0.000     6.563    a330[14]
    SLICE_X44Y65         FDRE                                         r  a33_reg[14]/D
  -------------------------------------------------------------------    -------------------

                         (clock vclk rise edge)       5.313     5.313 r  <hidden>
                                                      0.000     5.313 r  clk
                         net (fo=679, unset)          0.924     6.237    clk
    SLICE_X44Y65         FDRE                                         r  a33_reg[14]/C
                         clock pessimism              0.000     6.237    <hidden>
                         clock uncertainty           -0.035     6.202    <hidden>
    SLICE_X44Y65         FDRE (Setup_fdre_C_D)        0.062     6.264    a33_reg[14]
  -------------------------------------------------------------------
                         required time                          6.264    <hidden>
                         arrival time                          -6.563    <hidden>
  -------------------------------------------------------------------
                         slack                                 -0.299    <hidden>

Slack (VIOLATED) :        -0.285ns  (required time - arrival time)
  Source:                 x[0]
                            (input port clocked by vclk  {rise@0.000ns fall@2.657ns period=5.313ns})
  Destination:            a36_reg[14]/D
                            (rising edge-triggered cell FDRE clocked by vclk  {rise@0.000ns fall@2.657ns period=5.313ns})
  Path Group:             vclk
  Path Type:              Setup (Max at Slow Process Corner)
  Requirement:            5.313ns  (vclk rise@5.313ns - vclk rise@0.000ns)
  Data Path Delay:        6.549ns  (logic 3.119ns (47.626%)  route 3.430ns (52.374%))
  Logic Levels:           9  (CARRY4=6 LUT2=2 LUT3=1)
  Input Delay:            0.000ns
  Clock Path Skew:        0.924ns (DCD - SCD + CPR)
    Destination Clock Delay (DCD):    0.924ns = ( 6.237 - 5.313 ) 
    Source Clock Delay      (SCD):    0.000ns
    Clock Pessimism Removal (CPR):    0.000ns
  Clock Uncertainty:      0.035ns  ((TSJ^2 + TIJ^2)^1/2 + DJ) / 2 + PE
    Total System Jitter     (TSJ):    0.071ns
    Total Input Jitter      (TIJ):    0.000ns
    Discrete Jitter          (DJ):    0.000ns
    Phase Error              (PE):    0.000ns

    Location             Delay type                Incr(ns)  Path(ns)    Netlist Resource(s)
  -------------------------------------------------------------------    -------------------
                         (clock vclk rise edge)       0.000     0.000 r  <hidden>
                         input delay                  0.000     0.000    <hidden>
                                                      0.000     0.000 r  x[0]
                         net (fo=228, unset)          0.973     0.973    x[0]
    SLICE_X27Y66         LUT2 (Prop_lut2_I1_O)        0.124     1.097 r  a36[3]_i_9/O
                         net (fo=1, routed)           0.000     1.097    a36[3]_i_9_n_0
    SLICE_X27Y66         CARRY4 (Prop_carry4_S[1]_CO[3])
                                                      0.550     1.647 r  a36_reg[3]_i_2/CO[3]
                         net (fo=1, routed)           0.000     1.647    a36_reg[3]_i_2_n_0
    SLICE_X27Y67         CARRY4 (Prop_carry4_CI_O[2])
                                                      0.239     1.886 r  a36_reg[11]_i_15/O[2]
                         net (fo=3, routed)           1.109     2.995    a36_reg[11]_i_15_n_5
    SLICE_X31Y64         LUT3 (Prop_lut3_I1_O)        0.330     3.325 r  a36[11]_i_9/O
                         net (fo=1, routed)           0.470     3.795    a36[11]_i_9_n_0
    SLICE_X28Y64         CARRY4 (Prop_carry4_DI[1]_CO[3])
                                                      0.715     4.510 r  a36_reg[11]_i_2/CO[3]
                         net (fo=1, routed)           0.000     4.510    a36_reg[11]_i_2_n_0
    SLICE_X28Y65         CARRY4 (Prop_carry4_CI_O[0])
                                                      0.222     4.732 r  a36_reg[15]_i_2/O[0]
                         net (fo=4, routed)           0.878     5.610    a231[11]
    SLICE_X39Y64         LUT2 (Prop_lut2_I0_O)        0.299     5.909 r  a36[11]_i_3/O
                         net (fo=1, routed)           0.000     5.909    a36[11]_i_3_n_0
    SLICE_X39Y64         CARRY4 (Prop_carry4_S[3]_CO[3])
                                                      0.401     6.310 r  a36_reg[11]_i_1/CO[3]
                         net (fo=1, routed)           0.000     6.310    a36_reg[11]_i_1_n_0
    SLICE_X39Y65         CARRY4 (Prop_carry4_CI_O[2])
                                                      0.239     6.549 r  a36_reg[15]_i_1/O[2]
                         net (fo=1, routed)           0.000     6.549    a360[14]
    SLICE_X39Y65         FDRE                                         r  a36_reg[14]/D
  -------------------------------------------------------------------    -------------------

                         (clock vclk rise edge)       5.313     5.313 r  <hidden>
                                                      0.000     5.313 r  clk
                         net (fo=679, unset)          0.924     6.237    clk
    SLICE_X39Y65         FDRE                                         r  a36_reg[14]/C
                         clock pessimism              0.000     6.237    <hidden>
                         clock uncertainty           -0.035     6.202    <hidden>
    SLICE_X39Y65         FDRE (Setup_fdre_C_D)        0.062     6.264    a36_reg[14]
  -------------------------------------------------------------------
                         required time                          6.264    <hidden>
                         arrival time                          -6.549    <hidden>
  -------------------------------------------------------------------
                         slack                                 -0.285    <hidden>

Slack (VIOLATED) :        -0.269ns  (required time - arrival time)
  Source:                 x[0]
                            (input port clocked by vclk  {rise@0.000ns fall@2.657ns period=5.313ns})
  Destination:            a36_reg[12]/D
                            (rising edge-triggered cell FDRE clocked by vclk  {rise@0.000ns fall@2.657ns period=5.313ns})
  Path Group:             vclk
  Path Type:              Setup (Max at Slow Process Corner)
  Requirement:            5.313ns  (vclk rise@5.313ns - vclk rise@0.000ns)
  Data Path Delay:        6.533ns  (logic 3.103ns (47.497%)  route 3.430ns (52.503%))
  Logic Levels:           9  (CARRY4=6 LUT2=2 LUT3=1)
  Input Delay:            0.000ns
  Clock Path Skew:        0.924ns (DCD - SCD + CPR)
    Destination Clock Delay (DCD):    0.924ns = ( 6.237 - 5.313 ) 
    Source Clock Delay      (SCD):    0.000ns
    Clock Pessimism Removal (CPR):    0.000ns
  Clock Uncertainty:      0.035ns  ((TSJ^2 + TIJ^2)^1/2 + DJ) / 2 + PE
    Total System Jitter     (TSJ):    0.071ns
    Total Input Jitter      (TIJ):    0.000ns
    Discrete Jitter          (DJ):    0.000ns
    Phase Error              (PE):    0.000ns

    Location             Delay type                Incr(ns)  Path(ns)    Netlist Resource(s)
  -------------------------------------------------------------------    -------------------
                         (clock vclk rise edge)       0.000     0.000 r  <hidden>
                         input delay                  0.000     0.000    <hidden>
                                                      0.000     0.000 r  x[0]
                         net (fo=228, unset)          0.973     0.973    x[0]
    SLICE_X27Y66         LUT2 (Prop_lut2_I1_O)        0.124     1.097 r  a36[3]_i_9/O
                         net (fo=1, routed)           0.000     1.097    a36[3]_i_9_n_0
    SLICE_X27Y66         CARRY4 (Prop_carry4_S[1]_CO[3])
                                                      0.550     1.647 r  a36_reg[3]_i_2/CO[3]
                         net (fo=1, routed)           0.000     1.647    a36_reg[3]_i_2_n_0
    SLICE_X27Y67         CARRY4 (Prop_carry4_CI_O[2])
                                                      0.239     1.886 r  a36_reg[11]_i_15/O[2]
                         net (fo=3, routed)           1.109     2.995    a36_reg[11]_i_15_n_5
    SLICE_X31Y64         LUT3 (Prop_lut3_I1_O)        0.330     3.325 r  a36[11]_i_9/O
                         net (fo=1, routed)           0.470     3.795    a36[11]_i_9_n_0
    SLICE_X28Y64         CARRY4 (Prop_carry4_DI[1]_CO[3])
                                                      0.715     4.510 r  a36_reg[11]_i_2/CO[3]
                         net (fo=1, routed)           0.000     4.510    a36_reg[11]_i_2_n_0
    SLICE_X28Y65         CARRY4 (Prop_carry4_CI_O[0])
                                                      0.222     4.732 r  a36_reg[15]_i_2/O[0]
                         net (fo=4, routed)           0.878     5.610    a231[11]
    SLICE_X39Y64         LUT2 (Prop_lut2_I0_O)        0.299     5.909 r  a36[11]_i_3/O
                         net (fo=1, routed)           0.000     5.909    a36[11]_i_3_n_0
    SLICE_X39Y64         CARRY4 (Prop_carry4_S[3]_CO[3])
                                                      0.401     6.310 r  a36_reg[11]_i_1/CO[3]
                         net (fo=1, routed)           0.000     6.310    a36_reg[11]_i_1_n_0
    SLICE_X39Y65         CARRY4 (Prop_carry4_CI_O[0])
                                                      0.223     6.533 r  a36_reg[15]_i_1/O[0]
                         net (fo=1, routed)           0.000     6.533    a360[12]
    SLICE_X39Y65         FDRE                                         r  a36_reg[12]/D
  -------------------------------------------------------------------    -------------------

                         (clock vclk rise edge)       5.313     5.313 r  <hidden>
                                                      0.000     5.313 r  clk
                         net (fo=679, unset)          0.924     6.237    clk
    SLICE_X39Y65         FDRE                                         r  a36_reg[12]/C
                         clock pessimism              0.000     6.237    <hidden>
                         clock uncertainty           -0.035     6.202    <hidden>
    SLICE_X39Y65         FDRE (Setup_fdre_C_D)        0.062     6.264    a36_reg[12]
  -------------------------------------------------------------------
                         required time                          6.264    <hidden>
                         arrival time                          -6.533    <hidden>
  -------------------------------------------------------------------
                         slack                                 -0.269    <hidden>

Slack (VIOLATED) :        -0.238ns  (required time - arrival time)
  Source:                 x[1]
                            (input port clocked by vclk  {rise@0.000ns fall@2.657ns period=5.313ns})
  Destination:            a8_reg[15]/D
                            (rising edge-triggered cell FDRE clocked by vclk  {rise@0.000ns fall@2.657ns period=5.313ns})
  Path Group:             vclk
  Path Type:              Setup (Max at Slow Process Corner)
  Requirement:            5.313ns  (vclk rise@5.313ns - vclk rise@0.000ns)
  Data Path Delay:        6.502ns  (logic 2.855ns (43.912%)  route 3.647ns (56.088%))
  Logic Levels:           7  (CARRY4=5 LUT1=1 LUT3=1)
  Input Delay:            0.000ns
  Clock Path Skew:        0.924ns (DCD - SCD + CPR)
    Destination Clock Delay (DCD):    0.924ns = ( 6.237 - 5.313 ) 
    Source Clock Delay      (SCD):    0.000ns
    Clock Pessimism Removal (CPR):    0.000ns
  Clock Uncertainty:      0.035ns  ((TSJ^2 + TIJ^2)^1/2 + DJ) / 2 + PE
    Total System Jitter     (TSJ):    0.071ns
    Total Input Jitter      (TIJ):    0.000ns
    Discrete Jitter          (DJ):    0.000ns
    Phase Error              (PE):    0.000ns

    Location             Delay type                Incr(ns)  Path(ns)    Netlist Resource(s)
  -------------------------------------------------------------------    -------------------
                         (clock vclk rise edge)       0.000     0.000 r  <hidden>
                         input delay                  0.000     0.000    <hidden>
                                                      0.000     0.000 f  x[1]
                         net (fo=179, unset)          0.973     0.973    x[1]
    SLICE_X46Y59         LUT1 (Prop_lut1_I0_O)        0.124     1.097 r  a33[4]_i_9/O
                         net (fo=1, routed)           0.000     1.097    a33[4]_i_9_n_0
    SLICE_X46Y59         CARRY4 (Prop_carry4_S[1]_CO[3])
                                                      0.533     1.630 r  a33_reg[4]_i_2/CO[3]
                         net (fo=1, routed)           0.000     1.630    a33_reg[4]_i_2_n_0
    SLICE_X46Y60         CARRY4 (Prop_carry4_CI_O[3])
                                                      0.315     1.945 r  a33_reg[12]_i_15/O[3]
                         net (fo=3, routed)           1.227     3.172    a33_reg[12]_i_15_n_4
    SLICE_X31Y64         LUT3 (Prop_lut3_I1_O)        0.307     3.479 r  a33[12]_i_9/O
                         net (fo=1, routed)           0.802     4.281    a33[12]_i_9_n_0
    SLICE_X45Y63         CARRY4 (Prop_carry4_DI[1]_CO[3])
                                                      0.507     4.788 r  a33_reg[12]_i_2/CO[3]
                         net (fo=1, routed)           0.000     4.788    a33_reg[12]_i_2_n_0
    SLICE_X45Y64         CARRY4 (Prop_carry4_CI_O[1])
                                                      0.334     5.122 r  a33_reg[15]_i_2/O[1]
                         net (fo=4, routed)           0.644     5.767    a81[13]
    SLICE_X49Y65         CARRY4 (Prop_carry4_DI[0]_O[2])
                                                      0.735     6.502 r  a8_reg[15]_i_1/O[2]
                         net (fo=1, routed)           0.000     6.502    a80[15]
    SLICE_X49Y65         FDRE                                         r  a8_reg[15]/D
  -------------------------------------------------------------------    -------------------

                         (clock vclk rise edge)       5.313     5.313 r  <hidden>
                                                      0.000     5.313 r  clk
                         net (fo=679, unset)          0.924     6.237    clk
    SLICE_X49Y65         FDRE                                         r  a8_reg[15]/C
                         clock pessimism              0.000     6.237    <hidden>
                         clock uncertainty           -0.035     6.202    <hidden>
    SLICE_X49Y65         FDRE (Setup_fdre_C_D)        0.062     6.264    a8_reg[15]
  -------------------------------------------------------------------
                         required time                          6.264    <hidden>
                         arrival time                          -6.502    <hidden>
  -------------------------------------------------------------------
                         slack                                 -0.238    <hidden>

Slack (VIOLATED) :        -0.216ns  (required time - arrival time)
  Source:                 x[1]
                            (input port clocked by vclk  {rise@0.000ns fall@2.657ns period=5.313ns})
  Destination:            a8_reg[13]/D
                            (rising edge-triggered cell FDRE clocked by vclk  {rise@0.000ns fall@2.657ns period=5.313ns})
  Path Group:             vclk
  Path Type:              Setup (Max at Slow Process Corner)
  Requirement:            5.313ns  (vclk rise@5.313ns - vclk rise@0.000ns)
  Data Path Delay:        6.480ns  (logic 2.891ns (44.617%)  route 3.589ns (55.383%))
  Logic Levels:           8  (CARRY4=5 LUT1=1 LUT2=1 LUT3=1)
  Input Delay:            0.000ns
  Clock Path Skew:        0.924ns (DCD - SCD + CPR)
    Destination Clock Delay (DCD):    0.924ns = ( 6.237 - 5.313 ) 
    Source Clock Delay      (SCD):    0.000ns
    Clock Pessimism Removal (CPR):    0.000ns
  Clock Uncertainty:      0.035ns  ((TSJ^2 + TIJ^2)^1/2 + DJ) / 2 + PE
    Total System Jitter     (TSJ):    0.071ns
    Total Input Jitter      (TIJ):    0.000ns
    Discrete Jitter          (DJ):    0.000ns
    Phase Error              (PE):    0.000ns

    Location             Delay type                Incr(ns)  Path(ns)    Netlist Resource(s)
  -------------------------------------------------------------------    -------------------
                         (clock vclk rise edge)       0.000     0.000 r  <hidden>
                         input delay                  0.000     0.000    <hidden>
                                                      0.000     0.000 f  x[1]
                         net (fo=179, unset)          0.973     0.973    x[1]
    SLICE_X46Y59         LUT1 (Prop_lut1_I0_O)        0.124     1.097 r  a33[4]_i_9/O
                         net (fo=1, routed)           0.000     1.097    a33[4]_i_9_n_0
    SLICE_X46Y59         CARRY4 (Prop_carry4_S[1]_CO[3])
                                                      0.533     1.630 r  a33_reg[4]_i_2/CO[3]
                         net (fo=1, routed)           0.000     1.630    a33_reg[4]_i_2_n_0
    SLICE_X46Y60         CARRY4 (Prop_carry4_CI_O[3])
                                                      0.315     1.945 r  a33_reg[12]_i_15/O[3]
                         net (fo=3, routed)           1.227     3.172    a33_reg[12]_i_15_n_4
    SLICE_X31Y64         LUT3 (Prop_lut3_I1_O)        0.307     3.479 r  a33[12]_i_9/O
                         net (fo=1, routed)           0.802     4.281    a33[12]_i_9_n_0
    SLICE_X45Y63         CARRY4 (Prop_carry4_DI[1]_O[2])
                                                      0.537     4.818 r  a33_reg[12]_i_2/O[2]
                         net (fo=4, routed)           0.586     5.405    a81[10]
    SLICE_X49Y64         LUT2 (Prop_lut2_I0_O)        0.302     5.707 r  a8[12]_i_4/O
                         net (fo=1, routed)           0.000     5.707    a8[12]_i_4_n_0
    SLICE_X49Y64         CARRY4 (Prop_carry4_S[1]_CO[3])
                                                      0.550     6.257 r  a8_reg[12]_i_1/CO[3]
                         net (fo=1, routed)           0.000     6.257    a8_reg[12]_i_1_n_0
    SLICE_X49Y65         CARRY4 (Prop_carry4_CI_O[0])
                                                      0.223     6.480 r  a8_reg[15]_i_1/O[0]
                         net (fo=1, routed)           0.000     6.480    a80[13]
    SLICE_X49Y65         FDRE                                         r  a8_reg[13]/D
  -------------------------------------------------------------------    -------------------

                         (clock vclk rise edge)       5.313     5.313 r  <hidden>
                                                      0.000     5.313 r  clk
                         net (fo=679, unset)          0.924     6.237    clk
    SLICE_X49Y65         FDRE                                         r  a8_reg[13]/C
                         clock pessimism              0.000     6.237    <hidden>
                         clock uncertainty           -0.035     6.202    <hidden>
    SLICE_X49Y65         FDRE (Setup_fdre_C_D)        0.062     6.264    a8_reg[13]
  -------------------------------------------------------------------
                         required time                          6.264    <hidden>
                         arrival time                          -6.480    <hidden>
  -------------------------------------------------------------------
                         slack                                 -0.216    <hidden>

Slack (VIOLATED) :        -0.204ns  (required time - arrival time)
  Source:                 x[1]
                            (input port clocked by vclk  {rise@0.000ns fall@2.657ns period=5.313ns})
  Destination:            a33_reg[15]/D
                            (rising edge-triggered cell FDRE clocked by vclk  {rise@0.000ns fall@2.657ns period=5.313ns})
  Path Group:             vclk
  Path Type:              Setup (Max at Slow Process Corner)
  Requirement:            5.313ns  (vclk rise@5.313ns - vclk rise@0.000ns)
  Data Path Delay:        6.468ns  (logic 2.807ns (43.399%)  route 3.661ns (56.601%))
  Logic Levels:           8  (CARRY4=6 LUT1=1 LUT3=1)
  Input Delay:            0.000ns
  Clock Path Skew:        0.924ns (DCD - SCD + CPR)
    Destination Clock Delay (DCD):    0.924ns = ( 6.237 - 5.313 ) 
    Source Clock Delay      (SCD):    0.000ns
    Clock Pessimism Removal (CPR):    0.000ns
  Clock Uncertainty:      0.035ns  ((TSJ^2 + TIJ^2)^1/2 + DJ) / 2 + PE
    Total System Jitter     (TSJ):    0.071ns
    Total Input Jitter      (TIJ):    0.000ns
    Discrete Jitter          (DJ):    0.000ns
    Phase Error              (PE):    0.000ns

    Location             Delay type                Incr(ns)  Path(ns)    Netlist Resource(s)
  -------------------------------------------------------------------    -------------------
                         (clock vclk rise edge)       0.000     0.000 r  <hidden>
                         input delay                  0.000     0.000    <hidden>
                                                      0.000     0.000 f  x[1]
                         net (fo=179, unset)          0.973     0.973    x[1]
    SLICE_X46Y59         LUT1 (Prop_lut1_I0_O)        0.124     1.097 r  a33[4]_i_9/O
                         net (fo=1, routed)           0.000     1.097    a33[4]_i_9_n_0
    SLICE_X46Y59         CARRY4 (Prop_carry4_S[1]_CO[3])
                                                      0.533     1.630 r  a33_reg[4]_i_2/CO[3]
                         net (fo=1, routed)           0.000     1.630    a33_reg[4]_i_2_n_0
    SLICE_X46Y60         CARRY4 (Prop_carry4_CI_O[3])
                                                      0.315     1.945 r  a33_reg[12]_i_15/O[3]
                         net (fo=3, routed)           1.227     3.172    a33_reg[12]_i_15_n_4
    SLICE_X31Y64         LUT3 (Prop_lut3_I1_O)        0.307     3.479 r  a33[12]_i_9/O
                         net (fo=1, routed)           0.802     4.281    a33[12]_i_9_n_0
    SLICE_X45Y63         CARRY4 (Prop_carry4_DI[1]_CO[3])
                                                      0.507     4.788 r  a33_reg[12]_i_2/CO[3]
                         net (fo=1, routed)           0.000     4.788    a33_reg[12]_i_2_n_0
    SLICE_X45Y64         CARRY4 (Prop_carry4_CI_O[0])
                                                      0.222     5.010 r  a33_reg[15]_i_2/O[0]
                         net (fo=4, routed)           0.659     5.669    a81[12]
    SLICE_X44Y64         CARRY4 (Prop_carry4_DI[3]_CO[3])
                                                      0.560     6.229 r  a33_reg[12]_i_1/CO[3]
                         net (fo=1, routed)           0.000     6.229    a33_reg[12]_i_1_n_0
    SLICE_X44Y65         CARRY4 (Prop_carry4_CI_O[2])
                                                      0.239     6.468 r  a33_reg[15]_i_1/O[2]
                         net (fo=1, routed)           0.000     6.468    a330[15]
    SLICE_X44Y65         FDRE                                         r  a33_reg[15]/D
  -------------------------------------------------------------------    -------------------

                         (clock vclk rise edge)       5.313     5.313 r  <hidden>
                                                      0.000     5.313 r  clk
                         net (fo=679, unset)          0.924     6.237    clk
    SLICE_X44Y65         FDRE                                         r  a33_reg[15]/C
                         clock pessimism              0.000     6.237    <hidden>
                         clock uncertainty           -0.035     6.202    <hidden>
    SLICE_X44Y65         FDRE (Setup_fdre_C_D)        0.062     6.264    a33_reg[15]
  -------------------------------------------------------------------
                         required time                          6.264    <hidden>
                         arrival time                          -6.468    <hidden>
  -------------------------------------------------------------------
                         slack                                 -0.204    <hidden>

Slack (VIOLATED) :        -0.188ns  (required time - arrival time)
  Source:                 x[1]
                            (input port clocked by vclk  {rise@0.000ns fall@2.657ns period=5.313ns})
  Destination:            a33_reg[13]/D
                            (rising edge-triggered cell FDRE clocked by vclk  {rise@0.000ns fall@2.657ns period=5.313ns})
  Path Group:             vclk
  Path Type:              Setup (Max at Slow Process Corner)
  Requirement:            5.313ns  (vclk rise@5.313ns - vclk rise@0.000ns)
  Data Path Delay:        6.452ns  (logic 2.791ns (43.258%)  route 3.661ns (56.742%))
  Logic Levels:           8  (CARRY4=6 LUT1=1 LUT3=1)
  Input Delay:            0.000ns
  Clock Path Skew:        0.924ns (DCD - SCD + CPR)
    Destination Clock Delay (DCD):    0.924ns = ( 6.237 - 5.313 ) 
    Source Clock Delay      (SCD):    0.000ns
    Clock Pessimism Removal (CPR):    0.000ns
  Clock Uncertainty:      0.035ns  ((TSJ^2 + TIJ^2)^1/2 + DJ) / 2 + PE
    Total System Jitter     (TSJ):    0.071ns
    Total Input Jitter      (TIJ):    0.000ns
    Discrete Jitter          (DJ):    0.000ns
    Phase Error              (PE):    0.000ns

    Location             Delay type                Incr(ns)  Path(ns)    Netlist Resource(s)
  -------------------------------------------------------------------    -------------------
                         (clock vclk rise edge)       0.000     0.000 r  <hidden>
                         input delay                  0.000     0.000    <hidden>
                                                      0.000     0.000 f  x[1]
                         net (fo=179, unset)          0.973     0.973    x[1]
    SLICE_X46Y59         LUT1 (Prop_lut1_I0_O)        0.124     1.097 r  a33[4]_i_9/O
                         net (fo=1, routed)           0.000     1.097    a33[4]_i_9_n_0
    SLICE_X46Y59         CARRY4 (Prop_carry4_S[1]_CO[3])
                                                      0.533     1.630 r  a33_reg[4]_i_2/CO[3]
                         net (fo=1, routed)           0.000     1.630    a33_reg[4]_i_2_n_0
    SLICE_X46Y60         CARRY4 (Prop_carry4_CI_O[3])
                                                      0.315     1.945 r  a33_reg[12]_i_15/O[3]
                         net (fo=3, routed)           1.227     3.172    a33_reg[12]_i_15_n_4
    SLICE_X31Y64         LUT3 (Prop_lut3_I1_O)        0.307     3.479 r  a33[12]_i_9/O
                         net (fo=1, routed)           0.802     4.281    a33[12]_i_9_n_0
    SLICE_X45Y63         CARRY4 (Prop_carry4_DI[1]_CO[3])
                                                      0.507     4.788 r  a33_reg[12]_i_2/CO[3]
                         net (fo=1, routed)           0.000     4.788    a33_reg[12]_i_2_n_0
    SLICE_X45Y64         CARRY4 (Prop_carry4_CI_O[0])
                                                      0.222     5.010 r  a33_reg[15]_i_2/O[0]
                         net (fo=4, routed)           0.659     5.669    a81[12]
    SLICE_X44Y64         CARRY4 (Prop_carry4_DI[3]_CO[3])
                                                      0.560     6.229 r  a33_reg[12]_i_1/CO[3]
                         net (fo=1, routed)           0.000     6.229    a33_reg[12]_i_1_n_0
    SLICE_X44Y65         CARRY4 (Prop_carry4_CI_O[0])
                                                      0.223     6.452 r  a33_reg[15]_i_1/O[0]
                         net (fo=1, routed)           0.000     6.452    a330[13]
    SLICE_X44Y65         FDRE                                         r  a33_reg[13]/D
  -------------------------------------------------------------------    -------------------

                         (clock vclk rise edge)       5.313     5.313 r  <hidden>
                                                      0.000     5.313 r  clk
                         net (fo=679, unset)          0.924     6.237    clk
    SLICE_X44Y65         FDRE                                         r  a33_reg[13]/C
                         clock pessimism              0.000     6.237    <hidden>
                         clock uncertainty           -0.035     6.202    <hidden>
    SLICE_X44Y65         FDRE (Setup_fdre_C_D)        0.062     6.264    a33_reg[13]
  -------------------------------------------------------------------
                         required time                          6.264    <hidden>
                         arrival time                          -6.452    <hidden>
  -------------------------------------------------------------------
                         slack                                 -0.188    <hidden>





Pulse Width Checks
--------------------------------------------------------------------------------------
Clock Name:         vclk
Waveform(ns):       { 0.000 2.657 }
Period(ns):         5.313
Sources:            { clk }

Check Type        Corner  Lib Pin     Reference Pin  Required(ns)  Actual(ns)  Slack(ns)  Location      Pin
Min Period        n/a     FDRE/C      n/a            1.000         5.313       4.313      SLICE_X36Y72  a0_reg[0]/C
Min Period        n/a     FDRE/C      n/a            1.000         5.313       4.313      SLICE_X39Y73  a0_reg[10]/C
Min Period        n/a     FDRE/C      n/a            1.000         5.313       4.313      SLICE_X39Y73  a0_reg[11]/C
Min Period        n/a     FDRE/C      n/a            1.000         5.313       4.313      SLICE_X39Y73  a0_reg[12]/C
Min Period        n/a     FDRE/C      n/a            1.000         5.313       4.313      SLICE_X39Y73  a0_reg[13]/C
Min Period        n/a     FDRE/C      n/a            1.000         5.313       4.313      SLICE_X39Y74  a0_reg[14]/C
Min Period        n/a     FDRE/C      n/a            1.000         5.313       4.313      SLICE_X39Y74  a0_reg[15]/C
Min Period        n/a     FDRE/C      n/a            1.000         5.313       4.313      SLICE_X37Y68  a0_reg[1]/C
Min Period        n/a     FDRE/C      n/a            1.000         5.313       4.313      SLICE_X39Y71  a0_reg[2]/C
Min Period        n/a     FDRE/C      n/a            1.000         5.313       4.313      SLICE_X39Y71  a0_reg[3]/C
Low Pulse Width   Slow    SRL16E/CLK  n/a            0.980         2.656       1.676      SLICE_X30Y67  a15_reg[0]_srl2___a22_reg_r/CLK
Low Pulse Width   Fast    SRL16E/CLK  n/a            0.980         2.657       1.677      SLICE_X30Y67  a15_reg[0]_srl2___a22_reg_r/CLK
Low Pulse Width   Slow    SRL16E/CLK  n/a            0.980         2.656       1.676      SLICE_X30Y58  a21_reg[0]_srl3___a21_reg_r/CLK
Low Pulse Width   Fast    SRL16E/CLK  n/a            0.980         2.657       1.677      SLICE_X30Y58  a21_reg[0]_srl3___a21_reg_r/CLK
Low Pulse Width   Slow    SRL16E/CLK  n/a            0.980         2.656       1.676      SLICE_X30Y58  a28_reg[0]_srl2___a22_reg_r/CLK
Low Pulse Width   Fast    SRL16E/CLK  n/a            0.980         2.657       1.677      SLICE_X30Y58  a28_reg[0]_srl2___a22_reg_r/CLK
Low Pulse Width   Slow    SRL16E/CLK  n/a            0.980         2.656       1.676      SLICE_X30Y58  a40_reg[0]_srl2___a22_reg_r/CLK
Low Pulse Width   Fast    SRL16E/CLK  n/a            0.980         2.657       1.677      SLICE_X30Y58  a40_reg[0]_srl2___a22_reg_r/CLK
Low Pulse Width   Slow    SRL16E/CLK  n/a            0.980         2.656       1.676      SLICE_X30Y58  a7_reg[0]_srl3___a21_reg_r/CLK
Low Pulse Width   Fast    SRL16E/CLK  n/a            0.980         2.657       1.677      SLICE_X30Y58  a7_reg[0]_srl3___a21_reg_r/CLK
High Pulse Width  Slow    SRL16E/CLK  n/a            0.980         2.657       1.677      SLICE_X30Y67  a15_reg[0]_srl2___a22_reg_r/CLK
High Pulse Width  Fast    SRL16E/CLK  n/a            0.980         2.657       1.677      SLICE_X30Y67  a15_reg[0]_srl2___a22_reg_r/CLK
High Pulse Width  Slow    SRL16E/CLK  n/a            0.980         2.657       1.677      SLICE_X30Y58  a21_reg[0]_srl3___a21_reg_r/CLK
High Pulse Width  Fast    SRL16E/CLK  n/a            0.980         2.657       1.677      SLICE_X30Y58  a21_reg[0]_srl3___a21_reg_r/CLK
High Pulse Width  Slow    SRL16E/CLK  n/a            0.980         2.657       1.677      SLICE_X30Y58  a28_reg[0]_srl2___a22_reg_r/CLK
High Pulse Width  Fast    SRL16E/CLK  n/a            0.980         2.657       1.677      SLICE_X30Y58  a28_reg[0]_srl2___a22_reg_r/CLK
High Pulse Width  Slow    SRL16E/CLK  n/a            0.980         2.657       1.677      SLICE_X30Y58  a40_reg[0]_srl2___a22_reg_r/CLK
High Pulse Width  Fast    SRL16E/CLK  n/a            0.980         2.657       1.677      SLICE_X30Y58  a40_reg[0]_srl2___a22_reg_r/CLK
High Pulse Width  Slow    SRL16E/CLK  n/a            0.980         2.657       1.677      SLICE_X30Y58  a7_reg[0]_srl3___a21_reg_r/CLK
High Pulse Width  Fast    SRL16E/CLK  n/a            0.980         2.657       1.677      SLICE_X30Y58  a7_reg[0]_srl3___a21_reg_r/CLK



