INFO: [Common 17-3922] A valid Vivado Design Suite ENTERPRISE license has been detected. Your current license is active and will expire on 29-oct-2026.

****** Vivado v2026.1 (64-bit)
  **** SW Build 6511674 on Tue Jun 16 11:02:23 MDT 2026
  **** IP Build 6504888 on Tue Jun 09 09:05:25 MDT 2026
  **** SharedData Build 6501428 on Mon Jun 08 17:34:18 MDT 2026
  **** Start of session at: Mon Aug 31 00:26:24 2026
    ** Copyright 1986-2022 Xilinx, Inc. All Rights Reserved.
    ** Copyright 2022-2026 Advanced Micro Devices, Inc. All Rights Reserved.

source {C:\Users\Amine\mas\fpga-repo\timing_closure_gate_v1\closure_synth.tcl} -notrace
Command: synth_design -top sft__poly6_v13_8b__g6 -part xc7z020clg400-1 -mode out_of_context
Starting synth_design
Attempting to get a license for feature 'Synthesis' and/or device 'xc7z020'
INFO: [Common 17-349] Got license for feature 'Synthesis' and/or device 'xc7z020'
INFO: [Device 21-403] Loading part xc7z020clg400-1
INFO: [Designutils 20-5008] Incremental synthesis strategy default
INFO: [Synth 8-7079] Multithreading enabled for synth_design using a maximum of 2 processes.
INFO: [Synth 8-7078] Launching helper process for spawning children vivado processes
INFO: [Synth 8-7075] Helper process launched with PID 24964
---------------------------------------------------------------------------------
Starting RTL Elaboration : Time (s): cpu = 00:00:04 ; elapsed = 00:00:04 . Memory (MB): peak = 1386.590 ; gain = 577.238
---------------------------------------------------------------------------------
INFO: [Synth 8-6157] synthesizing module 'sft__poly6_v13_8b__g6' [C:/Users/Amine/mas/fpga-repo/timing_closure_gate_v1/inputs/sft__poly6_v13_8b__g6.sv:1]
INFO: [Synth 8-6155] done synthesizing module 'sft__poly6_v13_8b__g6' (0#1) [C:/Users/Amine/mas/fpga-repo/timing_closure_gate_v1/inputs/sft__poly6_v13_8b__g6.sv:1]
---------------------------------------------------------------------------------
Finished RTL Elaboration : Time (s): cpu = 00:00:05 ; elapsed = 00:00:05 . Memory (MB): peak = 1506.539 ; gain = 697.188
---------------------------------------------------------------------------------
---------------------------------------------------------------------------------
Start Handling Custom Attributes
---------------------------------------------------------------------------------
---------------------------------------------------------------------------------
Finished Handling Custom Attributes : Time (s): cpu = 00:00:05 ; elapsed = 00:00:05 . Memory (MB): peak = 1506.539 ; gain = 697.188
---------------------------------------------------------------------------------
---------------------------------------------------------------------------------
Finished RTL Optimization Phase 1 : Time (s): cpu = 00:00:05 ; elapsed = 00:00:05 . Memory (MB): peak = 1506.539 ; gain = 697.188
---------------------------------------------------------------------------------
Netlist sorting complete. Time (s): cpu = 00:00:00 ; elapsed = 00:00:00 . Memory (MB): peak = 1506.539 ; gain = 0.000
INFO: [Project 1-570] Preparing netlist for logic optimization

Processing XDC Constraints
Initializing timing engine
Parsing XDC File [C:/Users/Amine/mas/fpga-repo/timing_closure_candidate_v7/results/c09_poly_sft_poly6_v13_8b/trial_001_search_p21p64875_a0/reports/constraints.xdc]
WARNING: [Vivado 12-2489] -period contains time 21.648750 which will be rounded to 21.649 to ensure it is an integer multiple of 1 picosecond [C:/Users/Amine/mas/fpga-repo/timing_closure_candidate_v7/results/c09_poly_sft_poly6_v13_8b/trial_001_search_p21p64875_a0/reports/constraints.xdc:1]
Finished Parsing XDC File [C:/Users/Amine/mas/fpga-repo/timing_closure_candidate_v7/results/c09_poly_sft_poly6_v13_8b/trial_001_search_p21p64875_a0/reports/constraints.xdc]
Completed Processing XDC Constraints

Netlist sorting complete. Time (s): cpu = 00:00:00 ; elapsed = 00:00:00 . Memory (MB): peak = 1556.781 ; gain = 0.000
INFO: [Project 1-111] Unisim Transformation Summary:
No Unisim elements were transformed.

Constraint Validation Runtime : Time (s): cpu = 00:00:00 ; elapsed = 00:00:00.003 . Memory (MB): peak = 1558.809 ; gain = 0.000
---------------------------------------------------------------------------------
Finished Constraint Validation : Time (s): cpu = 00:00:11 ; elapsed = 00:00:12 . Memory (MB): peak = 1558.809 ; gain = 749.457
---------------------------------------------------------------------------------
---------------------------------------------------------------------------------
Start Loading Part and Timing Information
---------------------------------------------------------------------------------
Loading part: xc7z020clg400-1
---------------------------------------------------------------------------------
Finished Loading Part and Timing Information : Time (s): cpu = 00:00:11 ; elapsed = 00:00:12 . Memory (MB): peak = 1558.809 ; gain = 749.457
---------------------------------------------------------------------------------
---------------------------------------------------------------------------------
Start Applying 'set_property' XDC Constraints
---------------------------------------------------------------------------------
---------------------------------------------------------------------------------
Finished applying 'set_property' XDC Constraints : Time (s): cpu = 00:00:11 ; elapsed = 00:00:12 . Memory (MB): peak = 1558.809 ; gain = 749.457
---------------------------------------------------------------------------------
---------------------------------------------------------------------------------
Finished RTL Optimization Phase 2 : Time (s): cpu = 00:00:12 ; elapsed = 00:00:12 . Memory (MB): peak = 1558.809 ; gain = 749.457
---------------------------------------------------------------------------------
---------------------------------------------------------------------------------
Start RTL Component Statistics 
---------------------------------------------------------------------------------
Detailed RTL Component Info : 
+---Registers : 
	               16 Bit    Registers := 1     
---------------------------------------------------------------------------------
Finished RTL Component Statistics 
---------------------------------------------------------------------------------
---------------------------------------------------------------------------------
Start Part Resource Summary
---------------------------------------------------------------------------------
Part Resources:
DSPs: 220 (col length:60)
BRAMs: 280 (col length: RAMB18 60 RAMB36 30)
---------------------------------------------------------------------------------
Finished Part Resource Summary
---------------------------------------------------------------------------------
---------------------------------------------------------------------------------
Start Cross Boundary and Area Optimization
---------------------------------------------------------------------------------
DSP Report: Generating DSP y8, operation Mode is: (C:0x17)+A*B.
DSP Report: operator y8 is absorbed into DSP y8.
DSP Report: operator y9 is absorbed into DSP y8.
DSP Report: Generating DSP y6, operation Mode is: (C:0x45)+A*B.
DSP Report: operator y6 is absorbed into DSP y6.
DSP Report: operator y7 is absorbed into DSP y6.
DSP Report: Generating DSP y4, operation Mode is: (C:0x30)+A*B.
DSP Report: operator y4 is absorbed into DSP y4.
DSP Report: operator y5 is absorbed into DSP y4.
DSP Report: Generating DSP y2, operation Mode is: (C:0x34)+A*B.
DSP Report: operator y2 is absorbed into DSP y2.
DSP Report: operator y3 is absorbed into DSP y2.
DSP Report: Generating DSP y_reg, operation Mode is: (C:0x27)+A*B.
DSP Report: register y_reg is absorbed into DSP y_reg.
DSP Report: operator y0 is absorbed into DSP y_reg.
DSP Report: operator y1 is absorbed into DSP y_reg.
---------------------------------------------------------------------------------
Finished Cross Boundary and Area Optimization : Time (s): cpu = 00:00:13 ; elapsed = 00:00:13 . Memory (MB): peak = 1571.992 ; gain = 762.641
---------------------------------------------------------------------------------
 Sort Area is  y_reg_7 : 0 0 : 941 941 : Used 1 time 0
 Sort Area is  y2_6 : 0 0 : 925 925 : Used 1 time 0
 Sort Area is  y4_4 : 0 0 : 925 925 : Used 1 time 0
 Sort Area is  y6_2 : 0 0 : 925 925 : Used 1 time 0
 Sort Area is  y8_0 : 0 0 : 872 872 : Used 1 time 0
---------------------------------------------------------------------------------
Start ROM, RAM, DSP, Shift Register and Retiming Reporting
---------------------------------------------------------------------------------

DSP: Preliminary Mapping Report (see note below. The ' indicates corresponding REG is set)
+----------------------+--------------+--------+--------+--------+--------+--------+------+------+------+------+-------+------+------+
|Module Name           | DSP Mapping  | A Size | B Size | C Size | D Size | P Size | AREG | BREG | CREG | DREG | ADREG | MREG | PREG | 
+----------------------+--------------+--------+--------+--------+--------+--------+------+------+------+------+-------+------+------+
|sft__poly6_v13_8b__g6 | (C:0x17)+A*B | 15     | 8      | 5      | -      | 16     | 0    | 0    | 0    | -    | -     | 0    | 0    | 
|sft__poly6_v13_8b__g6 | (C:0x45)+A*B | 16     | 8      | 7      | -      | 16     | 0    | 0    | 0    | -    | -     | 0    | 0    | 
|sft__poly6_v13_8b__g6 | (C:0x30)+A*B | 16     | 8      | 6      | -      | 16     | 0    | 0    | 0    | -    | -     | 0    | 0    | 
|sft__poly6_v13_8b__g6 | (C:0x34)+A*B | 16     | 8      | 6      | -      | 16     | 0    | 0    | 0    | -    | -     | 0    | 0    | 
|sft__poly6_v13_8b__g6 | (C:0x27)+A*B | 16     | 8      | 6      | -      | 16     | 0    | 0    | 0    | -    | -     | 0    | 1    | 
+----------------------+--------------+--------+--------+--------+--------+--------+------+------+------+------+-------+------+------+

Note: The table above is a preliminary report that shows the DSPs inferred at the current stage of the synthesis flow. Some DSP may be reimplemented as non DSP primitives later in the synthesis flow. Multiple instantiated DSPs are reported only once.
---------------------------------------------------------------------------------
Finished ROM, RAM, DSP, Shift Register and Retiming Reporting
---------------------------------------------------------------------------------
---------------------------------------------------------------------------------
Start Applying XDC Timing Constraints
---------------------------------------------------------------------------------
Reading C:/VGC7P001/c09/t001/t/.Xil_Amine/Vivado-25660-Amine/realtime/sft__poly6_v13_8b__g6_synth.xdc
---------------------------------------------------------------------------------
Finished Applying XDC Timing Constraints : Time (s): cpu = 00:00:18 ; elapsed = 00:00:19 . Memory (MB): peak = 1783.051 ; gain = 973.699
---------------------------------------------------------------------------------
---------------------------------------------------------------------------------
Start Timing Optimization
---------------------------------------------------------------------------------
---------------------------------------------------------------------------------
Finished Timing Optimization : Time (s): cpu = 00:00:19 ; elapsed = 00:00:19 . Memory (MB): peak = 1794.574 ; gain = 985.223
---------------------------------------------------------------------------------
---------------------------------------------------------------------------------
Start Technology Mapping
---------------------------------------------------------------------------------
---------------------------------------------------------------------------------
Finished Technology Mapping : Time (s): cpu = 00:00:19 ; elapsed = 00:00:19 . Memory (MB): peak = 1795.125 ; gain = 985.773
---------------------------------------------------------------------------------
---------------------------------------------------------------------------------
Start IO Insertion
---------------------------------------------------------------------------------
---------------------------------------------------------------------------------
Start Flattening Before IO Insertion
---------------------------------------------------------------------------------
---------------------------------------------------------------------------------
Finished Flattening Before IO Insertion
---------------------------------------------------------------------------------
---------------------------------------------------------------------------------
Start Final Netlist Cleanup
---------------------------------------------------------------------------------
---------------------------------------------------------------------------------
Finished Final Netlist Cleanup
---------------------------------------------------------------------------------
---------------------------------------------------------------------------------
Finished IO Insertion : Time (s): cpu = 00:00:22 ; elapsed = 00:00:22 . Memory (MB): peak = 2070.660 ; gain = 1261.309
---------------------------------------------------------------------------------
---------------------------------------------------------------------------------
Start Renaming Generated Instances
---------------------------------------------------------------------------------
---------------------------------------------------------------------------------
Finished Renaming Generated Instances : Time (s): cpu = 00:00:22 ; elapsed = 00:00:22 . Memory (MB): peak = 2070.660 ; gain = 1261.309
---------------------------------------------------------------------------------
---------------------------------------------------------------------------------
Start Rebuilding User Hierarchy
---------------------------------------------------------------------------------
---------------------------------------------------------------------------------
Finished Rebuilding User Hierarchy : Time (s): cpu = 00:00:22 ; elapsed = 00:00:22 . Memory (MB): peak = 2070.660 ; gain = 1261.309
---------------------------------------------------------------------------------
---------------------------------------------------------------------------------
Start Renaming Generated Ports
---------------------------------------------------------------------------------
---------------------------------------------------------------------------------
Finished Renaming Generated Ports : Time (s): cpu = 00:00:22 ; elapsed = 00:00:22 . Memory (MB): peak = 2070.660 ; gain = 1261.309
---------------------------------------------------------------------------------
---------------------------------------------------------------------------------
Start Handling Custom Attributes
---------------------------------------------------------------------------------
---------------------------------------------------------------------------------
Finished Handling Custom Attributes : Time (s): cpu = 00:00:22 ; elapsed = 00:00:22 . Memory (MB): peak = 2070.660 ; gain = 1261.309
---------------------------------------------------------------------------------
---------------------------------------------------------------------------------
Start Renaming Generated Nets
---------------------------------------------------------------------------------
---------------------------------------------------------------------------------
Finished Renaming Generated Nets : Time (s): cpu = 00:00:22 ; elapsed = 00:00:22 . Memory (MB): peak = 2070.660 ; gain = 1261.309
---------------------------------------------------------------------------------
---------------------------------------------------------------------------------
Start Writing Synthesis Report
---------------------------------------------------------------------------------

DSP Final Report (the ' indicates corresponding REG is set)
+----------------------+-------------+--------+--------+--------+--------+--------+------+------+------+------+-------+------+------+
|Module Name           | DSP Mapping | A Size | B Size | C Size | D Size | P Size | AREG | BREG | CREG | DREG | ADREG | MREG | PREG | 
+----------------------+-------------+--------+--------+--------+--------+--------+------+------+------+------+-------+------+------+
|sft__poly6_v13_8b__g6 | C+A*B       | 15     | 8      | 5      | -      | 16     | 0    | 0    | 0    | -    | -     | 0    | 0    | 
|sft__poly6_v13_8b__g6 | C+A*B       | 16     | 8      | 7      | -      | 16     | 0    | 0    | 0    | -    | -     | 0    | 0    | 
|sft__poly6_v13_8b__g6 | C+A*B       | 16     | 8      | 6      | -      | 16     | 0    | 0    | 0    | -    | -     | 0    | 0    | 
|sft__poly6_v13_8b__g6 | C+A*B       | 16     | 8      | 6      | -      | 16     | 0    | 0    | 0    | -    | -     | 0    | 0    | 
|sft__poly6_v13_8b__g6 | (C+A*B)'    | 16     | 8      | 6      | -      | 16     | 0    | 0    | 0    | -    | -     | 0    | 1    | 
+----------------------+-------------+--------+--------+--------+--------+--------+------+------+------+------+-------+------+------+


Report BlackBoxes: 
+-+--------------+----------+
| |BlackBox name |Instances |
+-+--------------+----------+
+-+--------------+----------+

Report Cell Usage: 
+------+--------+------+
|      |Cell    |Count |
+------+--------+------+
|1     |CARRY4  |     9|
|2     |DSP48E1 |     5|
|4     |LUT1    |     6|
|5     |LUT2    |    10|
|6     |LUT3    |     8|
|7     |LUT4    |     1|
|8     |LUT5    |     1|
|9     |LUT6    |     4|
+------+--------+------+
---------------------------------------------------------------------------------
Finished Writing Synthesis Report : Time (s): cpu = 00:00:22 ; elapsed = 00:00:22 . Memory (MB): peak = 2070.660 ; gain = 1261.309
---------------------------------------------------------------------------------
Synthesis finished with 0 errors, 0 critical warnings and 0 warnings.
Synthesis Optimization Runtime : Time (s): cpu = 00:00:15 ; elapsed = 00:00:21 . Memory (MB): peak = 2070.660 ; gain = 1209.039
Synthesis Optimization Complete : Time (s): cpu = 00:00:22 ; elapsed = 00:00:22 . Memory (MB): peak = 2070.660 ; gain = 1261.309
INFO: [Project 1-571] Translating synthesized netlist
Netlist sorting complete. Time (s): cpu = 00:00:00 ; elapsed = 00:00:00.001 . Memory (MB): peak = 2079.750 ; gain = 0.000
INFO: [Netlist 29-17] Analyzing 14 Unisim elements for replacement
INFO: [Netlist 29-28] Unisim Transformation completed in 0 CPU seconds
INFO: [Project 1-570] Preparing netlist for logic optimization
Parsing XDC File [C:/Users/Amine/mas/fpga-repo/timing_closure_candidate_v7/results/c09_poly_sft_poly6_v13_8b/trial_001_search_p21p64875_a0/reports/constraints.xdc]
WARNING: [Vivado 12-2489] -period contains time 21.648750 which will be rounded to 21.649 to ensure it is an integer multiple of 1 picosecond [C:/Users/Amine/mas/fpga-repo/timing_closure_candidate_v7/results/c09_poly_sft_poly6_v13_8b/trial_001_search_p21p64875_a0/reports/constraints.xdc:1]
Finished Parsing XDC File [C:/Users/Amine/mas/fpga-repo/timing_closure_candidate_v7/results/c09_poly_sft_poly6_v13_8b/trial_001_search_p21p64875_a0/reports/constraints.xdc]
INFO: [Opt 31-138] Pushed 0 inverter(s) to 0 load pin(s).
Netlist sorting complete. Time (s): cpu = 00:00:00 ; elapsed = 00:00:00 . Memory (MB): peak = 2083.402 ; gain = 0.000
INFO: [Project 1-111] Unisim Transformation Summary:
No Unisim elements were transformed.

Synth Design complete | Checksum: 1e99a567
INFO: [Common 17-83] Releasing license: Synthesis
17 Infos, 2 Warnings, 0 Critical Warnings and 0 Errors encountered.
synth_design completed successfully
synth_design: Time (s): cpu = 00:00:25 ; elapsed = 00:00:27 . Memory (MB): peak = 2083.402 ; gain = 1501.215
INFO: [Timing 38-35] Done setting XDC timing constraints.
INFO: [Vivado 12-3442] The output from report_compile_order is primarily targeted for human readability and ease of use. The 'get_files' command, with the -compile_order and -used_in options, produces this same information in a format that is better suited for automated scripts.
Command: opt_design
Attempting to get a license for feature 'Implementation' and/or device 'xc7z020'
INFO: [Common 17-349] Got license for feature 'Implementation' and/or device 'xc7z020'
Running DRC as a precondition to command opt_design

Starting DRC Task
INFO: [DRC 23-27] Running DRC with 2 threads
WARNING: [DRC 23-814] Not all possible (connectivity based) DRCs may have been run because this design is seen as Out of Context.
INFO: [Project 1-461] DRC finished with 0 Errors
INFO: [Project 1-462] Please refer to the DRC report (report_drc) for more information.

Time (s): cpu = 00:00:01 ; elapsed = 00:00:00.454 . Memory (MB): peak = 2083.402 ; gain = 0.000

Starting Cache Timing Information Task
Ending Cache Timing Information Task | Checksum: d385676b

Time (s): cpu = 00:00:00 ; elapsed = 00:00:00.001 . Memory (MB): peak = 2083.402 ; gain = 0.000

Starting Logic Optimization Task

Phase 1 Initialization

Phase 1.1 Core Generation And Design Setup
Phase 1.1 Core Generation And Design Setup | Checksum: d385676b

Time (s): cpu = 00:00:00 ; elapsed = 00:00:00.001 . Memory (MB): peak = 2083.402 ; gain = 0.000

Phase 1.2 Setup Constraints And Sort Netlist
Phase 1.2 Setup Constraints And Sort Netlist | Checksum: d385676b

Time (s): cpu = 00:00:00 ; elapsed = 00:00:00.001 . Memory (MB): peak = 2083.402 ; gain = 0.000
Phase 1 Initialization | Checksum: d385676b

Time (s): cpu = 00:00:00 ; elapsed = 00:00:00.002 . Memory (MB): peak = 2083.402 ; gain = 0.000

Phase 2 Timer Update And Timing Data Collection

Phase 2.1 Detect if minReqCache needed
Phase 2.1 Detect if minReqCache needed | Checksum: d385676b

Time (s): cpu = 00:00:00 ; elapsed = 00:00:00.005 . Memory (MB): peak = 2083.402 ; gain = 0.000

Phase 2.2 Timer Update
Phase 2.2 Timer Update | Checksum: d385676b

Time (s): cpu = 00:00:00 ; elapsed = 00:00:00.007 . Memory (MB): peak = 2083.402 ; gain = 0.000
Phase 2 Timer Update And Timing Data Collection | Checksum: d385676b

Time (s): cpu = 00:00:00 ; elapsed = 00:00:00.007 . Memory (MB): peak = 2083.402 ; gain = 0.000

Phase 3 Retarget
INFO: [Opt 31-1851] Number of loadless carry chains removed were: 0
INFO: [Opt 31-1834] Total Chains To Be Transformed Were: 0 AND Number of Transformed insts Created are: 0
INFO: [Opt 31-138] Pushed 0 inverter(s) to 0 load pin(s).
INFO: [Opt 31-49] Retargeted 0 cell(s).
Phase 3 Retarget | Checksum: d385676b

Time (s): cpu = 00:00:00 ; elapsed = 00:00:00.012 . Memory (MB): peak = 2083.402 ; gain = 0.000
Retarget | Checksum: d385676b
INFO: [Opt 31-389] Phase Retarget created 0 cells and removed 0 cells

Phase 4 Constant propagation
INFO: [Opt 31-138] Pushed 0 inverter(s) to 0 load pin(s).
Phase 4 Constant propagation | Checksum: 147a017de

Time (s): cpu = 00:00:00 ; elapsed = 00:00:00.016 . Memory (MB): peak = 2083.402 ; gain = 0.000
Constant propagation | Checksum: 147a017de
INFO: [Opt 31-389] Phase Constant propagation created 0 cells and removed 0 cells

Phase 5 Sweep
INFO: [Constraints 18-11670] Building netlist checker database with flags, 0x8
Done building netlist checker database: Time (s): cpu = 00:00:00 ; elapsed = 00:00:00 . Memory (MB): peak = 2083.402 ; gain = 0.000
Phase 5 Sweep | Checksum: 10e95bc00

Time (s): cpu = 00:00:00 ; elapsed = 00:00:00.019 . Memory (MB): peak = 2083.402 ; gain = 0.000
Sweep | Checksum: 10e95bc00
INFO: [Opt 31-389] Phase Sweep created 0 cells and removed 0 cells

Phase 6 BUFG optimization
Phase 6 BUFG optimization | Checksum: 10e95bc00

Time (s): cpu = 00:00:00 ; elapsed = 00:00:00.028 . Memory (MB): peak = 2083.402 ; gain = 0.000
BUFG optimization | Checksum: 10e95bc00
INFO: [Opt 31-662] Phase BUFG optimization created 0 cells of which 0 are BUFGs and removed 0 cells.

Phase 7 Shift Register Optimization
INFO: [Opt 31-1064] SRL Remap converted 0 SRLs to 0 registers and converted 0 registers of register chains to 0 SRLs
Phase 7 Shift Register Optimization | Checksum: 10e95bc00

Time (s): cpu = 00:00:00 ; elapsed = 00:00:00.029 . Memory (MB): peak = 2083.402 ; gain = 0.000
Shift Register Optimization | Checksum: 10e95bc00
INFO: [Opt 31-389] Phase Shift Register Optimization created 0 cells and removed 0 cells

Phase 8 Post Processing Netlist
Phase 8 Post Processing Netlist | Checksum: 10e95bc00

Time (s): cpu = 00:00:00 ; elapsed = 00:00:00.030 . Memory (MB): peak = 2083.402 ; gain = 0.000
Post Processing Netlist | Checksum: 10e95bc00
INFO: [Opt 31-389] Phase Post Processing Netlist created 0 cells and removed 0 cells

Phase 9 Finalization

Phase 9.1 Finalizing Design Cores and Updating Shapes
Phase 9.1 Finalizing Design Cores and Updating Shapes | Checksum: ea132649

Time (s): cpu = 00:00:00 ; elapsed = 00:00:00.033 . Memory (MB): peak = 2083.402 ; gain = 0.000

Phase 9.2 Verifying Netlist Connectivity

Starting Connectivity Check Task

Time (s): cpu = 00:00:00 ; elapsed = 00:00:00.006 . Memory (MB): peak = 2083.402 ; gain = 0.000
Phase 9.2 Verifying Netlist Connectivity | Checksum: ea132649

Time (s): cpu = 00:00:00 ; elapsed = 00:00:00.040 . Memory (MB): peak = 2083.402 ; gain = 0.000
Phase 9 Finalization | Checksum: ea132649

Time (s): cpu = 00:00:00 ; elapsed = 00:00:00.040 . Memory (MB): peak = 2083.402 ; gain = 0.000
Opt_design Change Summary
=========================


-------------------------------------------------------------------------------------------------------------------------
|  Phase                        |  #Cells created  |  #Cells Removed  |  #Constrained objects preventing optimizations  |
-------------------------------------------------------------------------------------------------------------------------
|  Retarget                     |               0  |               0  |                                              0  |
|  Constant propagation         |               0  |               0  |                                              0  |
|  Sweep                        |               0  |               0  |                                              0  |
|  BUFG optimization            |               0  |               0  |                                              0  |
|  Shift Register Optimization  |               0  |               0  |                                              0  |
|  Post Processing Netlist      |               0  |               0  |                                              0  |
-------------------------------------------------------------------------------------------------------------------------


Ending Logic Optimization Task | Checksum: ea132649

Time (s): cpu = 00:00:00 ; elapsed = 00:00:00.041 . Memory (MB): peak = 2083.402 ; gain = 0.000

Starting Power Optimization Task
INFO: [Pwropt 34-132] Skipping clock gating for clocks with a period < 2.00 ns.
Ending Power Optimization Task | Checksum: ea132649

Time (s): cpu = 00:00:00 ; elapsed = 00:00:00.007 . Memory (MB): peak = 2083.402 ; gain = 0.000

Starting Final Cleanup Task
Ending Final Cleanup Task | Checksum: ea132649

Time (s): cpu = 00:00:00 ; elapsed = 00:00:00 . Memory (MB): peak = 2083.402 ; gain = 0.000
Netlist sorting complete. Time (s): cpu = 00:00:00 ; elapsed = 00:00:00 . Memory (MB): peak = 2083.402 ; gain = 0.000
INFO: [Common 17-83] Releasing license: Implementation
38 Infos, 3 Warnings, 0 Critical Warnings and 0 Errors encountered.
opt_design completed successfully
Command: place_design
Attempting to get a license for feature 'Implementation' and/or device 'xc7z020'
INFO: [Common 17-349] Got license for feature 'Implementation' and/or device 'xc7z020'
INFO: [Common 17-83] Releasing license: Implementation
INFO: [Timing 38-35] Done setting XDC timing constraints.
Running DRC as a precondition to command place_design
INFO: [DRC 23-27] Running DRC with 2 threads
WARNING: [DRC 23-814] Not all possible (connectivity based) DRCs may have been run because this design is seen as Out of Context.
INFO: [Vivado_Tcl 4-198] DRC finished with 0 Errors
INFO: [Vivado_Tcl 4-199] Please refer to the DRC report (report_drc) for more information.
INFO: [Place 30-611] Multithreading enabled for place_design using a maximum of 2 CPUs

Starting Placer Task

Phase 1 Placer Initialization

Phase 1.1 Placer Initialization Netlist Sorting
Netlist sorting complete. Time (s): cpu = 00:00:00 ; elapsed = 00:00:00 . Memory (MB): peak = 2083.402 ; gain = 0.000
Phase 1.1 Placer Initialization Netlist Sorting | Checksum: dd40e8fb

Time (s): cpu = 00:00:00 ; elapsed = 00:00:00.001 . Memory (MB): peak = 2083.402 ; gain = 0.000
Netlist sorting complete. Time (s): cpu = 00:00:00 ; elapsed = 00:00:00 . Memory (MB): peak = 2083.402 ; gain = 0.000

Phase 1.2 IO Placement/ Clock Placement/ Build Placer Device
Phase 1.2 IO Placement/ Clock Placement/ Build Placer Device | Checksum: dd40e8fb

Time (s): cpu = 00:00:00 ; elapsed = 00:00:00.073 . Memory (MB): peak = 2083.402 ; gain = 0.000

Phase 1.3 Build Placer Netlist Model
Phase 1.3 Build Placer Netlist Model | Checksum: 18678f153

Time (s): cpu = 00:00:00 ; elapsed = 00:00:00.145 . Memory (MB): peak = 2083.402 ; gain = 0.000

Phase 1.4 Constrain Clocks/Macros
Phase 1.4 Constrain Clocks/Macros | Checksum: 18678f153

Time (s): cpu = 00:00:00 ; elapsed = 00:00:00.146 . Memory (MB): peak = 2083.402 ; gain = 0.000
Phase 1 Placer Initialization | Checksum: 18678f153

Time (s): cpu = 00:00:00 ; elapsed = 00:00:00.149 . Memory (MB): peak = 2083.402 ; gain = 0.000

Phase 2 Global Placement

Phase 2.1 Floorplanning
Phase 2.1 Floorplanning | Checksum: 158962d72

Time (s): cpu = 00:00:00 ; elapsed = 00:00:00.210 . Memory (MB): peak = 2083.402 ; gain = 0.000

Phase 2.2 Update Timing before SLR Path Opt
Phase 2.2 Update Timing before SLR Path Opt | Checksum: 133ba0bc9

Time (s): cpu = 00:00:00 ; elapsed = 00:00:00.260 . Memory (MB): peak = 2083.402 ; gain = 0.000

Phase 2.3 Post-Processing in Floorplanning
Phase 2.3 Post-Processing in Floorplanning | Checksum: 133ba0bc9

Time (s): cpu = 00:00:00 ; elapsed = 00:00:00.261 . Memory (MB): peak = 2083.402 ; gain = 0.000

Phase 2.4 Global Place Phase1
Phase 2.4 Global Place Phase1 | Checksum: 1ca0fd402

Time (s): cpu = 00:00:02 ; elapsed = 00:00:01 . Memory (MB): peak = 2083.402 ; gain = 0.000

Phase 2.5 Global Place Phase2

Phase 2.5.1 UpdateTiming Before Physical Synthesis
Phase 2.5.1 UpdateTiming Before Physical Synthesis | Checksum: 1c76a8749

Time (s): cpu = 00:00:02 ; elapsed = 00:00:01 . Memory (MB): peak = 2083.402 ; gain = 0.000

Phase 2.5.2 Physical Synthesis In Placer
INFO: [Physopt 32-1044] Break lutnm for timing: one critical 0, two critical 0, total 0, new lutff created 0
INFO: [Physopt 32-1138] End 1 Pass. Optimized 0 net or LUT. Breaked 0 LUT, combined 0 existing LUT and moved 0 existing LUT
INFO: [Physopt 32-65] No nets found for high-fanout optimization.
INFO: [Physopt 32-232] Optimized 0 net. Created 0 new instance.
INFO: [Physopt 32-775] End 1 Pass. Optimized 0 net or cell. Created 0 new cell, deleted 0 existing cell and moved 0 existing cell
INFO: [Physopt 32-68] No nets found for critical-cell optimization.
INFO: [Physopt 32-232] Optimized 0 net. Created 0 new instance.
INFO: [Physopt 32-775] End 1 Pass. Optimized 0 net or cell. Created 0 new cell, deleted 0 existing cell and moved 0 existing cell
INFO: [Physopt 32-456] No candidate cells for DSP register optimization found in the design.
INFO: [Physopt 32-775] End 2 Pass. Optimized 0 net or cell. Created 0 new cell, deleted 0 existing cell and moved 0 existing cell
INFO: [Physopt 32-1123] No candidate cells found for Shift Register to Pipeline optimization
INFO: [Physopt 32-775] End 2 Pass. Optimized 0 net or cell. Created 0 new cell, deleted 0 existing cell and moved 0 existing cell
INFO: [Physopt 32-1401] No candidate cells found for Shift Register optimization.
INFO: [Physopt 32-677] No candidate cells for Shift Register optimization found in the design
INFO: [Physopt 32-775] End 1 Pass. Optimized 0 net or cell. Created 0 new cell, deleted 0 existing cell and moved 0 existing cell
INFO: [Physopt 32-526] No candidate cells for BRAM register optimization found in the design
INFO: [Physopt 32-775] End 1 Pass. Optimized 0 net or cell. Created 0 new cell, deleted 0 existing cell and moved 0 existing cell
INFO: [Physopt 32-846] No candidate cells for URAM register optimization found in the design
INFO: [Physopt 32-775] End 1 Pass. Optimized 0 net or cell. Created 0 new cell, deleted 0 existing cell and moved 0 existing cell
INFO: [Physopt 32-846] No candidate cells for URAM register optimization found in the design
INFO: [Physopt 32-775] End 1 Pass. Optimized 0 net or cell. Created 0 new cell, deleted 0 existing cell and moved 0 existing cell
INFO: [Physopt 32-949] No candidate nets found for dynamic/static region interface net replication
INFO: [Physopt 32-775] End 1 Pass. Optimized 0 net or cell. Created 0 new cell, deleted 0 existing cell and moved 0 existing cell
Netlist sorting complete. Time (s): cpu = 00:00:00 ; elapsed = 00:00:00 . Memory (MB): peak = 2083.402 ; gain = 0.000

Summary of Physical Synthesis Optimizations
============================================


-----------------------------------------------------------------------------------------------------------------------------------------------------------
|  Optimization                                     |  Added Cells  |  Removed Cells  |  Optimized Cells/Nets  |  Dont Touch  |  Iterations  |  Elapsed   |
-----------------------------------------------------------------------------------------------------------------------------------------------------------
|  LUT Combining                                    |            0  |              0  |                     0  |           0  |           1  |  00:00:00  |
|  Retime                                           |            0  |              0  |                     0  |           0  |           1  |  00:00:00  |
|  Very High Fanout                                 |            0  |              0  |                     0  |           0  |           1  |  00:00:00  |
|  Critical Cell                                    |            0  |              0  |                     0  |           0  |           1  |  00:00:00  |
|  DSP Register                                     |            0  |              0  |                     0  |           0  |           1  |  00:00:00  |
|  Shift Register to Pipeline                       |            0  |              0  |                     0  |           0  |           1  |  00:00:00  |
|  Shift Register                                   |            0  |              0  |                     0  |           0  |           1  |  00:00:00  |
|  BRAM Register                                    |            0  |              0  |                     0  |           0  |           1  |  00:00:00  |
|  URAM Register                                    |            0  |              0  |                     0  |           0  |           1  |  00:00:00  |
|  Dynamic/Static Region Interface Net Replication  |            0  |              0  |                     0  |           0  |           1  |  00:00:00  |
|  Total                                            |            0  |              0  |                     0  |           0  |          10  |  00:00:00  |
-----------------------------------------------------------------------------------------------------------------------------------------------------------


Phase 2.5.2 Physical Synthesis In Placer | Checksum: 1c76a8749

Time (s): cpu = 00:00:02 ; elapsed = 00:00:01 . Memory (MB): peak = 2083.402 ; gain = 0.000
Phase 2.5 Global Place Phase2 | Checksum: 15dd719ea

Time (s): cpu = 00:00:02 ; elapsed = 00:00:01 . Memory (MB): peak = 2083.402 ; gain = 0.000
Phase 2 Global Placement | Checksum: 15dd719ea

Time (s): cpu = 00:00:02 ; elapsed = 00:00:01 . Memory (MB): peak = 2083.402 ; gain = 0.000

Phase 3 Detail Placement

Phase 3.1 Commit Multi Column Macros
Phase 3.1 Commit Multi Column Macros | Checksum: 166ca091d

Time (s): cpu = 00:00:02 ; elapsed = 00:00:01 . Memory (MB): peak = 2083.402 ; gain = 0.000

Phase 3.2 Commit Most Macros & LUTRAMs
Phase 3.2 Commit Most Macros & LUTRAMs | Checksum: 1d3bf3b74

Time (s): cpu = 00:00:02 ; elapsed = 00:00:01 . Memory (MB): peak = 2083.402 ; gain = 0.000

Phase 3.3 Area Swap Optimization
Phase 3.3 Area Swap Optimization | Checksum: 270c6a16a

Time (s): cpu = 00:00:02 ; elapsed = 00:00:01 . Memory (MB): peak = 2083.402 ; gain = 0.000

Phase 3.4 Pipeline Register Optimization
Phase 3.4 Pipeline Register Optimization | Checksum: 270c6a16a

Time (s): cpu = 00:00:02 ; elapsed = 00:00:01 . Memory (MB): peak = 2083.402 ; gain = 0.000

Phase 3.5 Fast Optimization
Phase 3.5 Fast Optimization | Checksum: 22af33dee

Time (s): cpu = 00:00:02 ; elapsed = 00:00:02 . Memory (MB): peak = 2083.402 ; gain = 0.000

Phase 3.6 Small Shape Detail Placement
Phase 3.6 Small Shape Detail Placement | Checksum: 1832638a0

Time (s): cpu = 00:00:02 ; elapsed = 00:00:02 . Memory (MB): peak = 2083.402 ; gain = 0.000

Phase 3.7 Re-assign LUT pins
Phase 3.7 Re-assign LUT pins | Checksum: 1832638a0

Time (s): cpu = 00:00:02 ; elapsed = 00:00:02 . Memory (MB): peak = 2083.402 ; gain = 0.000

Phase 3.8 Pipeline Register Optimization
Phase 3.8 Pipeline Register Optimization | Checksum: 1832638a0

Time (s): cpu = 00:00:02 ; elapsed = 00:00:02 . Memory (MB): peak = 2083.402 ; gain = 0.000

Phase 3.9 Fast Optimization
Phase 3.9 Fast Optimization | Checksum: 1d45ec700

Time (s): cpu = 00:00:02 ; elapsed = 00:00:02 . Memory (MB): peak = 2083.402 ; gain = 0.000
Phase 3 Detail Placement | Checksum: 1d45ec700

Time (s): cpu = 00:00:02 ; elapsed = 00:00:02 . Memory (MB): peak = 2083.402 ; gain = 0.000

Phase 4 Post Placement Optimization and Clean-Up

Phase 4.1 Post Commit Optimization
INFO: [Timing 38-35] Done setting XDC timing constraints.

Phase 4.1.1 Post Placement Optimization
Post Placement Optimization Initialization | Checksum: 1bfcab44e

Phase 4.1.1.1 BUFG Insertion

Starting Physical Synthesis Task

Phase 1 Physical Synthesis Initialization
INFO: [Physopt 32-721] Multithreading enabled for phys_opt_design using a maximum of 2 CPUs
INFO: [Physopt 32-619] Estimated Timing Summary | WNS=-6.169 | TNS=-96.162 |
Phase 1 Physical Synthesis Initialization | Checksum: 12716c51d

Time (s): cpu = 00:00:00 ; elapsed = 00:00:00.009 . Memory (MB): peak = 2083.402 ; gain = 0.000
INFO: [Place 46-56] BUFG insertion identified 0 candidate nets. Inserted BUFG: 0, Replicated BUFG Driver: 0, Skipped due to Placement/Routing Conflicts: 0, Skipped due to Timing Degradation: 0, Skipped due to netlist editing failed: 0.
Ending Physical Synthesis Task | Checksum: 144d545f3

Time (s): cpu = 00:00:00 ; elapsed = 00:00:00.011 . Memory (MB): peak = 2083.402 ; gain = 0.000
Phase 4.1.1.1 BUFG Insertion | Checksum: 1bfcab44e

Time (s): cpu = 00:00:02 ; elapsed = 00:00:02 . Memory (MB): peak = 2083.402 ; gain = 0.000

Phase 4.1.1.2 Post Placement Timing Optimization
INFO: [Place 30-746] Post Placement Timing Summary WNS=-5.968. For the most accurate timing information please run report_timing.
Phase 4.1.1.2 Post Placement Timing Optimization | Checksum: 11f401146

Time (s): cpu = 00:00:06 ; elapsed = 00:00:05 . Memory (MB): peak = 2083.402 ; gain = 0.000

Time (s): cpu = 00:00:06 ; elapsed = 00:00:05 . Memory (MB): peak = 2083.402 ; gain = 0.000
Phase 4.1 Post Commit Optimization | Checksum: 11f401146

Time (s): cpu = 00:00:06 ; elapsed = 00:00:05 . Memory (MB): peak = 2083.402 ; gain = 0.000

Phase 4.2 Post Placement Cleanup
Phase 4.2 Post Placement Cleanup | Checksum: 11f401146

Time (s): cpu = 00:00:06 ; elapsed = 00:00:05 . Memory (MB): peak = 2083.402 ; gain = 0.000

Phase 4.3 Placer Reporting

Phase 4.3.1 Print Estimated Congestion
INFO: [Place 30-612] Post-Placement Estimated Congestion 
 ____________________________________________________
|           | Global Congestion | Short Congestion  |
| Direction | Region Size       | Region Size       |
|___________|___________________|___________________|
|      North|                1x1|                1x1|
|___________|___________________|___________________|
|      South|                1x1|                1x1|
|___________|___________________|___________________|
|       East|                1x1|                1x1|
|___________|___________________|___________________|
|       West|                1x1|                1x1|
|___________|___________________|___________________|

Phase 4.3.1 Print Estimated Congestion | Checksum: 11f401146

Time (s): cpu = 00:00:06 ; elapsed = 00:00:05 . Memory (MB): peak = 2083.402 ; gain = 0.000
Phase 4.3 Placer Reporting | Checksum: 11f401146

Time (s): cpu = 00:00:06 ; elapsed = 00:00:05 . Memory (MB): peak = 2083.402 ; gain = 0.000

Phase 4.4 Final Placement Cleanup
Netlist sorting complete. Time (s): cpu = 00:00:00 ; elapsed = 00:00:00 . Memory (MB): peak = 2083.402 ; gain = 0.000

Time (s): cpu = 00:00:06 ; elapsed = 00:00:05 . Memory (MB): peak = 2083.402 ; gain = 0.000
Phase 4 Post Placement Optimization and Clean-Up | Checksum: 11f401146

Time (s): cpu = 00:00:06 ; elapsed = 00:00:05 . Memory (MB): peak = 2083.402 ; gain = 0.000
Ending Placer Task | Checksum: beaf60a8

Time (s): cpu = 00:00:06 ; elapsed = 00:00:05 . Memory (MB): peak = 2083.402 ; gain = 0.000
74 Infos, 4 Warnings, 0 Critical Warnings and 0 Errors encountered.
place_design completed successfully
place_design: Time (s): cpu = 00:00:07 ; elapsed = 00:00:06 . Memory (MB): peak = 2083.402 ; gain = 0.000
Command: route_design
Attempting to get a license for feature 'Implementation' and/or device 'xc7z020'
INFO: [Common 17-349] Got license for feature 'Implementation' and/or device 'xc7z020'


Starting Routing Task
INFO: [Route 35-254] Multithreading enabled for route_design using a maximum of 2 CPUs

Phase 1 Build RT Design
Checksum: PlaceDB: 16391192 ConstDB: 0 ShapeSum: 927cdc26 RouteDB: 15f972f0
WARNING: [Route 35-198] Port "x[7]" does not have an associated HD.PARTPIN_LOCS, which will prevent the partial routing of the signal "x[7]". Without this partial route, timing analysis to/from this port will not be accurate, and no routing information for this port can be exported.
WARNING: [Route 35-198] Port "x[6]" does not have an associated HD.PARTPIN_LOCS, which will prevent the partial routing of the signal "x[6]". Without this partial route, timing analysis to/from this port will not be accurate, and no routing information for this port can be exported.
WARNING: [Route 35-198] Port "x[5]" does not have an associated HD.PARTPIN_LOCS, which will prevent the partial routing of the signal "x[5]". Without this partial route, timing analysis to/from this port will not be accurate, and no routing information for this port can be exported.
WARNING: [Route 35-198] Port "x[4]" does not have an associated HD.PARTPIN_LOCS, which will prevent the partial routing of the signal "x[4]". Without this partial route, timing analysis to/from this port will not be accurate, and no routing information for this port can be exported.
WARNING: [Route 35-198] Port "x[3]" does not have an associated HD.PARTPIN_LOCS, which will prevent the partial routing of the signal "x[3]". Without this partial route, timing analysis to/from this port will not be accurate, and no routing information for this port can be exported.
WARNING: [Route 35-198] Port "x[2]" does not have an associated HD.PARTPIN_LOCS, which will prevent the partial routing of the signal "x[2]". Without this partial route, timing analysis to/from this port will not be accurate, and no routing information for this port can be exported.
WARNING: [Route 35-198] Port "x[1]" does not have an associated HD.PARTPIN_LOCS, which will prevent the partial routing of the signal "x[1]". Without this partial route, timing analysis to/from this port will not be accurate, and no routing information for this port can be exported.
WARNING: [Route 35-198] Port "x[0]" does not have an associated HD.PARTPIN_LOCS, which will prevent the partial routing of the signal "x[0]". Without this partial route, timing analysis to/from this port will not be accurate, and no routing information for this port can be exported.
WARNING: [Route 35-197] Clock port "clk" does not have an associated HD.CLK_SRC. Without this constraint, timing analysis may not be accurate and upstream checks cannot be done to ensure correct clock placement.
WARNING: [Route 35-198] Port "rst_n" does not have an associated HD.PARTPIN_LOCS, which will prevent the partial routing of the signal "rst_n". Without this partial route, timing analysis to/from this port will not be accurate, and no routing information for this port can be exported.
WARNING: [Constraints 18-8777] Unable to split tiles. All required files are not available.
Post Restoration Checksum: NetGraph: 588c5960 | NumContArr: d6d98600 | Constraints: c2a8fa9d | Timing: c2a8fa9d
Phase 1 Build RT Design | Checksum: 2b4b7d49a

Time (s): cpu = 00:00:18 ; elapsed = 00:00:17 . Memory (MB): peak = 2083.402 ; gain = 0.000

Phase 2 Router Initialization

Phase 2.1 Fix Topology Constraints
Phase 2.1 Fix Topology Constraints | Checksum: 2b4b7d49a

Time (s): cpu = 00:00:18 ; elapsed = 00:00:17 . Memory (MB): peak = 2083.402 ; gain = 0.000

Phase 2.2 Pre Route Cleanup
Phase 2.2 Pre Route Cleanup | Checksum: 2b4b7d49a

Time (s): cpu = 00:00:18 ; elapsed = 00:00:17 . Memory (MB): peak = 2083.402 ; gain = 0.000
 Number of Nodes with overlaps = 0

Phase 2.3 Update Timing
Phase 2.3 Update Timing | Checksum: 20e10896e

Time (s): cpu = 00:00:18 ; elapsed = 00:00:17 . Memory (MB): peak = 2083.402 ; gain = 0.000
INFO: [Route 35-416] Intermediate Timing Summary | WNS=-6.109 | TNS=-93.103| WHS=0.235  | THS=0.000  |


Phase 2.4 Soft Constraint Pins - Fast Budgeting
Phase 2.4 Soft Constraint Pins - Fast Budgeting | Checksum: 26dd5ced1

Time (s): cpu = 00:00:19 ; elapsed = 00:00:17 . Memory (MB): peak = 2083.402 ; gain = 0.000

Router Utilization Summary
  Global Vertical Routing Utilization    = 0 %
  Global Horizontal Routing Utilization  = 0 %
  Routable Net Status*
  *Does not include unroutable nets such as driverless and loadless.
  Run report_route_status for detailed report.
  Number of Failed Nets               = 110
    (Failed Nets is the sum of unrouted and partially routed nets)
  Number of Unrouted Nets             = 110
  Number of Partially Routed Nets     = 0
  Number of Node Overlaps             = 0

Phase 2 Router Initialization | Checksum: 26dd5ced1

Time (s): cpu = 00:00:19 ; elapsed = 00:00:17 . Memory (MB): peak = 2083.402 ; gain = 0.000

Phase 3 Global Routing
Phase 3 Global Routing | Checksum: 26dd5ced1

Time (s): cpu = 00:00:19 ; elapsed = 00:00:17 . Memory (MB): peak = 2083.402 ; gain = 0.000

Phase 4 Initial Routing

Phase 4.1 Initial Net Routing Pass
Phase 4.1 Initial Net Routing Pass | Checksum: 235e6ad99

Time (s): cpu = 00:00:19 ; elapsed = 00:00:17 . Memory (MB): peak = 2083.402 ; gain = 0.000
Phase 4 Initial Routing | Checksum: 235e6ad99

Time (s): cpu = 00:00:19 ; elapsed = 00:00:17 . Memory (MB): peak = 2083.402 ; gain = 0.000

Phase 5 Rip-up And Reroute

Phase 5.1 Global Iteration 0
 Number of Nodes with overlaps = 18
 Number of Nodes with overlaps = 12
 Number of Nodes with overlaps = 9
 Number of Nodes with overlaps = 6
 Number of Nodes with overlaps = 5
 Number of Nodes with overlaps = 4
 Number of Nodes with overlaps = 2
 Number of Nodes with overlaps = 2
 Number of Nodes with overlaps = 1
 Number of Nodes with overlaps = 1
 Number of Nodes with overlaps = 1
 Number of Nodes with overlaps = 0
INFO: [Route 35-416] Intermediate Timing Summary | WNS=-6.362 | TNS=-95.823| WHS=N/A    | THS=N/A    |

Phase 5.1 Global Iteration 0 | Checksum: 2054e97a0

Time (s): cpu = 00:00:19 ; elapsed = 00:00:17 . Memory (MB): peak = 2083.402 ; gain = 0.000

Phase 5.2 Global Iteration 1
 Number of Nodes with overlaps = 14
 Number of Nodes with overlaps = 5
 Number of Nodes with overlaps = 5
 Number of Nodes with overlaps = 5
 Number of Nodes with overlaps = 6
 Number of Nodes with overlaps = 4
 Number of Nodes with overlaps = 6
 Number of Nodes with overlaps = 2
 Number of Nodes with overlaps = 0
INFO: [Route 35-416] Intermediate Timing Summary | WNS=-6.348 | TNS=-95.599| WHS=N/A    | THS=N/A    |

Phase 5.2 Global Iteration 1 | Checksum: 23e4a0868

Time (s): cpu = 00:00:20 ; elapsed = 00:00:18 . Memory (MB): peak = 2083.402 ; gain = 0.000
Phase 5 Rip-up And Reroute | Checksum: 23e4a0868

Time (s): cpu = 00:00:20 ; elapsed = 00:00:18 . Memory (MB): peak = 2083.402 ; gain = 0.000

Phase 6 Delay and Skew Optimization

Phase 6.1 Delay CleanUp

Phase 6.1.1 Update Timing
Phase 6.1.1 Update Timing | Checksum: 23e4a0868

Time (s): cpu = 00:00:20 ; elapsed = 00:00:18 . Memory (MB): peak = 2083.402 ; gain = 0.000
INFO: [Route 35-416] Intermediate Timing Summary | WNS=-6.348 | TNS=-95.599| WHS=N/A    | THS=N/A    |

 Number of Nodes with overlaps = 0
Phase 6.1 Delay CleanUp | Checksum: 1e79c3c76

Time (s): cpu = 00:00:20 ; elapsed = 00:00:18 . Memory (MB): peak = 2083.402 ; gain = 0.000

Phase 6.2 Clock Skew Optimization
Phase 6.2 Clock Skew Optimization | Checksum: 1e79c3c76

Time (s): cpu = 00:00:20 ; elapsed = 00:00:18 . Memory (MB): peak = 2083.402 ; gain = 0.000
Phase 6 Delay and Skew Optimization | Checksum: 1e79c3c76

Time (s): cpu = 00:00:20 ; elapsed = 00:00:18 . Memory (MB): peak = 2083.402 ; gain = 0.000

Phase 7 Post Hold Fix

Phase 7.1 Hold Fix Iter
INFO: [Route 35-416] Intermediate Timing Summary | WNS=-6.348 | TNS=-95.599| WHS=0.294  | THS=0.000  |

Phase 7.1 Hold Fix Iter | Checksum: 1bcdefc82

Time (s): cpu = 00:00:20 ; elapsed = 00:00:18 . Memory (MB): peak = 2083.402 ; gain = 0.000
Phase 7 Post Hold Fix | Checksum: 1bcdefc82

Time (s): cpu = 00:00:20 ; elapsed = 00:00:18 . Memory (MB): peak = 2083.402 ; gain = 0.000

Phase 8 Route finalize

Router Utilization Summary
  Global Vertical Routing Utilization    = 0.0143937 %
  Global Horizontal Routing Utilization  = 0.00642326 %
  Routable Net Status*
  *Does not include unroutable nets such as driverless and loadless.
  Run report_route_status for detailed report.
  Number of Failed Nets               = 0
    (Failed Nets is the sum of unrouted and partially routed nets)
  Number of Unrouted Nets             = 0
  Number of Partially Routed Nets     = 0
  Number of Node Overlaps             = 0


--GLOBAL Congestion:
Utilization threshold used for congestion level computation: 0.85
Congestion Report
North Dir 1x1 Area, Max Cong = 3.6036%, No Congested Regions.
South Dir 1x1 Area, Max Cong = 25.2252%, No Congested Regions.
East Dir 1x1 Area, Max Cong = 10.2941%, No Congested Regions.
West Dir 1x1 Area, Max Cong = 10.2941%, No Congested Regions.

------------------------------
Reporting congestion hotspots
------------------------------
Direction: North
----------------
Congested clusters found at Level 0
Effective congestion level: 0 Aspect Ratio: 1 Sparse Ratio: 0
Direction: South
----------------
Congested clusters found at Level 0
Effective congestion level: 0 Aspect Ratio: 1 Sparse Ratio: 0
Direction: East
----------------
Congested clusters found at Level 0
Effective congestion level: 0 Aspect Ratio: 1 Sparse Ratio: 0
Direction: West
----------------
Congested clusters found at Level 0
Effective congestion level: 0 Aspect Ratio: 1 Sparse Ratio: 0

Phase 8 Route finalize | Checksum: 1bcdefc82

Time (s): cpu = 00:00:20 ; elapsed = 00:00:18 . Memory (MB): peak = 2083.402 ; gain = 0.000

Phase 9 Verifying routed nets

 Verification completed successfully
Phase 9 Verifying routed nets | Checksum: 1bcdefc82

Time (s): cpu = 00:00:20 ; elapsed = 00:00:18 . Memory (MB): peak = 2083.402 ; gain = 0.000

Phase 10 Depositing Routes
Phase 10 Depositing Routes | Checksum: 1ffdb3eba

Time (s): cpu = 00:00:20 ; elapsed = 00:00:18 . Memory (MB): peak = 2083.402 ; gain = 0.000

Phase 11 Post Process Routing
Phase 11 Post Process Routing | Checksum: 1ffdb3eba

Time (s): cpu = 00:00:20 ; elapsed = 00:00:18 . Memory (MB): peak = 2083.402 ; gain = 0.000

Phase 12 Post Router Timing
INFO: [Route 35-57] Estimated Timing Summary | WNS=-6.348 | TNS=-95.599| WHS=0.294  | THS=0.000  |

WARNING: [Route 35-328] Router estimated timing not met.
Resolution: For a complete and accurate timing signoff, report_timing_summary must be run after route_design. Alternatively, route_design can be run with the -timing_summary option to enable a complete timing signoff at the end of route_design.
Phase 12 Post Router Timing | Checksum: 1ffdb3eba

Time (s): cpu = 00:00:20 ; elapsed = 00:00:18 . Memory (MB): peak = 2083.402 ; gain = 0.000
Total Elapsed time in route_design: 17.906 secs

Phase 13 Post-Route Event Processing
Phase 13 Post-Route Event Processing | Checksum: bf1553d5

Time (s): cpu = 00:00:20 ; elapsed = 00:00:18 . Memory (MB): peak = 2083.402 ; gain = 0.000
INFO: [Route 35-16] Router Completed Successfully
Ending Routing Task | Checksum: bf1553d5

Time (s): cpu = 00:00:20 ; elapsed = 00:00:18 . Memory (MB): peak = 2083.402 ; gain = 0.000

Routing Is Done.
INFO: [Common 17-83] Releasing license: Implementation
84 Infos, 16 Warnings, 0 Critical Warnings and 0 Errors encountered.
route_design completed successfully
route_design: Time (s): cpu = 00:00:20 ; elapsed = 00:00:18 . Memory (MB): peak = 2083.402 ; gain = 0.000
INFO: [Timing 38-91] UpdateTimingParams: Speed grade: -1, Delay Type: max.
INFO: [Timing 38-191] Multithreading enabled for timing update using a maximum of 2 CPUs
WARNING: [Timing 38-242] The property HD.CLK_SRC of clock port "clk" is not set. In out-of-context mode, this prevents timing estimation for clock delay/skew
Resolution: Set the HD.CLK_SRC property of the out-of-context port to the location of the clock buffer instance in the top-level design
CRITICAL WARNING: [Timing 38-282] The design failed to meet the timing requirements. Please see the timing summary report for details on the timing violations.
CLOSURE_GATE: period=21.64875 wns=-6.345 closed=0 clocks=1 paths=41 unconstrained=0 unrouted=0 coverage=1
INFO: [Common 17-206] Exiting Vivado at Mon Aug 31 00:27:30 2026...
