Copyright 1986-2022 Xilinx, Inc. All Rights Reserved. Copyright 2022-2026 Advanced Micro Devices, Inc. All Rights Reserved.
--------------------------------------------------------------------------------------------------------------------------------------------------------------------------------------------------------------------------------------------------------------------------------------------------
| Tool Version : Vivado v.2026.1 (win64) Build 6511674 Tue Jun 16 11:02:23 MDT 2026
| Date         : Sun Aug 30 23:01:55 2026
| Host         : Amine running 64-bit major release  (build 9200)
| Command      : report_timing_summary -delay_type max -max_paths 10 -report_unconstrained -check_timing_verbose -warn_on_violation -file C:/Users/Amine/mas/fpga-repo/timing_closure_candidate_v7/results/c02_fir_rf_fir42_v6_8b/trial_010_confirm_pass_p5p3998125_a0/reports/timing_summary.rpt
| Design       : rf_s1__fir42_v6_8b__g0
| Device       : 7z020-clg400
| Speed File   : -1  PRODUCTION 1.12 2019-11-22
| Design State : Routed
--------------------------------------------------------------------------------------------------------------------------------------------------------------------------------------------------------------------------------------------------------------------------------------------------

Timing Summary Report

------------------------------------------------------------------------------------------------
| Timer Settings
| --------------
------------------------------------------------------------------------------------------------

  Enable Multi Corner Analysis               :  Yes
  Enable Pessimism Removal                   :  Yes
  Pessimism Removal Resolution               :  Nearest Common Node
  Enable Input Delay Default Clock           :  No
  Enable Preset / Clear Arcs                 :  No
  Disable Flight Delays                      :  No
  Ignore I/O Paths                           :  No
  Timing Early Launch at Borrowing Latches   :  No
  Borrow Time for Max Delay Exceptions       :  Yes
  Merge Timing Exceptions                    :  Yes
  Inter-SLR Compensation                     :  Conservative

  Corner  Analyze    Analyze    
  Name    Max Paths  Min Paths  
  ------  ---------  ---------  
  Slow    Yes        Yes        
  Fast    Yes        Yes        


------------------------------------------------------------------------------------------------
| Report Methodology
| ------------------
------------------------------------------------------------------------------------------------

No report available as report_methodology has not been run prior. Run report_methodology on the current design for the summary of methodology violations.



check_timing report

Table of Contents
-----------------
1. checking no_clock (0)
2. checking constant_clock (0)
3. checking pulse_width_clock (0)
4. checking unconstrained_internal_endpoints (0)
5. checking no_input_delay (0)
6. checking no_output_delay (0)
7. checking multiple_clock (0)
8. checking generated_clocks (0)
9. checking loops (0)
10. checking partial_input_delay (0)
11. checking partial_output_delay (0)
12. checking latch_loops (0)

1. checking no_clock (0)
------------------------
 There are 0 register/latch pins with no clock.


2. checking constant_clock (0)
------------------------------
 There are 0 register/latch pins with constant_clock.


3. checking pulse_width_clock (0)
---------------------------------
 There are 0 register/latch pins which need pulse_width check


4. checking unconstrained_internal_endpoints (0)
------------------------------------------------
 There are 0 pins that are not constrained for maximum delay.

 There are 0 pins that are not constrained for maximum delay due to constant clock.


5. checking no_input_delay (0)
------------------------------
 There are 0 input ports with no input delay specified.

 There are 0 input ports with no input delay but user has a false path constraint.


6. checking no_output_delay (0)
-------------------------------
 There are 0 ports with no output delay specified.

 There are 0 ports with no output delay but user has a false path constraint

 There are 0 ports with no output delay but with a timing clock defined on it or propagating through it


7. checking multiple_clock (0)
------------------------------
 There are 0 register/latch pins with multiple clocks.


8. checking generated_clocks (0)
--------------------------------
 There are 0 generated clocks that are not connected to a clock source.


9. checking loops (0)
---------------------
 There are 0 combinational loops in the design.


10. checking partial_input_delay (0)
------------------------------------
 There are 0 input ports with partial input delay specified.


11. checking partial_output_delay (0)
-------------------------------------
 There are 0 ports with partial output delay specified.


12. checking latch_loops (0)
----------------------------
 There are 0 combinational latch loops in the design through latch input



------------------------------------------------------------------------------------------------
| Design Timing Summary
| ---------------------
------------------------------------------------------------------------------------------------

    WNS(ns)      TNS(ns)  TNS Failing Endpoints  TNS Total Endpoints     WPWS(ns)     TPWS(ns)  TPWS Failing Endpoints  TPWS Total Endpoints  
    -------      -------  ---------------------  -------------------     --------     --------  ----------------------  --------------------  
      0.003        0.000                      0                 1365        1.720        0.000                       0                   680  


All user specified timing constraints are met.


------------------------------------------------------------------------------------------------
| Clock Summary
| -------------
------------------------------------------------------------------------------------------------

Clock  Waveform(ns)         Period(ns)      Frequency(MHz)
-----  ------------         ----------      --------------
vclk   {0.000 2.700}        5.400           185.185         


------------------------------------------------------------------------------------------------
| Intra Clock Table
| -----------------
------------------------------------------------------------------------------------------------

Clock             WNS(ns)      TNS(ns)  TNS Failing Endpoints  TNS Total Endpoints     WPWS(ns)     TPWS(ns)  TPWS Failing Endpoints  TPWS Total Endpoints  
-----             -------      -------  ---------------------  -------------------     --------     --------  ----------------------  --------------------  
vclk                0.003        0.000                      0                 1365        1.720        0.000                       0                   680  


------------------------------------------------------------------------------------------------
| Inter Clock Table
| -----------------
------------------------------------------------------------------------------------------------

From Clock    To Clock          WNS(ns)      TNS(ns)  TNS Failing Endpoints  TNS Total Endpoints  
----------    --------          -------      -------  ---------------------  -------------------  


------------------------------------------------------------------------------------------------
| Other Path Groups Table
| -----------------------
------------------------------------------------------------------------------------------------

Path Group    From Clock    To Clock          WNS(ns)      TNS(ns)  TNS Failing Endpoints  TNS Total Endpoints  
----------    ----------    --------          -------      -------  ---------------------  -------------------  


------------------------------------------------------------------------------------------------
| User Ignored Path Table
| -----------------------
------------------------------------------------------------------------------------------------

Path Group    From Clock    To Clock    
----------    ----------    --------    


------------------------------------------------------------------------------------------------
| Unconstrained Path Table
| ------------------------
------------------------------------------------------------------------------------------------

Path Group    From Clock    To Clock    
----------    ----------    --------    


------------------------------------------------------------------------------------------------
| Timing Details
| --------------
------------------------------------------------------------------------------------------------


---------------------------------------------------------------------------------------------------
From Clock:  vclk
  To Clock:  vclk

Setup :            0  Failing Endpoints,  Worst Slack        0.003ns,  Total Violation        0.000ns
Hold  :           NA  Failing Endpoints,  Worst Slack           NA  ,  Total Violation           NA
PW    :            0  Failing Endpoints,  Worst Slack        1.720ns,  Total Violation        0.000ns
---------------------------------------------------------------------------------------------------


Max Delay Paths
--------------------------------------------------------------------------------------
Slack (MET) :             0.003ns  (required time - arrival time)
  Source:                 x[1]
                            (input port clocked by vclk  {rise@0.000ns fall@2.700ns period=5.400ns})
  Destination:            a3_reg[15]/D
                            (rising edge-triggered cell FDRE clocked by vclk  {rise@0.000ns fall@2.700ns period=5.400ns})
  Path Group:             vclk
  Path Type:              Setup (Max at Slow Process Corner)
  Requirement:            5.400ns  (vclk rise@5.400ns - vclk rise@0.000ns)
  Data Path Delay:        6.348ns  (logic 3.285ns (51.746%)  route 3.063ns (48.254%))
  Logic Levels:           9  (CARRY4=5 LUT1=1 LUT2=1 LUT3=1 LUT4=1)
  Input Delay:            0.000ns
  Clock Path Skew:        0.924ns (DCD - SCD + CPR)
    Destination Clock Delay (DCD):    0.924ns = ( 6.324 - 5.400 ) 
    Source Clock Delay      (SCD):    0.000ns
    Clock Pessimism Removal (CPR):    0.000ns
  Clock Uncertainty:      0.035ns  ((TSJ^2 + TIJ^2)^1/2 + DJ) / 2 + PE
    Total System Jitter     (TSJ):    0.071ns
    Total Input Jitter      (TIJ):    0.000ns
    Discrete Jitter          (DJ):    0.000ns
    Phase Error              (PE):    0.000ns

    Location             Delay type                Incr(ns)  Path(ns)    Netlist Resource(s)
  -------------------------------------------------------------------    -------------------
                         (clock vclk rise edge)       0.000     0.000 r  <hidden>
                         input delay                  0.000     0.000    <hidden>
                                                      0.000     0.000 f  x[1]
                         net (fo=179, unset)          0.973     0.973    x[1]
    SLICE_X52Y70         LUT1 (Prop_lut1_I0_O)        0.124     1.097 r  a3[3]_i_9/O
                         net (fo=1, routed)           0.000     1.097    a3[3]_i_9_n_0
    SLICE_X52Y70         CARRY4 (Prop_carry4_S[1]_CO[3])
                                                      0.550     1.647 r  a3_reg[3]_i_2/CO[3]
                         net (fo=1, routed)           0.000     1.647    a3_reg[3]_i_2_n_0
    SLICE_X52Y71         CARRY4 (Prop_carry4_CI_O[3])
                                                      0.313     1.960 r  a3_reg[11]_i_15/O[3]
                         net (fo=2, routed)           1.012     2.972    a3_reg[11]_i_15_n_4
    SLICE_X46Y69         LUT3 (Prop_lut3_I0_O)        0.328     3.300 r  a3[11]_i_8/O
                         net (fo=2, routed)           0.631     3.931    a3[11]_i_8_n_0
    SLICE_X50Y72         LUT4 (Prop_lut4_I3_O)        0.328     4.259 r  a3[11]_i_12/O
                         net (fo=1, routed)           0.000     4.259    a3[11]_i_12_n_0
    SLICE_X50Y72         CARRY4 (Prop_carry4_S[2]_CO[3])
                                                      0.380     4.639 r  a3_reg[11]_i_2/CO[3]
                         net (fo=1, routed)           0.000     4.639    a3_reg[11]_i_2_n_0
    SLICE_X50Y73         CARRY4 (Prop_carry4_CI_O[3])
                                                      0.315     4.954 r  a3_reg[15]_i_2/O[3]
                         net (fo=2, routed)           0.448     5.401    a31[13]
    SLICE_X51Y74         LUT2 (Prop_lut2_I0_O)        0.307     5.708 r  a3[15]_i_3/O
                         net (fo=1, routed)           0.000     5.708    a3[15]_i_3_n_0
    SLICE_X51Y74         CARRY4 (Prop_carry4_S[1]_O[3])
                                                      0.640     6.348 r  a3_reg[15]_i_1/O[3]
                         net (fo=1, routed)           0.000     6.348    a30[15]
    SLICE_X51Y74         FDRE                                         r  a3_reg[15]/D
  -------------------------------------------------------------------    -------------------

                         (clock vclk rise edge)       5.400     5.400 r  <hidden>
                                                      0.000     5.400 r  clk
                         net (fo=679, unset)          0.924     6.324    clk
    SLICE_X51Y74         FDRE                                         r  a3_reg[15]/C
                         clock pessimism              0.000     6.324    <hidden>
                         clock uncertainty           -0.035     6.289    <hidden>
    SLICE_X51Y74         FDRE (Setup_fdre_C_D)        0.062     6.351    a3_reg[15]
  -------------------------------------------------------------------
                         required time                          6.351    <hidden>
                         arrival time                          -6.348    <hidden>
  -------------------------------------------------------------------
                         slack                                  0.003    <hidden>

Slack (MET) :             0.016ns  (required time - arrival time)
  Source:                 x[1]
                            (input port clocked by vclk  {rise@0.000ns fall@2.700ns period=5.400ns})
  Destination:            a25_reg[13]/D
                            (rising edge-triggered cell FDRE clocked by vclk  {rise@0.000ns fall@2.700ns period=5.400ns})
  Path Group:             vclk
  Path Type:              Setup (Max at Slow Process Corner)
  Requirement:            5.400ns  (vclk rise@5.400ns - vclk rise@0.000ns)
  Data Path Delay:        6.335ns  (logic 2.963ns (46.774%)  route 3.372ns (53.226%))
  Logic Levels:           10  (CARRY4=7 LUT1=1 LUT2=1 LUT3=1)
  Input Delay:            0.000ns
  Clock Path Skew:        0.924ns (DCD - SCD + CPR)
    Destination Clock Delay (DCD):    0.924ns = ( 6.324 - 5.400 ) 
    Source Clock Delay      (SCD):    0.000ns
    Clock Pessimism Removal (CPR):    0.000ns
  Clock Uncertainty:      0.035ns  ((TSJ^2 + TIJ^2)^1/2 + DJ) / 2 + PE
    Total System Jitter     (TSJ):    0.071ns
    Total Input Jitter      (TIJ):    0.000ns
    Discrete Jitter          (DJ):    0.000ns
    Phase Error              (PE):    0.000ns

    Location             Delay type                Incr(ns)  Path(ns)    Netlist Resource(s)
  -------------------------------------------------------------------    -------------------
                         (clock vclk rise edge)       0.000     0.000 r  <hidden>
                         input delay                  0.000     0.000    <hidden>
                                                      0.000     0.000 f  x[1]
                         net (fo=179, unset)          0.973     0.973    x[1]
    SLICE_X31Y65         LUT1 (Prop_lut1_I0_O)        0.124     1.097 r  a25[3]_i_9/O
                         net (fo=1, routed)           0.000     1.097    a25[3]_i_9_n_0
    SLICE_X31Y65         CARRY4 (Prop_carry4_S[1]_CO[3])
                                                      0.550     1.647 r  a25_reg[3]_i_2/CO[3]
                         net (fo=1, routed)           0.000     1.647    a25_reg[3]_i_2_n_0
    SLICE_X31Y66         CARRY4 (Prop_carry4_CI_CO[3])
                                                      0.114     1.761 r  a25_reg[11]_i_15/CO[3]
                         net (fo=1, routed)           0.000     1.761    a25_reg[11]_i_15_n_0
    SLICE_X31Y67         CARRY4 (Prop_carry4_CI_O[0])
                                                      0.222     1.983 r  a25_reg[15]_i_10/O[0]
                         net (fo=3, routed)           1.119     3.102    a25_reg[15]_i_10_n_7
    SLICE_X33Y60         LUT3 (Prop_lut3_I0_O)        0.299     3.401 r  a25[11]_i_8/O
                         net (fo=1, routed)           0.620     4.021    a25[11]_i_8_n_0
    SLICE_X33Y66         CARRY4 (Prop_carry4_DI[2]_CO[3])
                                                      0.398     4.419 r  a25_reg[11]_i_2/CO[3]
                         net (fo=1, routed)           0.000     4.419    a25_reg[11]_i_2_n_0
    SLICE_X33Y67         CARRY4 (Prop_carry4_CI_O[0])
                                                      0.222     4.641 r  a25_reg[15]_i_2/O[0]
                         net (fo=2, routed)           0.660     5.301    a251[11]
    SLICE_X33Y63         LUT2 (Prop_lut2_I0_O)        0.299     5.600 r  a25[11]_i_3/O
                         net (fo=1, routed)           0.000     5.600    a25[11]_i_3_n_0
    SLICE_X33Y63         CARRY4 (Prop_carry4_S[3]_CO[3])
                                                      0.401     6.001 r  a25_reg[11]_i_1/CO[3]
                         net (fo=1, routed)           0.000     6.001    a25_reg[11]_i_1_n_0
    SLICE_X33Y64         CARRY4 (Prop_carry4_CI_O[1])
                                                      0.334     6.335 r  a25_reg[15]_i_1/O[1]
                         net (fo=1, routed)           0.000     6.335    a250[13]
    SLICE_X33Y64         FDRE                                         r  a25_reg[13]/D
  -------------------------------------------------------------------    -------------------

                         (clock vclk rise edge)       5.400     5.400 r  <hidden>
                                                      0.000     5.400 r  clk
                         net (fo=679, unset)          0.924     6.324    clk
    SLICE_X33Y64         FDRE                                         r  a25_reg[13]/C
                         clock pessimism              0.000     6.324    <hidden>
                         clock uncertainty           -0.035     6.289    <hidden>
    SLICE_X33Y64         FDRE (Setup_fdre_C_D)        0.062     6.351    a25_reg[13]
  -------------------------------------------------------------------
                         required time                          6.351    <hidden>
                         arrival time                          -6.335    <hidden>
  -------------------------------------------------------------------
                         slack                                  0.016    <hidden>

Slack (MET) :             0.017ns  (required time - arrival time)
  Source:                 x[0]
                            (input port clocked by vclk  {rise@0.000ns fall@2.700ns period=5.400ns})
  Destination:            a36_reg[13]/D
                            (rising edge-triggered cell FDRE clocked by vclk  {rise@0.000ns fall@2.700ns period=5.400ns})
  Path Group:             vclk
  Path Type:              Setup (Max at Slow Process Corner)
  Requirement:            5.400ns  (vclk rise@5.400ns - vclk rise@0.000ns)
  Data Path Delay:        6.334ns  (logic 3.208ns (50.650%)  route 3.126ns (49.350%))
  Logic Levels:           9  (CARRY4=6 LUT2=2 LUT3=1)
  Input Delay:            0.000ns
  Clock Path Skew:        0.924ns (DCD - SCD + CPR)
    Destination Clock Delay (DCD):    0.924ns = ( 6.324 - 5.400 ) 
    Source Clock Delay      (SCD):    0.000ns
    Clock Pessimism Removal (CPR):    0.000ns
  Clock Uncertainty:      0.035ns  ((TSJ^2 + TIJ^2)^1/2 + DJ) / 2 + PE
    Total System Jitter     (TSJ):    0.071ns
    Total Input Jitter      (TIJ):    0.000ns
    Discrete Jitter          (DJ):    0.000ns
    Phase Error              (PE):    0.000ns

    Location             Delay type                Incr(ns)  Path(ns)    Netlist Resource(s)
  -------------------------------------------------------------------    -------------------
                         (clock vclk rise edge)       0.000     0.000 r  <hidden>
                         input delay                  0.000     0.000    <hidden>
                                                      0.000     0.000 r  x[0]
                         net (fo=228, unset)          0.973     0.973    x[0]
    SLICE_X37Y59         LUT2 (Prop_lut2_I1_O)        0.124     1.097 r  a36[3]_i_9/O
                         net (fo=1, routed)           0.000     1.097    a36[3]_i_9_n_0
    SLICE_X37Y59         CARRY4 (Prop_carry4_S[1]_CO[3])
                                                      0.550     1.647 r  a36_reg[3]_i_2/CO[3]
                         net (fo=1, routed)           0.000     1.647    a36_reg[3]_i_2_n_0
    SLICE_X37Y60         CARRY4 (Prop_carry4_CI_O[2])
                                                      0.239     1.886 r  a36_reg[11]_i_15/O[2]
                         net (fo=3, routed)           1.118     3.004    a36_reg[11]_i_15_n_5
    SLICE_X33Y60         LUT3 (Prop_lut3_I1_O)        0.330     3.334 r  a36[11]_i_9/O
                         net (fo=1, routed)           0.533     3.866    a36[11]_i_9_n_0
    SLICE_X39Y62         CARRY4 (Prop_carry4_DI[1]_CO[3])
                                                      0.709     4.575 r  a36_reg[11]_i_2/CO[3]
                         net (fo=1, routed)           0.000     4.575    a36_reg[11]_i_2_n_0
    SLICE_X39Y63         CARRY4 (Prop_carry4_CI_O[0])
                                                      0.222     4.797 r  a36_reg[15]_i_2/O[0]
                         net (fo=4, routed)           0.503     5.300    a231[11]
    SLICE_X40Y61         LUT2 (Prop_lut2_I0_O)        0.299     5.599 r  a36[11]_i_3/O
                         net (fo=1, routed)           0.000     5.599    a36[11]_i_3_n_0
    SLICE_X40Y61         CARRY4 (Prop_carry4_S[3]_CO[3])
                                                      0.401     6.000 r  a36_reg[11]_i_1/CO[3]
                         net (fo=1, routed)           0.000     6.000    a36_reg[11]_i_1_n_0
    SLICE_X40Y62         CARRY4 (Prop_carry4_CI_O[1])
                                                      0.334     6.334 r  a36_reg[15]_i_1/O[1]
                         net (fo=1, routed)           0.000     6.334    a360[13]
    SLICE_X40Y62         FDRE                                         r  a36_reg[13]/D
  -------------------------------------------------------------------    -------------------

                         (clock vclk rise edge)       5.400     5.400 r  <hidden>
                                                      0.000     5.400 r  clk
                         net (fo=679, unset)          0.924     6.324    clk
    SLICE_X40Y62         FDRE                                         r  a36_reg[13]/C
                         clock pessimism              0.000     6.324    <hidden>
                         clock uncertainty           -0.035     6.289    <hidden>
    SLICE_X40Y62         FDRE (Setup_fdre_C_D)        0.062     6.351    a36_reg[13]
  -------------------------------------------------------------------
                         required time                          6.351    <hidden>
                         arrival time                          -6.334    <hidden>
  -------------------------------------------------------------------
                         slack                                  0.017    <hidden>

Slack (MET) :             0.034ns  (required time - arrival time)
  Source:                 x[1]
                            (input port clocked by vclk  {rise@0.000ns fall@2.700ns period=5.400ns})
  Destination:            a3_reg[13]/D
                            (rising edge-triggered cell FDRE clocked by vclk  {rise@0.000ns fall@2.700ns period=5.400ns})
  Path Group:             vclk
  Path Type:              Setup (Max at Slow Process Corner)
  Requirement:            5.400ns  (vclk rise@5.400ns - vclk rise@0.000ns)
  Data Path Delay:        6.317ns  (logic 3.387ns (53.616%)  route 2.930ns (46.384%))
  Logic Levels:           10  (CARRY4=6 LUT1=1 LUT2=1 LUT3=1 LUT4=1)
  Input Delay:            0.000ns
  Clock Path Skew:        0.924ns (DCD - SCD + CPR)
    Destination Clock Delay (DCD):    0.924ns = ( 6.324 - 5.400 ) 
    Source Clock Delay      (SCD):    0.000ns
    Clock Pessimism Removal (CPR):    0.000ns
  Clock Uncertainty:      0.035ns  ((TSJ^2 + TIJ^2)^1/2 + DJ) / 2 + PE
    Total System Jitter     (TSJ):    0.071ns
    Total Input Jitter      (TIJ):    0.000ns
    Discrete Jitter          (DJ):    0.000ns
    Phase Error              (PE):    0.000ns

    Location             Delay type                Incr(ns)  Path(ns)    Netlist Resource(s)
  -------------------------------------------------------------------    -------------------
                         (clock vclk rise edge)       0.000     0.000 r  <hidden>
                         input delay                  0.000     0.000    <hidden>
                                                      0.000     0.000 f  x[1]
                         net (fo=179, unset)          0.973     0.973    x[1]
    SLICE_X52Y70         LUT1 (Prop_lut1_I0_O)        0.124     1.097 r  a3[3]_i_9/O
                         net (fo=1, routed)           0.000     1.097    a3[3]_i_9_n_0
    SLICE_X52Y70         CARRY4 (Prop_carry4_S[1]_CO[3])
                                                      0.550     1.647 r  a3_reg[3]_i_2/CO[3]
                         net (fo=1, routed)           0.000     1.647    a3_reg[3]_i_2_n_0
    SLICE_X52Y71         CARRY4 (Prop_carry4_CI_O[3])
                                                      0.313     1.960 r  a3_reg[11]_i_15/O[3]
                         net (fo=2, routed)           1.012     2.972    a3_reg[11]_i_15_n_4
    SLICE_X46Y69         LUT3 (Prop_lut3_I0_O)        0.328     3.300 r  a3[11]_i_8/O
                         net (fo=2, routed)           0.631     3.931    a3[11]_i_8_n_0
    SLICE_X50Y72         LUT4 (Prop_lut4_I3_O)        0.328     4.259 r  a3[11]_i_12/O
                         net (fo=1, routed)           0.000     4.259    a3[11]_i_12_n_0
    SLICE_X50Y72         CARRY4 (Prop_carry4_S[2]_CO[3])
                                                      0.380     4.639 r  a3_reg[11]_i_2/CO[3]
                         net (fo=1, routed)           0.000     4.639    a3_reg[11]_i_2_n_0
    SLICE_X50Y73         CARRY4 (Prop_carry4_CI_O[1])
                                                      0.323     4.962 r  a3_reg[15]_i_2/O[1]
                         net (fo=2, routed)           0.315     5.276    a31[11]
    SLICE_X51Y73         LUT2 (Prop_lut2_I0_O)        0.306     5.582 r  a3[11]_i_3/O
                         net (fo=1, routed)           0.000     5.582    a3[11]_i_3_n_0
    SLICE_X51Y73         CARRY4 (Prop_carry4_S[3]_CO[3])
                                                      0.401     5.983 r  a3_reg[11]_i_1/CO[3]
                         net (fo=1, routed)           0.000     5.983    a3_reg[11]_i_1_n_0
    SLICE_X51Y74         CARRY4 (Prop_carry4_CI_O[1])
                                                      0.334     6.317 r  a3_reg[15]_i_1/O[1]
                         net (fo=1, routed)           0.000     6.317    a30[13]
    SLICE_X51Y74         FDRE                                         r  a3_reg[13]/D
  -------------------------------------------------------------------    -------------------

                         (clock vclk rise edge)       5.400     5.400 r  <hidden>
                                                      0.000     5.400 r  clk
                         net (fo=679, unset)          0.924     6.324    clk
    SLICE_X51Y74         FDRE                                         r  a3_reg[13]/C
                         clock pessimism              0.000     6.324    <hidden>
                         clock uncertainty           -0.035     6.289    <hidden>
    SLICE_X51Y74         FDRE (Setup_fdre_C_D)        0.062     6.351    a3_reg[13]
  -------------------------------------------------------------------
                         required time                          6.351    <hidden>
                         arrival time                          -6.317    <hidden>
  -------------------------------------------------------------------
                         slack                                  0.034    <hidden>

Slack (MET) :             0.034ns  (required time - arrival time)
  Source:                 x[0]
                            (input port clocked by vclk  {rise@0.000ns fall@2.700ns period=5.400ns})
  Destination:            a36_reg[15]/D
                            (rising edge-triggered cell FDRE clocked by vclk  {rise@0.000ns fall@2.700ns period=5.400ns})
  Path Group:             vclk
  Path Type:              Setup (Max at Slow Process Corner)
  Requirement:            5.400ns  (vclk rise@5.400ns - vclk rise@0.000ns)
  Data Path Delay:        6.317ns  (logic 3.195ns (50.577%)  route 3.122ns (49.423%))
  Logic Levels:           8  (CARRY4=5 LUT2=2 LUT3=1)
  Input Delay:            0.000ns
  Clock Path Skew:        0.924ns (DCD - SCD + CPR)
    Destination Clock Delay (DCD):    0.924ns = ( 6.324 - 5.400 ) 
    Source Clock Delay      (SCD):    0.000ns
    Clock Pessimism Removal (CPR):    0.000ns
  Clock Uncertainty:      0.035ns  ((TSJ^2 + TIJ^2)^1/2 + DJ) / 2 + PE
    Total System Jitter     (TSJ):    0.071ns
    Total Input Jitter      (TIJ):    0.000ns
    Discrete Jitter          (DJ):    0.000ns
    Phase Error              (PE):    0.000ns

    Location             Delay type                Incr(ns)  Path(ns)    Netlist Resource(s)
  -------------------------------------------------------------------    -------------------
                         (clock vclk rise edge)       0.000     0.000 r  <hidden>
                         input delay                  0.000     0.000    <hidden>
                                                      0.000     0.000 r  x[0]
                         net (fo=228, unset)          0.973     0.973    x[0]
    SLICE_X37Y59         LUT2 (Prop_lut2_I1_O)        0.124     1.097 r  a36[3]_i_9/O
                         net (fo=1, routed)           0.000     1.097    a36[3]_i_9_n_0
    SLICE_X37Y59         CARRY4 (Prop_carry4_S[1]_CO[3])
                                                      0.550     1.647 r  a36_reg[3]_i_2/CO[3]
                         net (fo=1, routed)           0.000     1.647    a36_reg[3]_i_2_n_0
    SLICE_X37Y60         CARRY4 (Prop_carry4_CI_O[2])
                                                      0.239     1.886 r  a36_reg[11]_i_15/O[2]
                         net (fo=3, routed)           1.118     3.004    a36_reg[11]_i_15_n_5
    SLICE_X33Y60         LUT3 (Prop_lut3_I1_O)        0.330     3.334 r  a36[11]_i_9/O
                         net (fo=1, routed)           0.533     3.866    a36[11]_i_9_n_0
    SLICE_X39Y62         CARRY4 (Prop_carry4_DI[1]_CO[3])
                                                      0.709     4.575 r  a36_reg[11]_i_2/CO[3]
                         net (fo=1, routed)           0.000     4.575    a36_reg[11]_i_2_n_0
    SLICE_X39Y63         CARRY4 (Prop_carry4_CI_O[1])
                                                      0.334     4.909 r  a36_reg[15]_i_2/O[1]
                         net (fo=4, routed)           0.499     5.408    a231[12]
    SLICE_X40Y62         LUT2 (Prop_lut2_I0_O)        0.303     5.711 r  a36[15]_i_3/O
                         net (fo=1, routed)           0.000     5.711    a36[15]_i_3_n_0
    SLICE_X40Y62         CARRY4 (Prop_carry4_S[0]_O[3])
                                                      0.606     6.317 r  a36_reg[15]_i_1/O[3]
                         net (fo=1, routed)           0.000     6.317    a360[15]
    SLICE_X40Y62         FDRE                                         r  a36_reg[15]/D
  -------------------------------------------------------------------    -------------------

                         (clock vclk rise edge)       5.400     5.400 r  <hidden>
                                                      0.000     5.400 r  clk
                         net (fo=679, unset)          0.924     6.324    clk
    SLICE_X40Y62         FDRE                                         r  a36_reg[15]/C
                         clock pessimism              0.000     6.324    <hidden>
                         clock uncertainty           -0.035     6.289    <hidden>
    SLICE_X40Y62         FDRE (Setup_fdre_C_D)        0.062     6.351    a36_reg[15]
  -------------------------------------------------------------------
                         required time                          6.351    <hidden>
                         arrival time                          -6.317    <hidden>
  -------------------------------------------------------------------
                         slack                                  0.034    <hidden>

Slack (MET) :             0.037ns  (required time - arrival time)
  Source:                 x[1]
                            (input port clocked by vclk  {rise@0.000ns fall@2.700ns period=5.400ns})
  Destination:            a25_reg[15]/D
                            (rising edge-triggered cell FDRE clocked by vclk  {rise@0.000ns fall@2.700ns period=5.400ns})
  Path Group:             vclk
  Path Type:              Setup (Max at Slow Process Corner)
  Requirement:            5.400ns  (vclk rise@5.400ns - vclk rise@0.000ns)
  Data Path Delay:        6.314ns  (logic 2.942ns (46.597%)  route 3.372ns (53.403%))
  Logic Levels:           10  (CARRY4=7 LUT1=1 LUT2=1 LUT3=1)
  Input Delay:            0.000ns
  Clock Path Skew:        0.924ns (DCD - SCD + CPR)
    Destination Clock Delay (DCD):    0.924ns = ( 6.324 - 5.400 ) 
    Source Clock Delay      (SCD):    0.000ns
    Clock Pessimism Removal (CPR):    0.000ns
  Clock Uncertainty:      0.035ns  ((TSJ^2 + TIJ^2)^1/2 + DJ) / 2 + PE
    Total System Jitter     (TSJ):    0.071ns
    Total Input Jitter      (TIJ):    0.000ns
    Discrete Jitter          (DJ):    0.000ns
    Phase Error              (PE):    0.000ns

    Location             Delay type                Incr(ns)  Path(ns)    Netlist Resource(s)
  -------------------------------------------------------------------    -------------------
                         (clock vclk rise edge)       0.000     0.000 r  <hidden>
                         input delay                  0.000     0.000    <hidden>
                                                      0.000     0.000 f  x[1]
                         net (fo=179, unset)          0.973     0.973    x[1]
    SLICE_X31Y65         LUT1 (Prop_lut1_I0_O)        0.124     1.097 r  a25[3]_i_9/O
                         net (fo=1, routed)           0.000     1.097    a25[3]_i_9_n_0
    SLICE_X31Y65         CARRY4 (Prop_carry4_S[1]_CO[3])
                                                      0.550     1.647 r  a25_reg[3]_i_2/CO[3]
                         net (fo=1, routed)           0.000     1.647    a25_reg[3]_i_2_n_0
    SLICE_X31Y66         CARRY4 (Prop_carry4_CI_CO[3])
                                                      0.114     1.761 r  a25_reg[11]_i_15/CO[3]
                         net (fo=1, routed)           0.000     1.761    a25_reg[11]_i_15_n_0
    SLICE_X31Y67         CARRY4 (Prop_carry4_CI_O[0])
                                                      0.222     1.983 r  a25_reg[15]_i_10/O[0]
                         net (fo=3, routed)           1.119     3.102    a25_reg[15]_i_10_n_7
    SLICE_X33Y60         LUT3 (Prop_lut3_I0_O)        0.299     3.401 r  a25[11]_i_8/O
                         net (fo=1, routed)           0.620     4.021    a25[11]_i_8_n_0
    SLICE_X33Y66         CARRY4 (Prop_carry4_DI[2]_CO[3])
                                                      0.398     4.419 r  a25_reg[11]_i_2/CO[3]
                         net (fo=1, routed)           0.000     4.419    a25_reg[11]_i_2_n_0
    SLICE_X33Y67         CARRY4 (Prop_carry4_CI_O[0])
                                                      0.222     4.641 r  a25_reg[15]_i_2/O[0]
                         net (fo=2, routed)           0.660     5.301    a251[11]
    SLICE_X33Y63         LUT2 (Prop_lut2_I0_O)        0.299     5.600 r  a25[11]_i_3/O
                         net (fo=1, routed)           0.000     5.600    a25[11]_i_3_n_0
    SLICE_X33Y63         CARRY4 (Prop_carry4_S[3]_CO[3])
                                                      0.401     6.001 r  a25_reg[11]_i_1/CO[3]
                         net (fo=1, routed)           0.000     6.001    a25_reg[11]_i_1_n_0
    SLICE_X33Y64         CARRY4 (Prop_carry4_CI_O[3])
                                                      0.313     6.314 r  a25_reg[15]_i_1/O[3]
                         net (fo=1, routed)           0.000     6.314    a250[15]
    SLICE_X33Y64         FDRE                                         r  a25_reg[15]/D
  -------------------------------------------------------------------    -------------------

                         (clock vclk rise edge)       5.400     5.400 r  <hidden>
                                                      0.000     5.400 r  clk
                         net (fo=679, unset)          0.924     6.324    clk
    SLICE_X33Y64         FDRE                                         r  a25_reg[15]/C
                         clock pessimism              0.000     6.324    <hidden>
                         clock uncertainty           -0.035     6.289    <hidden>
    SLICE_X33Y64         FDRE (Setup_fdre_C_D)        0.062     6.351    a25_reg[15]
  -------------------------------------------------------------------
                         required time                          6.351    <hidden>
                         arrival time                          -6.314    <hidden>
  -------------------------------------------------------------------
                         slack                                  0.037    <hidden>

Slack (MET) :             0.063ns  (required time - arrival time)
  Source:                 x[1]
                            (input port clocked by vclk  {rise@0.000ns fall@2.700ns period=5.400ns})
  Destination:            a3_reg[14]/D
                            (rising edge-triggered cell FDRE clocked by vclk  {rise@0.000ns fall@2.700ns period=5.400ns})
  Path Group:             vclk
  Path Type:              Setup (Max at Slow Process Corner)
  Requirement:            5.400ns  (vclk rise@5.400ns - vclk rise@0.000ns)
  Data Path Delay:        6.288ns  (logic 3.225ns (51.286%)  route 3.063ns (48.714%))
  Logic Levels:           9  (CARRY4=5 LUT1=1 LUT2=1 LUT3=1 LUT4=1)
  Input Delay:            0.000ns
  Clock Path Skew:        0.924ns (DCD - SCD + CPR)
    Destination Clock Delay (DCD):    0.924ns = ( 6.324 - 5.400 ) 
    Source Clock Delay      (SCD):    0.000ns
    Clock Pessimism Removal (CPR):    0.000ns
  Clock Uncertainty:      0.035ns  ((TSJ^2 + TIJ^2)^1/2 + DJ) / 2 + PE
    Total System Jitter     (TSJ):    0.071ns
    Total Input Jitter      (TIJ):    0.000ns
    Discrete Jitter          (DJ):    0.000ns
    Phase Error              (PE):    0.000ns

    Location             Delay type                Incr(ns)  Path(ns)    Netlist Resource(s)
  -------------------------------------------------------------------    -------------------
                         (clock vclk rise edge)       0.000     0.000 r  <hidden>
                         input delay                  0.000     0.000    <hidden>
                                                      0.000     0.000 f  x[1]
                         net (fo=179, unset)          0.973     0.973    x[1]
    SLICE_X52Y70         LUT1 (Prop_lut1_I0_O)        0.124     1.097 r  a3[3]_i_9/O
                         net (fo=1, routed)           0.000     1.097    a3[3]_i_9_n_0
    SLICE_X52Y70         CARRY4 (Prop_carry4_S[1]_CO[3])
                                                      0.550     1.647 r  a3_reg[3]_i_2/CO[3]
                         net (fo=1, routed)           0.000     1.647    a3_reg[3]_i_2_n_0
    SLICE_X52Y71         CARRY4 (Prop_carry4_CI_O[3])
                                                      0.313     1.960 r  a3_reg[11]_i_15/O[3]
                         net (fo=2, routed)           1.012     2.972    a3_reg[11]_i_15_n_4
    SLICE_X46Y69         LUT3 (Prop_lut3_I0_O)        0.328     3.300 r  a3[11]_i_8/O
                         net (fo=2, routed)           0.631     3.931    a3[11]_i_8_n_0
    SLICE_X50Y72         LUT4 (Prop_lut4_I3_O)        0.328     4.259 r  a3[11]_i_12/O
                         net (fo=1, routed)           0.000     4.259    a3[11]_i_12_n_0
    SLICE_X50Y72         CARRY4 (Prop_carry4_S[2]_CO[3])
                                                      0.380     4.639 r  a3_reg[11]_i_2/CO[3]
                         net (fo=1, routed)           0.000     4.639    a3_reg[11]_i_2_n_0
    SLICE_X50Y73         CARRY4 (Prop_carry4_CI_O[3])
                                                      0.315     4.954 r  a3_reg[15]_i_2/O[3]
                         net (fo=2, routed)           0.448     5.401    a31[13]
    SLICE_X51Y74         LUT2 (Prop_lut2_I0_O)        0.307     5.708 r  a3[15]_i_3/O
                         net (fo=1, routed)           0.000     5.708    a3[15]_i_3_n_0
    SLICE_X51Y74         CARRY4 (Prop_carry4_S[1]_O[2])
                                                      0.580     6.288 r  a3_reg[15]_i_1/O[2]
                         net (fo=1, routed)           0.000     6.288    a30[14]
    SLICE_X51Y74         FDRE                                         r  a3_reg[14]/D
  -------------------------------------------------------------------    -------------------

                         (clock vclk rise edge)       5.400     5.400 r  <hidden>
                                                      0.000     5.400 r  clk
                         net (fo=679, unset)          0.924     6.324    clk
    SLICE_X51Y74         FDRE                                         r  a3_reg[14]/C
                         clock pessimism              0.000     6.324    <hidden>
                         clock uncertainty           -0.035     6.289    <hidden>
    SLICE_X51Y74         FDRE (Setup_fdre_C_D)        0.062     6.351    a3_reg[14]
  -------------------------------------------------------------------
                         required time                          6.351    <hidden>
                         arrival time                          -6.288    <hidden>
  -------------------------------------------------------------------
                         slack                                  0.063    <hidden>

Slack (MET) :             0.076ns  (required time - arrival time)
  Source:                 x[1]
                            (input port clocked by vclk  {rise@0.000ns fall@2.700ns period=5.400ns})
  Destination:            a27_reg[14]/D
                            (rising edge-triggered cell FDRE clocked by vclk  {rise@0.000ns fall@2.700ns period=5.400ns})
  Path Group:             vclk
  Path Type:              Setup (Max at Slow Process Corner)
  Requirement:            5.400ns  (vclk rise@5.400ns - vclk rise@0.000ns)
  Data Path Delay:        6.275ns  (logic 3.016ns (48.066%)  route 3.259ns (51.934%))
  Logic Levels:           8  (CARRY4=5 LUT1=1 LUT2=1 LUT3=1)
  Input Delay:            0.000ns
  Clock Path Skew:        0.924ns (DCD - SCD + CPR)
    Destination Clock Delay (DCD):    0.924ns = ( 6.324 - 5.400 ) 
    Source Clock Delay      (SCD):    0.000ns
    Clock Pessimism Removal (CPR):    0.000ns
  Clock Uncertainty:      0.035ns  ((TSJ^2 + TIJ^2)^1/2 + DJ) / 2 + PE
    Total System Jitter     (TSJ):    0.071ns
    Total Input Jitter      (TIJ):    0.000ns
    Discrete Jitter          (DJ):    0.000ns
    Phase Error              (PE):    0.000ns

    Location             Delay type                Incr(ns)  Path(ns)    Netlist Resource(s)
  -------------------------------------------------------------------    -------------------
                         (clock vclk rise edge)       0.000     0.000 r  <hidden>
                         input delay                  0.000     0.000    <hidden>
                                                      0.000     0.000 f  x[1]
                         net (fo=179, unset)          0.973     0.973    x[1]
    SLICE_X27Y58         LUT1 (Prop_lut1_I0_O)        0.124     1.097 r  a27[4]_i_9/O
                         net (fo=1, routed)           0.000     1.097    a27[4]_i_9_n_0
    SLICE_X27Y58         CARRY4 (Prop_carry4_S[1]_CO[3])
                                                      0.550     1.647 r  a27_reg[4]_i_2/CO[3]
                         net (fo=1, routed)           0.000     1.647    a27_reg[4]_i_2_n_0
    SLICE_X27Y59         CARRY4 (Prop_carry4_CI_O[2])
                                                      0.239     1.886 r  a27_reg[12]_i_20/O[2]
                         net (fo=3, routed)           0.977     2.863    a27_reg[12]_i_20_n_5
    SLICE_X33Y60         LUT3 (Prop_lut3_I1_O)        0.302     3.165 r  a27[12]_i_13/O
                         net (fo=1, routed)           0.723     3.888    a27[12]_i_13_n_0
    SLICE_X26Y58         CARRY4 (Prop_carry4_DI[1]_O[3])
                                                      0.610     4.498 r  a27_reg[12]_i_3/O[3]
                         net (fo=2, routed)           0.586     5.084    a271[10]
    SLICE_X29Y60         LUT2 (Prop_lut2_I0_O)        0.307     5.391 r  a27[12]_i_6/O
                         net (fo=1, routed)           0.000     5.391    a27[12]_i_6_n_0
    SLICE_X29Y60         CARRY4 (Prop_carry4_S[1]_CO[3])
                                                      0.550     5.941 r  a27_reg[12]_i_1/CO[3]
                         net (fo=1, routed)           0.000     5.941    a27_reg[12]_i_1_n_0
    SLICE_X29Y61         CARRY4 (Prop_carry4_CI_O[1])
                                                      0.334     6.275 r  a27_reg[15]_i_1/O[1]
                         net (fo=1, routed)           0.000     6.275    a270[14]
    SLICE_X29Y61         FDRE                                         r  a27_reg[14]/D
  -------------------------------------------------------------------    -------------------

                         (clock vclk rise edge)       5.400     5.400 r  <hidden>
                                                      0.000     5.400 r  clk
                         net (fo=679, unset)          0.924     6.324    clk
    SLICE_X29Y61         FDRE                                         r  a27_reg[14]/C
                         clock pessimism              0.000     6.324    <hidden>
                         clock uncertainty           -0.035     6.289    <hidden>
    SLICE_X29Y61         FDRE (Setup_fdre_C_D)        0.062     6.351    a27_reg[14]
  -------------------------------------------------------------------
                         required time                          6.351    <hidden>
                         arrival time                          -6.275    <hidden>
  -------------------------------------------------------------------
                         slack                                  0.076    <hidden>

Slack (MET) :             0.093ns  (required time - arrival time)
  Source:                 x[0]
                            (input port clocked by vclk  {rise@0.000ns fall@2.700ns period=5.400ns})
  Destination:            a36_reg[14]/D
                            (rising edge-triggered cell FDRE clocked by vclk  {rise@0.000ns fall@2.700ns period=5.400ns})
  Path Group:             vclk
  Path Type:              Setup (Max at Slow Process Corner)
  Requirement:            5.400ns  (vclk rise@5.400ns - vclk rise@0.000ns)
  Data Path Delay:        6.258ns  (logic 3.136ns (50.111%)  route 3.122ns (49.889%))
  Logic Levels:           8  (CARRY4=5 LUT2=2 LUT3=1)
  Input Delay:            0.000ns
  Clock Path Skew:        0.924ns (DCD - SCD + CPR)
    Destination Clock Delay (DCD):    0.924ns = ( 6.324 - 5.400 ) 
    Source Clock Delay      (SCD):    0.000ns
    Clock Pessimism Removal (CPR):    0.000ns
  Clock Uncertainty:      0.035ns  ((TSJ^2 + TIJ^2)^1/2 + DJ) / 2 + PE
    Total System Jitter     (TSJ):    0.071ns
    Total Input Jitter      (TIJ):    0.000ns
    Discrete Jitter          (DJ):    0.000ns
    Phase Error              (PE):    0.000ns

    Location             Delay type                Incr(ns)  Path(ns)    Netlist Resource(s)
  -------------------------------------------------------------------    -------------------
                         (clock vclk rise edge)       0.000     0.000 r  <hidden>
                         input delay                  0.000     0.000    <hidden>
                                                      0.000     0.000 r  x[0]
                         net (fo=228, unset)          0.973     0.973    x[0]
    SLICE_X37Y59         LUT2 (Prop_lut2_I1_O)        0.124     1.097 r  a36[3]_i_9/O
                         net (fo=1, routed)           0.000     1.097    a36[3]_i_9_n_0
    SLICE_X37Y59         CARRY4 (Prop_carry4_S[1]_CO[3])
                                                      0.550     1.647 r  a36_reg[3]_i_2/CO[3]
                         net (fo=1, routed)           0.000     1.647    a36_reg[3]_i_2_n_0
    SLICE_X37Y60         CARRY4 (Prop_carry4_CI_O[2])
                                                      0.239     1.886 r  a36_reg[11]_i_15/O[2]
                         net (fo=3, routed)           1.118     3.004    a36_reg[11]_i_15_n_5
    SLICE_X33Y60         LUT3 (Prop_lut3_I1_O)        0.330     3.334 r  a36[11]_i_9/O
                         net (fo=1, routed)           0.533     3.866    a36[11]_i_9_n_0
    SLICE_X39Y62         CARRY4 (Prop_carry4_DI[1]_CO[3])
                                                      0.709     4.575 r  a36_reg[11]_i_2/CO[3]
                         net (fo=1, routed)           0.000     4.575    a36_reg[11]_i_2_n_0
    SLICE_X39Y63         CARRY4 (Prop_carry4_CI_O[1])
                                                      0.334     4.909 r  a36_reg[15]_i_2/O[1]
                         net (fo=4, routed)           0.499     5.408    a231[12]
    SLICE_X40Y62         LUT2 (Prop_lut2_I0_O)        0.303     5.711 r  a36[15]_i_3/O
                         net (fo=1, routed)           0.000     5.711    a36[15]_i_3_n_0
    SLICE_X40Y62         CARRY4 (Prop_carry4_S[0]_O[2])
                                                      0.547     6.258 r  a36_reg[15]_i_1/O[2]
                         net (fo=1, routed)           0.000     6.258    a360[14]
    SLICE_X40Y62         FDRE                                         r  a36_reg[14]/D
  -------------------------------------------------------------------    -------------------

                         (clock vclk rise edge)       5.400     5.400 r  <hidden>
                                                      0.000     5.400 r  clk
                         net (fo=679, unset)          0.924     6.324    clk
    SLICE_X40Y62         FDRE                                         r  a36_reg[14]/C
                         clock pessimism              0.000     6.324    <hidden>
                         clock uncertainty           -0.035     6.289    <hidden>
    SLICE_X40Y62         FDRE (Setup_fdre_C_D)        0.062     6.351    a36_reg[14]
  -------------------------------------------------------------------
                         required time                          6.351    <hidden>
                         arrival time                          -6.258    <hidden>
  -------------------------------------------------------------------
                         slack                                  0.093    <hidden>

Slack (MET) :             0.100ns  (required time - arrival time)
  Source:                 x[0]
                            (input port clocked by vclk  {rise@0.000ns fall@2.700ns period=5.400ns})
  Destination:            a23_reg[15]/D
                            (rising edge-triggered cell FDRE clocked by vclk  {rise@0.000ns fall@2.700ns period=5.400ns})
  Path Group:             vclk
  Path Type:              Setup (Max at Slow Process Corner)
  Requirement:            5.400ns  (vclk rise@5.400ns - vclk rise@0.000ns)
  Data Path Delay:        6.298ns  (logic 3.107ns (49.336%)  route 3.191ns (50.664%))
  Logic Levels:           7  (CARRY4=5 LUT2=1 LUT3=1)
  Input Delay:            0.000ns
  Clock Path Skew:        0.924ns (DCD - SCD + CPR)
    Destination Clock Delay (DCD):    0.924ns = ( 6.324 - 5.400 ) 
    Source Clock Delay      (SCD):    0.000ns
    Clock Pessimism Removal (CPR):    0.000ns
  Clock Uncertainty:      0.035ns  ((TSJ^2 + TIJ^2)^1/2 + DJ) / 2 + PE
    Total System Jitter     (TSJ):    0.071ns
    Total Input Jitter      (TIJ):    0.000ns
    Discrete Jitter          (DJ):    0.000ns
    Phase Error              (PE):    0.000ns

    Location             Delay type                Incr(ns)  Path(ns)    Netlist Resource(s)
  -------------------------------------------------------------------    -------------------
                         (clock vclk rise edge)       0.000     0.000 r  <hidden>
                         input delay                  0.000     0.000    <hidden>
                                                      0.000     0.000 r  x[0]
                         net (fo=228, unset)          0.973     0.973    x[0]
    SLICE_X37Y59         LUT2 (Prop_lut2_I1_O)        0.124     1.097 r  a36[3]_i_9/O
                         net (fo=1, routed)           0.000     1.097    a36[3]_i_9_n_0
    SLICE_X37Y59         CARRY4 (Prop_carry4_S[1]_CO[3])
                                                      0.550     1.647 r  a36_reg[3]_i_2/CO[3]
                         net (fo=1, routed)           0.000     1.647    a36_reg[3]_i_2_n_0
    SLICE_X37Y60         CARRY4 (Prop_carry4_CI_O[2])
                                                      0.239     1.886 r  a36_reg[11]_i_15/O[2]
                         net (fo=3, routed)           1.118     3.004    a36_reg[11]_i_15_n_5
    SLICE_X33Y60         LUT3 (Prop_lut3_I1_O)        0.330     3.334 r  a36[11]_i_9/O
                         net (fo=1, routed)           0.533     3.866    a36[11]_i_9_n_0
    SLICE_X39Y62         CARRY4 (Prop_carry4_DI[1]_CO[3])
                                                      0.709     4.575 r  a36_reg[11]_i_2/CO[3]
                         net (fo=1, routed)           0.000     4.575    a36_reg[11]_i_2_n_0
    SLICE_X39Y63         CARRY4 (Prop_carry4_CI_O[1])
                                                      0.334     4.909 r  a36_reg[15]_i_2/O[1]
                         net (fo=4, routed)           0.567     5.477    a231[12]
    SLICE_X36Y64         CARRY4 (Prop_carry4_DI[0]_O[3])
                                                      0.821     6.298 r  a23_reg[15]_i_1/O[3]
                         net (fo=1, routed)           0.000     6.298    a230[15]
    SLICE_X36Y64         FDRE                                         r  a23_reg[15]/D
  -------------------------------------------------------------------    -------------------

                         (clock vclk rise edge)       5.400     5.400 r  <hidden>
                                                      0.000     5.400 r  clk
                         net (fo=679, unset)          0.924     6.324    clk
    SLICE_X36Y64         FDRE                                         r  a23_reg[15]/C
                         clock pessimism              0.000     6.324    <hidden>
                         clock uncertainty           -0.035     6.289    <hidden>
    SLICE_X36Y64         FDRE (Setup_fdre_C_D)        0.109     6.398    a23_reg[15]
  -------------------------------------------------------------------
                         required time                          6.398    <hidden>
                         arrival time                          -6.298    <hidden>
  -------------------------------------------------------------------
                         slack                                  0.100    <hidden>





Pulse Width Checks
--------------------------------------------------------------------------------------
Clock Name:         vclk
Waveform(ns):       { 0.000 2.700 }
Period(ns):         5.400
Sources:            { clk }

Check Type        Corner  Lib Pin     Reference Pin  Required(ns)  Actual(ns)  Slack(ns)  Location      Pin
Min Period        n/a     FDRE/C      n/a            1.000         5.400       4.400      SLICE_X40Y66  a0_reg[0]/C
Min Period        n/a     FDRE/C      n/a            1.000         5.400       4.400      SLICE_X41Y72  a0_reg[10]/C
Min Period        n/a     FDRE/C      n/a            1.000         5.400       4.400      SLICE_X41Y72  a0_reg[11]/C
Min Period        n/a     FDRE/C      n/a            1.000         5.400       4.400      SLICE_X41Y72  a0_reg[12]/C
Min Period        n/a     FDRE/C      n/a            1.000         5.400       4.400      SLICE_X41Y72  a0_reg[13]/C
Min Period        n/a     FDRE/C      n/a            1.000         5.400       4.400      SLICE_X41Y73  a0_reg[14]/C
Min Period        n/a     FDRE/C      n/a            1.000         5.400       4.400      SLICE_X41Y73  a0_reg[15]/C
Min Period        n/a     FDRE/C      n/a            1.000         5.400       4.400      SLICE_X40Y70  a0_reg[1]/C
Min Period        n/a     FDRE/C      n/a            1.000         5.400       4.400      SLICE_X41Y70  a0_reg[2]/C
Min Period        n/a     FDRE/C      n/a            1.000         5.400       4.400      SLICE_X41Y70  a0_reg[3]/C
Low Pulse Width   Slow    SRL16E/CLK  n/a            0.980         2.700       1.720      SLICE_X34Y62  a15_reg[0]_srl2___a22_reg_r/CLK
Low Pulse Width   Fast    SRL16E/CLK  n/a            0.980         2.700       1.720      SLICE_X34Y62  a15_reg[0]_srl2___a22_reg_r/CLK
Low Pulse Width   Slow    SRL16E/CLK  n/a            0.980         2.700       1.720      SLICE_X34Y62  a21_reg[0]_srl3___a21_reg_r/CLK
Low Pulse Width   Fast    SRL16E/CLK  n/a            0.980         2.700       1.720      SLICE_X34Y62  a21_reg[0]_srl3___a21_reg_r/CLK
Low Pulse Width   Slow    SRL16E/CLK  n/a            0.980         2.700       1.720      SLICE_X34Y60  a28_reg[0]_srl2___a22_reg_r/CLK
Low Pulse Width   Fast    SRL16E/CLK  n/a            0.980         2.700       1.720      SLICE_X34Y60  a28_reg[0]_srl2___a22_reg_r/CLK
Low Pulse Width   Slow    SRL16E/CLK  n/a            0.980         2.700       1.720      SLICE_X34Y62  a40_reg[0]_srl2___a22_reg_r/CLK
Low Pulse Width   Fast    SRL16E/CLK  n/a            0.980         2.700       1.720      SLICE_X34Y62  a40_reg[0]_srl2___a22_reg_r/CLK
Low Pulse Width   Slow    SRL16E/CLK  n/a            0.980         2.700       1.720      SLICE_X34Y62  a7_reg[0]_srl3___a21_reg_r/CLK
Low Pulse Width   Fast    SRL16E/CLK  n/a            0.980         2.700       1.720      SLICE_X34Y62  a7_reg[0]_srl3___a21_reg_r/CLK
High Pulse Width  Slow    SRL16E/CLK  n/a            0.980         2.700       1.720      SLICE_X34Y62  a15_reg[0]_srl2___a22_reg_r/CLK
High Pulse Width  Fast    SRL16E/CLK  n/a            0.980         2.700       1.720      SLICE_X34Y62  a15_reg[0]_srl2___a22_reg_r/CLK
High Pulse Width  Slow    SRL16E/CLK  n/a            0.980         2.700       1.720      SLICE_X34Y62  a21_reg[0]_srl3___a21_reg_r/CLK
High Pulse Width  Fast    SRL16E/CLK  n/a            0.980         2.700       1.720      SLICE_X34Y62  a21_reg[0]_srl3___a21_reg_r/CLK
High Pulse Width  Slow    SRL16E/CLK  n/a            0.980         2.700       1.720      SLICE_X34Y60  a28_reg[0]_srl2___a22_reg_r/CLK
High Pulse Width  Fast    SRL16E/CLK  n/a            0.980         2.700       1.720      SLICE_X34Y60  a28_reg[0]_srl2___a22_reg_r/CLK
High Pulse Width  Slow    SRL16E/CLK  n/a            0.980         2.700       1.720      SLICE_X34Y62  a40_reg[0]_srl2___a22_reg_r/CLK
High Pulse Width  Fast    SRL16E/CLK  n/a            0.980         2.700       1.720      SLICE_X34Y62  a40_reg[0]_srl2___a22_reg_r/CLK
High Pulse Width  Slow    SRL16E/CLK  n/a            0.980         2.700       1.720      SLICE_X34Y62  a7_reg[0]_srl3___a21_reg_r/CLK
High Pulse Width  Fast    SRL16E/CLK  n/a            0.980         2.700       1.720      SLICE_X34Y62  a7_reg[0]_srl3___a21_reg_r/CLK



