Source compile order for 'synthesis' with fileset 'sources_1' in source management mode 'None':
Index  File Name           Used_In      File_Type  Library         Ngc Wrapper  Full Path Name
-----  ------------------  -----------  ---------  --------------  -----------  ----------------------------------------------------------------------
1      stability_probe.sv  Synth & Sim  SVerilog   xil_defaultlib  No           C:/Users/Amine/mas/fpga-repo/timing_closure_gate_v4/stability_probe.sv


Constraint evaluation order for 'synthesis' with fileset 'sources_1' & with fileset 'constrs_1':
Index  File Name        Used_In       Scoped_To_Ref  Scoped_To_Cells  Processing_Order  Out_Of_Context  Full Path Name
-----  ---------------  ------------  -------------  ---------------  ----------------  --------------  ---------------------------------------------------------------------------------------------------------
1      constraints.xdc  Synth & Impl                                  NORMAL                            C:/Users/Amine/mas/fpga-repo/timing_closure_gate_v7/stability_campaign_001/run_24/reports/constraints.xdc


Constraint evaluation order for XPM Libraries. 
Index  File Name  Used_In  Scoped_To_Ref  Scoped_To_Cells  Processing_Order  Out_Of_Context  Full Path Name
-----  ---------  -------  -------------  ---------------  ----------------  --------------  --------------
< empty >


Missing instances for 'synthesis' with fileset 'sources_1':
< empty >


