ECHO is off.
ECHO is off.

****** Vivado v2023.1 (64-bit)
  **** SW Build 3865809 on Sun May  7 15:05:29 MDT 2023
  **** IP Build 3864474 on Sun May  7 20:36:21 MDT 2023
  **** SharedData Build 3865790 on Sun May 07 13:33:03 MDT 2023
    ** Copyright 1986-2022 Xilinx, Inc. All Rights Reserved.
    ** Copyright 2022-2023 Advanced Micro Devices, Inc. All Rights Reserved.

source {C:\Users\Amine\mas\fpga-repo\timing_closure_gate_v1\closure_synth.tcl} -notrace
read_verilog: Time (s): cpu = 00:00:05 ; elapsed = 00:00:05 . Memory (MB): peak = 455.789 ; gain = 162.828
Command: synth_design -top timing_gate_v2_stability_probe -part xc7z020clg400-1 -mode out_of_context
Starting synth_design
Attempting to get a license for feature 'Synthesis' and/or device 'xc7z020'
INFO: [Common 17-349] Got license for feature 'Synthesis' and/or device 'xc7z020'
INFO: [Device 21-403] Loading part xc7z020clg400-1
couldn't read file "C:/Users/Amine/mas/fpga-repo/timing_closure_gate_v2/stability_campaign_001/run_10/.Xil/Vivado-56896-Amine/realtime\timing_gate_v2_stability_probe.tcl": no such file or directory
INFO: [Common 17-83] Releasing license: Synthesis
3 Infos, 0 Warnings, 0 Critical Warnings and 1 Errors encountered.
synth_design failed
INFO: [Common 17-206] Exiting Vivado at Fri Aug 28 18:22:08 2026...
