Copyright 1986-2022 Xilinx, Inc. All Rights Reserved. Copyright 2022-2026 Advanced Micro Devices, Inc. All Rights Reserved.
------------------------------------------------------------------------------------------------------------------------------------------------------------------------------------------------------------------------------------------------------------------------------------
| Tool Version : Vivado v.2026.1 (win64) Build 6511674 Tue Jun 16 11:02:23 MDT 2026
| Date         : Sun Aug 30 23:43:28 2026
| Host         : Amine running 64-bit major release  (build 9200)
| Command      : report_timing_summary -delay_type max -max_paths 10 -report_unconstrained -check_timing_verbose -warn_on_violation -file C:/Users/Amine/mas/fpga-repo/timing_closure_candidate_v7/results/c06_iir_rf_iir18_v7/trial_003_search_p5p41_a0/reports/timing_summary.rpt
| Design       : rf_s1__iir18_v7__g2
| Device       : 7z020-clg400
| Speed File   : -1  PRODUCTION 1.12 2019-11-22
| Design State : Routed
------------------------------------------------------------------------------------------------------------------------------------------------------------------------------------------------------------------------------------------------------------------------------------

Timing Summary Report

------------------------------------------------------------------------------------------------
| Timer Settings
| --------------
------------------------------------------------------------------------------------------------

  Enable Multi Corner Analysis               :  Yes
  Enable Pessimism Removal                   :  Yes
  Pessimism Removal Resolution               :  Nearest Common Node
  Enable Input Delay Default Clock           :  No
  Enable Preset / Clear Arcs                 :  No
  Disable Flight Delays                      :  No
  Ignore I/O Paths                           :  No
  Timing Early Launch at Borrowing Latches   :  No
  Borrow Time for Max Delay Exceptions       :  Yes
  Merge Timing Exceptions                    :  Yes
  Inter-SLR Compensation                     :  Conservative

  Corner  Analyze    Analyze    
  Name    Max Paths  Min Paths  
  ------  ---------  ---------  
  Slow    Yes        Yes        
  Fast    Yes        Yes        


------------------------------------------------------------------------------------------------
| Report Methodology
| ------------------
------------------------------------------------------------------------------------------------

No report available as report_methodology has not been run prior. Run report_methodology on the current design for the summary of methodology violations.



check_timing report

Table of Contents
-----------------
1. checking no_clock (0)
2. checking constant_clock (0)
3. checking pulse_width_clock (0)
4. checking unconstrained_internal_endpoints (0)
5. checking no_input_delay (0)
6. checking no_output_delay (0)
7. checking multiple_clock (0)
8. checking generated_clocks (0)
9. checking loops (0)
10. checking partial_input_delay (0)
11. checking partial_output_delay (0)
12. checking latch_loops (0)

1. checking no_clock (0)
------------------------
 There are 0 register/latch pins with no clock.


2. checking constant_clock (0)
------------------------------
 There are 0 register/latch pins with constant_clock.


3. checking pulse_width_clock (0)
---------------------------------
 There are 0 register/latch pins which need pulse_width check


4. checking unconstrained_internal_endpoints (0)
------------------------------------------------
 There are 0 pins that are not constrained for maximum delay.

 There are 0 pins that are not constrained for maximum delay due to constant clock.


5. checking no_input_delay (0)
------------------------------
 There are 0 input ports with no input delay specified.

 There are 0 input ports with no input delay but user has a false path constraint.


6. checking no_output_delay (0)
-------------------------------
 There are 0 ports with no output delay specified.

 There are 0 ports with no output delay but user has a false path constraint

 There are 0 ports with no output delay but with a timing clock defined on it or propagating through it


7. checking multiple_clock (0)
------------------------------
 There are 0 register/latch pins with multiple clocks.


8. checking generated_clocks (0)
--------------------------------
 There are 0 generated clocks that are not connected to a clock source.


9. checking loops (0)
---------------------
 There are 0 combinational loops in the design.


10. checking partial_input_delay (0)
------------------------------------
 There are 0 input ports with partial input delay specified.


11. checking partial_output_delay (0)
-------------------------------------
 There are 0 ports with partial output delay specified.


12. checking latch_loops (0)
----------------------------
 There are 0 combinational latch loops in the design through latch input



------------------------------------------------------------------------------------------------
| Design Timing Summary
| ---------------------
------------------------------------------------------------------------------------------------

    WNS(ns)      TNS(ns)  TNS Failing Endpoints  TNS Total Endpoints     WPWS(ns)     TPWS(ns)  TPWS Failing Endpoints  TPWS Total Endpoints  
    -------      -------  ---------------------  -------------------     --------     --------  ----------------------  --------------------  
     -0.194       -0.866                      8                  634        2.205        0.000                       0                   309  


Timing constraints are not met.


------------------------------------------------------------------------------------------------
| Clock Summary
| -------------
------------------------------------------------------------------------------------------------

Clock  Waveform(ns)         Period(ns)      Frequency(MHz)
-----  ------------         ----------      --------------
vclk   {0.000 2.705}        5.410           184.843         


------------------------------------------------------------------------------------------------
| Intra Clock Table
| -----------------
------------------------------------------------------------------------------------------------

Clock             WNS(ns)      TNS(ns)  TNS Failing Endpoints  TNS Total Endpoints     WPWS(ns)     TPWS(ns)  TPWS Failing Endpoints  TPWS Total Endpoints  
-----             -------      -------  ---------------------  -------------------     --------     --------  ----------------------  --------------------  
vclk               -0.194       -0.866                      8                  634        2.205        0.000                       0                   309  


------------------------------------------------------------------------------------------------
| Inter Clock Table
| -----------------
------------------------------------------------------------------------------------------------

From Clock    To Clock          WNS(ns)      TNS(ns)  TNS Failing Endpoints  TNS Total Endpoints  
----------    --------          -------      -------  ---------------------  -------------------  


------------------------------------------------------------------------------------------------
| Other Path Groups Table
| -----------------------
------------------------------------------------------------------------------------------------

Path Group    From Clock    To Clock          WNS(ns)      TNS(ns)  TNS Failing Endpoints  TNS Total Endpoints  
----------    ----------    --------          -------      -------  ---------------------  -------------------  


------------------------------------------------------------------------------------------------
| User Ignored Path Table
| -----------------------
------------------------------------------------------------------------------------------------

Path Group    From Clock    To Clock    
----------    ----------    --------    


------------------------------------------------------------------------------------------------
| Unconstrained Path Table
| ------------------------
------------------------------------------------------------------------------------------------

Path Group    From Clock    To Clock    
----------    ----------    --------    


------------------------------------------------------------------------------------------------
| Timing Details
| --------------
------------------------------------------------------------------------------------------------


---------------------------------------------------------------------------------------------------
From Clock:  vclk
  To Clock:  vclk

Setup :            8  Failing Endpoints,  Worst Slack       -0.194ns,  Total Violation       -0.866ns
Hold  :           NA  Failing Endpoints,  Worst Slack           NA  ,  Total Violation           NA
PW    :            0  Failing Endpoints,  Worst Slack        2.205ns,  Total Violation        0.000ns
---------------------------------------------------------------------------------------------------


Max Delay Paths
--------------------------------------------------------------------------------------
Slack (VIOLATED) :        -0.194ns  (required time - arrival time)
  Source:                 x[0]
                            (input port clocked by vclk  {rise@0.000ns fall@2.705ns period=5.410ns})
  Destination:            y_reg[13]/D
                            (rising edge-triggered cell FDRE clocked by vclk  {rise@0.000ns fall@2.705ns period=5.410ns})
  Path Group:             vclk
  Path Type:              Setup (Max at Slow Process Corner)
  Requirement:            5.410ns  (vclk rise@5.410ns - vclk rise@0.000ns)
  Data Path Delay:        6.602ns  (logic 3.050ns (46.197%)  route 3.552ns (53.803%))
  Logic Levels:           9  (CARRY4=5 LUT2=1 LUT3=2 LUT4=1)
  Input Delay:            0.000ns
  Clock Path Skew:        0.924ns (DCD - SCD + CPR)
    Destination Clock Delay (DCD):    0.924ns = ( 6.334 - 5.410 ) 
    Source Clock Delay      (SCD):    0.000ns
    Clock Pessimism Removal (CPR):    0.000ns
  Clock Uncertainty:      0.035ns  ((TSJ^2 + TIJ^2)^1/2 + DJ) / 2 + PE
    Total System Jitter     (TSJ):    0.071ns
    Total Input Jitter      (TIJ):    0.000ns
    Discrete Jitter          (DJ):    0.000ns
    Phase Error              (PE):    0.000ns

    Location             Delay type                Incr(ns)  Path(ns)    Netlist Resource(s)
  -------------------------------------------------------------------    -------------------
                         (clock vclk rise edge)       0.000     0.000 r  <hidden>
                         input delay                  0.000     0.000    <hidden>
                                                      0.000     0.000 r  x[0]
                         net (fo=118, unset)          0.973     0.973    x[0]
    SLICE_X31Y69         LUT3 (Prop_lut3_I2_O)        0.124     1.097 r  y[11]_i_26/O
                         net (fo=1, routed)           0.483     1.580    y[11]_i_26_n_0
    SLICE_X31Y70         CARRY4 (Prop_carry4_DI[3]_CO[3])
                                                      0.385     1.965 r  y_reg[11]_i_21/CO[3]
                         net (fo=1, routed)           0.000     1.965    y_reg[11]_i_21_n_0
    SLICE_X31Y71         CARRY4 (Prop_carry4_CI_O[1])
                                                      0.334     2.299 r  y_reg[15]_i_23/O[1]
                         net (fo=2, routed)           0.601     2.900    acc2[8]
    SLICE_X32Y71         LUT2 (Prop_lut2_I0_O)        0.303     3.203 r  y[15]_i_27/O
                         net (fo=1, routed)           0.000     3.203    y[15]_i_27_n_0
    SLICE_X32Y71         CARRY4 (Prop_carry4_S[0]_O[2])
                                                      0.544     3.747 r  y_reg[15]_i_14/O[2]
                         net (fo=2, routed)           0.815     4.563    p_0_in[10]
    SLICE_X30Y71         LUT3 (Prop_lut3_I1_O)        0.330     4.893 r  y[11]_i_2/O
                         net (fo=2, routed)           0.679     5.572    y[11]_i_2_n_0
    SLICE_X30Y71         LUT4 (Prop_lut4_I3_O)        0.331     5.903 r  y[11]_i_6/O
                         net (fo=1, routed)           0.000     5.903    y[11]_i_6_n_0
    SLICE_X30Y71         CARRY4 (Prop_carry4_S[3]_CO[3])
                                                      0.376     6.279 r  y_reg[11]_i_1/CO[3]
                         net (fo=1, routed)           0.000     6.279    y_reg[11]_i_1_n_0
    SLICE_X30Y72         CARRY4 (Prop_carry4_CI_O[1])
                                                      0.323     6.602 r  y_reg[15]_i_2/O[1]
                         net (fo=1, routed)           0.000     6.602    acc[13]
    SLICE_X30Y72         FDRE                                         r  y_reg[13]/D
  -------------------------------------------------------------------    -------------------

                         (clock vclk rise edge)       5.410     5.410 r  <hidden>
                                                      0.000     5.410 r  clk
                         net (fo=308, unset)          0.924     6.334    clk
    SLICE_X30Y72         FDRE                                         r  y_reg[13]/C
                         clock pessimism              0.000     6.334    <hidden>
                         clock uncertainty           -0.035     6.299    <hidden>
    SLICE_X30Y72         FDRE (Setup_fdre_C_D)        0.109     6.408    y_reg[13]
  -------------------------------------------------------------------
                         required time                          6.408    <hidden>
                         arrival time                          -6.602    <hidden>
  -------------------------------------------------------------------
                         slack                                 -0.194    <hidden>

Slack (VIOLATED) :        -0.186ns  (required time - arrival time)
  Source:                 x[0]
                            (input port clocked by vclk  {rise@0.000ns fall@2.705ns period=5.410ns})
  Destination:            y_reg[15]/D
                            (rising edge-triggered cell FDRE clocked by vclk  {rise@0.000ns fall@2.705ns period=5.410ns})
  Path Group:             vclk
  Path Type:              Setup (Max at Slow Process Corner)
  Requirement:            5.410ns  (vclk rise@5.410ns - vclk rise@0.000ns)
  Data Path Delay:        6.594ns  (logic 3.042ns (46.132%)  route 3.552ns (53.868%))
  Logic Levels:           9  (CARRY4=5 LUT2=1 LUT3=2 LUT4=1)
  Input Delay:            0.000ns
  Clock Path Skew:        0.924ns (DCD - SCD + CPR)
    Destination Clock Delay (DCD):    0.924ns = ( 6.334 - 5.410 ) 
    Source Clock Delay      (SCD):    0.000ns
    Clock Pessimism Removal (CPR):    0.000ns
  Clock Uncertainty:      0.035ns  ((TSJ^2 + TIJ^2)^1/2 + DJ) / 2 + PE
    Total System Jitter     (TSJ):    0.071ns
    Total Input Jitter      (TIJ):    0.000ns
    Discrete Jitter          (DJ):    0.000ns
    Phase Error              (PE):    0.000ns

    Location             Delay type                Incr(ns)  Path(ns)    Netlist Resource(s)
  -------------------------------------------------------------------    -------------------
                         (clock vclk rise edge)       0.000     0.000 r  <hidden>
                         input delay                  0.000     0.000    <hidden>
                                                      0.000     0.000 r  x[0]
                         net (fo=118, unset)          0.973     0.973    x[0]
    SLICE_X31Y69         LUT3 (Prop_lut3_I2_O)        0.124     1.097 r  y[11]_i_26/O
                         net (fo=1, routed)           0.483     1.580    y[11]_i_26_n_0
    SLICE_X31Y70         CARRY4 (Prop_carry4_DI[3]_CO[3])
                                                      0.385     1.965 r  y_reg[11]_i_21/CO[3]
                         net (fo=1, routed)           0.000     1.965    y_reg[11]_i_21_n_0
    SLICE_X31Y71         CARRY4 (Prop_carry4_CI_O[1])
                                                      0.334     2.299 r  y_reg[15]_i_23/O[1]
                         net (fo=2, routed)           0.601     2.900    acc2[8]
    SLICE_X32Y71         LUT2 (Prop_lut2_I0_O)        0.303     3.203 r  y[15]_i_27/O
                         net (fo=1, routed)           0.000     3.203    y[15]_i_27_n_0
    SLICE_X32Y71         CARRY4 (Prop_carry4_S[0]_O[2])
                                                      0.544     3.747 r  y_reg[15]_i_14/O[2]
                         net (fo=2, routed)           0.815     4.563    p_0_in[10]
    SLICE_X30Y71         LUT3 (Prop_lut3_I1_O)        0.330     4.893 r  y[11]_i_2/O
                         net (fo=2, routed)           0.679     5.572    y[11]_i_2_n_0
    SLICE_X30Y71         LUT4 (Prop_lut4_I3_O)        0.331     5.903 r  y[11]_i_6/O
                         net (fo=1, routed)           0.000     5.903    y[11]_i_6_n_0
    SLICE_X30Y71         CARRY4 (Prop_carry4_S[3]_CO[3])
                                                      0.376     6.279 r  y_reg[11]_i_1/CO[3]
                         net (fo=1, routed)           0.000     6.279    y_reg[11]_i_1_n_0
    SLICE_X30Y72         CARRY4 (Prop_carry4_CI_O[3])
                                                      0.315     6.594 r  y_reg[15]_i_2/O[3]
                         net (fo=1, routed)           0.000     6.594    acc[15]
    SLICE_X30Y72         FDRE                                         r  y_reg[15]/D
  -------------------------------------------------------------------    -------------------

                         (clock vclk rise edge)       5.410     5.410 r  <hidden>
                                                      0.000     5.410 r  clk
                         net (fo=308, unset)          0.924     6.334    clk
    SLICE_X30Y72         FDRE                                         r  y_reg[15]/C
                         clock pessimism              0.000     6.334    <hidden>
                         clock uncertainty           -0.035     6.299    <hidden>
    SLICE_X30Y72         FDRE (Setup_fdre_C_D)        0.109     6.408    y_reg[15]
  -------------------------------------------------------------------
                         required time                          6.408    <hidden>
                         arrival time                          -6.594    <hidden>
  -------------------------------------------------------------------
                         slack                                 -0.186    <hidden>

Slack (VIOLATED) :        -0.161ns  (required time - arrival time)
  Source:                 x[1]
                            (input port clocked by vclk  {rise@0.000ns fall@2.705ns period=5.410ns})
  Destination:            r2_reg[14]/D
                            (rising edge-triggered cell FDRE clocked by vclk  {rise@0.000ns fall@2.705ns period=5.410ns})
  Path Group:             vclk
  Path Type:              Setup (Max at Slow Process Corner)
  Requirement:            5.410ns  (vclk rise@5.410ns - vclk rise@0.000ns)
  Data Path Delay:        6.522ns  (logic 3.365ns (51.597%)  route 3.157ns (48.403%))
  Logic Levels:           10  (CARRY4=6 LUT1=1 LUT2=1 LUT3=1 LUT4=1)
  Input Delay:            0.000ns
  Clock Path Skew:        0.924ns (DCD - SCD + CPR)
    Destination Clock Delay (DCD):    0.924ns = ( 6.334 - 5.410 ) 
    Source Clock Delay      (SCD):    0.000ns
    Clock Pessimism Removal (CPR):    0.000ns
  Clock Uncertainty:      0.035ns  ((TSJ^2 + TIJ^2)^1/2 + DJ) / 2 + PE
    Total System Jitter     (TSJ):    0.071ns
    Total Input Jitter      (TIJ):    0.000ns
    Discrete Jitter          (DJ):    0.000ns
    Phase Error              (PE):    0.000ns

    Location             Delay type                Incr(ns)  Path(ns)    Netlist Resource(s)
  -------------------------------------------------------------------    -------------------
                         (clock vclk rise edge)       0.000     0.000 r  <hidden>
                         input delay                  0.000     0.000    <hidden>
                                                      0.000     0.000 f  x[1]
                         net (fo=91, unset)           0.973     0.973    x[1]
    SLICE_X26Y79         LUT1 (Prop_lut1_I0_O)        0.124     1.097 r  r2[8]_i_13/O
                         net (fo=1, routed)           0.000     1.097    r2[8]_i_13_n_0
    SLICE_X26Y79         CARRY4 (Prop_carry4_S[1]_CO[3])
                                                      0.533     1.630 r  r2_reg[8]_i_10/CO[3]
                         net (fo=1, routed)           0.000     1.630    r2_reg[8]_i_10_n_0
    SLICE_X26Y80         CARRY4 (Prop_carry4_CI_O[1])
                                                      0.323     1.953 r  r2_reg[12]_i_15/O[1]
                         net (fo=3, routed)           1.028     2.981    r2_reg[12]_i_15_n_6
    SLICE_X31Y73         LUT3 (Prop_lut3_I0_O)        0.306     3.287 r  r2[12]_i_9/O
                         net (fo=2, routed)           0.697     3.984    r2[12]_i_9_n_0
    SLICE_X28Y79         LUT4 (Prop_lut4_I3_O)        0.124     4.108 r  r2[12]_i_13/O
                         net (fo=1, routed)           0.000     4.108    r2[12]_i_13_n_0
    SLICE_X28Y79         CARRY4 (Prop_carry4_S[1]_CO[3])
                                                      0.550     4.658 r  r2_reg[12]_i_2/CO[3]
                         net (fo=1, routed)           0.000     4.658    r2_reg[12]_i_2_n_0
    SLICE_X28Y80         CARRY4 (Prop_carry4_CI_O[0])
                                                      0.222     4.880 r  r2_reg[15]_i_2/O[0]
                         net (fo=2, routed)           0.459     5.339    r21[10]
    SLICE_X27Y81         LUT2 (Prop_lut2_I0_O)        0.299     5.638 r  r2[12]_i_5/O
                         net (fo=1, routed)           0.000     5.638    r2[12]_i_5_n_0
    SLICE_X27Y81         CARRY4 (Prop_carry4_S[1]_CO[3])
                                                      0.550     6.188 r  r2_reg[12]_i_1/CO[3]
                         net (fo=1, routed)           0.000     6.188    r2_reg[12]_i_1_n_0
    SLICE_X27Y82         CARRY4 (Prop_carry4_CI_O[1])
                                                      0.334     6.522 r  r2_reg[15]_i_1/O[1]
                         net (fo=1, routed)           0.000     6.522    r20[14]
    SLICE_X27Y82         FDRE                                         r  r2_reg[14]/D
  -------------------------------------------------------------------    -------------------

                         (clock vclk rise edge)       5.410     5.410 r  <hidden>
                                                      0.000     5.410 r  clk
                         net (fo=308, unset)          0.924     6.334    clk
    SLICE_X27Y82         FDRE                                         r  r2_reg[14]/C
                         clock pessimism              0.000     6.334    <hidden>
                         clock uncertainty           -0.035     6.299    <hidden>
    SLICE_X27Y82         FDRE (Setup_fdre_C_D)        0.062     6.361    r2_reg[14]
  -------------------------------------------------------------------
                         required time                          6.361    <hidden>
                         arrival time                          -6.522    <hidden>
  -------------------------------------------------------------------
                         slack                                 -0.161    <hidden>

Slack (VIOLATED) :        -0.110ns  (required time - arrival time)
  Source:                 x[0]
                            (input port clocked by vclk  {rise@0.000ns fall@2.705ns period=5.410ns})
  Destination:            y_reg[14]/D
                            (rising edge-triggered cell FDRE clocked by vclk  {rise@0.000ns fall@2.705ns period=5.410ns})
  Path Group:             vclk
  Path Type:              Setup (Max at Slow Process Corner)
  Requirement:            5.410ns  (vclk rise@5.410ns - vclk rise@0.000ns)
  Data Path Delay:        6.518ns  (logic 2.966ns (45.504%)  route 3.552ns (54.496%))
  Logic Levels:           9  (CARRY4=5 LUT2=1 LUT3=2 LUT4=1)
  Input Delay:            0.000ns
  Clock Path Skew:        0.924ns (DCD - SCD + CPR)
    Destination Clock Delay (DCD):    0.924ns = ( 6.334 - 5.410 ) 
    Source Clock Delay      (SCD):    0.000ns
    Clock Pessimism Removal (CPR):    0.000ns
  Clock Uncertainty:      0.035ns  ((TSJ^2 + TIJ^2)^1/2 + DJ) / 2 + PE
    Total System Jitter     (TSJ):    0.071ns
    Total Input Jitter      (TIJ):    0.000ns
    Discrete Jitter          (DJ):    0.000ns
    Phase Error              (PE):    0.000ns

    Location             Delay type                Incr(ns)  Path(ns)    Netlist Resource(s)
  -------------------------------------------------------------------    -------------------
                         (clock vclk rise edge)       0.000     0.000 r  <hidden>
                         input delay                  0.000     0.000    <hidden>
                                                      0.000     0.000 r  x[0]
                         net (fo=118, unset)          0.973     0.973    x[0]
    SLICE_X31Y69         LUT3 (Prop_lut3_I2_O)        0.124     1.097 r  y[11]_i_26/O
                         net (fo=1, routed)           0.483     1.580    y[11]_i_26_n_0
    SLICE_X31Y70         CARRY4 (Prop_carry4_DI[3]_CO[3])
                                                      0.385     1.965 r  y_reg[11]_i_21/CO[3]
                         net (fo=1, routed)           0.000     1.965    y_reg[11]_i_21_n_0
    SLICE_X31Y71         CARRY4 (Prop_carry4_CI_O[1])
                                                      0.334     2.299 r  y_reg[15]_i_23/O[1]
                         net (fo=2, routed)           0.601     2.900    acc2[8]
    SLICE_X32Y71         LUT2 (Prop_lut2_I0_O)        0.303     3.203 r  y[15]_i_27/O
                         net (fo=1, routed)           0.000     3.203    y[15]_i_27_n_0
    SLICE_X32Y71         CARRY4 (Prop_carry4_S[0]_O[2])
                                                      0.544     3.747 r  y_reg[15]_i_14/O[2]
                         net (fo=2, routed)           0.815     4.563    p_0_in[10]
    SLICE_X30Y71         LUT3 (Prop_lut3_I1_O)        0.330     4.893 r  y[11]_i_2/O
                         net (fo=2, routed)           0.679     5.572    y[11]_i_2_n_0
    SLICE_X30Y71         LUT4 (Prop_lut4_I3_O)        0.331     5.903 r  y[11]_i_6/O
                         net (fo=1, routed)           0.000     5.903    y[11]_i_6_n_0
    SLICE_X30Y71         CARRY4 (Prop_carry4_S[3]_CO[3])
                                                      0.376     6.279 r  y_reg[11]_i_1/CO[3]
                         net (fo=1, routed)           0.000     6.279    y_reg[11]_i_1_n_0
    SLICE_X30Y72         CARRY4 (Prop_carry4_CI_O[2])
                                                      0.239     6.518 r  y_reg[15]_i_2/O[2]
                         net (fo=1, routed)           0.000     6.518    acc[14]
    SLICE_X30Y72         FDRE                                         r  y_reg[14]/D
  -------------------------------------------------------------------    -------------------

                         (clock vclk rise edge)       5.410     5.410 r  <hidden>
                                                      0.000     5.410 r  clk
                         net (fo=308, unset)          0.924     6.334    clk
    SLICE_X30Y72         FDRE                                         r  y_reg[14]/C
                         clock pessimism              0.000     6.334    <hidden>
                         clock uncertainty           -0.035     6.299    <hidden>
    SLICE_X30Y72         FDRE (Setup_fdre_C_D)        0.109     6.408    y_reg[14]
  -------------------------------------------------------------------
                         required time                          6.408    <hidden>
                         arrival time                          -6.518    <hidden>
  -------------------------------------------------------------------
                         slack                                 -0.110    <hidden>

Slack (VIOLATED) :        -0.090ns  (required time - arrival time)
  Source:                 x[0]
                            (input port clocked by vclk  {rise@0.000ns fall@2.705ns period=5.410ns})
  Destination:            y_reg[12]/D
                            (rising edge-triggered cell FDRE clocked by vclk  {rise@0.000ns fall@2.705ns period=5.410ns})
  Path Group:             vclk
  Path Type:              Setup (Max at Slow Process Corner)
  Requirement:            5.410ns  (vclk rise@5.410ns - vclk rise@0.000ns)
  Data Path Delay:        6.498ns  (logic 2.946ns (45.336%)  route 3.552ns (54.664%))
  Logic Levels:           9  (CARRY4=5 LUT2=1 LUT3=2 LUT4=1)
  Input Delay:            0.000ns
  Clock Path Skew:        0.924ns (DCD - SCD + CPR)
    Destination Clock Delay (DCD):    0.924ns = ( 6.334 - 5.410 ) 
    Source Clock Delay      (SCD):    0.000ns
    Clock Pessimism Removal (CPR):    0.000ns
  Clock Uncertainty:      0.035ns  ((TSJ^2 + TIJ^2)^1/2 + DJ) / 2 + PE
    Total System Jitter     (TSJ):    0.071ns
    Total Input Jitter      (TIJ):    0.000ns
    Discrete Jitter          (DJ):    0.000ns
    Phase Error              (PE):    0.000ns

    Location             Delay type                Incr(ns)  Path(ns)    Netlist Resource(s)
  -------------------------------------------------------------------    -------------------
                         (clock vclk rise edge)       0.000     0.000 r  <hidden>
                         input delay                  0.000     0.000    <hidden>
                                                      0.000     0.000 r  x[0]
                         net (fo=118, unset)          0.973     0.973    x[0]
    SLICE_X31Y69         LUT3 (Prop_lut3_I2_O)        0.124     1.097 r  y[11]_i_26/O
                         net (fo=1, routed)           0.483     1.580    y[11]_i_26_n_0
    SLICE_X31Y70         CARRY4 (Prop_carry4_DI[3]_CO[3])
                                                      0.385     1.965 r  y_reg[11]_i_21/CO[3]
                         net (fo=1, routed)           0.000     1.965    y_reg[11]_i_21_n_0
    SLICE_X31Y71         CARRY4 (Prop_carry4_CI_O[1])
                                                      0.334     2.299 r  y_reg[15]_i_23/O[1]
                         net (fo=2, routed)           0.601     2.900    acc2[8]
    SLICE_X32Y71         LUT2 (Prop_lut2_I0_O)        0.303     3.203 r  y[15]_i_27/O
                         net (fo=1, routed)           0.000     3.203    y[15]_i_27_n_0
    SLICE_X32Y71         CARRY4 (Prop_carry4_S[0]_O[2])
                                                      0.544     3.747 r  y_reg[15]_i_14/O[2]
                         net (fo=2, routed)           0.815     4.563    p_0_in[10]
    SLICE_X30Y71         LUT3 (Prop_lut3_I1_O)        0.330     4.893 r  y[11]_i_2/O
                         net (fo=2, routed)           0.679     5.572    y[11]_i_2_n_0
    SLICE_X30Y71         LUT4 (Prop_lut4_I3_O)        0.331     5.903 r  y[11]_i_6/O
                         net (fo=1, routed)           0.000     5.903    y[11]_i_6_n_0
    SLICE_X30Y71         CARRY4 (Prop_carry4_S[3]_CO[3])
                                                      0.376     6.279 r  y_reg[11]_i_1/CO[3]
                         net (fo=1, routed)           0.000     6.279    y_reg[11]_i_1_n_0
    SLICE_X30Y72         CARRY4 (Prop_carry4_CI_O[0])
                                                      0.219     6.498 r  y_reg[15]_i_2/O[0]
                         net (fo=1, routed)           0.000     6.498    acc[12]
    SLICE_X30Y72         FDRE                                         r  y_reg[12]/D
  -------------------------------------------------------------------    -------------------

                         (clock vclk rise edge)       5.410     5.410 r  <hidden>
                                                      0.000     5.410 r  clk
                         net (fo=308, unset)          0.924     6.334    clk
    SLICE_X30Y72         FDRE                                         r  y_reg[12]/C
                         clock pessimism              0.000     6.334    <hidden>
                         clock uncertainty           -0.035     6.299    <hidden>
    SLICE_X30Y72         FDRE (Setup_fdre_C_D)        0.109     6.408    y_reg[12]
  -------------------------------------------------------------------
                         required time                          6.408    <hidden>
                         arrival time                          -6.498    <hidden>
  -------------------------------------------------------------------
                         slack                                 -0.090    <hidden>

Slack (VIOLATED) :        -0.066ns  (required time - arrival time)
  Source:                 x[1]
                            (input port clocked by vclk  {rise@0.000ns fall@2.705ns period=5.410ns})
  Destination:            r2_reg[15]/D
                            (rising edge-triggered cell FDRE clocked by vclk  {rise@0.000ns fall@2.705ns period=5.410ns})
  Path Group:             vclk
  Path Type:              Setup (Max at Slow Process Corner)
  Requirement:            5.410ns  (vclk rise@5.410ns - vclk rise@0.000ns)
  Data Path Delay:        6.427ns  (logic 3.270ns (50.882%)  route 3.157ns (49.118%))
  Logic Levels:           10  (CARRY4=6 LUT1=1 LUT2=1 LUT3=1 LUT4=1)
  Input Delay:            0.000ns
  Clock Path Skew:        0.924ns (DCD - SCD + CPR)
    Destination Clock Delay (DCD):    0.924ns = ( 6.334 - 5.410 ) 
    Source Clock Delay      (SCD):    0.000ns
    Clock Pessimism Removal (CPR):    0.000ns
  Clock Uncertainty:      0.035ns  ((TSJ^2 + TIJ^2)^1/2 + DJ) / 2 + PE
    Total System Jitter     (TSJ):    0.071ns
    Total Input Jitter      (TIJ):    0.000ns
    Discrete Jitter          (DJ):    0.000ns
    Phase Error              (PE):    0.000ns

    Location             Delay type                Incr(ns)  Path(ns)    Netlist Resource(s)
  -------------------------------------------------------------------    -------------------
                         (clock vclk rise edge)       0.000     0.000 r  <hidden>
                         input delay                  0.000     0.000    <hidden>
                                                      0.000     0.000 f  x[1]
                         net (fo=91, unset)           0.973     0.973    x[1]
    SLICE_X26Y79         LUT1 (Prop_lut1_I0_O)        0.124     1.097 r  r2[8]_i_13/O
                         net (fo=1, routed)           0.000     1.097    r2[8]_i_13_n_0
    SLICE_X26Y79         CARRY4 (Prop_carry4_S[1]_CO[3])
                                                      0.533     1.630 r  r2_reg[8]_i_10/CO[3]
                         net (fo=1, routed)           0.000     1.630    r2_reg[8]_i_10_n_0
    SLICE_X26Y80         CARRY4 (Prop_carry4_CI_O[1])
                                                      0.323     1.953 r  r2_reg[12]_i_15/O[1]
                         net (fo=3, routed)           1.028     2.981    r2_reg[12]_i_15_n_6
    SLICE_X31Y73         LUT3 (Prop_lut3_I0_O)        0.306     3.287 r  r2[12]_i_9/O
                         net (fo=2, routed)           0.697     3.984    r2[12]_i_9_n_0
    SLICE_X28Y79         LUT4 (Prop_lut4_I3_O)        0.124     4.108 r  r2[12]_i_13/O
                         net (fo=1, routed)           0.000     4.108    r2[12]_i_13_n_0
    SLICE_X28Y79         CARRY4 (Prop_carry4_S[1]_CO[3])
                                                      0.550     4.658 r  r2_reg[12]_i_2/CO[3]
                         net (fo=1, routed)           0.000     4.658    r2_reg[12]_i_2_n_0
    SLICE_X28Y80         CARRY4 (Prop_carry4_CI_O[0])
                                                      0.222     4.880 r  r2_reg[15]_i_2/O[0]
                         net (fo=2, routed)           0.459     5.339    r21[10]
    SLICE_X27Y81         LUT2 (Prop_lut2_I0_O)        0.299     5.638 r  r2[12]_i_5/O
                         net (fo=1, routed)           0.000     5.638    r2[12]_i_5_n_0
    SLICE_X27Y81         CARRY4 (Prop_carry4_S[1]_CO[3])
                                                      0.550     6.188 r  r2_reg[12]_i_1/CO[3]
                         net (fo=1, routed)           0.000     6.188    r2_reg[12]_i_1_n_0
    SLICE_X27Y82         CARRY4 (Prop_carry4_CI_O[2])
                                                      0.239     6.427 r  r2_reg[15]_i_1/O[2]
                         net (fo=1, routed)           0.000     6.427    r20[15]
    SLICE_X27Y82         FDRE                                         r  r2_reg[15]/D
  -------------------------------------------------------------------    -------------------

                         (clock vclk rise edge)       5.410     5.410 r  <hidden>
                                                      0.000     5.410 r  clk
                         net (fo=308, unset)          0.924     6.334    clk
    SLICE_X27Y82         FDRE                                         r  r2_reg[15]/C
                         clock pessimism              0.000     6.334    <hidden>
                         clock uncertainty           -0.035     6.299    <hidden>
    SLICE_X27Y82         FDRE (Setup_fdre_C_D)        0.062     6.361    r2_reg[15]
  -------------------------------------------------------------------
                         required time                          6.361    <hidden>
                         arrival time                          -6.427    <hidden>
  -------------------------------------------------------------------
                         slack                                 -0.066    <hidden>

Slack (VIOLATED) :        -0.050ns  (required time - arrival time)
  Source:                 x[1]
                            (input port clocked by vclk  {rise@0.000ns fall@2.705ns period=5.410ns})
  Destination:            r2_reg[13]/D
                            (rising edge-triggered cell FDRE clocked by vclk  {rise@0.000ns fall@2.705ns period=5.410ns})
  Path Group:             vclk
  Path Type:              Setup (Max at Slow Process Corner)
  Requirement:            5.410ns  (vclk rise@5.410ns - vclk rise@0.000ns)
  Data Path Delay:        6.411ns  (logic 3.254ns (50.759%)  route 3.157ns (49.241%))
  Logic Levels:           10  (CARRY4=6 LUT1=1 LUT2=1 LUT3=1 LUT4=1)
  Input Delay:            0.000ns
  Clock Path Skew:        0.924ns (DCD - SCD + CPR)
    Destination Clock Delay (DCD):    0.924ns = ( 6.334 - 5.410 ) 
    Source Clock Delay      (SCD):    0.000ns
    Clock Pessimism Removal (CPR):    0.000ns
  Clock Uncertainty:      0.035ns  ((TSJ^2 + TIJ^2)^1/2 + DJ) / 2 + PE
    Total System Jitter     (TSJ):    0.071ns
    Total Input Jitter      (TIJ):    0.000ns
    Discrete Jitter          (DJ):    0.000ns
    Phase Error              (PE):    0.000ns

    Location             Delay type                Incr(ns)  Path(ns)    Netlist Resource(s)
  -------------------------------------------------------------------    -------------------
                         (clock vclk rise edge)       0.000     0.000 r  <hidden>
                         input delay                  0.000     0.000    <hidden>
                                                      0.000     0.000 f  x[1]
                         net (fo=91, unset)           0.973     0.973    x[1]
    SLICE_X26Y79         LUT1 (Prop_lut1_I0_O)        0.124     1.097 r  r2[8]_i_13/O
                         net (fo=1, routed)           0.000     1.097    r2[8]_i_13_n_0
    SLICE_X26Y79         CARRY4 (Prop_carry4_S[1]_CO[3])
                                                      0.533     1.630 r  r2_reg[8]_i_10/CO[3]
                         net (fo=1, routed)           0.000     1.630    r2_reg[8]_i_10_n_0
    SLICE_X26Y80         CARRY4 (Prop_carry4_CI_O[1])
                                                      0.323     1.953 r  r2_reg[12]_i_15/O[1]
                         net (fo=3, routed)           1.028     2.981    r2_reg[12]_i_15_n_6
    SLICE_X31Y73         LUT3 (Prop_lut3_I0_O)        0.306     3.287 r  r2[12]_i_9/O
                         net (fo=2, routed)           0.697     3.984    r2[12]_i_9_n_0
    SLICE_X28Y79         LUT4 (Prop_lut4_I3_O)        0.124     4.108 r  r2[12]_i_13/O
                         net (fo=1, routed)           0.000     4.108    r2[12]_i_13_n_0
    SLICE_X28Y79         CARRY4 (Prop_carry4_S[1]_CO[3])
                                                      0.550     4.658 r  r2_reg[12]_i_2/CO[3]
                         net (fo=1, routed)           0.000     4.658    r2_reg[12]_i_2_n_0
    SLICE_X28Y80         CARRY4 (Prop_carry4_CI_O[0])
                                                      0.222     4.880 r  r2_reg[15]_i_2/O[0]
                         net (fo=2, routed)           0.459     5.339    r21[10]
    SLICE_X27Y81         LUT2 (Prop_lut2_I0_O)        0.299     5.638 r  r2[12]_i_5/O
                         net (fo=1, routed)           0.000     5.638    r2[12]_i_5_n_0
    SLICE_X27Y81         CARRY4 (Prop_carry4_S[1]_CO[3])
                                                      0.550     6.188 r  r2_reg[12]_i_1/CO[3]
                         net (fo=1, routed)           0.000     6.188    r2_reg[12]_i_1_n_0
    SLICE_X27Y82         CARRY4 (Prop_carry4_CI_O[0])
                                                      0.223     6.411 r  r2_reg[15]_i_1/O[0]
                         net (fo=1, routed)           0.000     6.411    r20[13]
    SLICE_X27Y82         FDRE                                         r  r2_reg[13]/D
  -------------------------------------------------------------------    -------------------

                         (clock vclk rise edge)       5.410     5.410 r  <hidden>
                                                      0.000     5.410 r  clk
                         net (fo=308, unset)          0.924     6.334    clk
    SLICE_X27Y82         FDRE                                         r  r2_reg[13]/C
                         clock pessimism              0.000     6.334    <hidden>
                         clock uncertainty           -0.035     6.299    <hidden>
    SLICE_X27Y82         FDRE (Setup_fdre_C_D)        0.062     6.361    r2_reg[13]
  -------------------------------------------------------------------
                         required time                          6.361    <hidden>
                         arrival time                          -6.411    <hidden>
  -------------------------------------------------------------------
                         slack                                 -0.050    <hidden>

Slack (VIOLATED) :        -0.009ns  (required time - arrival time)
  Source:                 x[1]
                            (input port clocked by vclk  {rise@0.000ns fall@2.705ns period=5.410ns})
  Destination:            r15_reg[14]/D
                            (rising edge-triggered cell FDRE clocked by vclk  {rise@0.000ns fall@2.705ns period=5.410ns})
  Path Group:             vclk
  Path Type:              Setup (Max at Slow Process Corner)
  Requirement:            5.410ns  (vclk rise@5.410ns - vclk rise@0.000ns)
  Data Path Delay:        6.370ns  (logic 3.061ns (48.054%)  route 3.309ns (51.946%))
  Logic Levels:           9  (CARRY4=6 LUT1=1 LUT2=1 LUT3=1)
  Input Delay:            0.000ns
  Clock Path Skew:        0.924ns (DCD - SCD + CPR)
    Destination Clock Delay (DCD):    0.924ns = ( 6.334 - 5.410 ) 
    Source Clock Delay      (SCD):    0.000ns
    Clock Pessimism Removal (CPR):    0.000ns
  Clock Uncertainty:      0.035ns  ((TSJ^2 + TIJ^2)^1/2 + DJ) / 2 + PE
    Total System Jitter     (TSJ):    0.071ns
    Total Input Jitter      (TIJ):    0.000ns
    Discrete Jitter          (DJ):    0.000ns
    Phase Error              (PE):    0.000ns

    Location             Delay type                Incr(ns)  Path(ns)    Netlist Resource(s)
  -------------------------------------------------------------------    -------------------
                         (clock vclk rise edge)       0.000     0.000 r  <hidden>
                         input delay                  0.000     0.000    <hidden>
                                                      0.000     0.000 f  x[1]
                         net (fo=91, unset)           0.973     0.973    x[1]
    SLICE_X37Y75         LUT1 (Prop_lut1_I0_O)        0.124     1.097 r  r15[4]_i_9/O
                         net (fo=1, routed)           0.000     1.097    r15[4]_i_9_n_0
    SLICE_X37Y75         CARRY4 (Prop_carry4_S[1]_CO[3])
                                                      0.550     1.647 r  r15_reg[4]_i_2/CO[3]
                         net (fo=1, routed)           0.000     1.647    r15_reg[4]_i_2_n_0
    SLICE_X37Y76         CARRY4 (Prop_carry4_CI_O[3])
                                                      0.313     1.960 r  r15_reg[12]_i_15/O[3]
                         net (fo=3, routed)           1.126     3.086    r15_reg[12]_i_15_n_4
    SLICE_X31Y80         LUT3 (Prop_lut3_I0_O)        0.306     3.392 r  r15[12]_i_8/O
                         net (fo=1, routed)           0.772     4.164    r15[12]_i_8_n_0
    SLICE_X38Y76         CARRY4 (Prop_carry4_DI[2]_CO[3])
                                                      0.404     4.568 r  r15_reg[12]_i_2/CO[3]
                         net (fo=1, routed)           0.000     4.568    r15_reg[12]_i_2_n_0
    SLICE_X38Y77         CARRY4 (Prop_carry4_CI_O[1])
                                                      0.323     4.891 r  r15_reg[15]_i_2/O[1]
                         net (fo=2, routed)           0.438     5.329    r151[12]
    SLICE_X41Y76         LUT2 (Prop_lut2_I0_O)        0.306     5.635 r  r15[12]_i_3/O
                         net (fo=1, routed)           0.000     5.635    r15[12]_i_3_n_0
    SLICE_X41Y76         CARRY4 (Prop_carry4_S[3]_CO[3])
                                                      0.401     6.036 r  r15_reg[12]_i_1/CO[3]
                         net (fo=1, routed)           0.000     6.036    r15_reg[12]_i_1_n_0
    SLICE_X41Y77         CARRY4 (Prop_carry4_CI_O[1])
                                                      0.334     6.370 r  r15_reg[15]_i_1/O[1]
                         net (fo=1, routed)           0.000     6.370    r150[14]
    SLICE_X41Y77         FDRE                                         r  r15_reg[14]/D
  -------------------------------------------------------------------    -------------------

                         (clock vclk rise edge)       5.410     5.410 r  <hidden>
                                                      0.000     5.410 r  clk
                         net (fo=308, unset)          0.924     6.334    clk
    SLICE_X41Y77         FDRE                                         r  r15_reg[14]/C
                         clock pessimism              0.000     6.334    <hidden>
                         clock uncertainty           -0.035     6.299    <hidden>
    SLICE_X41Y77         FDRE (Setup_fdre_C_D)        0.062     6.361    r15_reg[14]
  -------------------------------------------------------------------
                         required time                          6.361    <hidden>
                         arrival time                          -6.370    <hidden>
  -------------------------------------------------------------------
                         slack                                 -0.009    <hidden>

Slack (MET) :             0.016ns  (required time - arrival time)
  Source:                 x[1]
                            (input port clocked by vclk  {rise@0.000ns fall@2.705ns period=5.410ns})
  Destination:            r7_reg[13]/D
                            (rising edge-triggered cell FDRE clocked by vclk  {rise@0.000ns fall@2.705ns period=5.410ns})
  Path Group:             vclk
  Path Type:              Setup (Max at Slow Process Corner)
  Requirement:            5.410ns  (vclk rise@5.410ns - vclk rise@0.000ns)
  Data Path Delay:        6.392ns  (logic 3.406ns (53.283%)  route 2.986ns (46.717%))
  Logic Levels:           9  (CARRY4=6 LUT1=1 LUT2=1 LUT3=1)
  Input Delay:            0.000ns
  Clock Path Skew:        0.924ns (DCD - SCD + CPR)
    Destination Clock Delay (DCD):    0.924ns = ( 6.334 - 5.410 ) 
    Source Clock Delay      (SCD):    0.000ns
    Clock Pessimism Removal (CPR):    0.000ns
  Clock Uncertainty:      0.035ns  ((TSJ^2 + TIJ^2)^1/2 + DJ) / 2 + PE
    Total System Jitter     (TSJ):    0.071ns
    Total Input Jitter      (TIJ):    0.000ns
    Discrete Jitter          (DJ):    0.000ns
    Phase Error              (PE):    0.000ns

    Location             Delay type                Incr(ns)  Path(ns)    Netlist Resource(s)
  -------------------------------------------------------------------    -------------------
                         (clock vclk rise edge)       0.000     0.000 r  <hidden>
                         input delay                  0.000     0.000    <hidden>
                                                      0.000     0.000 f  x[1]
                         net (fo=91, unset)           0.973     0.973    x[1]
    SLICE_X33Y70         LUT1 (Prop_lut1_I0_O)        0.124     1.097 r  r7[3]_i_9/O
                         net (fo=1, routed)           0.000     1.097    r7[3]_i_9_n_0
    SLICE_X33Y70         CARRY4 (Prop_carry4_S[1]_CO[3])
                                                      0.550     1.647 r  r7_reg[3]_i_2/CO[3]
                         net (fo=1, routed)           0.000     1.647    r7_reg[3]_i_2_n_0
    SLICE_X33Y71         CARRY4 (Prop_carry4_CI_O[1])
                                                      0.334     1.981 r  r7_reg[11]_i_15/O[1]
                         net (fo=4, routed)           0.823     2.804    r7_reg[11]_i_15_n_6
    SLICE_X35Y71         LUT3 (Prop_lut3_I1_O)        0.329     3.133 r  r7[7]_i_7/O
                         net (fo=1, routed)           0.571     3.704    r7[7]_i_7_n_0
    SLICE_X34Y71         CARRY4 (Prop_carry4_DI[3]_CO[3])
                                                      0.604     4.308 r  r7_reg[7]_i_2/CO[3]
                         net (fo=1, routed)           0.000     4.308    r7_reg[7]_i_2_n_0
    SLICE_X34Y72         CARRY4 (Prop_carry4_CI_O[1])
                                                      0.323     4.631 r  r7_reg[11]_i_2/O[1]
                         net (fo=2, routed)           0.619     5.250    r71[8]
    SLICE_X36Y70         LUT2 (Prop_lut2_I0_O)        0.306     5.556 r  r7[11]_i_6/O
                         net (fo=1, routed)           0.000     5.556    r7[11]_i_6_n_0
    SLICE_X36Y70         CARRY4 (Prop_carry4_S[0]_CO[3])
                                                      0.513     6.069 r  r7_reg[11]_i_1/CO[3]
                         net (fo=1, routed)           0.000     6.069    r7_reg[11]_i_1_n_0
    SLICE_X36Y71         CARRY4 (Prop_carry4_CI_O[1])
                                                      0.323     6.392 r  r7_reg[15]_i_1/O[1]
                         net (fo=1, routed)           0.000     6.392    r70[13]
    SLICE_X36Y71         FDRE                                         r  r7_reg[13]/D
  -------------------------------------------------------------------    -------------------

                         (clock vclk rise edge)       5.410     5.410 r  <hidden>
                                                      0.000     5.410 r  clk
                         net (fo=308, unset)          0.924     6.334    clk
    SLICE_X36Y71         FDRE                                         r  r7_reg[13]/C
                         clock pessimism              0.000     6.334    <hidden>
                         clock uncertainty           -0.035     6.299    <hidden>
    SLICE_X36Y71         FDRE (Setup_fdre_C_D)        0.109     6.408    r7_reg[13]
  -------------------------------------------------------------------
                         required time                          6.408    <hidden>
                         arrival time                          -6.392    <hidden>
  -------------------------------------------------------------------
                         slack                                  0.016    <hidden>

Slack (MET) :             0.024ns  (required time - arrival time)
  Source:                 x[1]
                            (input port clocked by vclk  {rise@0.000ns fall@2.705ns period=5.410ns})
  Destination:            r7_reg[15]/D
                            (rising edge-triggered cell FDRE clocked by vclk  {rise@0.000ns fall@2.705ns period=5.410ns})
  Path Group:             vclk
  Path Type:              Setup (Max at Slow Process Corner)
  Requirement:            5.410ns  (vclk rise@5.410ns - vclk rise@0.000ns)
  Data Path Delay:        6.384ns  (logic 3.398ns (53.224%)  route 2.986ns (46.776%))
  Logic Levels:           9  (CARRY4=6 LUT1=1 LUT2=1 LUT3=1)
  Input Delay:            0.000ns
  Clock Path Skew:        0.924ns (DCD - SCD + CPR)
    Destination Clock Delay (DCD):    0.924ns = ( 6.334 - 5.410 ) 
    Source Clock Delay      (SCD):    0.000ns
    Clock Pessimism Removal (CPR):    0.000ns
  Clock Uncertainty:      0.035ns  ((TSJ^2 + TIJ^2)^1/2 + DJ) / 2 + PE
    Total System Jitter     (TSJ):    0.071ns
    Total Input Jitter      (TIJ):    0.000ns
    Discrete Jitter          (DJ):    0.000ns
    Phase Error              (PE):    0.000ns

    Location             Delay type                Incr(ns)  Path(ns)    Netlist Resource(s)
  -------------------------------------------------------------------    -------------------
                         (clock vclk rise edge)       0.000     0.000 r  <hidden>
                         input delay                  0.000     0.000    <hidden>
                                                      0.000     0.000 f  x[1]
                         net (fo=91, unset)           0.973     0.973    x[1]
    SLICE_X33Y70         LUT1 (Prop_lut1_I0_O)        0.124     1.097 r  r7[3]_i_9/O
                         net (fo=1, routed)           0.000     1.097    r7[3]_i_9_n_0
    SLICE_X33Y70         CARRY4 (Prop_carry4_S[1]_CO[3])
                                                      0.550     1.647 r  r7_reg[3]_i_2/CO[3]
                         net (fo=1, routed)           0.000     1.647    r7_reg[3]_i_2_n_0
    SLICE_X33Y71         CARRY4 (Prop_carry4_CI_O[1])
                                                      0.334     1.981 r  r7_reg[11]_i_15/O[1]
                         net (fo=4, routed)           0.823     2.804    r7_reg[11]_i_15_n_6
    SLICE_X35Y71         LUT3 (Prop_lut3_I1_O)        0.329     3.133 r  r7[7]_i_7/O
                         net (fo=1, routed)           0.571     3.704    r7[7]_i_7_n_0
    SLICE_X34Y71         CARRY4 (Prop_carry4_DI[3]_CO[3])
                                                      0.604     4.308 r  r7_reg[7]_i_2/CO[3]
                         net (fo=1, routed)           0.000     4.308    r7_reg[7]_i_2_n_0
    SLICE_X34Y72         CARRY4 (Prop_carry4_CI_O[1])
                                                      0.323     4.631 r  r7_reg[11]_i_2/O[1]
                         net (fo=2, routed)           0.619     5.250    r71[8]
    SLICE_X36Y70         LUT2 (Prop_lut2_I0_O)        0.306     5.556 r  r7[11]_i_6/O
                         net (fo=1, routed)           0.000     5.556    r7[11]_i_6_n_0
    SLICE_X36Y70         CARRY4 (Prop_carry4_S[0]_CO[3])
                                                      0.513     6.069 r  r7_reg[11]_i_1/CO[3]
                         net (fo=1, routed)           0.000     6.069    r7_reg[11]_i_1_n_0
    SLICE_X36Y71         CARRY4 (Prop_carry4_CI_O[3])
                                                      0.315     6.384 r  r7_reg[15]_i_1/O[3]
                         net (fo=1, routed)           0.000     6.384    r70[15]
    SLICE_X36Y71         FDRE                                         r  r7_reg[15]/D
  -------------------------------------------------------------------    -------------------

                         (clock vclk rise edge)       5.410     5.410 r  <hidden>
                                                      0.000     5.410 r  clk
                         net (fo=308, unset)          0.924     6.334    clk
    SLICE_X36Y71         FDRE                                         r  r7_reg[15]/C
                         clock pessimism              0.000     6.334    <hidden>
                         clock uncertainty           -0.035     6.299    <hidden>
    SLICE_X36Y71         FDRE (Setup_fdre_C_D)        0.109     6.408    r7_reg[15]
  -------------------------------------------------------------------
                         required time                          6.408    <hidden>
                         arrival time                          -6.384    <hidden>
  -------------------------------------------------------------------
                         slack                                  0.024    <hidden>





Pulse Width Checks
--------------------------------------------------------------------------------------
Clock Name:         vclk
Waveform(ns):       { 0.000 2.705 }
Period(ns):         5.410
Sources:            { clk }

Check Type        Corner  Lib Pin  Reference Pin  Required(ns)  Actual(ns)  Slack(ns)  Location      Pin
Min Period        n/a     FDRE/C   n/a            1.000         5.410       4.410      SLICE_X32Y75  r10_reg[0]/C
Min Period        n/a     FDRE/C   n/a            1.000         5.410       4.410      SLICE_X41Y71  r10_reg[10]/C
Min Period        n/a     FDRE/C   n/a            1.000         5.410       4.410      SLICE_X41Y71  r10_reg[11]/C
Min Period        n/a     FDRE/C   n/a            1.000         5.410       4.410      SLICE_X41Y71  r10_reg[12]/C
Min Period        n/a     FDRE/C   n/a            1.000         5.410       4.410      SLICE_X41Y72  r10_reg[13]/C
Min Period        n/a     FDRE/C   n/a            1.000         5.410       4.410      SLICE_X41Y72  r10_reg[14]/C
Min Period        n/a     FDRE/C   n/a            1.000         5.410       4.410      SLICE_X41Y72  r10_reg[15]/C
Min Period        n/a     FDRE/C   n/a            1.000         5.410       4.410      SLICE_X41Y69  r10_reg[1]/C
Min Period        n/a     FDRE/C   n/a            1.000         5.410       4.410      SLICE_X41Y69  r10_reg[2]/C
Min Period        n/a     FDRE/C   n/a            1.000         5.410       4.410      SLICE_X41Y69  r10_reg[3]/C
Low Pulse Width   Slow    FDRE/C   n/a            0.500         2.705       2.205      SLICE_X32Y75  r10_reg[0]/C
Low Pulse Width   Fast    FDRE/C   n/a            0.500         2.705       2.205      SLICE_X32Y75  r10_reg[0]/C
Low Pulse Width   Slow    FDRE/C   n/a            0.500         2.705       2.205      SLICE_X41Y71  r10_reg[10]/C
Low Pulse Width   Fast    FDRE/C   n/a            0.500         2.705       2.205      SLICE_X41Y71  r10_reg[10]/C
Low Pulse Width   Slow    FDRE/C   n/a            0.500         2.705       2.205      SLICE_X41Y71  r10_reg[11]/C
Low Pulse Width   Fast    FDRE/C   n/a            0.500         2.705       2.205      SLICE_X41Y71  r10_reg[11]/C
Low Pulse Width   Slow    FDRE/C   n/a            0.500         2.705       2.205      SLICE_X41Y71  r10_reg[12]/C
Low Pulse Width   Fast    FDRE/C   n/a            0.500         2.705       2.205      SLICE_X41Y71  r10_reg[12]/C
Low Pulse Width   Slow    FDRE/C   n/a            0.500         2.705       2.205      SLICE_X41Y72  r10_reg[13]/C
Low Pulse Width   Fast    FDRE/C   n/a            0.500         2.705       2.205      SLICE_X41Y72  r10_reg[13]/C
High Pulse Width  Slow    FDRE/C   n/a            0.500         2.705       2.205      SLICE_X32Y75  r10_reg[0]/C
High Pulse Width  Fast    FDRE/C   n/a            0.500         2.705       2.205      SLICE_X32Y75  r10_reg[0]/C
High Pulse Width  Slow    FDRE/C   n/a            0.500         2.705       2.205      SLICE_X41Y71  r10_reg[10]/C
High Pulse Width  Fast    FDRE/C   n/a            0.500         2.705       2.205      SLICE_X41Y71  r10_reg[10]/C
High Pulse Width  Slow    FDRE/C   n/a            0.500         2.705       2.205      SLICE_X41Y71  r10_reg[11]/C
High Pulse Width  Fast    FDRE/C   n/a            0.500         2.705       2.205      SLICE_X41Y71  r10_reg[11]/C
High Pulse Width  Slow    FDRE/C   n/a            0.500         2.705       2.205      SLICE_X41Y71  r10_reg[12]/C
High Pulse Width  Fast    FDRE/C   n/a            0.500         2.705       2.205      SLICE_X41Y71  r10_reg[12]/C
High Pulse Width  Slow    FDRE/C   n/a            0.500         2.705       2.205      SLICE_X41Y72  r10_reg[13]/C
High Pulse Width  Fast    FDRE/C   n/a            0.500         2.705       2.205      SLICE_X41Y72  r10_reg[13]/C



