Copyright 1986-2022 Xilinx, Inc. All Rights Reserved. Copyright 2022-2026 Advanced Micro Devices, Inc. All Rights Reserved.
---------------------------------------------------------------------------------------------------------------------------------------------------------------------------------------------------------------------------------------------------------------------------------------------
| Tool Version : Vivado v.2026.1 (win64) Build 6511674 Tue Jun 16 11:02:23 MDT 2026
| Date         : Sun Aug 30 23:25:31 2026
| Host         : Amine running 64-bit major release  (build 9200)
| Command      : report_timing_summary -delay_type max -max_paths 10 -report_unconstrained -check_timing_verbose -warn_on_violation -file C:/Users/Amine/mas/fpga-repo/timing_closure_candidate_v7/results/c04_firr_rf_firr20_v6/trial_010_search_p2p950126953_a0/reports/timing_summary.rpt
| Design       : rf_s2__firr20_v6__g1
| Device       : 7z020-clg400
| Speed File   : -1  PRODUCTION 1.12 2019-11-22
| Design State : Routed
---------------------------------------------------------------------------------------------------------------------------------------------------------------------------------------------------------------------------------------------------------------------------------------------

Timing Summary Report

------------------------------------------------------------------------------------------------
| Timer Settings
| --------------
------------------------------------------------------------------------------------------------

  Enable Multi Corner Analysis               :  Yes
  Enable Pessimism Removal                   :  Yes
  Pessimism Removal Resolution               :  Nearest Common Node
  Enable Input Delay Default Clock           :  No
  Enable Preset / Clear Arcs                 :  No
  Disable Flight Delays                      :  No
  Ignore I/O Paths                           :  No
  Timing Early Launch at Borrowing Latches   :  No
  Borrow Time for Max Delay Exceptions       :  Yes
  Merge Timing Exceptions                    :  Yes
  Inter-SLR Compensation                     :  Conservative

  Corner  Analyze    Analyze    
  Name    Max Paths  Min Paths  
  ------  ---------  ---------  
  Slow    Yes        Yes        
  Fast    Yes        Yes        


------------------------------------------------------------------------------------------------
| Report Methodology
| ------------------
------------------------------------------------------------------------------------------------

No report available as report_methodology has not been run prior. Run report_methodology on the current design for the summary of methodology violations.



check_timing report

Table of Contents
-----------------
1. checking no_clock (0)
2. checking constant_clock (0)
3. checking pulse_width_clock (0)
4. checking unconstrained_internal_endpoints (0)
5. checking no_input_delay (0)
6. checking no_output_delay (0)
7. checking multiple_clock (0)
8. checking generated_clocks (0)
9. checking loops (0)
10. checking partial_input_delay (0)
11. checking partial_output_delay (0)
12. checking latch_loops (0)

1. checking no_clock (0)
------------------------
 There are 0 register/latch pins with no clock.


2. checking constant_clock (0)
------------------------------
 There are 0 register/latch pins with constant_clock.


3. checking pulse_width_clock (0)
---------------------------------
 There are 0 register/latch pins which need pulse_width check


4. checking unconstrained_internal_endpoints (0)
------------------------------------------------
 There are 0 pins that are not constrained for maximum delay.

 There are 0 pins that are not constrained for maximum delay due to constant clock.


5. checking no_input_delay (0)
------------------------------
 There are 0 input ports with no input delay specified.

 There are 0 input ports with no input delay but user has a false path constraint.


6. checking no_output_delay (0)
-------------------------------
 There are 0 ports with no output delay specified.

 There are 0 ports with no output delay but user has a false path constraint

 There are 0 ports with no output delay but with a timing clock defined on it or propagating through it


7. checking multiple_clock (0)
------------------------------
 There are 0 register/latch pins with multiple clocks.


8. checking generated_clocks (0)
--------------------------------
 There are 0 generated clocks that are not connected to a clock source.


9. checking loops (0)
---------------------
 There are 0 combinational loops in the design.


10. checking partial_input_delay (0)
------------------------------------
 There are 0 input ports with partial input delay specified.


11. checking partial_output_delay (0)
-------------------------------------
 There are 0 ports with partial output delay specified.


12. checking latch_loops (0)
----------------------------
 There are 0 combinational latch loops in the design through latch input



------------------------------------------------------------------------------------------------
| Design Timing Summary
| ---------------------
------------------------------------------------------------------------------------------------

    WNS(ns)      TNS(ns)  TNS Failing Endpoints  TNS Total Endpoints     WPWS(ns)     TPWS(ns)  TPWS Failing Endpoints  TPWS Total Endpoints  
    -------      -------  ---------------------  -------------------     --------     --------  ----------------------  --------------------  
     -0.023       -0.023                      1                  594        0.975        0.000                       0                   290  


Timing constraints are not met.


------------------------------------------------------------------------------------------------
| Clock Summary
| -------------
------------------------------------------------------------------------------------------------

Clock  Waveform(ns)         Period(ns)      Frequency(MHz)
-----  ------------         ----------      --------------
vclk   {0.000 1.475}        2.950           338.983         


------------------------------------------------------------------------------------------------
| Intra Clock Table
| -----------------
------------------------------------------------------------------------------------------------

Clock             WNS(ns)      TNS(ns)  TNS Failing Endpoints  TNS Total Endpoints     WPWS(ns)     TPWS(ns)  TPWS Failing Endpoints  TPWS Total Endpoints  
-----             -------      -------  ---------------------  -------------------     --------     --------  ----------------------  --------------------  
vclk               -0.023       -0.023                      1                  594        0.975        0.000                       0                   290  


------------------------------------------------------------------------------------------------
| Inter Clock Table
| -----------------
------------------------------------------------------------------------------------------------

From Clock    To Clock          WNS(ns)      TNS(ns)  TNS Failing Endpoints  TNS Total Endpoints  
----------    --------          -------      -------  ---------------------  -------------------  


------------------------------------------------------------------------------------------------
| Other Path Groups Table
| -----------------------
------------------------------------------------------------------------------------------------

Path Group    From Clock    To Clock          WNS(ns)      TNS(ns)  TNS Failing Endpoints  TNS Total Endpoints  
----------    ----------    --------          -------      -------  ---------------------  -------------------  


------------------------------------------------------------------------------------------------
| User Ignored Path Table
| -----------------------
------------------------------------------------------------------------------------------------

Path Group    From Clock    To Clock    
----------    ----------    --------    


------------------------------------------------------------------------------------------------
| Unconstrained Path Table
| ------------------------
------------------------------------------------------------------------------------------------

Path Group    From Clock    To Clock    
----------    ----------    --------    


------------------------------------------------------------------------------------------------
| Timing Details
| --------------
------------------------------------------------------------------------------------------------


---------------------------------------------------------------------------------------------------
From Clock:  vclk
  To Clock:  vclk

Setup :            1  Failing Endpoint ,  Worst Slack       -0.023ns,  Total Violation       -0.023ns
Hold  :           NA  Failing Endpoints,  Worst Slack           NA  ,  Total Violation           NA
PW    :            0  Failing Endpoints,  Worst Slack        0.975ns,  Total Violation        0.000ns
---------------------------------------------------------------------------------------------------


Max Delay Paths
--------------------------------------------------------------------------------------
Slack (VIOLATED) :        -0.023ns  (required time - arrival time)
  Source:                 x[0]
                            (input port clocked by vclk  {rise@0.000ns fall@1.475ns period=2.950ns})
  Destination:            a10_reg[15]/D
                            (rising edge-triggered cell FDRE clocked by vclk  {rise@0.000ns fall@1.475ns period=2.950ns})
  Path Group:             vclk
  Path Type:              Setup (Max at Slow Process Corner)
  Requirement:            2.950ns  (vclk rise@2.950ns - vclk rise@0.000ns)
  Data Path Delay:        3.924ns  (logic 2.024ns (51.583%)  route 1.900ns (48.417%))
  Logic Levels:           6  (CARRY4=4 LUT2=1 LUT3=1)
  Input Delay:            0.000ns
  Clock Path Skew:        0.924ns (DCD - SCD + CPR)
    Destination Clock Delay (DCD):    0.924ns = ( 3.874 - 2.950 ) 
    Source Clock Delay      (SCD):    0.000ns
    Clock Pessimism Removal (CPR):    0.000ns
  Clock Uncertainty:      0.035ns  ((TSJ^2 + TIJ^2)^1/2 + DJ) / 2 + PE
    Total System Jitter     (TSJ):    0.071ns
    Total Input Jitter      (TIJ):    0.000ns
    Discrete Jitter          (DJ):    0.000ns
    Phase Error              (PE):    0.000ns

    Location             Delay type                Incr(ns)  Path(ns)    Netlist Resource(s)
  -------------------------------------------------------------------    -------------------
                         (clock vclk rise edge)       0.000     0.000 r  <hidden>
                         input delay                  0.000     0.000    <hidden>
                                                      0.000     0.000 r  x[0]
                         net (fo=81, unset)           0.973     0.973    x[0]
    SLICE_X37Y73         LUT3 (Prop_lut3_I2_O)        0.124     1.097 r  a10[9]_i_9/O
                         net (fo=1, routed)           0.323     1.420    a10[9]_i_9_n_0
    SLICE_X38Y73         CARRY4 (Prop_carry4_DI[1]_CO[3])
                                                      0.520     1.940 r  a10_reg[9]_i_2/CO[3]
                         net (fo=1, routed)           0.000     1.940    a10_reg[9]_i_2_n_0
    SLICE_X38Y74         CARRY4 (Prop_carry4_CI_O[0])
                                                      0.219     2.159 r  a10_reg[13]_i_2/O[0]
                         net (fo=2, routed)           0.595     2.754    a101[10]
    SLICE_X39Y74         LUT2 (Prop_lut2_I0_O)        0.295     3.049 r  a10[13]_i_6/O
                         net (fo=1, routed)           0.000     3.049    a10[13]_i_6_n_0
    SLICE_X39Y74         CARRY4 (Prop_carry4_S[0]_CO[3])
                                                      0.532     3.581 r  a10_reg[13]_i_1/CO[3]
                         net (fo=1, routed)           0.009     3.590    a10_reg[13]_i_1_n_0
    SLICE_X39Y75         CARRY4 (Prop_carry4_CI_O[1])
                                                      0.334     3.924 r  a10_reg[15]_i_1/O[1]
                         net (fo=1, routed)           0.000     3.924    a100[15]
    SLICE_X39Y75         FDRE                                         r  a10_reg[15]/D
  -------------------------------------------------------------------    -------------------

                         (clock vclk rise edge)       2.950     2.950 r  <hidden>
                                                      0.000     2.950 r  clk
                         net (fo=289, unset)          0.924     3.874    clk
    SLICE_X39Y75         FDRE                                         r  a10_reg[15]/C
                         clock pessimism              0.000     3.874    <hidden>
                         clock uncertainty           -0.035     3.839    <hidden>
    SLICE_X39Y75         FDRE (Setup_fdre_C_D)        0.062     3.901    a10_reg[15]
  -------------------------------------------------------------------
                         required time                          3.901    <hidden>
                         arrival time                          -3.924    <hidden>
  -------------------------------------------------------------------
                         slack                                 -0.023    <hidden>

Slack (MET) :             0.088ns  (required time - arrival time)
  Source:                 x[0]
                            (input port clocked by vclk  {rise@0.000ns fall@1.475ns period=2.950ns})
  Destination:            a10_reg[14]/D
                            (rising edge-triggered cell FDRE clocked by vclk  {rise@0.000ns fall@1.475ns period=2.950ns})
  Path Group:             vclk
  Path Type:              Setup (Max at Slow Process Corner)
  Requirement:            2.950ns  (vclk rise@2.950ns - vclk rise@0.000ns)
  Data Path Delay:        3.813ns  (logic 1.913ns (50.173%)  route 1.900ns (49.827%))
  Logic Levels:           6  (CARRY4=4 LUT2=1 LUT3=1)
  Input Delay:            0.000ns
  Clock Path Skew:        0.924ns (DCD - SCD + CPR)
    Destination Clock Delay (DCD):    0.924ns = ( 3.874 - 2.950 ) 
    Source Clock Delay      (SCD):    0.000ns
    Clock Pessimism Removal (CPR):    0.000ns
  Clock Uncertainty:      0.035ns  ((TSJ^2 + TIJ^2)^1/2 + DJ) / 2 + PE
    Total System Jitter     (TSJ):    0.071ns
    Total Input Jitter      (TIJ):    0.000ns
    Discrete Jitter          (DJ):    0.000ns
    Phase Error              (PE):    0.000ns

    Location             Delay type                Incr(ns)  Path(ns)    Netlist Resource(s)
  -------------------------------------------------------------------    -------------------
                         (clock vclk rise edge)       0.000     0.000 r  <hidden>
                         input delay                  0.000     0.000    <hidden>
                                                      0.000     0.000 r  x[0]
                         net (fo=81, unset)           0.973     0.973    x[0]
    SLICE_X37Y73         LUT3 (Prop_lut3_I2_O)        0.124     1.097 r  a10[9]_i_9/O
                         net (fo=1, routed)           0.323     1.420    a10[9]_i_9_n_0
    SLICE_X38Y73         CARRY4 (Prop_carry4_DI[1]_CO[3])
                                                      0.520     1.940 r  a10_reg[9]_i_2/CO[3]
                         net (fo=1, routed)           0.000     1.940    a10_reg[9]_i_2_n_0
    SLICE_X38Y74         CARRY4 (Prop_carry4_CI_O[0])
                                                      0.219     2.159 r  a10_reg[13]_i_2/O[0]
                         net (fo=2, routed)           0.595     2.754    a101[10]
    SLICE_X39Y74         LUT2 (Prop_lut2_I0_O)        0.295     3.049 r  a10[13]_i_6/O
                         net (fo=1, routed)           0.000     3.049    a10[13]_i_6_n_0
    SLICE_X39Y74         CARRY4 (Prop_carry4_S[0]_CO[3])
                                                      0.532     3.581 r  a10_reg[13]_i_1/CO[3]
                         net (fo=1, routed)           0.009     3.590    a10_reg[13]_i_1_n_0
    SLICE_X39Y75         CARRY4 (Prop_carry4_CI_O[0])
                                                      0.223     3.813 r  a10_reg[15]_i_1/O[0]
                         net (fo=1, routed)           0.000     3.813    a100[14]
    SLICE_X39Y75         FDRE                                         r  a10_reg[14]/D
  -------------------------------------------------------------------    -------------------

                         (clock vclk rise edge)       2.950     2.950 r  <hidden>
                                                      0.000     2.950 r  clk
                         net (fo=289, unset)          0.924     3.874    clk
    SLICE_X39Y75         FDRE                                         r  a10_reg[14]/C
                         clock pessimism              0.000     3.874    <hidden>
                         clock uncertainty           -0.035     3.839    <hidden>
    SLICE_X39Y75         FDRE (Setup_fdre_C_D)        0.062     3.901    a10_reg[14]
  -------------------------------------------------------------------
                         required time                          3.901    <hidden>
                         arrival time                          -3.813    <hidden>
  -------------------------------------------------------------------
                         slack                                  0.088    <hidden>

Slack (MET) :             0.104ns  (required time - arrival time)
  Source:                 x[1]
                            (input port clocked by vclk  {rise@0.000ns fall@1.475ns period=2.950ns})
  Destination:            a18_reg[15]/D
                            (rising edge-triggered cell FDRE clocked by vclk  {rise@0.000ns fall@1.475ns period=2.950ns})
  Path Group:             vclk
  Path Type:              Setup (Max at Slow Process Corner)
  Requirement:            2.950ns  (vclk rise@2.950ns - vclk rise@0.000ns)
  Data Path Delay:        3.537ns  (logic 1.674ns (47.326%)  route 1.863ns (52.674%))
  Logic Levels:           6  (CARRY4=4 LUT2=1 LUT3=1)
  Input Delay:            0.000ns
  Clock Path Skew:        0.924ns (DCD - SCD + CPR)
    Destination Clock Delay (DCD):    0.924ns = ( 3.874 - 2.950 ) 
    Source Clock Delay      (SCD):    0.000ns
    Clock Pessimism Removal (CPR):    0.000ns
  Clock Uncertainty:      0.035ns  ((TSJ^2 + TIJ^2)^1/2 + DJ) / 2 + PE
    Total System Jitter     (TSJ):    0.071ns
    Total Input Jitter      (TIJ):    0.000ns
    Discrete Jitter          (DJ):    0.000ns
    Phase Error              (PE):    0.000ns

    Location             Delay type                Incr(ns)  Path(ns)    Netlist Resource(s)
  -------------------------------------------------------------------    -------------------
                         (clock vclk rise edge)       0.000     0.000 r  <hidden>
                         input delay                  0.000     0.000    <hidden>
                                                      0.000     0.000 r  x[1]
                         net (fo=71, unset)           0.973     0.973    x[1]
    SLICE_X42Y77         LUT3 (Prop_lut3_I2_O)        0.124     1.097 r  a18[11]_i_8/O
                         net (fo=1, routed)           0.323     1.420    a18[11]_i_8_n_0
    SLICE_X41Y77         CARRY4 (Prop_carry4_DI[2]_CO[3])
                                                      0.398     1.818 r  a18_reg[11]_i_2/CO[3]
                         net (fo=1, routed)           0.000     1.818    a18_reg[11]_i_2_n_0
    SLICE_X41Y78         CARRY4 (Prop_carry4_CI_O[1])
                                                      0.334     2.152 r  a18_reg[15]_i_3/O[1]
                         net (fo=2, routed)           0.567     2.719    a181__0[11]
    SLICE_X47Y77         LUT2 (Prop_lut2_I0_O)        0.303     3.022 r  a18[11]_i_3/O
                         net (fo=1, routed)           0.000     3.022    a18[11]_i_3_n_0
    SLICE_X47Y77         CARRY4 (Prop_carry4_S[3]_CO[3])
                                                      0.401     3.423 r  a18_reg[11]_i_1/CO[3]
                         net (fo=1, routed)           0.000     3.423    a18_reg[11]_i_1_n_0
    SLICE_X47Y78         CARRY4 (Prop_carry4_CI_CO[3])
                                                      0.114     3.537 r  a18_reg[15]_i_1/CO[3]
                         net (fo=1, routed)           0.000     3.537    a180[15]
    SLICE_X47Y78         FDRE                                         r  a18_reg[15]/D
  -------------------------------------------------------------------    -------------------

                         (clock vclk rise edge)       2.950     2.950 r  <hidden>
                                                      0.000     2.950 r  clk
                         net (fo=289, unset)          0.924     3.874    clk
    SLICE_X47Y78         FDRE                                         r  a18_reg[15]/C
                         clock pessimism              0.000     3.874    <hidden>
                         clock uncertainty           -0.035     3.839    <hidden>
    SLICE_X47Y78         FDRE (Setup_fdre_C_D)       -0.198     3.641    a18_reg[15]
  -------------------------------------------------------------------
                         required time                          3.641    <hidden>
                         arrival time                          -3.537    <hidden>
  -------------------------------------------------------------------
                         slack                                  0.104    <hidden>

Slack (MET) :             0.128ns  (required time - arrival time)
  Source:                 x[1]
                            (input port clocked by vclk  {rise@0.000ns fall@1.475ns period=2.950ns})
  Destination:            a6_reg[15]/D
                            (rising edge-triggered cell FDRE clocked by vclk  {rise@0.000ns fall@1.475ns period=2.950ns})
  Path Group:             vclk
  Path Type:              Setup (Max at Slow Process Corner)
  Requirement:            2.950ns  (vclk rise@2.950ns - vclk rise@0.000ns)
  Data Path Delay:        3.773ns  (logic 2.154ns (57.094%)  route 1.619ns (42.906%))
  Logic Levels:           7  (CARRY4=5 LUT1=1 LUT2=1)
  Input Delay:            0.000ns
  Clock Path Skew:        0.924ns (DCD - SCD + CPR)
    Destination Clock Delay (DCD):    0.924ns = ( 3.874 - 2.950 ) 
    Source Clock Delay      (SCD):    0.000ns
    Clock Pessimism Removal (CPR):    0.000ns
  Clock Uncertainty:      0.035ns  ((TSJ^2 + TIJ^2)^1/2 + DJ) / 2 + PE
    Total System Jitter     (TSJ):    0.071ns
    Total Input Jitter      (TIJ):    0.000ns
    Discrete Jitter          (DJ):    0.000ns
    Phase Error              (PE):    0.000ns

    Location             Delay type                Incr(ns)  Path(ns)    Netlist Resource(s)
  -------------------------------------------------------------------    -------------------
                         (clock vclk rise edge)       0.000     0.000 r  <hidden>
                         input delay                  0.000     0.000    <hidden>
                                                      0.000     0.000 f  x[1]
                         net (fo=71, unset)           0.973     0.973    x[1]
    SLICE_X30Y74         LUT1 (Prop_lut1_I0_O)        0.124     1.097 r  a6[5]_i_9/O
                         net (fo=1, routed)           0.000     1.097    a6[5]_i_9_n_0
    SLICE_X30Y74         CARRY4 (Prop_carry4_S[1]_CO[3])
                                                      0.533     1.630 r  a6_reg[5]_i_2/CO[3]
                         net (fo=1, routed)           0.009     1.639    a6_reg[5]_i_2_n_0
    SLICE_X30Y75         CARRY4 (Prop_carry4_CI_CO[3])
                                                      0.117     1.756 r  a6_reg[9]_i_2/CO[3]
                         net (fo=1, routed)           0.000     1.756    a6_reg[9]_i_2_n_0
    SLICE_X30Y76         CARRY4 (Prop_carry4_CI_O[0])
                                                      0.219     1.975 r  a6_reg[13]_i_2/O[0]
                         net (fo=2, routed)           0.637     2.612    a61[10]
    SLICE_X31Y76         LUT2 (Prop_lut2_I0_O)        0.295     2.907 r  a6[13]_i_5/O
                         net (fo=1, routed)           0.000     2.907    a6[13]_i_5_n_0
    SLICE_X31Y76         CARRY4 (Prop_carry4_S[0]_CO[3])
                                                      0.532     3.439 r  a6_reg[13]_i_1/CO[3]
                         net (fo=1, routed)           0.000     3.439    a6_reg[13]_i_1_n_0
    SLICE_X31Y77         CARRY4 (Prop_carry4_CI_O[1])
                                                      0.334     3.773 r  a6_reg[15]_i_1/O[1]
                         net (fo=1, routed)           0.000     3.773    a60[15]
    SLICE_X31Y77         FDRE                                         r  a6_reg[15]/D
  -------------------------------------------------------------------    -------------------

                         (clock vclk rise edge)       2.950     2.950 r  <hidden>
                                                      0.000     2.950 r  clk
                         net (fo=289, unset)          0.924     3.874    clk
    SLICE_X31Y77         FDRE                                         r  a6_reg[15]/C
                         clock pessimism              0.000     3.874    <hidden>
                         clock uncertainty           -0.035     3.839    <hidden>
    SLICE_X31Y77         FDRE (Setup_fdre_C_D)        0.062     3.901    a6_reg[15]
  -------------------------------------------------------------------
                         required time                          3.901    <hidden>
                         arrival time                          -3.773    <hidden>
  -------------------------------------------------------------------
                         slack                                  0.128    <hidden>

Slack (MET) :             0.140ns  (required time - arrival time)
  Source:                 x[0]
                            (input port clocked by vclk  {rise@0.000ns fall@1.475ns period=2.950ns})
  Destination:            a12_reg[15]/D
                            (rising edge-triggered cell FDRE clocked by vclk  {rise@0.000ns fall@1.475ns period=2.950ns})
  Path Group:             vclk
  Path Type:              Setup (Max at Slow Process Corner)
  Requirement:            2.950ns  (vclk rise@2.950ns - vclk rise@0.000ns)
  Data Path Delay:        3.761ns  (logic 2.012ns (53.503%)  route 1.749ns (46.497%))
  Logic Levels:           6  (CARRY4=4 LUT2=1 LUT3=1)
  Input Delay:            0.000ns
  Clock Path Skew:        0.924ns (DCD - SCD + CPR)
    Destination Clock Delay (DCD):    0.924ns = ( 3.874 - 2.950 ) 
    Source Clock Delay      (SCD):    0.000ns
    Clock Pessimism Removal (CPR):    0.000ns
  Clock Uncertainty:      0.035ns  ((TSJ^2 + TIJ^2)^1/2 + DJ) / 2 + PE
    Total System Jitter     (TSJ):    0.071ns
    Total Input Jitter      (TIJ):    0.000ns
    Discrete Jitter          (DJ):    0.000ns
    Phase Error              (PE):    0.000ns

    Location             Delay type                Incr(ns)  Path(ns)    Netlist Resource(s)
  -------------------------------------------------------------------    -------------------
                         (clock vclk rise edge)       0.000     0.000 r  <hidden>
                         input delay                  0.000     0.000    <hidden>
                                                      0.000     0.000 r  x[0]
                         net (fo=81, unset)           0.973     0.973    x[0]
    SLICE_X46Y70         LUT3 (Prop_lut3_I2_O)        0.124     1.097 r  a12[9]_i_7/O
                         net (fo=1, routed)           0.326     1.423    a12[9]_i_7_n_0
    SLICE_X44Y70         CARRY4 (Prop_carry4_DI[3]_CO[3])
                                                      0.385     1.808 r  a12_reg[9]_i_2/CO[3]
                         net (fo=1, routed)           0.000     1.808    a12_reg[9]_i_2_n_0
    SLICE_X44Y71         CARRY4 (Prop_carry4_CI_O[3])
                                                      0.313     2.121 r  a12_reg[13]_i_3/O[3]
                         net (fo=2, routed)           0.450     2.571    a121[11]
    SLICE_X45Y72         LUT2 (Prop_lut2_I0_O)        0.306     2.877 r  a12[13]_i_6/O
                         net (fo=1, routed)           0.000     2.877    a12[13]_i_6_n_0
    SLICE_X45Y72         CARRY4 (Prop_carry4_S[1]_CO[3])
                                                      0.550     3.427 r  a12_reg[13]_i_1/CO[3]
                         net (fo=1, routed)           0.000     3.427    a12_reg[13]_i_1_n_0
    SLICE_X45Y73         CARRY4 (Prop_carry4_CI_O[1])
                                                      0.334     3.761 r  a12_reg[15]_i_1/O[1]
                         net (fo=1, routed)           0.000     3.761    a120[15]
    SLICE_X45Y73         FDRE                                         r  a12_reg[15]/D
  -------------------------------------------------------------------    -------------------

                         (clock vclk rise edge)       2.950     2.950 r  <hidden>
                                                      0.000     2.950 r  clk
                         net (fo=289, unset)          0.924     3.874    clk
    SLICE_X45Y73         FDRE                                         r  a12_reg[15]/C
                         clock pessimism              0.000     3.874    <hidden>
                         clock uncertainty           -0.035     3.839    <hidden>
    SLICE_X45Y73         FDRE (Setup_fdre_C_D)        0.062     3.901    a12_reg[15]
  -------------------------------------------------------------------
                         required time                          3.901    <hidden>
                         arrival time                          -3.761    <hidden>
  -------------------------------------------------------------------
                         slack                                  0.140    <hidden>

Slack (MET) :             0.144ns  (required time - arrival time)
  Source:                 x[1]
                            (input port clocked by vclk  {rise@0.000ns fall@1.475ns period=2.950ns})
  Destination:            a18_reg[13]/D
                            (rising edge-triggered cell FDRE clocked by vclk  {rise@0.000ns fall@1.475ns period=2.950ns})
  Path Group:             vclk
  Path Type:              Setup (Max at Slow Process Corner)
  Requirement:            2.950ns  (vclk rise@2.950ns - vclk rise@0.000ns)
  Data Path Delay:        3.757ns  (logic 1.894ns (50.410%)  route 1.863ns (49.590%))
  Logic Levels:           6  (CARRY4=4 LUT2=1 LUT3=1)
  Input Delay:            0.000ns
  Clock Path Skew:        0.924ns (DCD - SCD + CPR)
    Destination Clock Delay (DCD):    0.924ns = ( 3.874 - 2.950 ) 
    Source Clock Delay      (SCD):    0.000ns
    Clock Pessimism Removal (CPR):    0.000ns
  Clock Uncertainty:      0.035ns  ((TSJ^2 + TIJ^2)^1/2 + DJ) / 2 + PE
    Total System Jitter     (TSJ):    0.071ns
    Total Input Jitter      (TIJ):    0.000ns
    Discrete Jitter          (DJ):    0.000ns
    Phase Error              (PE):    0.000ns

    Location             Delay type                Incr(ns)  Path(ns)    Netlist Resource(s)
  -------------------------------------------------------------------    -------------------
                         (clock vclk rise edge)       0.000     0.000 r  <hidden>
                         input delay                  0.000     0.000    <hidden>
                                                      0.000     0.000 r  x[1]
                         net (fo=71, unset)           0.973     0.973    x[1]
    SLICE_X42Y77         LUT3 (Prop_lut3_I2_O)        0.124     1.097 r  a18[11]_i_8/O
                         net (fo=1, routed)           0.323     1.420    a18[11]_i_8_n_0
    SLICE_X41Y77         CARRY4 (Prop_carry4_DI[2]_CO[3])
                                                      0.398     1.818 r  a18_reg[11]_i_2/CO[3]
                         net (fo=1, routed)           0.000     1.818    a18_reg[11]_i_2_n_0
    SLICE_X41Y78         CARRY4 (Prop_carry4_CI_O[1])
                                                      0.334     2.152 r  a18_reg[15]_i_3/O[1]
                         net (fo=2, routed)           0.567     2.719    a181__0[11]
    SLICE_X47Y77         LUT2 (Prop_lut2_I0_O)        0.303     3.022 r  a18[11]_i_3/O
                         net (fo=1, routed)           0.000     3.022    a18[11]_i_3_n_0
    SLICE_X47Y77         CARRY4 (Prop_carry4_S[3]_CO[3])
                                                      0.401     3.423 r  a18_reg[11]_i_1/CO[3]
                         net (fo=1, routed)           0.000     3.423    a18_reg[11]_i_1_n_0
    SLICE_X47Y78         CARRY4 (Prop_carry4_CI_O[1])
                                                      0.334     3.757 r  a18_reg[15]_i_1/O[1]
                         net (fo=1, routed)           0.000     3.757    a180[13]
    SLICE_X47Y78         FDRE                                         r  a18_reg[13]/D
  -------------------------------------------------------------------    -------------------

                         (clock vclk rise edge)       2.950     2.950 r  <hidden>
                                                      0.000     2.950 r  clk
                         net (fo=289, unset)          0.924     3.874    clk
    SLICE_X47Y78         FDRE                                         r  a18_reg[13]/C
                         clock pessimism              0.000     3.874    <hidden>
                         clock uncertainty           -0.035     3.839    <hidden>
    SLICE_X47Y78         FDRE (Setup_fdre_C_D)        0.062     3.901    a18_reg[13]
  -------------------------------------------------------------------
                         required time                          3.901    <hidden>
                         arrival time                          -3.757    <hidden>
  -------------------------------------------------------------------
                         slack                                  0.144    <hidden>

Slack (MET) :             0.204ns  (required time - arrival time)
  Source:                 rst_n
                            (input port clocked by vclk  {rise@0.000ns fall@1.475ns period=2.950ns})
  Destination:            a14_reg[14]/R
                            (rising edge-triggered cell FDRE clocked by vclk  {rise@0.000ns fall@1.475ns period=2.950ns})
  Path Group:             vclk
  Path Type:              Setup (Max at Slow Process Corner)
  Requirement:            2.950ns  (vclk rise@2.950ns - vclk rise@0.000ns)
  Data Path Delay:        3.206ns  (logic 0.124ns (3.868%)  route 3.082ns (96.132%))
  Logic Levels:           1  (LUT1=1)
  Input Delay:            0.000ns
  Clock Path Skew:        0.924ns (DCD - SCD + CPR)
    Destination Clock Delay (DCD):    0.924ns = ( 3.874 - 2.950 ) 
    Source Clock Delay      (SCD):    0.000ns
    Clock Pessimism Removal (CPR):    0.000ns
  Clock Uncertainty:      0.035ns  ((TSJ^2 + TIJ^2)^1/2 + DJ) / 2 + PE
    Total System Jitter     (TSJ):    0.071ns
    Total Input Jitter      (TIJ):    0.000ns
    Discrete Jitter          (DJ):    0.000ns
    Phase Error              (PE):    0.000ns

    Location             Delay type                Incr(ns)  Path(ns)    Netlist Resource(s)
  -------------------------------------------------------------------    -------------------
                         (clock vclk rise edge)       0.000     0.000 r  <hidden>
                         input delay                  0.000     0.000    <hidden>
                                                      0.000     0.000 f  rst_n
                         net (fo=0)                   0.973     0.973    rst_n
    SLICE_X35Y73         LUT1 (Prop_lut1_I0_O)        0.124     1.097 r  y[15]_i_1/O
                         net (fo=290, routed)         2.109     3.206    RSTP
    SLICE_X40Y74         FDRE                                         r  a14_reg[14]/R
  -------------------------------------------------------------------    -------------------

                         (clock vclk rise edge)       2.950     2.950 r  <hidden>
                                                      0.000     2.950 r  clk
                         net (fo=289, unset)          0.924     3.874    clk
    SLICE_X40Y74         FDRE                                         r  a14_reg[14]/C
                         clock pessimism              0.000     3.874    <hidden>
                         clock uncertainty           -0.035     3.839    <hidden>
    SLICE_X40Y74         FDRE (Setup_fdre_C_R)       -0.429     3.410    a14_reg[14]
  -------------------------------------------------------------------
                         required time                          3.410    <hidden>
                         arrival time                          -3.206    <hidden>
  -------------------------------------------------------------------
                         slack                                  0.204    <hidden>

Slack (MET) :             0.204ns  (required time - arrival time)
  Source:                 rst_n
                            (input port clocked by vclk  {rise@0.000ns fall@1.475ns period=2.950ns})
  Destination:            a14_reg[15]/R
                            (rising edge-triggered cell FDRE clocked by vclk  {rise@0.000ns fall@1.475ns period=2.950ns})
  Path Group:             vclk
  Path Type:              Setup (Max at Slow Process Corner)
  Requirement:            2.950ns  (vclk rise@2.950ns - vclk rise@0.000ns)
  Data Path Delay:        3.206ns  (logic 0.124ns (3.868%)  route 3.082ns (96.132%))
  Logic Levels:           1  (LUT1=1)
  Input Delay:            0.000ns
  Clock Path Skew:        0.924ns (DCD - SCD + CPR)
    Destination Clock Delay (DCD):    0.924ns = ( 3.874 - 2.950 ) 
    Source Clock Delay      (SCD):    0.000ns
    Clock Pessimism Removal (CPR):    0.000ns
  Clock Uncertainty:      0.035ns  ((TSJ^2 + TIJ^2)^1/2 + DJ) / 2 + PE
    Total System Jitter     (TSJ):    0.071ns
    Total Input Jitter      (TIJ):    0.000ns
    Discrete Jitter          (DJ):    0.000ns
    Phase Error              (PE):    0.000ns

    Location             Delay type                Incr(ns)  Path(ns)    Netlist Resource(s)
  -------------------------------------------------------------------    -------------------
                         (clock vclk rise edge)       0.000     0.000 r  <hidden>
                         input delay                  0.000     0.000    <hidden>
                                                      0.000     0.000 f  rst_n
                         net (fo=0)                   0.973     0.973    rst_n
    SLICE_X35Y73         LUT1 (Prop_lut1_I0_O)        0.124     1.097 r  y[15]_i_1/O
                         net (fo=290, routed)         2.109     3.206    RSTP
    SLICE_X40Y74         FDRE                                         r  a14_reg[15]/R
  -------------------------------------------------------------------    -------------------

                         (clock vclk rise edge)       2.950     2.950 r  <hidden>
                                                      0.000     2.950 r  clk
                         net (fo=289, unset)          0.924     3.874    clk
    SLICE_X40Y74         FDRE                                         r  a14_reg[15]/C
                         clock pessimism              0.000     3.874    <hidden>
                         clock uncertainty           -0.035     3.839    <hidden>
    SLICE_X40Y74         FDRE (Setup_fdre_C_R)       -0.429     3.410    a14_reg[15]
  -------------------------------------------------------------------
                         required time                          3.410    <hidden>
                         arrival time                          -3.206    <hidden>
  -------------------------------------------------------------------
                         slack                                  0.204    <hidden>

Slack (MET) :             0.205ns  (required time - arrival time)
  Source:                 rst_n
                            (input port clocked by vclk  {rise@0.000ns fall@1.475ns period=2.950ns})
  Destination:            a1_reg[2]/R
                            (rising edge-triggered cell FDRE clocked by vclk  {rise@0.000ns fall@1.475ns period=2.950ns})
  Path Group:             vclk
  Path Type:              Setup (Max at Slow Process Corner)
  Requirement:            2.950ns  (vclk rise@2.950ns - vclk rise@0.000ns)
  Data Path Delay:        3.110ns  (logic 0.124ns (3.988%)  route 2.986ns (96.012%))
  Logic Levels:           1  (LUT1=1)
  Input Delay:            0.000ns
  Clock Path Skew:        0.924ns (DCD - SCD + CPR)
    Destination Clock Delay (DCD):    0.924ns = ( 3.874 - 2.950 ) 
    Source Clock Delay      (SCD):    0.000ns
    Clock Pessimism Removal (CPR):    0.000ns
  Clock Uncertainty:      0.035ns  ((TSJ^2 + TIJ^2)^1/2 + DJ) / 2 + PE
    Total System Jitter     (TSJ):    0.071ns
    Total Input Jitter      (TIJ):    0.000ns
    Discrete Jitter          (DJ):    0.000ns
    Phase Error              (PE):    0.000ns

    Location             Delay type                Incr(ns)  Path(ns)    Netlist Resource(s)
  -------------------------------------------------------------------    -------------------
                         (clock vclk rise edge)       0.000     0.000 r  <hidden>
                         input delay                  0.000     0.000    <hidden>
                                                      0.000     0.000 f  rst_n
                         net (fo=0)                   0.973     0.973    rst_n
    SLICE_X35Y73         LUT1 (Prop_lut1_I0_O)        0.124     1.097 r  y[15]_i_1/O
                         net (fo=290, routed)         2.013     3.110    RSTP
    SLICE_X30Y70         FDRE                                         r  a1_reg[2]/R
  -------------------------------------------------------------------    -------------------

                         (clock vclk rise edge)       2.950     2.950 r  <hidden>
                                                      0.000     2.950 r  clk
                         net (fo=289, unset)          0.924     3.874    clk
    SLICE_X30Y70         FDRE                                         r  a1_reg[2]/C
                         clock pessimism              0.000     3.874    <hidden>
                         clock uncertainty           -0.035     3.839    <hidden>
    SLICE_X30Y70         FDRE (Setup_fdre_C_R)       -0.524     3.315    a1_reg[2]
  -------------------------------------------------------------------
                         required time                          3.315    <hidden>
                         arrival time                          -3.110    <hidden>
  -------------------------------------------------------------------
                         slack                                  0.205    <hidden>

Slack (MET) :             0.205ns  (required time - arrival time)
  Source:                 rst_n
                            (input port clocked by vclk  {rise@0.000ns fall@1.475ns period=2.950ns})
  Destination:            a1_reg[3]/R
                            (rising edge-triggered cell FDRE clocked by vclk  {rise@0.000ns fall@1.475ns period=2.950ns})
  Path Group:             vclk
  Path Type:              Setup (Max at Slow Process Corner)
  Requirement:            2.950ns  (vclk rise@2.950ns - vclk rise@0.000ns)
  Data Path Delay:        3.110ns  (logic 0.124ns (3.988%)  route 2.986ns (96.012%))
  Logic Levels:           1  (LUT1=1)
  Input Delay:            0.000ns
  Clock Path Skew:        0.924ns (DCD - SCD + CPR)
    Destination Clock Delay (DCD):    0.924ns = ( 3.874 - 2.950 ) 
    Source Clock Delay      (SCD):    0.000ns
    Clock Pessimism Removal (CPR):    0.000ns
  Clock Uncertainty:      0.035ns  ((TSJ^2 + TIJ^2)^1/2 + DJ) / 2 + PE
    Total System Jitter     (TSJ):    0.071ns
    Total Input Jitter      (TIJ):    0.000ns
    Discrete Jitter          (DJ):    0.000ns
    Phase Error              (PE):    0.000ns

    Location             Delay type                Incr(ns)  Path(ns)    Netlist Resource(s)
  -------------------------------------------------------------------    -------------------
                         (clock vclk rise edge)       0.000     0.000 r  <hidden>
                         input delay                  0.000     0.000    <hidden>
                                                      0.000     0.000 f  rst_n
                         net (fo=0)                   0.973     0.973    rst_n
    SLICE_X35Y73         LUT1 (Prop_lut1_I0_O)        0.124     1.097 r  y[15]_i_1/O
                         net (fo=290, routed)         2.013     3.110    RSTP
    SLICE_X30Y70         FDRE                                         r  a1_reg[3]/R
  -------------------------------------------------------------------    -------------------

                         (clock vclk rise edge)       2.950     2.950 r  <hidden>
                                                      0.000     2.950 r  clk
                         net (fo=289, unset)          0.924     3.874    clk
    SLICE_X30Y70         FDRE                                         r  a1_reg[3]/C
                         clock pessimism              0.000     3.874    <hidden>
                         clock uncertainty           -0.035     3.839    <hidden>
    SLICE_X30Y70         FDRE (Setup_fdre_C_R)       -0.524     3.315    a1_reg[3]
  -------------------------------------------------------------------
                         required time                          3.315    <hidden>
                         arrival time                          -3.110    <hidden>
  -------------------------------------------------------------------
                         slack                                  0.205    <hidden>





Pulse Width Checks
--------------------------------------------------------------------------------------
Clock Name:         vclk
Waveform(ns):       { 0.000 1.475 }
Period(ns):         2.950
Sources:            { clk }

Check Type        Corner  Lib Pin  Reference Pin  Required(ns)  Actual(ns)  Slack(ns)  Location      Pin
Min Period        n/a     FDRE/C   n/a            1.000         2.950       1.950      SLICE_X31Y72  a0_reg[10]/C
Min Period        n/a     FDRE/C   n/a            1.000         2.950       1.950      SLICE_X31Y72  a0_reg[11]/C
Min Period        n/a     FDRE/C   n/a            1.000         2.950       1.950      SLICE_X31Y72  a0_reg[12]/C
Min Period        n/a     FDRE/C   n/a            1.000         2.950       1.950      SLICE_X31Y73  a0_reg[13]/C
Min Period        n/a     FDRE/C   n/a            1.000         2.950       1.950      SLICE_X31Y73  a0_reg[14]/C
Min Period        n/a     FDRE/C   n/a            1.000         2.950       1.950      SLICE_X31Y73  a0_reg[15]/C
Min Period        n/a     FDRE/C   n/a            1.000         2.950       1.950      SLICE_X31Y70  a0_reg[2]/C
Min Period        n/a     FDRE/C   n/a            1.000         2.950       1.950      SLICE_X31Y70  a0_reg[3]/C
Min Period        n/a     FDRE/C   n/a            1.000         2.950       1.950      SLICE_X31Y70  a0_reg[4]/C
Min Period        n/a     FDRE/C   n/a            1.000         2.950       1.950      SLICE_X31Y71  a0_reg[5]/C
Low Pulse Width   Slow    FDRE/C   n/a            0.500         1.475       0.975      SLICE_X31Y72  a0_reg[10]/C
Low Pulse Width   Fast    FDRE/C   n/a            0.500         1.475       0.975      SLICE_X31Y72  a0_reg[10]/C
Low Pulse Width   Slow    FDRE/C   n/a            0.500         1.475       0.975      SLICE_X31Y72  a0_reg[11]/C
Low Pulse Width   Fast    FDRE/C   n/a            0.500         1.475       0.975      SLICE_X31Y72  a0_reg[11]/C
Low Pulse Width   Slow    FDRE/C   n/a            0.500         1.475       0.975      SLICE_X31Y72  a0_reg[12]/C
Low Pulse Width   Fast    FDRE/C   n/a            0.500         1.475       0.975      SLICE_X31Y72  a0_reg[12]/C
Low Pulse Width   Slow    FDRE/C   n/a            0.500         1.475       0.975      SLICE_X31Y73  a0_reg[13]/C
Low Pulse Width   Fast    FDRE/C   n/a            0.500         1.475       0.975      SLICE_X31Y73  a0_reg[13]/C
Low Pulse Width   Slow    FDRE/C   n/a            0.500         1.475       0.975      SLICE_X31Y73  a0_reg[14]/C
Low Pulse Width   Fast    FDRE/C   n/a            0.500         1.475       0.975      SLICE_X31Y73  a0_reg[14]/C
High Pulse Width  Slow    FDRE/C   n/a            0.500         1.475       0.975      SLICE_X31Y72  a0_reg[10]/C
High Pulse Width  Fast    FDRE/C   n/a            0.500         1.475       0.975      SLICE_X31Y72  a0_reg[10]/C
High Pulse Width  Slow    FDRE/C   n/a            0.500         1.475       0.975      SLICE_X31Y72  a0_reg[11]/C
High Pulse Width  Fast    FDRE/C   n/a            0.500         1.475       0.975      SLICE_X31Y72  a0_reg[11]/C
High Pulse Width  Slow    FDRE/C   n/a            0.500         1.475       0.975      SLICE_X31Y72  a0_reg[12]/C
High Pulse Width  Fast    FDRE/C   n/a            0.500         1.475       0.975      SLICE_X31Y72  a0_reg[12]/C
High Pulse Width  Slow    FDRE/C   n/a            0.500         1.475       0.975      SLICE_X31Y73  a0_reg[13]/C
High Pulse Width  Fast    FDRE/C   n/a            0.500         1.475       0.975      SLICE_X31Y73  a0_reg[13]/C
High Pulse Width  Slow    FDRE/C   n/a            0.500         1.475       0.975      SLICE_X31Y73  a0_reg[14]/C
High Pulse Width  Fast    FDRE/C   n/a            0.500         1.475       0.975      SLICE_X31Y73  a0_reg[14]/C



