Copyright 1986-2022 Xilinx, Inc. All Rights Reserved. Copyright 2022-2026 Advanced Micro Devices, Inc. All Rights Reserved.
--------------------------------------------------------------------------------------------------------------------------------------------------------------------------------------------------------------------------------------------------------------------------------------
| Tool Version : Vivado v.2026.1 (win64) Build 6511674 Tue Jun 16 11:02:23 MDT 2026
| Date         : Sun Aug 30 23:42:13 2026
| Host         : Amine running 64-bit major release  (build 9200)
| Command      : report_timing_summary -delay_type max -max_paths 10 -report_unconstrained -check_timing_verbose -warn_on_violation -file C:/Users/Amine/mas/fpga-repo/timing_closure_candidate_v7/results/c06_iir_rf_iir18_v7/trial_002_search_p6p7625_a0/reports/timing_summary.rpt
| Design       : rf_s1__iir18_v7__g2
| Device       : 7z020-clg400
| Speed File   : -1  PRODUCTION 1.12 2019-11-22
| Design State : Routed
--------------------------------------------------------------------------------------------------------------------------------------------------------------------------------------------------------------------------------------------------------------------------------------

Timing Summary Report

------------------------------------------------------------------------------------------------
| Timer Settings
| --------------
------------------------------------------------------------------------------------------------

  Enable Multi Corner Analysis               :  Yes
  Enable Pessimism Removal                   :  Yes
  Pessimism Removal Resolution               :  Nearest Common Node
  Enable Input Delay Default Clock           :  No
  Enable Preset / Clear Arcs                 :  No
  Disable Flight Delays                      :  No
  Ignore I/O Paths                           :  No
  Timing Early Launch at Borrowing Latches   :  No
  Borrow Time for Max Delay Exceptions       :  Yes
  Merge Timing Exceptions                    :  Yes
  Inter-SLR Compensation                     :  Conservative

  Corner  Analyze    Analyze    
  Name    Max Paths  Min Paths  
  ------  ---------  ---------  
  Slow    Yes        Yes        
  Fast    Yes        Yes        


------------------------------------------------------------------------------------------------
| Report Methodology
| ------------------
------------------------------------------------------------------------------------------------

No report available as report_methodology has not been run prior. Run report_methodology on the current design for the summary of methodology violations.



check_timing report

Table of Contents
-----------------
1. checking no_clock (0)
2. checking constant_clock (0)
3. checking pulse_width_clock (0)
4. checking unconstrained_internal_endpoints (0)
5. checking no_input_delay (0)
6. checking no_output_delay (0)
7. checking multiple_clock (0)
8. checking generated_clocks (0)
9. checking loops (0)
10. checking partial_input_delay (0)
11. checking partial_output_delay (0)
12. checking latch_loops (0)

1. checking no_clock (0)
------------------------
 There are 0 register/latch pins with no clock.


2. checking constant_clock (0)
------------------------------
 There are 0 register/latch pins with constant_clock.


3. checking pulse_width_clock (0)
---------------------------------
 There are 0 register/latch pins which need pulse_width check


4. checking unconstrained_internal_endpoints (0)
------------------------------------------------
 There are 0 pins that are not constrained for maximum delay.

 There are 0 pins that are not constrained for maximum delay due to constant clock.


5. checking no_input_delay (0)
------------------------------
 There are 0 input ports with no input delay specified.

 There are 0 input ports with no input delay but user has a false path constraint.


6. checking no_output_delay (0)
-------------------------------
 There are 0 ports with no output delay specified.

 There are 0 ports with no output delay but user has a false path constraint

 There are 0 ports with no output delay but with a timing clock defined on it or propagating through it


7. checking multiple_clock (0)
------------------------------
 There are 0 register/latch pins with multiple clocks.


8. checking generated_clocks (0)
--------------------------------
 There are 0 generated clocks that are not connected to a clock source.


9. checking loops (0)
---------------------
 There are 0 combinational loops in the design.


10. checking partial_input_delay (0)
------------------------------------
 There are 0 input ports with partial input delay specified.


11. checking partial_output_delay (0)
-------------------------------------
 There are 0 ports with partial output delay specified.


12. checking latch_loops (0)
----------------------------
 There are 0 combinational latch loops in the design through latch input



------------------------------------------------------------------------------------------------
| Design Timing Summary
| ---------------------
------------------------------------------------------------------------------------------------

    WNS(ns)      TNS(ns)  TNS Failing Endpoints  TNS Total Endpoints     WPWS(ns)     TPWS(ns)  TPWS Failing Endpoints  TPWS Total Endpoints  
    -------      -------  ---------------------  -------------------     --------     --------  ----------------------  --------------------  
      0.814        0.000                      0                  634        2.882        0.000                       0                   309  


All user specified timing constraints are met.


------------------------------------------------------------------------------------------------
| Clock Summary
| -------------
------------------------------------------------------------------------------------------------

Clock  Waveform(ns)         Period(ns)      Frequency(MHz)
-----  ------------         ----------      --------------
vclk   {0.000 3.381}        6.763           147.863         


------------------------------------------------------------------------------------------------
| Intra Clock Table
| -----------------
------------------------------------------------------------------------------------------------

Clock             WNS(ns)      TNS(ns)  TNS Failing Endpoints  TNS Total Endpoints     WPWS(ns)     TPWS(ns)  TPWS Failing Endpoints  TPWS Total Endpoints  
-----             -------      -------  ---------------------  -------------------     --------     --------  ----------------------  --------------------  
vclk                0.814        0.000                      0                  634        2.882        0.000                       0                   309  


------------------------------------------------------------------------------------------------
| Inter Clock Table
| -----------------
------------------------------------------------------------------------------------------------

From Clock    To Clock          WNS(ns)      TNS(ns)  TNS Failing Endpoints  TNS Total Endpoints  
----------    --------          -------      -------  ---------------------  -------------------  


------------------------------------------------------------------------------------------------
| Other Path Groups Table
| -----------------------
------------------------------------------------------------------------------------------------

Path Group    From Clock    To Clock          WNS(ns)      TNS(ns)  TNS Failing Endpoints  TNS Total Endpoints  
----------    ----------    --------          -------      -------  ---------------------  -------------------  


------------------------------------------------------------------------------------------------
| User Ignored Path Table
| -----------------------
------------------------------------------------------------------------------------------------

Path Group    From Clock    To Clock    
----------    ----------    --------    


------------------------------------------------------------------------------------------------
| Unconstrained Path Table
| ------------------------
------------------------------------------------------------------------------------------------

Path Group    From Clock    To Clock    
----------    ----------    --------    


------------------------------------------------------------------------------------------------
| Timing Details
| --------------
------------------------------------------------------------------------------------------------


---------------------------------------------------------------------------------------------------
From Clock:  vclk
  To Clock:  vclk

Setup :            0  Failing Endpoints,  Worst Slack        0.814ns,  Total Violation        0.000ns
Hold  :           NA  Failing Endpoints,  Worst Slack           NA  ,  Total Violation           NA
PW    :            0  Failing Endpoints,  Worst Slack        2.882ns,  Total Violation        0.000ns
---------------------------------------------------------------------------------------------------


Max Delay Paths
--------------------------------------------------------------------------------------
Slack (MET) :             0.814ns  (required time - arrival time)
  Source:                 rst_n
                            (input port clocked by vclk  {rise@0.000ns fall@3.382ns period=6.763ns})
  Destination:            r17_reg[11]/R
                            (rising edge-triggered cell FDRE clocked by vclk  {rise@0.000ns fall@3.382ns period=6.763ns})
  Path Group:             vclk
  Path Type:              Setup (Max at Slow Process Corner)
  Requirement:            6.763ns  (vclk rise@6.763ns - vclk rise@0.000ns)
  Data Path Delay:        6.409ns  (logic 0.124ns (1.935%)  route 6.285ns (98.065%))
  Logic Levels:           1  (LUT1=1)
  Input Delay:            0.000ns
  Clock Path Skew:        0.924ns (DCD - SCD + CPR)
    Destination Clock Delay (DCD):    0.924ns = ( 7.687 - 6.763 ) 
    Source Clock Delay      (SCD):    0.000ns
    Clock Pessimism Removal (CPR):    0.000ns
  Clock Uncertainty:      0.035ns  ((TSJ^2 + TIJ^2)^1/2 + DJ) / 2 + PE
    Total System Jitter     (TSJ):    0.071ns
    Total Input Jitter      (TIJ):    0.000ns
    Discrete Jitter          (DJ):    0.000ns
    Phase Error              (PE):    0.000ns

    Location             Delay type                Incr(ns)  Path(ns)    Netlist Resource(s)
  -------------------------------------------------------------------    -------------------
                         (clock vclk rise edge)       0.000     0.000 r  <hidden>
                         input delay                  0.000     0.000    <hidden>
                                                      0.000     0.000 f  rst_n
                         net (fo=0)                   0.973     0.973    rst_n
    SLICE_X28Y78         LUT1 (Prop_lut1_I0_O)        0.124     1.097 r  y[15]_i_1/O
                         net (fo=309, routed)         5.312     6.409    RSTP
    SLICE_X43Y80         FDRE                                         r  r17_reg[11]/R
  -------------------------------------------------------------------    -------------------

                         (clock vclk rise edge)       6.763     6.763 r  <hidden>
                                                      0.000     6.763 r  clk
                         net (fo=308, unset)          0.924     7.687    clk
    SLICE_X43Y80         FDRE                                         r  r17_reg[11]/C
                         clock pessimism              0.000     7.687    <hidden>
                         clock uncertainty           -0.035     7.652    <hidden>
    SLICE_X43Y80         FDRE (Setup_fdre_C_R)       -0.429     7.223    r17_reg[11]
  -------------------------------------------------------------------
                         required time                          7.223    <hidden>
                         arrival time                          -6.409    <hidden>
  -------------------------------------------------------------------
                         slack                                  0.814    <hidden>

Slack (MET) :             0.814ns  (required time - arrival time)
  Source:                 rst_n
                            (input port clocked by vclk  {rise@0.000ns fall@3.382ns period=6.763ns})
  Destination:            r17_reg[12]/R
                            (rising edge-triggered cell FDRE clocked by vclk  {rise@0.000ns fall@3.382ns period=6.763ns})
  Path Group:             vclk
  Path Type:              Setup (Max at Slow Process Corner)
  Requirement:            6.763ns  (vclk rise@6.763ns - vclk rise@0.000ns)
  Data Path Delay:        6.409ns  (logic 0.124ns (1.935%)  route 6.285ns (98.065%))
  Logic Levels:           1  (LUT1=1)
  Input Delay:            0.000ns
  Clock Path Skew:        0.924ns (DCD - SCD + CPR)
    Destination Clock Delay (DCD):    0.924ns = ( 7.687 - 6.763 ) 
    Source Clock Delay      (SCD):    0.000ns
    Clock Pessimism Removal (CPR):    0.000ns
  Clock Uncertainty:      0.035ns  ((TSJ^2 + TIJ^2)^1/2 + DJ) / 2 + PE
    Total System Jitter     (TSJ):    0.071ns
    Total Input Jitter      (TIJ):    0.000ns
    Discrete Jitter          (DJ):    0.000ns
    Phase Error              (PE):    0.000ns

    Location             Delay type                Incr(ns)  Path(ns)    Netlist Resource(s)
  -------------------------------------------------------------------    -------------------
                         (clock vclk rise edge)       0.000     0.000 r  <hidden>
                         input delay                  0.000     0.000    <hidden>
                                                      0.000     0.000 f  rst_n
                         net (fo=0)                   0.973     0.973    rst_n
    SLICE_X28Y78         LUT1 (Prop_lut1_I0_O)        0.124     1.097 r  y[15]_i_1/O
                         net (fo=309, routed)         5.312     6.409    RSTP
    SLICE_X43Y80         FDRE                                         r  r17_reg[12]/R
  -------------------------------------------------------------------    -------------------

                         (clock vclk rise edge)       6.763     6.763 r  <hidden>
                                                      0.000     6.763 r  clk
                         net (fo=308, unset)          0.924     7.687    clk
    SLICE_X43Y80         FDRE                                         r  r17_reg[12]/C
                         clock pessimism              0.000     7.687    <hidden>
                         clock uncertainty           -0.035     7.652    <hidden>
    SLICE_X43Y80         FDRE (Setup_fdre_C_R)       -0.429     7.223    r17_reg[12]
  -------------------------------------------------------------------
                         required time                          7.223    <hidden>
                         arrival time                          -6.409    <hidden>
  -------------------------------------------------------------------
                         slack                                  0.814    <hidden>

Slack (MET) :             0.814ns  (required time - arrival time)
  Source:                 rst_n
                            (input port clocked by vclk  {rise@0.000ns fall@3.382ns period=6.763ns})
  Destination:            r17_reg[13]/R
                            (rising edge-triggered cell FDRE clocked by vclk  {rise@0.000ns fall@3.382ns period=6.763ns})
  Path Group:             vclk
  Path Type:              Setup (Max at Slow Process Corner)
  Requirement:            6.763ns  (vclk rise@6.763ns - vclk rise@0.000ns)
  Data Path Delay:        6.409ns  (logic 0.124ns (1.935%)  route 6.285ns (98.065%))
  Logic Levels:           1  (LUT1=1)
  Input Delay:            0.000ns
  Clock Path Skew:        0.924ns (DCD - SCD + CPR)
    Destination Clock Delay (DCD):    0.924ns = ( 7.687 - 6.763 ) 
    Source Clock Delay      (SCD):    0.000ns
    Clock Pessimism Removal (CPR):    0.000ns
  Clock Uncertainty:      0.035ns  ((TSJ^2 + TIJ^2)^1/2 + DJ) / 2 + PE
    Total System Jitter     (TSJ):    0.071ns
    Total Input Jitter      (TIJ):    0.000ns
    Discrete Jitter          (DJ):    0.000ns
    Phase Error              (PE):    0.000ns

    Location             Delay type                Incr(ns)  Path(ns)    Netlist Resource(s)
  -------------------------------------------------------------------    -------------------
                         (clock vclk rise edge)       0.000     0.000 r  <hidden>
                         input delay                  0.000     0.000    <hidden>
                                                      0.000     0.000 f  rst_n
                         net (fo=0)                   0.973     0.973    rst_n
    SLICE_X28Y78         LUT1 (Prop_lut1_I0_O)        0.124     1.097 r  y[15]_i_1/O
                         net (fo=309, routed)         5.312     6.409    RSTP
    SLICE_X43Y80         FDRE                                         r  r17_reg[13]/R
  -------------------------------------------------------------------    -------------------

                         (clock vclk rise edge)       6.763     6.763 r  <hidden>
                                                      0.000     6.763 r  clk
                         net (fo=308, unset)          0.924     7.687    clk
    SLICE_X43Y80         FDRE                                         r  r17_reg[13]/C
                         clock pessimism              0.000     7.687    <hidden>
                         clock uncertainty           -0.035     7.652    <hidden>
    SLICE_X43Y80         FDRE (Setup_fdre_C_R)       -0.429     7.223    r17_reg[13]
  -------------------------------------------------------------------
                         required time                          7.223    <hidden>
                         arrival time                          -6.409    <hidden>
  -------------------------------------------------------------------
                         slack                                  0.814    <hidden>

Slack (MET) :             0.814ns  (required time - arrival time)
  Source:                 rst_n
                            (input port clocked by vclk  {rise@0.000ns fall@3.382ns period=6.763ns})
  Destination:            r17_reg[14]/R
                            (rising edge-triggered cell FDRE clocked by vclk  {rise@0.000ns fall@3.382ns period=6.763ns})
  Path Group:             vclk
  Path Type:              Setup (Max at Slow Process Corner)
  Requirement:            6.763ns  (vclk rise@6.763ns - vclk rise@0.000ns)
  Data Path Delay:        6.409ns  (logic 0.124ns (1.935%)  route 6.285ns (98.065%))
  Logic Levels:           1  (LUT1=1)
  Input Delay:            0.000ns
  Clock Path Skew:        0.924ns (DCD - SCD + CPR)
    Destination Clock Delay (DCD):    0.924ns = ( 7.687 - 6.763 ) 
    Source Clock Delay      (SCD):    0.000ns
    Clock Pessimism Removal (CPR):    0.000ns
  Clock Uncertainty:      0.035ns  ((TSJ^2 + TIJ^2)^1/2 + DJ) / 2 + PE
    Total System Jitter     (TSJ):    0.071ns
    Total Input Jitter      (TIJ):    0.000ns
    Discrete Jitter          (DJ):    0.000ns
    Phase Error              (PE):    0.000ns

    Location             Delay type                Incr(ns)  Path(ns)    Netlist Resource(s)
  -------------------------------------------------------------------    -------------------
                         (clock vclk rise edge)       0.000     0.000 r  <hidden>
                         input delay                  0.000     0.000    <hidden>
                                                      0.000     0.000 f  rst_n
                         net (fo=0)                   0.973     0.973    rst_n
    SLICE_X28Y78         LUT1 (Prop_lut1_I0_O)        0.124     1.097 r  y[15]_i_1/O
                         net (fo=309, routed)         5.312     6.409    RSTP
    SLICE_X43Y80         FDRE                                         r  r17_reg[14]/R
  -------------------------------------------------------------------    -------------------

                         (clock vclk rise edge)       6.763     6.763 r  <hidden>
                                                      0.000     6.763 r  clk
                         net (fo=308, unset)          0.924     7.687    clk
    SLICE_X43Y80         FDRE                                         r  r17_reg[14]/C
                         clock pessimism              0.000     7.687    <hidden>
                         clock uncertainty           -0.035     7.652    <hidden>
    SLICE_X43Y80         FDRE (Setup_fdre_C_R)       -0.429     7.223    r17_reg[14]
  -------------------------------------------------------------------
                         required time                          7.223    <hidden>
                         arrival time                          -6.409    <hidden>
  -------------------------------------------------------------------
                         slack                                  0.814    <hidden>

Slack (MET) :             0.871ns  (required time - arrival time)
  Source:                 rst_n
                            (input port clocked by vclk  {rise@0.000ns fall@3.382ns period=6.763ns})
  Destination:            r16_reg[4]/R
                            (rising edge-triggered cell FDRE clocked by vclk  {rise@0.000ns fall@3.382ns period=6.763ns})
  Path Group:             vclk
  Path Type:              Setup (Max at Slow Process Corner)
  Requirement:            6.763ns  (vclk rise@6.763ns - vclk rise@0.000ns)
  Data Path Delay:        6.257ns  (logic 0.124ns (1.982%)  route 6.133ns (98.018%))
  Logic Levels:           1  (LUT1=1)
  Input Delay:            0.000ns
  Clock Path Skew:        0.924ns (DCD - SCD + CPR)
    Destination Clock Delay (DCD):    0.924ns = ( 7.687 - 6.763 ) 
    Source Clock Delay      (SCD):    0.000ns
    Clock Pessimism Removal (CPR):    0.000ns
  Clock Uncertainty:      0.035ns  ((TSJ^2 + TIJ^2)^1/2 + DJ) / 2 + PE
    Total System Jitter     (TSJ):    0.071ns
    Total Input Jitter      (TIJ):    0.000ns
    Discrete Jitter          (DJ):    0.000ns
    Phase Error              (PE):    0.000ns

    Location             Delay type                Incr(ns)  Path(ns)    Netlist Resource(s)
  -------------------------------------------------------------------    -------------------
                         (clock vclk rise edge)       0.000     0.000 r  <hidden>
                         input delay                  0.000     0.000    <hidden>
                                                      0.000     0.000 f  rst_n
                         net (fo=0)                   0.973     0.973    rst_n
    SLICE_X28Y78         LUT1 (Prop_lut1_I0_O)        0.124     1.097 r  y[15]_i_1/O
                         net (fo=309, routed)         5.160     6.257    RSTP
    SLICE_X38Y74         FDRE                                         r  r16_reg[4]/R
  -------------------------------------------------------------------    -------------------

                         (clock vclk rise edge)       6.763     6.763 r  <hidden>
                                                      0.000     6.763 r  clk
                         net (fo=308, unset)          0.924     7.687    clk
    SLICE_X38Y74         FDRE                                         r  r16_reg[4]/C
                         clock pessimism              0.000     7.687    <hidden>
                         clock uncertainty           -0.035     7.652    <hidden>
    SLICE_X38Y74         FDRE (Setup_fdre_C_R)       -0.524     7.128    r16_reg[4]
  -------------------------------------------------------------------
                         required time                          7.128    <hidden>
                         arrival time                          -6.257    <hidden>
  -------------------------------------------------------------------
                         slack                                  0.871    <hidden>

Slack (MET) :             0.871ns  (required time - arrival time)
  Source:                 rst_n
                            (input port clocked by vclk  {rise@0.000ns fall@3.382ns period=6.763ns})
  Destination:            r16_reg[5]/R
                            (rising edge-triggered cell FDRE clocked by vclk  {rise@0.000ns fall@3.382ns period=6.763ns})
  Path Group:             vclk
  Path Type:              Setup (Max at Slow Process Corner)
  Requirement:            6.763ns  (vclk rise@6.763ns - vclk rise@0.000ns)
  Data Path Delay:        6.257ns  (logic 0.124ns (1.982%)  route 6.133ns (98.018%))
  Logic Levels:           1  (LUT1=1)
  Input Delay:            0.000ns
  Clock Path Skew:        0.924ns (DCD - SCD + CPR)
    Destination Clock Delay (DCD):    0.924ns = ( 7.687 - 6.763 ) 
    Source Clock Delay      (SCD):    0.000ns
    Clock Pessimism Removal (CPR):    0.000ns
  Clock Uncertainty:      0.035ns  ((TSJ^2 + TIJ^2)^1/2 + DJ) / 2 + PE
    Total System Jitter     (TSJ):    0.071ns
    Total Input Jitter      (TIJ):    0.000ns
    Discrete Jitter          (DJ):    0.000ns
    Phase Error              (PE):    0.000ns

    Location             Delay type                Incr(ns)  Path(ns)    Netlist Resource(s)
  -------------------------------------------------------------------    -------------------
                         (clock vclk rise edge)       0.000     0.000 r  <hidden>
                         input delay                  0.000     0.000    <hidden>
                                                      0.000     0.000 f  rst_n
                         net (fo=0)                   0.973     0.973    rst_n
    SLICE_X28Y78         LUT1 (Prop_lut1_I0_O)        0.124     1.097 r  y[15]_i_1/O
                         net (fo=309, routed)         5.160     6.257    RSTP
    SLICE_X38Y74         FDRE                                         r  r16_reg[5]/R
  -------------------------------------------------------------------    -------------------

                         (clock vclk rise edge)       6.763     6.763 r  <hidden>
                                                      0.000     6.763 r  clk
                         net (fo=308, unset)          0.924     7.687    clk
    SLICE_X38Y74         FDRE                                         r  r16_reg[5]/C
                         clock pessimism              0.000     7.687    <hidden>
                         clock uncertainty           -0.035     7.652    <hidden>
    SLICE_X38Y74         FDRE (Setup_fdre_C_R)       -0.524     7.128    r16_reg[5]
  -------------------------------------------------------------------
                         required time                          7.128    <hidden>
                         arrival time                          -6.257    <hidden>
  -------------------------------------------------------------------
                         slack                                  0.871    <hidden>

Slack (MET) :             0.871ns  (required time - arrival time)
  Source:                 rst_n
                            (input port clocked by vclk  {rise@0.000ns fall@3.382ns period=6.763ns})
  Destination:            r16_reg[6]/R
                            (rising edge-triggered cell FDRE clocked by vclk  {rise@0.000ns fall@3.382ns period=6.763ns})
  Path Group:             vclk
  Path Type:              Setup (Max at Slow Process Corner)
  Requirement:            6.763ns  (vclk rise@6.763ns - vclk rise@0.000ns)
  Data Path Delay:        6.257ns  (logic 0.124ns (1.982%)  route 6.133ns (98.018%))
  Logic Levels:           1  (LUT1=1)
  Input Delay:            0.000ns
  Clock Path Skew:        0.924ns (DCD - SCD + CPR)
    Destination Clock Delay (DCD):    0.924ns = ( 7.687 - 6.763 ) 
    Source Clock Delay      (SCD):    0.000ns
    Clock Pessimism Removal (CPR):    0.000ns
  Clock Uncertainty:      0.035ns  ((TSJ^2 + TIJ^2)^1/2 + DJ) / 2 + PE
    Total System Jitter     (TSJ):    0.071ns
    Total Input Jitter      (TIJ):    0.000ns
    Discrete Jitter          (DJ):    0.000ns
    Phase Error              (PE):    0.000ns

    Location             Delay type                Incr(ns)  Path(ns)    Netlist Resource(s)
  -------------------------------------------------------------------    -------------------
                         (clock vclk rise edge)       0.000     0.000 r  <hidden>
                         input delay                  0.000     0.000    <hidden>
                                                      0.000     0.000 f  rst_n
                         net (fo=0)                   0.973     0.973    rst_n
    SLICE_X28Y78         LUT1 (Prop_lut1_I0_O)        0.124     1.097 r  y[15]_i_1/O
                         net (fo=309, routed)         5.160     6.257    RSTP
    SLICE_X38Y74         FDRE                                         r  r16_reg[6]/R
  -------------------------------------------------------------------    -------------------

                         (clock vclk rise edge)       6.763     6.763 r  <hidden>
                                                      0.000     6.763 r  clk
                         net (fo=308, unset)          0.924     7.687    clk
    SLICE_X38Y74         FDRE                                         r  r16_reg[6]/C
                         clock pessimism              0.000     7.687    <hidden>
                         clock uncertainty           -0.035     7.652    <hidden>
    SLICE_X38Y74         FDRE (Setup_fdre_C_R)       -0.524     7.128    r16_reg[6]
  -------------------------------------------------------------------
                         required time                          7.128    <hidden>
                         arrival time                          -6.257    <hidden>
  -------------------------------------------------------------------
                         slack                                  0.871    <hidden>

Slack (MET) :             0.871ns  (required time - arrival time)
  Source:                 rst_n
                            (input port clocked by vclk  {rise@0.000ns fall@3.382ns period=6.763ns})
  Destination:            r16_reg[7]/R
                            (rising edge-triggered cell FDRE clocked by vclk  {rise@0.000ns fall@3.382ns period=6.763ns})
  Path Group:             vclk
  Path Type:              Setup (Max at Slow Process Corner)
  Requirement:            6.763ns  (vclk rise@6.763ns - vclk rise@0.000ns)
  Data Path Delay:        6.257ns  (logic 0.124ns (1.982%)  route 6.133ns (98.018%))
  Logic Levels:           1  (LUT1=1)
  Input Delay:            0.000ns
  Clock Path Skew:        0.924ns (DCD - SCD + CPR)
    Destination Clock Delay (DCD):    0.924ns = ( 7.687 - 6.763 ) 
    Source Clock Delay      (SCD):    0.000ns
    Clock Pessimism Removal (CPR):    0.000ns
  Clock Uncertainty:      0.035ns  ((TSJ^2 + TIJ^2)^1/2 + DJ) / 2 + PE
    Total System Jitter     (TSJ):    0.071ns
    Total Input Jitter      (TIJ):    0.000ns
    Discrete Jitter          (DJ):    0.000ns
    Phase Error              (PE):    0.000ns

    Location             Delay type                Incr(ns)  Path(ns)    Netlist Resource(s)
  -------------------------------------------------------------------    -------------------
                         (clock vclk rise edge)       0.000     0.000 r  <hidden>
                         input delay                  0.000     0.000    <hidden>
                                                      0.000     0.000 f  rst_n
                         net (fo=0)                   0.973     0.973    rst_n
    SLICE_X28Y78         LUT1 (Prop_lut1_I0_O)        0.124     1.097 r  y[15]_i_1/O
                         net (fo=309, routed)         5.160     6.257    RSTP
    SLICE_X38Y74         FDRE                                         r  r16_reg[7]/R
  -------------------------------------------------------------------    -------------------

                         (clock vclk rise edge)       6.763     6.763 r  <hidden>
                                                      0.000     6.763 r  clk
                         net (fo=308, unset)          0.924     7.687    clk
    SLICE_X38Y74         FDRE                                         r  r16_reg[7]/C
                         clock pessimism              0.000     7.687    <hidden>
                         clock uncertainty           -0.035     7.652    <hidden>
    SLICE_X38Y74         FDRE (Setup_fdre_C_R)       -0.524     7.128    r16_reg[7]
  -------------------------------------------------------------------
                         required time                          7.128    <hidden>
                         arrival time                          -6.257    <hidden>
  -------------------------------------------------------------------
                         slack                                  0.871    <hidden>

Slack (MET) :             0.924ns  (required time - arrival time)
  Source:                 rst_n
                            (input port clocked by vclk  {rise@0.000ns fall@3.382ns period=6.763ns})
  Destination:            r15_reg[1]/R
                            (rising edge-triggered cell FDRE clocked by vclk  {rise@0.000ns fall@3.382ns period=6.763ns})
  Path Group:             vclk
  Path Type:              Setup (Max at Slow Process Corner)
  Requirement:            6.763ns  (vclk rise@6.763ns - vclk rise@0.000ns)
  Data Path Delay:        6.299ns  (logic 0.124ns (1.969%)  route 6.175ns (98.031%))
  Logic Levels:           1  (LUT1=1)
  Input Delay:            0.000ns
  Clock Path Skew:        0.924ns (DCD - SCD + CPR)
    Destination Clock Delay (DCD):    0.924ns = ( 7.687 - 6.763 ) 
    Source Clock Delay      (SCD):    0.000ns
    Clock Pessimism Removal (CPR):    0.000ns
  Clock Uncertainty:      0.035ns  ((TSJ^2 + TIJ^2)^1/2 + DJ) / 2 + PE
    Total System Jitter     (TSJ):    0.071ns
    Total Input Jitter      (TIJ):    0.000ns
    Discrete Jitter          (DJ):    0.000ns
    Phase Error              (PE):    0.000ns

    Location             Delay type                Incr(ns)  Path(ns)    Netlist Resource(s)
  -------------------------------------------------------------------    -------------------
                         (clock vclk rise edge)       0.000     0.000 r  <hidden>
                         input delay                  0.000     0.000    <hidden>
                                                      0.000     0.000 f  rst_n
                         net (fo=0)                   0.973     0.973    rst_n
    SLICE_X28Y78         LUT1 (Prop_lut1_I0_O)        0.124     1.097 r  y[15]_i_1/O
                         net (fo=309, routed)         5.202     6.299    RSTP
    SLICE_X39Y73         FDRE                                         r  r15_reg[1]/R
  -------------------------------------------------------------------    -------------------

                         (clock vclk rise edge)       6.763     6.763 r  <hidden>
                                                      0.000     6.763 r  clk
                         net (fo=308, unset)          0.924     7.687    clk
    SLICE_X39Y73         FDRE                                         r  r15_reg[1]/C
                         clock pessimism              0.000     7.687    <hidden>
                         clock uncertainty           -0.035     7.652    <hidden>
    SLICE_X39Y73         FDRE (Setup_fdre_C_R)       -0.429     7.223    r15_reg[1]
  -------------------------------------------------------------------
                         required time                          7.223    <hidden>
                         arrival time                          -6.299    <hidden>
  -------------------------------------------------------------------
                         slack                                  0.924    <hidden>

Slack (MET) :             0.924ns  (required time - arrival time)
  Source:                 rst_n
                            (input port clocked by vclk  {rise@0.000ns fall@3.382ns period=6.763ns})
  Destination:            r15_reg[2]/R
                            (rising edge-triggered cell FDRE clocked by vclk  {rise@0.000ns fall@3.382ns period=6.763ns})
  Path Group:             vclk
  Path Type:              Setup (Max at Slow Process Corner)
  Requirement:            6.763ns  (vclk rise@6.763ns - vclk rise@0.000ns)
  Data Path Delay:        6.299ns  (logic 0.124ns (1.969%)  route 6.175ns (98.031%))
  Logic Levels:           1  (LUT1=1)
  Input Delay:            0.000ns
  Clock Path Skew:        0.924ns (DCD - SCD + CPR)
    Destination Clock Delay (DCD):    0.924ns = ( 7.687 - 6.763 ) 
    Source Clock Delay      (SCD):    0.000ns
    Clock Pessimism Removal (CPR):    0.000ns
  Clock Uncertainty:      0.035ns  ((TSJ^2 + TIJ^2)^1/2 + DJ) / 2 + PE
    Total System Jitter     (TSJ):    0.071ns
    Total Input Jitter      (TIJ):    0.000ns
    Discrete Jitter          (DJ):    0.000ns
    Phase Error              (PE):    0.000ns

    Location             Delay type                Incr(ns)  Path(ns)    Netlist Resource(s)
  -------------------------------------------------------------------    -------------------
                         (clock vclk rise edge)       0.000     0.000 r  <hidden>
                         input delay                  0.000     0.000    <hidden>
                                                      0.000     0.000 f  rst_n
                         net (fo=0)                   0.973     0.973    rst_n
    SLICE_X28Y78         LUT1 (Prop_lut1_I0_O)        0.124     1.097 r  y[15]_i_1/O
                         net (fo=309, routed)         5.202     6.299    RSTP
    SLICE_X39Y73         FDRE                                         r  r15_reg[2]/R
  -------------------------------------------------------------------    -------------------

                         (clock vclk rise edge)       6.763     6.763 r  <hidden>
                                                      0.000     6.763 r  clk
                         net (fo=308, unset)          0.924     7.687    clk
    SLICE_X39Y73         FDRE                                         r  r15_reg[2]/C
                         clock pessimism              0.000     7.687    <hidden>
                         clock uncertainty           -0.035     7.652    <hidden>
    SLICE_X39Y73         FDRE (Setup_fdre_C_R)       -0.429     7.223    r15_reg[2]
  -------------------------------------------------------------------
                         required time                          7.223    <hidden>
                         arrival time                          -6.299    <hidden>
  -------------------------------------------------------------------
                         slack                                  0.924    <hidden>





Pulse Width Checks
--------------------------------------------------------------------------------------
Clock Name:         vclk
Waveform(ns):       { 0.000 3.382 }
Period(ns):         6.763
Sources:            { clk }

Check Type        Corner  Lib Pin  Reference Pin  Required(ns)  Actual(ns)  Slack(ns)  Location      Pin
Min Period        n/a     FDRE/C   n/a            1.000         6.763       5.763      SLICE_X35Y67  r10_reg[0]/C
Min Period        n/a     FDRE/C   n/a            1.000         6.763       5.763      SLICE_X42Y72  r10_reg[10]/C
Min Period        n/a     FDRE/C   n/a            1.000         6.763       5.763      SLICE_X42Y72  r10_reg[11]/C
Min Period        n/a     FDRE/C   n/a            1.000         6.763       5.763      SLICE_X42Y72  r10_reg[12]/C
Min Period        n/a     FDRE/C   n/a            1.000         6.763       5.763      SLICE_X42Y73  r10_reg[13]/C
Min Period        n/a     FDRE/C   n/a            1.000         6.763       5.763      SLICE_X42Y73  r10_reg[14]/C
Min Period        n/a     FDRE/C   n/a            1.000         6.763       5.763      SLICE_X42Y73  r10_reg[15]/C
Min Period        n/a     FDRE/C   n/a            1.000         6.763       5.763      SLICE_X42Y70  r10_reg[1]/C
Min Period        n/a     FDRE/C   n/a            1.000         6.763       5.763      SLICE_X42Y70  r10_reg[2]/C
Min Period        n/a     FDRE/C   n/a            1.000         6.763       5.763      SLICE_X42Y70  r10_reg[3]/C
Low Pulse Width   Slow    FDRE/C   n/a            0.500         3.382       2.882      SLICE_X35Y67  r10_reg[0]/C
Low Pulse Width   Fast    FDRE/C   n/a            0.500         3.381       2.881      SLICE_X35Y67  r10_reg[0]/C
Low Pulse Width   Slow    FDRE/C   n/a            0.500         3.382       2.882      SLICE_X42Y72  r10_reg[10]/C
Low Pulse Width   Fast    FDRE/C   n/a            0.500         3.381       2.881      SLICE_X42Y72  r10_reg[10]/C
Low Pulse Width   Slow    FDRE/C   n/a            0.500         3.382       2.882      SLICE_X42Y72  r10_reg[11]/C
Low Pulse Width   Fast    FDRE/C   n/a            0.500         3.381       2.881      SLICE_X42Y72  r10_reg[11]/C
Low Pulse Width   Slow    FDRE/C   n/a            0.500         3.382       2.882      SLICE_X42Y72  r10_reg[12]/C
Low Pulse Width   Fast    FDRE/C   n/a            0.500         3.381       2.881      SLICE_X42Y72  r10_reg[12]/C
Low Pulse Width   Slow    FDRE/C   n/a            0.500         3.382       2.882      SLICE_X42Y73  r10_reg[13]/C
Low Pulse Width   Fast    FDRE/C   n/a            0.500         3.381       2.881      SLICE_X42Y73  r10_reg[13]/C
High Pulse Width  Slow    FDRE/C   n/a            0.500         3.381       2.881      SLICE_X35Y67  r10_reg[0]/C
High Pulse Width  Fast    FDRE/C   n/a            0.500         3.381       2.881      SLICE_X35Y67  r10_reg[0]/C
High Pulse Width  Slow    FDRE/C   n/a            0.500         3.381       2.881      SLICE_X42Y72  r10_reg[10]/C
High Pulse Width  Fast    FDRE/C   n/a            0.500         3.381       2.881      SLICE_X42Y72  r10_reg[10]/C
High Pulse Width  Slow    FDRE/C   n/a            0.500         3.381       2.881      SLICE_X42Y72  r10_reg[11]/C
High Pulse Width  Fast    FDRE/C   n/a            0.500         3.381       2.881      SLICE_X42Y72  r10_reg[11]/C
High Pulse Width  Slow    FDRE/C   n/a            0.500         3.381       2.881      SLICE_X42Y72  r10_reg[12]/C
High Pulse Width  Fast    FDRE/C   n/a            0.500         3.381       2.881      SLICE_X42Y72  r10_reg[12]/C
High Pulse Width  Slow    FDRE/C   n/a            0.500         3.381       2.881      SLICE_X42Y73  r10_reg[13]/C
High Pulse Width  Fast    FDRE/C   n/a            0.500         3.381       2.881      SLICE_X42Y73  r10_reg[13]/C



