Copyright 1986-2022 Xilinx, Inc. All Rights Reserved. Copyright 2022-2026 Advanced Micro Devices, Inc. All Rights Reserved.
------------------------------------------------------------------------------------------------------------------------------------------------------------------------------------------------------------------------------------------------------------------------------------------
| Tool Version : Vivado v.2026.1 (win64) Build 6511674 Tue Jun 16 11:02:23 MDT 2026
| Date         : Sun Aug 30 23:48:15 2026
| Host         : Amine running 64-bit major release  (build 9200)
| Command      : report_timing_summary -delay_type max -max_paths 10 -report_unconstrained -check_timing_verbose -warn_on_violation -file C:/Users/Amine/mas/fpga-repo/timing_closure_candidate_v7/results/c06_iir_rf_iir18_v7/trial_007_search_p5p66359375_a0/reports/timing_summary.rpt
| Design       : rf_s1__iir18_v7__g2
| Device       : 7z020-clg400
| Speed File   : -1  PRODUCTION 1.12 2019-11-22
| Design State : Routed
------------------------------------------------------------------------------------------------------------------------------------------------------------------------------------------------------------------------------------------------------------------------------------------

Timing Summary Report

------------------------------------------------------------------------------------------------
| Timer Settings
| --------------
------------------------------------------------------------------------------------------------

  Enable Multi Corner Analysis               :  Yes
  Enable Pessimism Removal                   :  Yes
  Pessimism Removal Resolution               :  Nearest Common Node
  Enable Input Delay Default Clock           :  No
  Enable Preset / Clear Arcs                 :  No
  Disable Flight Delays                      :  No
  Ignore I/O Paths                           :  No
  Timing Early Launch at Borrowing Latches   :  No
  Borrow Time for Max Delay Exceptions       :  Yes
  Merge Timing Exceptions                    :  Yes
  Inter-SLR Compensation                     :  Conservative

  Corner  Analyze    Analyze    
  Name    Max Paths  Min Paths  
  ------  ---------  ---------  
  Slow    Yes        Yes        
  Fast    Yes        Yes        


------------------------------------------------------------------------------------------------
| Report Methodology
| ------------------
------------------------------------------------------------------------------------------------

No report available as report_methodology has not been run prior. Run report_methodology on the current design for the summary of methodology violations.



check_timing report

Table of Contents
-----------------
1. checking no_clock (0)
2. checking constant_clock (0)
3. checking pulse_width_clock (0)
4. checking unconstrained_internal_endpoints (0)
5. checking no_input_delay (0)
6. checking no_output_delay (0)
7. checking multiple_clock (0)
8. checking generated_clocks (0)
9. checking loops (0)
10. checking partial_input_delay (0)
11. checking partial_output_delay (0)
12. checking latch_loops (0)

1. checking no_clock (0)
------------------------
 There are 0 register/latch pins with no clock.


2. checking constant_clock (0)
------------------------------
 There are 0 register/latch pins with constant_clock.


3. checking pulse_width_clock (0)
---------------------------------
 There are 0 register/latch pins which need pulse_width check


4. checking unconstrained_internal_endpoints (0)
------------------------------------------------
 There are 0 pins that are not constrained for maximum delay.

 There are 0 pins that are not constrained for maximum delay due to constant clock.


5. checking no_input_delay (0)
------------------------------
 There are 0 input ports with no input delay specified.

 There are 0 input ports with no input delay but user has a false path constraint.


6. checking no_output_delay (0)
-------------------------------
 There are 0 ports with no output delay specified.

 There are 0 ports with no output delay but user has a false path constraint

 There are 0 ports with no output delay but with a timing clock defined on it or propagating through it


7. checking multiple_clock (0)
------------------------------
 There are 0 register/latch pins with multiple clocks.


8. checking generated_clocks (0)
--------------------------------
 There are 0 generated clocks that are not connected to a clock source.


9. checking loops (0)
---------------------
 There are 0 combinational loops in the design.


10. checking partial_input_delay (0)
------------------------------------
 There are 0 input ports with partial input delay specified.


11. checking partial_output_delay (0)
-------------------------------------
 There are 0 ports with partial output delay specified.


12. checking latch_loops (0)
----------------------------
 There are 0 combinational latch loops in the design through latch input



------------------------------------------------------------------------------------------------
| Design Timing Summary
| ---------------------
------------------------------------------------------------------------------------------------

    WNS(ns)      TNS(ns)  TNS Failing Endpoints  TNS Total Endpoints     WPWS(ns)     TPWS(ns)  TPWS Failing Endpoints  TPWS Total Endpoints  
    -------      -------  ---------------------  -------------------     --------     --------  ----------------------  --------------------  
      0.079        0.000                      0                  634        2.332        0.000                       0                   309  


All user specified timing constraints are met.


------------------------------------------------------------------------------------------------
| Clock Summary
| -------------
------------------------------------------------------------------------------------------------

Clock  Waveform(ns)         Period(ns)      Frequency(MHz)
-----  ------------         ----------      --------------
vclk   {0.000 2.832}        5.664           176.554         


------------------------------------------------------------------------------------------------
| Intra Clock Table
| -----------------
------------------------------------------------------------------------------------------------

Clock             WNS(ns)      TNS(ns)  TNS Failing Endpoints  TNS Total Endpoints     WPWS(ns)     TPWS(ns)  TPWS Failing Endpoints  TPWS Total Endpoints  
-----             -------      -------  ---------------------  -------------------     --------     --------  ----------------------  --------------------  
vclk                0.079        0.000                      0                  634        2.332        0.000                       0                   309  


------------------------------------------------------------------------------------------------
| Inter Clock Table
| -----------------
------------------------------------------------------------------------------------------------

From Clock    To Clock          WNS(ns)      TNS(ns)  TNS Failing Endpoints  TNS Total Endpoints  
----------    --------          -------      -------  ---------------------  -------------------  


------------------------------------------------------------------------------------------------
| Other Path Groups Table
| -----------------------
------------------------------------------------------------------------------------------------

Path Group    From Clock    To Clock          WNS(ns)      TNS(ns)  TNS Failing Endpoints  TNS Total Endpoints  
----------    ----------    --------          -------      -------  ---------------------  -------------------  


------------------------------------------------------------------------------------------------
| User Ignored Path Table
| -----------------------
------------------------------------------------------------------------------------------------

Path Group    From Clock    To Clock    
----------    ----------    --------    


------------------------------------------------------------------------------------------------
| Unconstrained Path Table
| ------------------------
------------------------------------------------------------------------------------------------

Path Group    From Clock    To Clock    
----------    ----------    --------    


------------------------------------------------------------------------------------------------
| Timing Details
| --------------
------------------------------------------------------------------------------------------------


---------------------------------------------------------------------------------------------------
From Clock:  vclk
  To Clock:  vclk

Setup :            0  Failing Endpoints,  Worst Slack        0.079ns,  Total Violation        0.000ns
Hold  :           NA  Failing Endpoints,  Worst Slack           NA  ,  Total Violation           NA
PW    :            0  Failing Endpoints,  Worst Slack        2.332ns,  Total Violation        0.000ns
---------------------------------------------------------------------------------------------------


Max Delay Paths
--------------------------------------------------------------------------------------
Slack (MET) :             0.079ns  (required time - arrival time)
  Source:                 x[1]
                            (input port clocked by vclk  {rise@0.000ns fall@2.832ns period=5.664ns})
  Destination:            r2_reg[14]/D
                            (rising edge-triggered cell FDRE clocked by vclk  {rise@0.000ns fall@2.832ns period=5.664ns})
  Path Group:             vclk
  Path Type:              Setup (Max at Slow Process Corner)
  Requirement:            5.664ns  (vclk rise@5.664ns - vclk rise@0.000ns)
  Data Path Delay:        6.583ns  (logic 3.285ns (49.904%)  route 3.298ns (50.096%))
  Logic Levels:           9  (CARRY4=6 LUT1=1 LUT2=1 LUT3=1)
  Input Delay:            0.000ns
  Clock Path Skew:        0.924ns (DCD - SCD + CPR)
    Destination Clock Delay (DCD):    0.924ns = ( 6.588 - 5.664 ) 
    Source Clock Delay      (SCD):    0.000ns
    Clock Pessimism Removal (CPR):    0.000ns
  Clock Uncertainty:      0.035ns  ((TSJ^2 + TIJ^2)^1/2 + DJ) / 2 + PE
    Total System Jitter     (TSJ):    0.071ns
    Total Input Jitter      (TIJ):    0.000ns
    Discrete Jitter          (DJ):    0.000ns
    Phase Error              (PE):    0.000ns

    Location             Delay type                Incr(ns)  Path(ns)    Netlist Resource(s)
  -------------------------------------------------------------------    -------------------
                         (clock vclk rise edge)       0.000     0.000 r  <hidden>
                         input delay                  0.000     0.000    <hidden>
                                                      0.000     0.000 f  x[1]
                         net (fo=91, unset)           0.973     0.973    x[1]
    SLICE_X28Y76         LUT1 (Prop_lut1_I0_O)        0.124     1.097 r  r2[8]_i_13/O
                         net (fo=1, routed)           0.000     1.097    r2[8]_i_13_n_0
    SLICE_X28Y76         CARRY4 (Prop_carry4_S[1]_CO[3])
                                                      0.550     1.647 r  r2_reg[8]_i_10/CO[3]
                         net (fo=1, routed)           0.000     1.647    r2_reg[8]_i_10_n_0
    SLICE_X28Y77         CARRY4 (Prop_carry4_CI_O[3])
                                                      0.313     1.960 r  r2_reg[12]_i_15/O[3]
                         net (fo=2, routed)           1.156     3.116    r2_reg[12]_i_15_n_4
    SLICE_X27Y74         LUT3 (Prop_lut3_I0_O)        0.334     3.450 r  r2[12]_i_7/O
                         net (fo=2, routed)           0.713     4.163    r2[12]_i_7_n_0
    SLICE_X27Y77         CARRY4 (Prop_carry4_DI[3]_CO[3])
                                                      0.587     4.750 r  r2_reg[12]_i_2/CO[3]
                         net (fo=1, routed)           0.000     4.750    r2_reg[12]_i_2_n_0
    SLICE_X27Y78         CARRY4 (Prop_carry4_CI_O[0])
                                                      0.222     4.972 r  r2_reg[15]_i_2/O[0]
                         net (fo=2, routed)           0.456     5.428    r21[10]
    SLICE_X26Y78         LUT2 (Prop_lut2_I0_O)        0.299     5.727 r  r2[12]_i_5/O
                         net (fo=1, routed)           0.000     5.727    r2[12]_i_5_n_0
    SLICE_X26Y78         CARRY4 (Prop_carry4_S[1]_CO[3])
                                                      0.533     6.260 r  r2_reg[12]_i_1/CO[3]
                         net (fo=1, routed)           0.000     6.260    r2_reg[12]_i_1_n_0
    SLICE_X26Y79         CARRY4 (Prop_carry4_CI_O[1])
                                                      0.323     6.583 r  r2_reg[15]_i_1/O[1]
                         net (fo=1, routed)           0.000     6.583    r20[14]
    SLICE_X26Y79         FDRE                                         r  r2_reg[14]/D
  -------------------------------------------------------------------    -------------------

                         (clock vclk rise edge)       5.664     5.664 r  <hidden>
                                                      0.000     5.664 r  clk
                         net (fo=308, unset)          0.924     6.588    clk
    SLICE_X26Y79         FDRE                                         r  r2_reg[14]/C
                         clock pessimism              0.000     6.588    <hidden>
                         clock uncertainty           -0.035     6.553    <hidden>
    SLICE_X26Y79         FDRE (Setup_fdre_C_D)        0.109     6.662    r2_reg[14]
  -------------------------------------------------------------------
                         required time                          6.662    <hidden>
                         arrival time                          -6.583    <hidden>
  -------------------------------------------------------------------
                         slack                                  0.079    <hidden>

Slack (MET) :             0.163ns  (required time - arrival time)
  Source:                 x[1]
                            (input port clocked by vclk  {rise@0.000ns fall@2.832ns period=5.664ns})
  Destination:            r2_reg[15]/D
                            (rising edge-triggered cell FDRE clocked by vclk  {rise@0.000ns fall@2.832ns period=5.664ns})
  Path Group:             vclk
  Path Type:              Setup (Max at Slow Process Corner)
  Requirement:            5.664ns  (vclk rise@5.664ns - vclk rise@0.000ns)
  Data Path Delay:        6.499ns  (logic 3.201ns (49.256%)  route 3.298ns (50.744%))
  Logic Levels:           9  (CARRY4=6 LUT1=1 LUT2=1 LUT3=1)
  Input Delay:            0.000ns
  Clock Path Skew:        0.924ns (DCD - SCD + CPR)
    Destination Clock Delay (DCD):    0.924ns = ( 6.588 - 5.664 ) 
    Source Clock Delay      (SCD):    0.000ns
    Clock Pessimism Removal (CPR):    0.000ns
  Clock Uncertainty:      0.035ns  ((TSJ^2 + TIJ^2)^1/2 + DJ) / 2 + PE
    Total System Jitter     (TSJ):    0.071ns
    Total Input Jitter      (TIJ):    0.000ns
    Discrete Jitter          (DJ):    0.000ns
    Phase Error              (PE):    0.000ns

    Location             Delay type                Incr(ns)  Path(ns)    Netlist Resource(s)
  -------------------------------------------------------------------    -------------------
                         (clock vclk rise edge)       0.000     0.000 r  <hidden>
                         input delay                  0.000     0.000    <hidden>
                                                      0.000     0.000 f  x[1]
                         net (fo=91, unset)           0.973     0.973    x[1]
    SLICE_X28Y76         LUT1 (Prop_lut1_I0_O)        0.124     1.097 r  r2[8]_i_13/O
                         net (fo=1, routed)           0.000     1.097    r2[8]_i_13_n_0
    SLICE_X28Y76         CARRY4 (Prop_carry4_S[1]_CO[3])
                                                      0.550     1.647 r  r2_reg[8]_i_10/CO[3]
                         net (fo=1, routed)           0.000     1.647    r2_reg[8]_i_10_n_0
    SLICE_X28Y77         CARRY4 (Prop_carry4_CI_O[3])
                                                      0.313     1.960 r  r2_reg[12]_i_15/O[3]
                         net (fo=2, routed)           1.156     3.116    r2_reg[12]_i_15_n_4
    SLICE_X27Y74         LUT3 (Prop_lut3_I0_O)        0.334     3.450 r  r2[12]_i_7/O
                         net (fo=2, routed)           0.713     4.163    r2[12]_i_7_n_0
    SLICE_X27Y77         CARRY4 (Prop_carry4_DI[3]_CO[3])
                                                      0.587     4.750 r  r2_reg[12]_i_2/CO[3]
                         net (fo=1, routed)           0.000     4.750    r2_reg[12]_i_2_n_0
    SLICE_X27Y78         CARRY4 (Prop_carry4_CI_O[0])
                                                      0.222     4.972 r  r2_reg[15]_i_2/O[0]
                         net (fo=2, routed)           0.456     5.428    r21[10]
    SLICE_X26Y78         LUT2 (Prop_lut2_I0_O)        0.299     5.727 r  r2[12]_i_5/O
                         net (fo=1, routed)           0.000     5.727    r2[12]_i_5_n_0
    SLICE_X26Y78         CARRY4 (Prop_carry4_S[1]_CO[3])
                                                      0.533     6.260 r  r2_reg[12]_i_1/CO[3]
                         net (fo=1, routed)           0.000     6.260    r2_reg[12]_i_1_n_0
    SLICE_X26Y79         CARRY4 (Prop_carry4_CI_O[2])
                                                      0.239     6.499 r  r2_reg[15]_i_1/O[2]
                         net (fo=1, routed)           0.000     6.499    r20[15]
    SLICE_X26Y79         FDRE                                         r  r2_reg[15]/D
  -------------------------------------------------------------------    -------------------

                         (clock vclk rise edge)       5.664     5.664 r  <hidden>
                                                      0.000     5.664 r  clk
                         net (fo=308, unset)          0.924     6.588    clk
    SLICE_X26Y79         FDRE                                         r  r2_reg[15]/C
                         clock pessimism              0.000     6.588    <hidden>
                         clock uncertainty           -0.035     6.553    <hidden>
    SLICE_X26Y79         FDRE (Setup_fdre_C_D)        0.109     6.662    r2_reg[15]
  -------------------------------------------------------------------
                         required time                          6.662    <hidden>
                         arrival time                          -6.499    <hidden>
  -------------------------------------------------------------------
                         slack                                  0.163    <hidden>

Slack (MET) :             0.183ns  (required time - arrival time)
  Source:                 x[1]
                            (input port clocked by vclk  {rise@0.000ns fall@2.832ns period=5.664ns})
  Destination:            r2_reg[13]/D
                            (rising edge-triggered cell FDRE clocked by vclk  {rise@0.000ns fall@2.832ns period=5.664ns})
  Path Group:             vclk
  Path Type:              Setup (Max at Slow Process Corner)
  Requirement:            5.664ns  (vclk rise@5.664ns - vclk rise@0.000ns)
  Data Path Delay:        6.479ns  (logic 3.181ns (49.099%)  route 3.298ns (50.901%))
  Logic Levels:           9  (CARRY4=6 LUT1=1 LUT2=1 LUT3=1)
  Input Delay:            0.000ns
  Clock Path Skew:        0.924ns (DCD - SCD + CPR)
    Destination Clock Delay (DCD):    0.924ns = ( 6.588 - 5.664 ) 
    Source Clock Delay      (SCD):    0.000ns
    Clock Pessimism Removal (CPR):    0.000ns
  Clock Uncertainty:      0.035ns  ((TSJ^2 + TIJ^2)^1/2 + DJ) / 2 + PE
    Total System Jitter     (TSJ):    0.071ns
    Total Input Jitter      (TIJ):    0.000ns
    Discrete Jitter          (DJ):    0.000ns
    Phase Error              (PE):    0.000ns

    Location             Delay type                Incr(ns)  Path(ns)    Netlist Resource(s)
  -------------------------------------------------------------------    -------------------
                         (clock vclk rise edge)       0.000     0.000 r  <hidden>
                         input delay                  0.000     0.000    <hidden>
                                                      0.000     0.000 f  x[1]
                         net (fo=91, unset)           0.973     0.973    x[1]
    SLICE_X28Y76         LUT1 (Prop_lut1_I0_O)        0.124     1.097 r  r2[8]_i_13/O
                         net (fo=1, routed)           0.000     1.097    r2[8]_i_13_n_0
    SLICE_X28Y76         CARRY4 (Prop_carry4_S[1]_CO[3])
                                                      0.550     1.647 r  r2_reg[8]_i_10/CO[3]
                         net (fo=1, routed)           0.000     1.647    r2_reg[8]_i_10_n_0
    SLICE_X28Y77         CARRY4 (Prop_carry4_CI_O[3])
                                                      0.313     1.960 r  r2_reg[12]_i_15/O[3]
                         net (fo=2, routed)           1.156     3.116    r2_reg[12]_i_15_n_4
    SLICE_X27Y74         LUT3 (Prop_lut3_I0_O)        0.334     3.450 r  r2[12]_i_7/O
                         net (fo=2, routed)           0.713     4.163    r2[12]_i_7_n_0
    SLICE_X27Y77         CARRY4 (Prop_carry4_DI[3]_CO[3])
                                                      0.587     4.750 r  r2_reg[12]_i_2/CO[3]
                         net (fo=1, routed)           0.000     4.750    r2_reg[12]_i_2_n_0
    SLICE_X27Y78         CARRY4 (Prop_carry4_CI_O[0])
                                                      0.222     4.972 r  r2_reg[15]_i_2/O[0]
                         net (fo=2, routed)           0.456     5.428    r21[10]
    SLICE_X26Y78         LUT2 (Prop_lut2_I0_O)        0.299     5.727 r  r2[12]_i_5/O
                         net (fo=1, routed)           0.000     5.727    r2[12]_i_5_n_0
    SLICE_X26Y78         CARRY4 (Prop_carry4_S[1]_CO[3])
                                                      0.533     6.260 r  r2_reg[12]_i_1/CO[3]
                         net (fo=1, routed)           0.000     6.260    r2_reg[12]_i_1_n_0
    SLICE_X26Y79         CARRY4 (Prop_carry4_CI_O[0])
                                                      0.219     6.479 r  r2_reg[15]_i_1/O[0]
                         net (fo=1, routed)           0.000     6.479    r20[13]
    SLICE_X26Y79         FDRE                                         r  r2_reg[13]/D
  -------------------------------------------------------------------    -------------------

                         (clock vclk rise edge)       5.664     5.664 r  <hidden>
                                                      0.000     5.664 r  clk
                         net (fo=308, unset)          0.924     6.588    clk
    SLICE_X26Y79         FDRE                                         r  r2_reg[13]/C
                         clock pessimism              0.000     6.588    <hidden>
                         clock uncertainty           -0.035     6.553    <hidden>
    SLICE_X26Y79         FDRE (Setup_fdre_C_D)        0.109     6.662    r2_reg[13]
  -------------------------------------------------------------------
                         required time                          6.662    <hidden>
                         arrival time                          -6.479    <hidden>
  -------------------------------------------------------------------
                         slack                                  0.183    <hidden>

Slack (MET) :             0.224ns  (required time - arrival time)
  Source:                 x[0]
                            (input port clocked by vclk  {rise@0.000ns fall@2.832ns period=5.664ns})
  Destination:            y_reg[13]/D
                            (rising edge-triggered cell FDRE clocked by vclk  {rise@0.000ns fall@2.832ns period=5.664ns})
  Path Group:             vclk
  Path Type:              Setup (Max at Slow Process Corner)
  Requirement:            5.664ns  (vclk rise@5.664ns - vclk rise@0.000ns)
  Data Path Delay:        6.391ns  (logic 3.037ns (47.521%)  route 3.354ns (52.479%))
  Logic Levels:           10  (CARRY4=6 LUT2=1 LUT3=2 LUT4=1)
  Input Delay:            0.000ns
  Clock Path Skew:        0.924ns (DCD - SCD + CPR)
    Destination Clock Delay (DCD):    0.924ns = ( 6.588 - 5.664 ) 
    Source Clock Delay      (SCD):    0.000ns
    Clock Pessimism Removal (CPR):    0.000ns
  Clock Uncertainty:      0.035ns  ((TSJ^2 + TIJ^2)^1/2 + DJ) / 2 + PE
    Total System Jitter     (TSJ):    0.071ns
    Total Input Jitter      (TIJ):    0.000ns
    Discrete Jitter          (DJ):    0.000ns
    Phase Error              (PE):    0.000ns

    Location             Delay type                Incr(ns)  Path(ns)    Netlist Resource(s)
  -------------------------------------------------------------------    -------------------
                         (clock vclk rise edge)       0.000     0.000 r  <hidden>
                         input delay                  0.000     0.000    <hidden>
                                                      0.000     0.000 r  x[0]
                         net (fo=118, unset)          0.973     0.973    x[0]
    SLICE_X27Y74         LUT3 (Prop_lut3_I2_O)        0.124     1.097 r  y[11]_i_26/O
                         net (fo=1, routed)           0.337     1.434    y[11]_i_26_n_0
    SLICE_X28Y73         CARRY4 (Prop_carry4_DI[3]_CO[3])
                                                      0.385     1.819 r  y_reg[11]_i_21/CO[3]
                         net (fo=1, routed)           0.000     1.819    y_reg[11]_i_21_n_0
    SLICE_X28Y74         CARRY4 (Prop_carry4_CI_O[0])
                                                      0.222     2.041 r  y_reg[15]_i_23/O[0]
                         net (fo=2, routed)           0.465     2.506    acc2[7]
    SLICE_X30Y73         LUT2 (Prop_lut2_I0_O)        0.299     2.805 r  y[11]_i_22/O
                         net (fo=1, routed)           0.000     2.805    y[11]_i_22_n_0
    SLICE_X30Y73         CARRY4 (Prop_carry4_S[3]_CO[3])
                                                      0.376     3.181 r  y_reg[11]_i_12/CO[3]
                         net (fo=1, routed)           0.000     3.181    y_reg[11]_i_12_n_0
    SLICE_X30Y74         CARRY4 (Prop_carry4_CI_O[2])
                                                      0.239     3.420 r  y_reg[15]_i_14/O[2]
                         net (fo=2, routed)           0.889     4.309    p_0_in[10]
    SLICE_X31Y78         LUT3 (Prop_lut3_I1_O)        0.330     4.639 r  y[11]_i_2/O
                         net (fo=2, routed)           0.690     5.329    y[11]_i_2_n_0
    SLICE_X31Y78         LUT4 (Prop_lut4_I3_O)        0.327     5.656 r  y[11]_i_6/O
                         net (fo=1, routed)           0.000     5.656    y[11]_i_6_n_0
    SLICE_X31Y78         CARRY4 (Prop_carry4_S[3]_CO[3])
                                                      0.401     6.057 r  y_reg[11]_i_1/CO[3]
                         net (fo=1, routed)           0.000     6.057    y_reg[11]_i_1_n_0
    SLICE_X31Y79         CARRY4 (Prop_carry4_CI_O[1])
                                                      0.334     6.391 r  y_reg[15]_i_2/O[1]
                         net (fo=1, routed)           0.000     6.391    acc[13]
    SLICE_X31Y79         FDRE                                         r  y_reg[13]/D
  -------------------------------------------------------------------    -------------------

                         (clock vclk rise edge)       5.664     5.664 r  <hidden>
                                                      0.000     5.664 r  clk
                         net (fo=308, unset)          0.924     6.588    clk
    SLICE_X31Y79         FDRE                                         r  y_reg[13]/C
                         clock pessimism              0.000     6.588    <hidden>
                         clock uncertainty           -0.035     6.553    <hidden>
    SLICE_X31Y79         FDRE (Setup_fdre_C_D)        0.062     6.615    y_reg[13]
  -------------------------------------------------------------------
                         required time                          6.615    <hidden>
                         arrival time                          -6.391    <hidden>
  -------------------------------------------------------------------
                         slack                                  0.224    <hidden>

Slack (MET) :             0.245ns  (required time - arrival time)
  Source:                 x[0]
                            (input port clocked by vclk  {rise@0.000ns fall@2.832ns period=5.664ns})
  Destination:            y_reg[15]/D
                            (rising edge-triggered cell FDRE clocked by vclk  {rise@0.000ns fall@2.832ns period=5.664ns})
  Path Group:             vclk
  Path Type:              Setup (Max at Slow Process Corner)
  Requirement:            5.664ns  (vclk rise@5.664ns - vclk rise@0.000ns)
  Data Path Delay:        6.370ns  (logic 3.016ns (47.348%)  route 3.354ns (52.652%))
  Logic Levels:           10  (CARRY4=6 LUT2=1 LUT3=2 LUT4=1)
  Input Delay:            0.000ns
  Clock Path Skew:        0.924ns (DCD - SCD + CPR)
    Destination Clock Delay (DCD):    0.924ns = ( 6.588 - 5.664 ) 
    Source Clock Delay      (SCD):    0.000ns
    Clock Pessimism Removal (CPR):    0.000ns
  Clock Uncertainty:      0.035ns  ((TSJ^2 + TIJ^2)^1/2 + DJ) / 2 + PE
    Total System Jitter     (TSJ):    0.071ns
    Total Input Jitter      (TIJ):    0.000ns
    Discrete Jitter          (DJ):    0.000ns
    Phase Error              (PE):    0.000ns

    Location             Delay type                Incr(ns)  Path(ns)    Netlist Resource(s)
  -------------------------------------------------------------------    -------------------
                         (clock vclk rise edge)       0.000     0.000 r  <hidden>
                         input delay                  0.000     0.000    <hidden>
                                                      0.000     0.000 r  x[0]
                         net (fo=118, unset)          0.973     0.973    x[0]
    SLICE_X27Y74         LUT3 (Prop_lut3_I2_O)        0.124     1.097 r  y[11]_i_26/O
                         net (fo=1, routed)           0.337     1.434    y[11]_i_26_n_0
    SLICE_X28Y73         CARRY4 (Prop_carry4_DI[3]_CO[3])
                                                      0.385     1.819 r  y_reg[11]_i_21/CO[3]
                         net (fo=1, routed)           0.000     1.819    y_reg[11]_i_21_n_0
    SLICE_X28Y74         CARRY4 (Prop_carry4_CI_O[0])
                                                      0.222     2.041 r  y_reg[15]_i_23/O[0]
                         net (fo=2, routed)           0.465     2.506    acc2[7]
    SLICE_X30Y73         LUT2 (Prop_lut2_I0_O)        0.299     2.805 r  y[11]_i_22/O
                         net (fo=1, routed)           0.000     2.805    y[11]_i_22_n_0
    SLICE_X30Y73         CARRY4 (Prop_carry4_S[3]_CO[3])
                                                      0.376     3.181 r  y_reg[11]_i_12/CO[3]
                         net (fo=1, routed)           0.000     3.181    y_reg[11]_i_12_n_0
    SLICE_X30Y74         CARRY4 (Prop_carry4_CI_O[2])
                                                      0.239     3.420 r  y_reg[15]_i_14/O[2]
                         net (fo=2, routed)           0.889     4.309    p_0_in[10]
    SLICE_X31Y78         LUT3 (Prop_lut3_I1_O)        0.330     4.639 r  y[11]_i_2/O
                         net (fo=2, routed)           0.690     5.329    y[11]_i_2_n_0
    SLICE_X31Y78         LUT4 (Prop_lut4_I3_O)        0.327     5.656 r  y[11]_i_6/O
                         net (fo=1, routed)           0.000     5.656    y[11]_i_6_n_0
    SLICE_X31Y78         CARRY4 (Prop_carry4_S[3]_CO[3])
                                                      0.401     6.057 r  y_reg[11]_i_1/CO[3]
                         net (fo=1, routed)           0.000     6.057    y_reg[11]_i_1_n_0
    SLICE_X31Y79         CARRY4 (Prop_carry4_CI_O[3])
                                                      0.313     6.370 r  y_reg[15]_i_2/O[3]
                         net (fo=1, routed)           0.000     6.370    acc[15]
    SLICE_X31Y79         FDRE                                         r  y_reg[15]/D
  -------------------------------------------------------------------    -------------------

                         (clock vclk rise edge)       5.664     5.664 r  <hidden>
                                                      0.000     5.664 r  clk
                         net (fo=308, unset)          0.924     6.588    clk
    SLICE_X31Y79         FDRE                                         r  y_reg[15]/C
                         clock pessimism              0.000     6.588    <hidden>
                         clock uncertainty           -0.035     6.553    <hidden>
    SLICE_X31Y79         FDRE (Setup_fdre_C_D)        0.062     6.615    y_reg[15]
  -------------------------------------------------------------------
                         required time                          6.615    <hidden>
                         arrival time                          -6.370    <hidden>
  -------------------------------------------------------------------
                         slack                                  0.245    <hidden>

Slack (MET) :             0.292ns  (required time - arrival time)
  Source:                 x[1]
                            (input port clocked by vclk  {rise@0.000ns fall@2.832ns period=5.664ns})
  Destination:            r2_reg[12]/D
                            (rising edge-triggered cell FDRE clocked by vclk  {rise@0.000ns fall@2.832ns period=5.664ns})
  Path Group:             vclk
  Path Type:              Setup (Max at Slow Process Corner)
  Requirement:            5.664ns  (vclk rise@5.664ns - vclk rise@0.000ns)
  Data Path Delay:        6.370ns  (logic 3.072ns (48.228%)  route 3.298ns (51.772%))
  Logic Levels:           8  (CARRY4=5 LUT1=1 LUT2=1 LUT3=1)
  Input Delay:            0.000ns
  Clock Path Skew:        0.924ns (DCD - SCD + CPR)
    Destination Clock Delay (DCD):    0.924ns = ( 6.588 - 5.664 ) 
    Source Clock Delay      (SCD):    0.000ns
    Clock Pessimism Removal (CPR):    0.000ns
  Clock Uncertainty:      0.035ns  ((TSJ^2 + TIJ^2)^1/2 + DJ) / 2 + PE
    Total System Jitter     (TSJ):    0.071ns
    Total Input Jitter      (TIJ):    0.000ns
    Discrete Jitter          (DJ):    0.000ns
    Phase Error              (PE):    0.000ns

    Location             Delay type                Incr(ns)  Path(ns)    Netlist Resource(s)
  -------------------------------------------------------------------    -------------------
                         (clock vclk rise edge)       0.000     0.000 r  <hidden>
                         input delay                  0.000     0.000    <hidden>
                                                      0.000     0.000 f  x[1]
                         net (fo=91, unset)           0.973     0.973    x[1]
    SLICE_X28Y76         LUT1 (Prop_lut1_I0_O)        0.124     1.097 r  r2[8]_i_13/O
                         net (fo=1, routed)           0.000     1.097    r2[8]_i_13_n_0
    SLICE_X28Y76         CARRY4 (Prop_carry4_S[1]_CO[3])
                                                      0.550     1.647 r  r2_reg[8]_i_10/CO[3]
                         net (fo=1, routed)           0.000     1.647    r2_reg[8]_i_10_n_0
    SLICE_X28Y77         CARRY4 (Prop_carry4_CI_O[3])
                                                      0.313     1.960 r  r2_reg[12]_i_15/O[3]
                         net (fo=2, routed)           1.156     3.116    r2_reg[12]_i_15_n_4
    SLICE_X27Y74         LUT3 (Prop_lut3_I0_O)        0.334     3.450 r  r2[12]_i_7/O
                         net (fo=2, routed)           0.713     4.163    r2[12]_i_7_n_0
    SLICE_X27Y77         CARRY4 (Prop_carry4_DI[3]_CO[3])
                                                      0.587     4.750 r  r2_reg[12]_i_2/CO[3]
                         net (fo=1, routed)           0.000     4.750    r2_reg[12]_i_2_n_0
    SLICE_X27Y78         CARRY4 (Prop_carry4_CI_O[0])
                                                      0.222     4.972 r  r2_reg[15]_i_2/O[0]
                         net (fo=2, routed)           0.456     5.428    r21[10]
    SLICE_X26Y78         LUT2 (Prop_lut2_I0_O)        0.299     5.727 r  r2[12]_i_5/O
                         net (fo=1, routed)           0.000     5.727    r2[12]_i_5_n_0
    SLICE_X26Y78         CARRY4 (Prop_carry4_S[1]_O[3])
                                                      0.643     6.370 r  r2_reg[12]_i_1/O[3]
                         net (fo=1, routed)           0.000     6.370    r20[12]
    SLICE_X26Y78         FDRE                                         r  r2_reg[12]/D
  -------------------------------------------------------------------    -------------------

                         (clock vclk rise edge)       5.664     5.664 r  <hidden>
                                                      0.000     5.664 r  clk
                         net (fo=308, unset)          0.924     6.588    clk
    SLICE_X26Y78         FDRE                                         r  r2_reg[12]/C
                         clock pessimism              0.000     6.588    <hidden>
                         clock uncertainty           -0.035     6.553    <hidden>
    SLICE_X26Y78         FDRE (Setup_fdre_C_D)        0.109     6.662    r2_reg[12]
  -------------------------------------------------------------------
                         required time                          6.662    <hidden>
                         arrival time                          -6.370    <hidden>
  -------------------------------------------------------------------
                         slack                                  0.292    <hidden>

Slack (MET) :             0.319ns  (required time - arrival time)
  Source:                 x[0]
                            (input port clocked by vclk  {rise@0.000ns fall@2.832ns period=5.664ns})
  Destination:            y_reg[14]/D
                            (rising edge-triggered cell FDRE clocked by vclk  {rise@0.000ns fall@2.832ns period=5.664ns})
  Path Group:             vclk
  Path Type:              Setup (Max at Slow Process Corner)
  Requirement:            5.664ns  (vclk rise@5.664ns - vclk rise@0.000ns)
  Data Path Delay:        6.296ns  (logic 2.942ns (46.729%)  route 3.354ns (53.271%))
  Logic Levels:           10  (CARRY4=6 LUT2=1 LUT3=2 LUT4=1)
  Input Delay:            0.000ns
  Clock Path Skew:        0.924ns (DCD - SCD + CPR)
    Destination Clock Delay (DCD):    0.924ns = ( 6.588 - 5.664 ) 
    Source Clock Delay      (SCD):    0.000ns
    Clock Pessimism Removal (CPR):    0.000ns
  Clock Uncertainty:      0.035ns  ((TSJ^2 + TIJ^2)^1/2 + DJ) / 2 + PE
    Total System Jitter     (TSJ):    0.071ns
    Total Input Jitter      (TIJ):    0.000ns
    Discrete Jitter          (DJ):    0.000ns
    Phase Error              (PE):    0.000ns

    Location             Delay type                Incr(ns)  Path(ns)    Netlist Resource(s)
  -------------------------------------------------------------------    -------------------
                         (clock vclk rise edge)       0.000     0.000 r  <hidden>
                         input delay                  0.000     0.000    <hidden>
                                                      0.000     0.000 r  x[0]
                         net (fo=118, unset)          0.973     0.973    x[0]
    SLICE_X27Y74         LUT3 (Prop_lut3_I2_O)        0.124     1.097 r  y[11]_i_26/O
                         net (fo=1, routed)           0.337     1.434    y[11]_i_26_n_0
    SLICE_X28Y73         CARRY4 (Prop_carry4_DI[3]_CO[3])
                                                      0.385     1.819 r  y_reg[11]_i_21/CO[3]
                         net (fo=1, routed)           0.000     1.819    y_reg[11]_i_21_n_0
    SLICE_X28Y74         CARRY4 (Prop_carry4_CI_O[0])
                                                      0.222     2.041 r  y_reg[15]_i_23/O[0]
                         net (fo=2, routed)           0.465     2.506    acc2[7]
    SLICE_X30Y73         LUT2 (Prop_lut2_I0_O)        0.299     2.805 r  y[11]_i_22/O
                         net (fo=1, routed)           0.000     2.805    y[11]_i_22_n_0
    SLICE_X30Y73         CARRY4 (Prop_carry4_S[3]_CO[3])
                                                      0.376     3.181 r  y_reg[11]_i_12/CO[3]
                         net (fo=1, routed)           0.000     3.181    y_reg[11]_i_12_n_0
    SLICE_X30Y74         CARRY4 (Prop_carry4_CI_O[2])
                                                      0.239     3.420 r  y_reg[15]_i_14/O[2]
                         net (fo=2, routed)           0.889     4.309    p_0_in[10]
    SLICE_X31Y78         LUT3 (Prop_lut3_I1_O)        0.330     4.639 r  y[11]_i_2/O
                         net (fo=2, routed)           0.690     5.329    y[11]_i_2_n_0
    SLICE_X31Y78         LUT4 (Prop_lut4_I3_O)        0.327     5.656 r  y[11]_i_6/O
                         net (fo=1, routed)           0.000     5.656    y[11]_i_6_n_0
    SLICE_X31Y78         CARRY4 (Prop_carry4_S[3]_CO[3])
                                                      0.401     6.057 r  y_reg[11]_i_1/CO[3]
                         net (fo=1, routed)           0.000     6.057    y_reg[11]_i_1_n_0
    SLICE_X31Y79         CARRY4 (Prop_carry4_CI_O[2])
                                                      0.239     6.296 r  y_reg[15]_i_2/O[2]
                         net (fo=1, routed)           0.000     6.296    acc[14]
    SLICE_X31Y79         FDRE                                         r  y_reg[14]/D
  -------------------------------------------------------------------    -------------------

                         (clock vclk rise edge)       5.664     5.664 r  <hidden>
                                                      0.000     5.664 r  clk
                         net (fo=308, unset)          0.924     6.588    clk
    SLICE_X31Y79         FDRE                                         r  y_reg[14]/C
                         clock pessimism              0.000     6.588    <hidden>
                         clock uncertainty           -0.035     6.553    <hidden>
    SLICE_X31Y79         FDRE (Setup_fdre_C_D)        0.062     6.615    y_reg[14]
  -------------------------------------------------------------------
                         required time                          6.615    <hidden>
                         arrival time                          -6.296    <hidden>
  -------------------------------------------------------------------
                         slack                                  0.319    <hidden>

Slack (MET) :             0.335ns  (required time - arrival time)
  Source:                 x[0]
                            (input port clocked by vclk  {rise@0.000ns fall@2.832ns period=5.664ns})
  Destination:            y_reg[12]/D
                            (rising edge-triggered cell FDRE clocked by vclk  {rise@0.000ns fall@2.832ns period=5.664ns})
  Path Group:             vclk
  Path Type:              Setup (Max at Slow Process Corner)
  Requirement:            5.664ns  (vclk rise@5.664ns - vclk rise@0.000ns)
  Data Path Delay:        6.280ns  (logic 2.926ns (46.594%)  route 3.354ns (53.406%))
  Logic Levels:           10  (CARRY4=6 LUT2=1 LUT3=2 LUT4=1)
  Input Delay:            0.000ns
  Clock Path Skew:        0.924ns (DCD - SCD + CPR)
    Destination Clock Delay (DCD):    0.924ns = ( 6.588 - 5.664 ) 
    Source Clock Delay      (SCD):    0.000ns
    Clock Pessimism Removal (CPR):    0.000ns
  Clock Uncertainty:      0.035ns  ((TSJ^2 + TIJ^2)^1/2 + DJ) / 2 + PE
    Total System Jitter     (TSJ):    0.071ns
    Total Input Jitter      (TIJ):    0.000ns
    Discrete Jitter          (DJ):    0.000ns
    Phase Error              (PE):    0.000ns

    Location             Delay type                Incr(ns)  Path(ns)    Netlist Resource(s)
  -------------------------------------------------------------------    -------------------
                         (clock vclk rise edge)       0.000     0.000 r  <hidden>
                         input delay                  0.000     0.000    <hidden>
                                                      0.000     0.000 r  x[0]
                         net (fo=118, unset)          0.973     0.973    x[0]
    SLICE_X27Y74         LUT3 (Prop_lut3_I2_O)        0.124     1.097 r  y[11]_i_26/O
                         net (fo=1, routed)           0.337     1.434    y[11]_i_26_n_0
    SLICE_X28Y73         CARRY4 (Prop_carry4_DI[3]_CO[3])
                                                      0.385     1.819 r  y_reg[11]_i_21/CO[3]
                         net (fo=1, routed)           0.000     1.819    y_reg[11]_i_21_n_0
    SLICE_X28Y74         CARRY4 (Prop_carry4_CI_O[0])
                                                      0.222     2.041 r  y_reg[15]_i_23/O[0]
                         net (fo=2, routed)           0.465     2.506    acc2[7]
    SLICE_X30Y73         LUT2 (Prop_lut2_I0_O)        0.299     2.805 r  y[11]_i_22/O
                         net (fo=1, routed)           0.000     2.805    y[11]_i_22_n_0
    SLICE_X30Y73         CARRY4 (Prop_carry4_S[3]_CO[3])
                                                      0.376     3.181 r  y_reg[11]_i_12/CO[3]
                         net (fo=1, routed)           0.000     3.181    y_reg[11]_i_12_n_0
    SLICE_X30Y74         CARRY4 (Prop_carry4_CI_O[2])
                                                      0.239     3.420 r  y_reg[15]_i_14/O[2]
                         net (fo=2, routed)           0.889     4.309    p_0_in[10]
    SLICE_X31Y78         LUT3 (Prop_lut3_I1_O)        0.330     4.639 r  y[11]_i_2/O
                         net (fo=2, routed)           0.690     5.329    y[11]_i_2_n_0
    SLICE_X31Y78         LUT4 (Prop_lut4_I3_O)        0.327     5.656 r  y[11]_i_6/O
                         net (fo=1, routed)           0.000     5.656    y[11]_i_6_n_0
    SLICE_X31Y78         CARRY4 (Prop_carry4_S[3]_CO[3])
                                                      0.401     6.057 r  y_reg[11]_i_1/CO[3]
                         net (fo=1, routed)           0.000     6.057    y_reg[11]_i_1_n_0
    SLICE_X31Y79         CARRY4 (Prop_carry4_CI_O[0])
                                                      0.223     6.280 r  y_reg[15]_i_2/O[0]
                         net (fo=1, routed)           0.000     6.280    acc[12]
    SLICE_X31Y79         FDRE                                         r  y_reg[12]/D
  -------------------------------------------------------------------    -------------------

                         (clock vclk rise edge)       5.664     5.664 r  <hidden>
                                                      0.000     5.664 r  clk
                         net (fo=308, unset)          0.924     6.588    clk
    SLICE_X31Y79         FDRE                                         r  y_reg[12]/C
                         clock pessimism              0.000     6.588    <hidden>
                         clock uncertainty           -0.035     6.553    <hidden>
    SLICE_X31Y79         FDRE (Setup_fdre_C_D)        0.062     6.615    y_reg[12]
  -------------------------------------------------------------------
                         required time                          6.615    <hidden>
                         arrival time                          -6.280    <hidden>
  -------------------------------------------------------------------
                         slack                                  0.335    <hidden>

Slack (MET) :             0.347ns  (required time - arrival time)
  Source:                 x[1]
                            (input port clocked by vclk  {rise@0.000ns fall@2.832ns period=5.664ns})
  Destination:            r7_reg[13]/D
                            (rising edge-triggered cell FDRE clocked by vclk  {rise@0.000ns fall@2.832ns period=5.664ns})
  Path Group:             vclk
  Path Type:              Setup (Max at Slow Process Corner)
  Requirement:            5.664ns  (vclk rise@5.664ns - vclk rise@0.000ns)
  Data Path Delay:        6.315ns  (logic 3.399ns (53.825%)  route 2.916ns (46.175%))
  Logic Levels:           9  (CARRY4=6 LUT1=1 LUT2=1 LUT3=1)
  Input Delay:            0.000ns
  Clock Path Skew:        0.924ns (DCD - SCD + CPR)
    Destination Clock Delay (DCD):    0.924ns = ( 6.588 - 5.664 ) 
    Source Clock Delay      (SCD):    0.000ns
    Clock Pessimism Removal (CPR):    0.000ns
  Clock Uncertainty:      0.035ns  ((TSJ^2 + TIJ^2)^1/2 + DJ) / 2 + PE
    Total System Jitter     (TSJ):    0.071ns
    Total Input Jitter      (TIJ):    0.000ns
    Discrete Jitter          (DJ):    0.000ns
    Phase Error              (PE):    0.000ns

    Location             Delay type                Incr(ns)  Path(ns)    Netlist Resource(s)
  -------------------------------------------------------------------    -------------------
                         (clock vclk rise edge)       0.000     0.000 r  <hidden>
                         input delay                  0.000     0.000    <hidden>
                                                      0.000     0.000 f  x[1]
                         net (fo=91, unset)           0.973     0.973    x[1]
    SLICE_X40Y68         LUT1 (Prop_lut1_I0_O)        0.124     1.097 r  r7[3]_i_9/O
                         net (fo=1, routed)           0.000     1.097    r7[3]_i_9_n_0
    SLICE_X40Y68         CARRY4 (Prop_carry4_S[1]_CO[3])
                                                      0.550     1.647 r  r7_reg[3]_i_2/CO[3]
                         net (fo=1, routed)           0.000     1.647    r7_reg[3]_i_2_n_0
    SLICE_X40Y69         CARRY4 (Prop_carry4_CI_O[1])
                                                      0.334     1.981 r  r7_reg[11]_i_15/O[1]
                         net (fo=4, routed)           0.977     2.958    r7_reg[11]_i_15_n_6
    SLICE_X39Y71         LUT3 (Prop_lut3_I1_O)        0.331     3.289 r  r7[7]_i_7/O
                         net (fo=1, routed)           0.530     3.819    r7[7]_i_7_n_0
    SLICE_X37Y70         CARRY4 (Prop_carry4_DI[3]_CO[3])
                                                      0.587     4.406 r  r7_reg[7]_i_2/CO[3]
                         net (fo=1, routed)           0.000     4.406    r7_reg[7]_i_2_n_0
    SLICE_X37Y71         CARRY4 (Prop_carry4_CI_O[1])
                                                      0.334     4.740 r  r7_reg[11]_i_2/O[1]
                         net (fo=2, routed)           0.436     5.176    r71[8]
    SLICE_X36Y70         LUT2 (Prop_lut2_I0_O)        0.303     5.479 r  r7[11]_i_6/O
                         net (fo=1, routed)           0.000     5.479    r7[11]_i_6_n_0
    SLICE_X36Y70         CARRY4 (Prop_carry4_S[0]_CO[3])
                                                      0.513     5.992 r  r7_reg[11]_i_1/CO[3]
                         net (fo=1, routed)           0.000     5.992    r7_reg[11]_i_1_n_0
    SLICE_X36Y71         CARRY4 (Prop_carry4_CI_O[1])
                                                      0.323     6.315 r  r7_reg[15]_i_1/O[1]
                         net (fo=1, routed)           0.000     6.315    r70[13]
    SLICE_X36Y71         FDRE                                         r  r7_reg[13]/D
  -------------------------------------------------------------------    -------------------

                         (clock vclk rise edge)       5.664     5.664 r  <hidden>
                                                      0.000     5.664 r  clk
                         net (fo=308, unset)          0.924     6.588    clk
    SLICE_X36Y71         FDRE                                         r  r7_reg[13]/C
                         clock pessimism              0.000     6.588    <hidden>
                         clock uncertainty           -0.035     6.553    <hidden>
    SLICE_X36Y71         FDRE (Setup_fdre_C_D)        0.109     6.662    r7_reg[13]
  -------------------------------------------------------------------
                         required time                          6.662    <hidden>
                         arrival time                          -6.315    <hidden>
  -------------------------------------------------------------------
                         slack                                  0.347    <hidden>

Slack (MET) :             0.355ns  (required time - arrival time)
  Source:                 x[1]
                            (input port clocked by vclk  {rise@0.000ns fall@2.832ns period=5.664ns})
  Destination:            r7_reg[15]/D
                            (rising edge-triggered cell FDRE clocked by vclk  {rise@0.000ns fall@2.832ns period=5.664ns})
  Path Group:             vclk
  Path Type:              Setup (Max at Slow Process Corner)
  Requirement:            5.664ns  (vclk rise@5.664ns - vclk rise@0.000ns)
  Data Path Delay:        6.307ns  (logic 3.391ns (53.767%)  route 2.916ns (46.233%))
  Logic Levels:           9  (CARRY4=6 LUT1=1 LUT2=1 LUT3=1)
  Input Delay:            0.000ns
  Clock Path Skew:        0.924ns (DCD - SCD + CPR)
    Destination Clock Delay (DCD):    0.924ns = ( 6.588 - 5.664 ) 
    Source Clock Delay      (SCD):    0.000ns
    Clock Pessimism Removal (CPR):    0.000ns
  Clock Uncertainty:      0.035ns  ((TSJ^2 + TIJ^2)^1/2 + DJ) / 2 + PE
    Total System Jitter     (TSJ):    0.071ns
    Total Input Jitter      (TIJ):    0.000ns
    Discrete Jitter          (DJ):    0.000ns
    Phase Error              (PE):    0.000ns

    Location             Delay type                Incr(ns)  Path(ns)    Netlist Resource(s)
  -------------------------------------------------------------------    -------------------
                         (clock vclk rise edge)       0.000     0.000 r  <hidden>
                         input delay                  0.000     0.000    <hidden>
                                                      0.000     0.000 f  x[1]
                         net (fo=91, unset)           0.973     0.973    x[1]
    SLICE_X40Y68         LUT1 (Prop_lut1_I0_O)        0.124     1.097 r  r7[3]_i_9/O
                         net (fo=1, routed)           0.000     1.097    r7[3]_i_9_n_0
    SLICE_X40Y68         CARRY4 (Prop_carry4_S[1]_CO[3])
                                                      0.550     1.647 r  r7_reg[3]_i_2/CO[3]
                         net (fo=1, routed)           0.000     1.647    r7_reg[3]_i_2_n_0
    SLICE_X40Y69         CARRY4 (Prop_carry4_CI_O[1])
                                                      0.334     1.981 r  r7_reg[11]_i_15/O[1]
                         net (fo=4, routed)           0.977     2.958    r7_reg[11]_i_15_n_6
    SLICE_X39Y71         LUT3 (Prop_lut3_I1_O)        0.331     3.289 r  r7[7]_i_7/O
                         net (fo=1, routed)           0.530     3.819    r7[7]_i_7_n_0
    SLICE_X37Y70         CARRY4 (Prop_carry4_DI[3]_CO[3])
                                                      0.587     4.406 r  r7_reg[7]_i_2/CO[3]
                         net (fo=1, routed)           0.000     4.406    r7_reg[7]_i_2_n_0
    SLICE_X37Y71         CARRY4 (Prop_carry4_CI_O[1])
                                                      0.334     4.740 r  r7_reg[11]_i_2/O[1]
                         net (fo=2, routed)           0.436     5.176    r71[8]
    SLICE_X36Y70         LUT2 (Prop_lut2_I0_O)        0.303     5.479 r  r7[11]_i_6/O
                         net (fo=1, routed)           0.000     5.479    r7[11]_i_6_n_0
    SLICE_X36Y70         CARRY4 (Prop_carry4_S[0]_CO[3])
                                                      0.513     5.992 r  r7_reg[11]_i_1/CO[3]
                         net (fo=1, routed)           0.000     5.992    r7_reg[11]_i_1_n_0
    SLICE_X36Y71         CARRY4 (Prop_carry4_CI_O[3])
                                                      0.315     6.307 r  r7_reg[15]_i_1/O[3]
                         net (fo=1, routed)           0.000     6.307    r70[15]
    SLICE_X36Y71         FDRE                                         r  r7_reg[15]/D
  -------------------------------------------------------------------    -------------------

                         (clock vclk rise edge)       5.664     5.664 r  <hidden>
                                                      0.000     5.664 r  clk
                         net (fo=308, unset)          0.924     6.588    clk
    SLICE_X36Y71         FDRE                                         r  r7_reg[15]/C
                         clock pessimism              0.000     6.588    <hidden>
                         clock uncertainty           -0.035     6.553    <hidden>
    SLICE_X36Y71         FDRE (Setup_fdre_C_D)        0.109     6.662    r7_reg[15]
  -------------------------------------------------------------------
                         required time                          6.662    <hidden>
                         arrival time                          -6.307    <hidden>
  -------------------------------------------------------------------
                         slack                                  0.355    <hidden>





Pulse Width Checks
--------------------------------------------------------------------------------------
Clock Name:         vclk
Waveform(ns):       { 0.000 2.832 }
Period(ns):         5.664
Sources:            { clk }

Check Type        Corner  Lib Pin  Reference Pin  Required(ns)  Actual(ns)  Slack(ns)  Location      Pin
Min Period        n/a     FDRE/C   n/a            1.000         5.664       4.664      SLICE_X35Y74  r10_reg[0]/C
Min Period        n/a     FDRE/C   n/a            1.000         5.664       4.664      SLICE_X42Y74  r10_reg[10]/C
Min Period        n/a     FDRE/C   n/a            1.000         5.664       4.664      SLICE_X42Y74  r10_reg[11]/C
Min Period        n/a     FDRE/C   n/a            1.000         5.664       4.664      SLICE_X42Y74  r10_reg[12]/C
Min Period        n/a     FDRE/C   n/a            1.000         5.664       4.664      SLICE_X42Y75  r10_reg[13]/C
Min Period        n/a     FDRE/C   n/a            1.000         5.664       4.664      SLICE_X42Y75  r10_reg[14]/C
Min Period        n/a     FDRE/C   n/a            1.000         5.664       4.664      SLICE_X42Y75  r10_reg[15]/C
Min Period        n/a     FDRE/C   n/a            1.000         5.664       4.664      SLICE_X42Y72  r10_reg[1]/C
Min Period        n/a     FDRE/C   n/a            1.000         5.664       4.664      SLICE_X42Y72  r10_reg[2]/C
Min Period        n/a     FDRE/C   n/a            1.000         5.664       4.664      SLICE_X42Y72  r10_reg[3]/C
Low Pulse Width   Slow    FDRE/C   n/a            0.500         2.832       2.332      SLICE_X35Y74  r10_reg[0]/C
Low Pulse Width   Fast    FDRE/C   n/a            0.500         2.832       2.332      SLICE_X35Y74  r10_reg[0]/C
Low Pulse Width   Slow    FDRE/C   n/a            0.500         2.832       2.332      SLICE_X42Y74  r10_reg[10]/C
Low Pulse Width   Fast    FDRE/C   n/a            0.500         2.832       2.332      SLICE_X42Y74  r10_reg[10]/C
Low Pulse Width   Slow    FDRE/C   n/a            0.500         2.832       2.332      SLICE_X42Y74  r10_reg[11]/C
Low Pulse Width   Fast    FDRE/C   n/a            0.500         2.832       2.332      SLICE_X42Y74  r10_reg[11]/C
Low Pulse Width   Slow    FDRE/C   n/a            0.500         2.832       2.332      SLICE_X42Y74  r10_reg[12]/C
Low Pulse Width   Fast    FDRE/C   n/a            0.500         2.832       2.332      SLICE_X42Y74  r10_reg[12]/C
Low Pulse Width   Slow    FDRE/C   n/a            0.500         2.832       2.332      SLICE_X42Y75  r10_reg[13]/C
Low Pulse Width   Fast    FDRE/C   n/a            0.500         2.832       2.332      SLICE_X42Y75  r10_reg[13]/C
High Pulse Width  Slow    FDRE/C   n/a            0.500         2.832       2.332      SLICE_X35Y74  r10_reg[0]/C
High Pulse Width  Fast    FDRE/C   n/a            0.500         2.832       2.332      SLICE_X35Y74  r10_reg[0]/C
High Pulse Width  Slow    FDRE/C   n/a            0.500         2.832       2.332      SLICE_X42Y74  r10_reg[10]/C
High Pulse Width  Fast    FDRE/C   n/a            0.500         2.832       2.332      SLICE_X42Y74  r10_reg[10]/C
High Pulse Width  Slow    FDRE/C   n/a            0.500         2.832       2.332      SLICE_X42Y74  r10_reg[11]/C
High Pulse Width  Fast    FDRE/C   n/a            0.500         2.832       2.332      SLICE_X42Y74  r10_reg[11]/C
High Pulse Width  Slow    FDRE/C   n/a            0.500         2.832       2.332      SLICE_X42Y74  r10_reg[12]/C
High Pulse Width  Fast    FDRE/C   n/a            0.500         2.832       2.332      SLICE_X42Y74  r10_reg[12]/C
High Pulse Width  Slow    FDRE/C   n/a            0.500         2.832       2.332      SLICE_X42Y75  r10_reg[13]/C
High Pulse Width  Fast    FDRE/C   n/a            0.500         2.832       2.332      SLICE_X42Y75  r10_reg[13]/C



