Copyright 1986-2022 Xilinx, Inc. All Rights Reserved. Copyright 2022-2026 Advanced Micro Devices, Inc. All Rights Reserved.
------------------------------------------------------------------------------------------------------------------------------------------------------------------------------------------------------------------------------------------------------------------------------------------
| Tool Version : Vivado v.2026.1 (win64) Build 6511674 Tue Jun 16 11:02:23 MDT 2026
| Date         : Sun Aug 30 23:18:18 2026
| Host         : Amine running 64-bit major release  (build 9200)
| Command      : report_timing_summary -delay_type max -max_paths 10 -report_unconstrained -check_timing_verbose -warn_on_violation -file C:/Users/Amine/mas/fpga-repo/timing_closure_candidate_v7/results/c04_firr_rf_firr20_v6/trial_004_search_p4p143125_a0/reports/timing_summary.rpt
| Design       : rf_s2__firr20_v6__g1
| Device       : 7z020-clg400
| Speed File   : -1  PRODUCTION 1.12 2019-11-22
| Design State : Routed
------------------------------------------------------------------------------------------------------------------------------------------------------------------------------------------------------------------------------------------------------------------------------------------

Timing Summary Report

------------------------------------------------------------------------------------------------
| Timer Settings
| --------------
------------------------------------------------------------------------------------------------

  Enable Multi Corner Analysis               :  Yes
  Enable Pessimism Removal                   :  Yes
  Pessimism Removal Resolution               :  Nearest Common Node
  Enable Input Delay Default Clock           :  No
  Enable Preset / Clear Arcs                 :  No
  Disable Flight Delays                      :  No
  Ignore I/O Paths                           :  No
  Timing Early Launch at Borrowing Latches   :  No
  Borrow Time for Max Delay Exceptions       :  Yes
  Merge Timing Exceptions                    :  Yes
  Inter-SLR Compensation                     :  Conservative

  Corner  Analyze    Analyze    
  Name    Max Paths  Min Paths  
  ------  ---------  ---------  
  Slow    Yes        Yes        
  Fast    Yes        Yes        


------------------------------------------------------------------------------------------------
| Report Methodology
| ------------------
------------------------------------------------------------------------------------------------

No report available as report_methodology has not been run prior. Run report_methodology on the current design for the summary of methodology violations.



check_timing report

Table of Contents
-----------------
1. checking no_clock (0)
2. checking constant_clock (0)
3. checking pulse_width_clock (0)
4. checking unconstrained_internal_endpoints (0)
5. checking no_input_delay (0)
6. checking no_output_delay (0)
7. checking multiple_clock (0)
8. checking generated_clocks (0)
9. checking loops (0)
10. checking partial_input_delay (0)
11. checking partial_output_delay (0)
12. checking latch_loops (0)

1. checking no_clock (0)
------------------------
 There are 0 register/latch pins with no clock.


2. checking constant_clock (0)
------------------------------
 There are 0 register/latch pins with constant_clock.


3. checking pulse_width_clock (0)
---------------------------------
 There are 0 register/latch pins which need pulse_width check


4. checking unconstrained_internal_endpoints (0)
------------------------------------------------
 There are 0 pins that are not constrained for maximum delay.

 There are 0 pins that are not constrained for maximum delay due to constant clock.


5. checking no_input_delay (0)
------------------------------
 There are 0 input ports with no input delay specified.

 There are 0 input ports with no input delay but user has a false path constraint.


6. checking no_output_delay (0)
-------------------------------
 There are 0 ports with no output delay specified.

 There are 0 ports with no output delay but user has a false path constraint

 There are 0 ports with no output delay but with a timing clock defined on it or propagating through it


7. checking multiple_clock (0)
------------------------------
 There are 0 register/latch pins with multiple clocks.


8. checking generated_clocks (0)
--------------------------------
 There are 0 generated clocks that are not connected to a clock source.


9. checking loops (0)
---------------------
 There are 0 combinational loops in the design.


10. checking partial_input_delay (0)
------------------------------------
 There are 0 input ports with partial input delay specified.


11. checking partial_output_delay (0)
-------------------------------------
 There are 0 ports with partial output delay specified.


12. checking latch_loops (0)
----------------------------
 There are 0 combinational latch loops in the design through latch input



------------------------------------------------------------------------------------------------
| Design Timing Summary
| ---------------------
------------------------------------------------------------------------------------------------

    WNS(ns)      TNS(ns)  TNS Failing Endpoints  TNS Total Endpoints     WPWS(ns)     TPWS(ns)  TPWS Failing Endpoints  TPWS Total Endpoints  
    -------      -------  ---------------------  -------------------     --------     --------  ----------------------  --------------------  
      0.289        0.000                      0                  594        1.571        0.000                       0                   290  


All user specified timing constraints are met.


------------------------------------------------------------------------------------------------
| Clock Summary
| -------------
------------------------------------------------------------------------------------------------

Clock  Waveform(ns)         Period(ns)      Frequency(MHz)
-----  ------------         ----------      --------------
vclk   {0.000 2.072}        4.143           241.371         


------------------------------------------------------------------------------------------------
| Intra Clock Table
| -----------------
------------------------------------------------------------------------------------------------

Clock             WNS(ns)      TNS(ns)  TNS Failing Endpoints  TNS Total Endpoints     WPWS(ns)     TPWS(ns)  TPWS Failing Endpoints  TPWS Total Endpoints  
-----             -------      -------  ---------------------  -------------------     --------     --------  ----------------------  --------------------  
vclk                0.289        0.000                      0                  594        1.571        0.000                       0                   290  


------------------------------------------------------------------------------------------------
| Inter Clock Table
| -----------------
------------------------------------------------------------------------------------------------

From Clock    To Clock          WNS(ns)      TNS(ns)  TNS Failing Endpoints  TNS Total Endpoints  
----------    --------          -------      -------  ---------------------  -------------------  


------------------------------------------------------------------------------------------------
| Other Path Groups Table
| -----------------------
------------------------------------------------------------------------------------------------

Path Group    From Clock    To Clock          WNS(ns)      TNS(ns)  TNS Failing Endpoints  TNS Total Endpoints  
----------    ----------    --------          -------      -------  ---------------------  -------------------  


------------------------------------------------------------------------------------------------
| User Ignored Path Table
| -----------------------
------------------------------------------------------------------------------------------------

Path Group    From Clock    To Clock    
----------    ----------    --------    


------------------------------------------------------------------------------------------------
| Unconstrained Path Table
| ------------------------
------------------------------------------------------------------------------------------------

Path Group    From Clock    To Clock    
----------    ----------    --------    


------------------------------------------------------------------------------------------------
| Timing Details
| --------------
------------------------------------------------------------------------------------------------


---------------------------------------------------------------------------------------------------
From Clock:  vclk
  To Clock:  vclk

Setup :            0  Failing Endpoints,  Worst Slack        0.289ns,  Total Violation        0.000ns
Hold  :           NA  Failing Endpoints,  Worst Slack           NA  ,  Total Violation           NA
PW    :            0  Failing Endpoints,  Worst Slack        1.571ns,  Total Violation        0.000ns
---------------------------------------------------------------------------------------------------


Max Delay Paths
--------------------------------------------------------------------------------------
Slack (MET) :             0.289ns  (required time - arrival time)
  Source:                 rst_n
                            (input port clocked by vclk  {rise@0.000ns fall@2.072ns period=4.143ns})
  Destination:            a13_reg[3]/R
                            (rising edge-triggered cell FDRE clocked by vclk  {rise@0.000ns fall@2.072ns period=4.143ns})
  Path Group:             vclk
  Path Type:              Setup (Max at Slow Process Corner)
  Requirement:            4.143ns  (vclk rise@4.143ns - vclk rise@0.000ns)
  Data Path Delay:        4.314ns  (logic 0.124ns (2.874%)  route 4.190ns (97.126%))
  Logic Levels:           1  (LUT1=1)
  Input Delay:            0.000ns
  Clock Path Skew:        0.924ns (DCD - SCD + CPR)
    Destination Clock Delay (DCD):    0.924ns = ( 5.067 - 4.143 ) 
    Source Clock Delay      (SCD):    0.000ns
    Clock Pessimism Removal (CPR):    0.000ns
  Clock Uncertainty:      0.035ns  ((TSJ^2 + TIJ^2)^1/2 + DJ) / 2 + PE
    Total System Jitter     (TSJ):    0.071ns
    Total Input Jitter      (TIJ):    0.000ns
    Discrete Jitter          (DJ):    0.000ns
    Phase Error              (PE):    0.000ns

    Location             Delay type                Incr(ns)  Path(ns)    Netlist Resource(s)
  -------------------------------------------------------------------    -------------------
                         (clock vclk rise edge)       0.000     0.000 r  <hidden>
                         input delay                  0.000     0.000    <hidden>
                                                      0.000     0.000 f  rst_n
                         net (fo=0)                   0.973     0.973    rst_n
    SLICE_X30Y74         LUT1 (Prop_lut1_I0_O)        0.124     1.097 r  y[15]_i_1/O
                         net (fo=290, routed)         3.217     4.314    RSTP
    SLICE_X43Y68         FDRE                                         r  a13_reg[3]/R
  -------------------------------------------------------------------    -------------------

                         (clock vclk rise edge)       4.143     4.143 r  <hidden>
                                                      0.000     4.143 r  clk
                         net (fo=289, unset)          0.924     5.067    clk
    SLICE_X43Y68         FDRE                                         r  a13_reg[3]/C
                         clock pessimism              0.000     5.067    <hidden>
                         clock uncertainty           -0.035     5.032    <hidden>
    SLICE_X43Y68         FDRE (Setup_fdre_C_R)       -0.429     4.603    a13_reg[3]
  -------------------------------------------------------------------
                         required time                          4.603    <hidden>
                         arrival time                          -4.314    <hidden>
  -------------------------------------------------------------------
                         slack                                  0.289    <hidden>

Slack (MET) :             0.289ns  (required time - arrival time)
  Source:                 rst_n
                            (input port clocked by vclk  {rise@0.000ns fall@2.072ns period=4.143ns})
  Destination:            a13_reg[4]/R
                            (rising edge-triggered cell FDRE clocked by vclk  {rise@0.000ns fall@2.072ns period=4.143ns})
  Path Group:             vclk
  Path Type:              Setup (Max at Slow Process Corner)
  Requirement:            4.143ns  (vclk rise@4.143ns - vclk rise@0.000ns)
  Data Path Delay:        4.314ns  (logic 0.124ns (2.874%)  route 4.190ns (97.126%))
  Logic Levels:           1  (LUT1=1)
  Input Delay:            0.000ns
  Clock Path Skew:        0.924ns (DCD - SCD + CPR)
    Destination Clock Delay (DCD):    0.924ns = ( 5.067 - 4.143 ) 
    Source Clock Delay      (SCD):    0.000ns
    Clock Pessimism Removal (CPR):    0.000ns
  Clock Uncertainty:      0.035ns  ((TSJ^2 + TIJ^2)^1/2 + DJ) / 2 + PE
    Total System Jitter     (TSJ):    0.071ns
    Total Input Jitter      (TIJ):    0.000ns
    Discrete Jitter          (DJ):    0.000ns
    Phase Error              (PE):    0.000ns

    Location             Delay type                Incr(ns)  Path(ns)    Netlist Resource(s)
  -------------------------------------------------------------------    -------------------
                         (clock vclk rise edge)       0.000     0.000 r  <hidden>
                         input delay                  0.000     0.000    <hidden>
                                                      0.000     0.000 f  rst_n
                         net (fo=0)                   0.973     0.973    rst_n
    SLICE_X30Y74         LUT1 (Prop_lut1_I0_O)        0.124     1.097 r  y[15]_i_1/O
                         net (fo=290, routed)         3.217     4.314    RSTP
    SLICE_X43Y68         FDRE                                         r  a13_reg[4]/R
  -------------------------------------------------------------------    -------------------

                         (clock vclk rise edge)       4.143     4.143 r  <hidden>
                                                      0.000     4.143 r  clk
                         net (fo=289, unset)          0.924     5.067    clk
    SLICE_X43Y68         FDRE                                         r  a13_reg[4]/C
                         clock pessimism              0.000     5.067    <hidden>
                         clock uncertainty           -0.035     5.032    <hidden>
    SLICE_X43Y68         FDRE (Setup_fdre_C_R)       -0.429     4.603    a13_reg[4]
  -------------------------------------------------------------------
                         required time                          4.603    <hidden>
                         arrival time                          -4.314    <hidden>
  -------------------------------------------------------------------
                         slack                                  0.289    <hidden>

Slack (MET) :             0.289ns  (required time - arrival time)
  Source:                 rst_n
                            (input port clocked by vclk  {rise@0.000ns fall@2.072ns period=4.143ns})
  Destination:            a13_reg[5]/R
                            (rising edge-triggered cell FDRE clocked by vclk  {rise@0.000ns fall@2.072ns period=4.143ns})
  Path Group:             vclk
  Path Type:              Setup (Max at Slow Process Corner)
  Requirement:            4.143ns  (vclk rise@4.143ns - vclk rise@0.000ns)
  Data Path Delay:        4.314ns  (logic 0.124ns (2.874%)  route 4.190ns (97.126%))
  Logic Levels:           1  (LUT1=1)
  Input Delay:            0.000ns
  Clock Path Skew:        0.924ns (DCD - SCD + CPR)
    Destination Clock Delay (DCD):    0.924ns = ( 5.067 - 4.143 ) 
    Source Clock Delay      (SCD):    0.000ns
    Clock Pessimism Removal (CPR):    0.000ns
  Clock Uncertainty:      0.035ns  ((TSJ^2 + TIJ^2)^1/2 + DJ) / 2 + PE
    Total System Jitter     (TSJ):    0.071ns
    Total Input Jitter      (TIJ):    0.000ns
    Discrete Jitter          (DJ):    0.000ns
    Phase Error              (PE):    0.000ns

    Location             Delay type                Incr(ns)  Path(ns)    Netlist Resource(s)
  -------------------------------------------------------------------    -------------------
                         (clock vclk rise edge)       0.000     0.000 r  <hidden>
                         input delay                  0.000     0.000    <hidden>
                                                      0.000     0.000 f  rst_n
                         net (fo=0)                   0.973     0.973    rst_n
    SLICE_X30Y74         LUT1 (Prop_lut1_I0_O)        0.124     1.097 r  y[15]_i_1/O
                         net (fo=290, routed)         3.217     4.314    RSTP
    SLICE_X43Y68         FDRE                                         r  a13_reg[5]/R
  -------------------------------------------------------------------    -------------------

                         (clock vclk rise edge)       4.143     4.143 r  <hidden>
                                                      0.000     4.143 r  clk
                         net (fo=289, unset)          0.924     5.067    clk
    SLICE_X43Y68         FDRE                                         r  a13_reg[5]/C
                         clock pessimism              0.000     5.067    <hidden>
                         clock uncertainty           -0.035     5.032    <hidden>
    SLICE_X43Y68         FDRE (Setup_fdre_C_R)       -0.429     4.603    a13_reg[5]
  -------------------------------------------------------------------
                         required time                          4.603    <hidden>
                         arrival time                          -4.314    <hidden>
  -------------------------------------------------------------------
                         slack                                  0.289    <hidden>

Slack (MET) :             0.289ns  (required time - arrival time)
  Source:                 rst_n
                            (input port clocked by vclk  {rise@0.000ns fall@2.072ns period=4.143ns})
  Destination:            a13_reg[6]/R
                            (rising edge-triggered cell FDRE clocked by vclk  {rise@0.000ns fall@2.072ns period=4.143ns})
  Path Group:             vclk
  Path Type:              Setup (Max at Slow Process Corner)
  Requirement:            4.143ns  (vclk rise@4.143ns - vclk rise@0.000ns)
  Data Path Delay:        4.314ns  (logic 0.124ns (2.874%)  route 4.190ns (97.126%))
  Logic Levels:           1  (LUT1=1)
  Input Delay:            0.000ns
  Clock Path Skew:        0.924ns (DCD - SCD + CPR)
    Destination Clock Delay (DCD):    0.924ns = ( 5.067 - 4.143 ) 
    Source Clock Delay      (SCD):    0.000ns
    Clock Pessimism Removal (CPR):    0.000ns
  Clock Uncertainty:      0.035ns  ((TSJ^2 + TIJ^2)^1/2 + DJ) / 2 + PE
    Total System Jitter     (TSJ):    0.071ns
    Total Input Jitter      (TIJ):    0.000ns
    Discrete Jitter          (DJ):    0.000ns
    Phase Error              (PE):    0.000ns

    Location             Delay type                Incr(ns)  Path(ns)    Netlist Resource(s)
  -------------------------------------------------------------------    -------------------
                         (clock vclk rise edge)       0.000     0.000 r  <hidden>
                         input delay                  0.000     0.000    <hidden>
                                                      0.000     0.000 f  rst_n
                         net (fo=0)                   0.973     0.973    rst_n
    SLICE_X30Y74         LUT1 (Prop_lut1_I0_O)        0.124     1.097 r  y[15]_i_1/O
                         net (fo=290, routed)         3.217     4.314    RSTP
    SLICE_X43Y68         FDRE                                         r  a13_reg[6]/R
  -------------------------------------------------------------------    -------------------

                         (clock vclk rise edge)       4.143     4.143 r  <hidden>
                                                      0.000     4.143 r  clk
                         net (fo=289, unset)          0.924     5.067    clk
    SLICE_X43Y68         FDRE                                         r  a13_reg[6]/C
                         clock pessimism              0.000     5.067    <hidden>
                         clock uncertainty           -0.035     5.032    <hidden>
    SLICE_X43Y68         FDRE (Setup_fdre_C_R)       -0.429     4.603    a13_reg[6]
  -------------------------------------------------------------------
                         required time                          4.603    <hidden>
                         arrival time                          -4.314    <hidden>
  -------------------------------------------------------------------
                         slack                                  0.289    <hidden>

Slack (MET) :             0.299ns  (required time - arrival time)
  Source:                 rst_n
                            (input port clocked by vclk  {rise@0.000ns fall@2.072ns period=4.143ns})
  Destination:            a13_reg[15]/R
                            (rising edge-triggered cell FDRE clocked by vclk  {rise@0.000ns fall@2.072ns period=4.143ns})
  Path Group:             vclk
  Path Type:              Setup (Max at Slow Process Corner)
  Requirement:            4.143ns  (vclk rise@4.143ns - vclk rise@0.000ns)
  Data Path Delay:        4.304ns  (logic 0.124ns (2.881%)  route 4.180ns (97.119%))
  Logic Levels:           1  (LUT1=1)
  Input Delay:            0.000ns
  Clock Path Skew:        0.924ns (DCD - SCD + CPR)
    Destination Clock Delay (DCD):    0.924ns = ( 5.067 - 4.143 ) 
    Source Clock Delay      (SCD):    0.000ns
    Clock Pessimism Removal (CPR):    0.000ns
  Clock Uncertainty:      0.035ns  ((TSJ^2 + TIJ^2)^1/2 + DJ) / 2 + PE
    Total System Jitter     (TSJ):    0.071ns
    Total Input Jitter      (TIJ):    0.000ns
    Discrete Jitter          (DJ):    0.000ns
    Phase Error              (PE):    0.000ns

    Location             Delay type                Incr(ns)  Path(ns)    Netlist Resource(s)
  -------------------------------------------------------------------    -------------------
                         (clock vclk rise edge)       0.000     0.000 r  <hidden>
                         input delay                  0.000     0.000    <hidden>
                                                      0.000     0.000 f  rst_n
                         net (fo=0)                   0.973     0.973    rst_n
    SLICE_X30Y74         LUT1 (Prop_lut1_I0_O)        0.124     1.097 r  y[15]_i_1/O
                         net (fo=290, routed)         3.207     4.304    RSTP
    SLICE_X43Y71         FDRE                                         r  a13_reg[15]/R
  -------------------------------------------------------------------    -------------------

                         (clock vclk rise edge)       4.143     4.143 r  <hidden>
                                                      0.000     4.143 r  clk
                         net (fo=289, unset)          0.924     5.067    clk
    SLICE_X43Y71         FDRE                                         r  a13_reg[15]/C
                         clock pessimism              0.000     5.067    <hidden>
                         clock uncertainty           -0.035     5.032    <hidden>
    SLICE_X43Y71         FDRE (Setup_fdre_C_R)       -0.429     4.603    a13_reg[15]
  -------------------------------------------------------------------
                         required time                          4.603    <hidden>
                         arrival time                          -4.304    <hidden>
  -------------------------------------------------------------------
                         slack                                  0.299    <hidden>

Slack (MET) :             0.300ns  (required time - arrival time)
  Source:                 rst_n
                            (input port clocked by vclk  {rise@0.000ns fall@2.072ns period=4.143ns})
  Destination:            a15_reg[13]/R
                            (rising edge-triggered cell FDRE clocked by vclk  {rise@0.000ns fall@2.072ns period=4.143ns})
  Path Group:             vclk
  Path Type:              Setup (Max at Slow Process Corner)
  Requirement:            4.143ns  (vclk rise@4.143ns - vclk rise@0.000ns)
  Data Path Delay:        4.208ns  (logic 0.124ns (2.947%)  route 4.084ns (97.053%))
  Logic Levels:           1  (LUT1=1)
  Input Delay:            0.000ns
  Clock Path Skew:        0.924ns (DCD - SCD + CPR)
    Destination Clock Delay (DCD):    0.924ns = ( 5.067 - 4.143 ) 
    Source Clock Delay      (SCD):    0.000ns
    Clock Pessimism Removal (CPR):    0.000ns
  Clock Uncertainty:      0.035ns  ((TSJ^2 + TIJ^2)^1/2 + DJ) / 2 + PE
    Total System Jitter     (TSJ):    0.071ns
    Total Input Jitter      (TIJ):    0.000ns
    Discrete Jitter          (DJ):    0.000ns
    Phase Error              (PE):    0.000ns

    Location             Delay type                Incr(ns)  Path(ns)    Netlist Resource(s)
  -------------------------------------------------------------------    -------------------
                         (clock vclk rise edge)       0.000     0.000 r  <hidden>
                         input delay                  0.000     0.000    <hidden>
                                                      0.000     0.000 f  rst_n
                         net (fo=0)                   0.973     0.973    rst_n
    SLICE_X30Y74         LUT1 (Prop_lut1_I0_O)        0.124     1.097 r  y[15]_i_1/O
                         net (fo=290, routed)         3.111     4.208    RSTP
    SLICE_X46Y73         FDRE                                         r  a15_reg[13]/R
  -------------------------------------------------------------------    -------------------

                         (clock vclk rise edge)       4.143     4.143 r  <hidden>
                                                      0.000     4.143 r  clk
                         net (fo=289, unset)          0.924     5.067    clk
    SLICE_X46Y73         FDRE                                         r  a15_reg[13]/C
                         clock pessimism              0.000     5.067    <hidden>
                         clock uncertainty           -0.035     5.032    <hidden>
    SLICE_X46Y73         FDRE (Setup_fdre_C_R)       -0.524     4.508    a15_reg[13]
  -------------------------------------------------------------------
                         required time                          4.508    <hidden>
                         arrival time                          -4.208    <hidden>
  -------------------------------------------------------------------
                         slack                                  0.300    <hidden>

Slack (MET) :             0.300ns  (required time - arrival time)
  Source:                 rst_n
                            (input port clocked by vclk  {rise@0.000ns fall@2.072ns period=4.143ns})
  Destination:            a15_reg[14]/R
                            (rising edge-triggered cell FDRE clocked by vclk  {rise@0.000ns fall@2.072ns period=4.143ns})
  Path Group:             vclk
  Path Type:              Setup (Max at Slow Process Corner)
  Requirement:            4.143ns  (vclk rise@4.143ns - vclk rise@0.000ns)
  Data Path Delay:        4.208ns  (logic 0.124ns (2.947%)  route 4.084ns (97.053%))
  Logic Levels:           1  (LUT1=1)
  Input Delay:            0.000ns
  Clock Path Skew:        0.924ns (DCD - SCD + CPR)
    Destination Clock Delay (DCD):    0.924ns = ( 5.067 - 4.143 ) 
    Source Clock Delay      (SCD):    0.000ns
    Clock Pessimism Removal (CPR):    0.000ns
  Clock Uncertainty:      0.035ns  ((TSJ^2 + TIJ^2)^1/2 + DJ) / 2 + PE
    Total System Jitter     (TSJ):    0.071ns
    Total Input Jitter      (TIJ):    0.000ns
    Discrete Jitter          (DJ):    0.000ns
    Phase Error              (PE):    0.000ns

    Location             Delay type                Incr(ns)  Path(ns)    Netlist Resource(s)
  -------------------------------------------------------------------    -------------------
                         (clock vclk rise edge)       0.000     0.000 r  <hidden>
                         input delay                  0.000     0.000    <hidden>
                                                      0.000     0.000 f  rst_n
                         net (fo=0)                   0.973     0.973    rst_n
    SLICE_X30Y74         LUT1 (Prop_lut1_I0_O)        0.124     1.097 r  y[15]_i_1/O
                         net (fo=290, routed)         3.111     4.208    RSTP
    SLICE_X46Y73         FDRE                                         r  a15_reg[14]/R
  -------------------------------------------------------------------    -------------------

                         (clock vclk rise edge)       4.143     4.143 r  <hidden>
                                                      0.000     4.143 r  clk
                         net (fo=289, unset)          0.924     5.067    clk
    SLICE_X46Y73         FDRE                                         r  a15_reg[14]/C
                         clock pessimism              0.000     5.067    <hidden>
                         clock uncertainty           -0.035     5.032    <hidden>
    SLICE_X46Y73         FDRE (Setup_fdre_C_R)       -0.524     4.508    a15_reg[14]
  -------------------------------------------------------------------
                         required time                          4.508    <hidden>
                         arrival time                          -4.208    <hidden>
  -------------------------------------------------------------------
                         slack                                  0.300    <hidden>

Slack (MET) :             0.300ns  (required time - arrival time)
  Source:                 rst_n
                            (input port clocked by vclk  {rise@0.000ns fall@2.072ns period=4.143ns})
  Destination:            a15_reg[15]/R
                            (rising edge-triggered cell FDRE clocked by vclk  {rise@0.000ns fall@2.072ns period=4.143ns})
  Path Group:             vclk
  Path Type:              Setup (Max at Slow Process Corner)
  Requirement:            4.143ns  (vclk rise@4.143ns - vclk rise@0.000ns)
  Data Path Delay:        4.208ns  (logic 0.124ns (2.947%)  route 4.084ns (97.053%))
  Logic Levels:           1  (LUT1=1)
  Input Delay:            0.000ns
  Clock Path Skew:        0.924ns (DCD - SCD + CPR)
    Destination Clock Delay (DCD):    0.924ns = ( 5.067 - 4.143 ) 
    Source Clock Delay      (SCD):    0.000ns
    Clock Pessimism Removal (CPR):    0.000ns
  Clock Uncertainty:      0.035ns  ((TSJ^2 + TIJ^2)^1/2 + DJ) / 2 + PE
    Total System Jitter     (TSJ):    0.071ns
    Total Input Jitter      (TIJ):    0.000ns
    Discrete Jitter          (DJ):    0.000ns
    Phase Error              (PE):    0.000ns

    Location             Delay type                Incr(ns)  Path(ns)    Netlist Resource(s)
  -------------------------------------------------------------------    -------------------
                         (clock vclk rise edge)       0.000     0.000 r  <hidden>
                         input delay                  0.000     0.000    <hidden>
                                                      0.000     0.000 f  rst_n
                         net (fo=0)                   0.973     0.973    rst_n
    SLICE_X30Y74         LUT1 (Prop_lut1_I0_O)        0.124     1.097 r  y[15]_i_1/O
                         net (fo=290, routed)         3.111     4.208    RSTP
    SLICE_X46Y73         FDRE                                         r  a15_reg[15]/R
  -------------------------------------------------------------------    -------------------

                         (clock vclk rise edge)       4.143     4.143 r  <hidden>
                                                      0.000     4.143 r  clk
                         net (fo=289, unset)          0.924     5.067    clk
    SLICE_X46Y73         FDRE                                         r  a15_reg[15]/C
                         clock pessimism              0.000     5.067    <hidden>
                         clock uncertainty           -0.035     5.032    <hidden>
    SLICE_X46Y73         FDRE (Setup_fdre_C_R)       -0.524     4.508    a15_reg[15]
  -------------------------------------------------------------------
                         required time                          4.508    <hidden>
                         arrival time                          -4.208    <hidden>
  -------------------------------------------------------------------
                         slack                                  0.300    <hidden>

Slack (MET) :             0.308ns  (required time - arrival time)
  Source:                 rst_n
                            (input port clocked by vclk  {rise@0.000ns fall@2.072ns period=4.143ns})
  Destination:            a18_reg[3]/R
                            (rising edge-triggered cell FDRE clocked by vclk  {rise@0.000ns fall@2.072ns period=4.143ns})
  Path Group:             vclk
  Path Type:              Setup (Max at Slow Process Corner)
  Requirement:            4.143ns  (vclk rise@4.143ns - vclk rise@0.000ns)
  Data Path Delay:        4.295ns  (logic 0.124ns (2.887%)  route 4.171ns (97.113%))
  Logic Levels:           1  (LUT1=1)
  Input Delay:            0.000ns
  Clock Path Skew:        0.924ns (DCD - SCD + CPR)
    Destination Clock Delay (DCD):    0.924ns = ( 5.067 - 4.143 ) 
    Source Clock Delay      (SCD):    0.000ns
    Clock Pessimism Removal (CPR):    0.000ns
  Clock Uncertainty:      0.035ns  ((TSJ^2 + TIJ^2)^1/2 + DJ) / 2 + PE
    Total System Jitter     (TSJ):    0.071ns
    Total Input Jitter      (TIJ):    0.000ns
    Discrete Jitter          (DJ):    0.000ns
    Phase Error              (PE):    0.000ns

    Location             Delay type                Incr(ns)  Path(ns)    Netlist Resource(s)
  -------------------------------------------------------------------    -------------------
                         (clock vclk rise edge)       0.000     0.000 r  <hidden>
                         input delay                  0.000     0.000    <hidden>
                                                      0.000     0.000 f  rst_n
                         net (fo=0)                   0.973     0.973    rst_n
    SLICE_X30Y74         LUT1 (Prop_lut1_I0_O)        0.124     1.097 r  y[15]_i_1/O
                         net (fo=290, routed)         3.198     4.295    RSTP
    SLICE_X44Y71         FDRE                                         r  a18_reg[3]/R
  -------------------------------------------------------------------    -------------------

                         (clock vclk rise edge)       4.143     4.143 r  <hidden>
                                                      0.000     4.143 r  clk
                         net (fo=289, unset)          0.924     5.067    clk
    SLICE_X44Y71         FDRE                                         r  a18_reg[3]/C
                         clock pessimism              0.000     5.067    <hidden>
                         clock uncertainty           -0.035     5.032    <hidden>
    SLICE_X44Y71         FDRE (Setup_fdre_C_R)       -0.429     4.603    a18_reg[3]
  -------------------------------------------------------------------
                         required time                          4.603    <hidden>
                         arrival time                          -4.295    <hidden>
  -------------------------------------------------------------------
                         slack                                  0.308    <hidden>

Slack (MET) :             0.310ns  (required time - arrival time)
  Source:                 rst_n
                            (input port clocked by vclk  {rise@0.000ns fall@2.072ns period=4.143ns})
  Destination:            a10_reg[2]/R
                            (rising edge-triggered cell FDRE clocked by vclk  {rise@0.000ns fall@2.072ns period=4.143ns})
  Path Group:             vclk
  Path Type:              Setup (Max at Slow Process Corner)
  Requirement:            4.143ns  (vclk rise@4.143ns - vclk rise@0.000ns)
  Data Path Delay:        4.198ns  (logic 0.124ns (2.954%)  route 4.074ns (97.046%))
  Logic Levels:           1  (LUT1=1)
  Input Delay:            0.000ns
  Clock Path Skew:        0.924ns (DCD - SCD + CPR)
    Destination Clock Delay (DCD):    0.924ns = ( 5.067 - 4.143 ) 
    Source Clock Delay      (SCD):    0.000ns
    Clock Pessimism Removal (CPR):    0.000ns
  Clock Uncertainty:      0.035ns  ((TSJ^2 + TIJ^2)^1/2 + DJ) / 2 + PE
    Total System Jitter     (TSJ):    0.071ns
    Total Input Jitter      (TIJ):    0.000ns
    Discrete Jitter          (DJ):    0.000ns
    Phase Error              (PE):    0.000ns

    Location             Delay type                Incr(ns)  Path(ns)    Netlist Resource(s)
  -------------------------------------------------------------------    -------------------
                         (clock vclk rise edge)       0.000     0.000 r  <hidden>
                         input delay                  0.000     0.000    <hidden>
                                                      0.000     0.000 f  rst_n
                         net (fo=0)                   0.973     0.973    rst_n
    SLICE_X30Y74         LUT1 (Prop_lut1_I0_O)        0.124     1.097 r  y[15]_i_1/O
                         net (fo=290, routed)         3.101     4.198    RSTP
    SLICE_X36Y67         FDRE                                         r  a10_reg[2]/R
  -------------------------------------------------------------------    -------------------

                         (clock vclk rise edge)       4.143     4.143 r  <hidden>
                                                      0.000     4.143 r  clk
                         net (fo=289, unset)          0.924     5.067    clk
    SLICE_X36Y67         FDRE                                         r  a10_reg[2]/C
                         clock pessimism              0.000     5.067    <hidden>
                         clock uncertainty           -0.035     5.032    <hidden>
    SLICE_X36Y67         FDRE (Setup_fdre_C_R)       -0.524     4.508    a10_reg[2]
  -------------------------------------------------------------------
                         required time                          4.508    <hidden>
                         arrival time                          -4.198    <hidden>
  -------------------------------------------------------------------
                         slack                                  0.310    <hidden>





Pulse Width Checks
--------------------------------------------------------------------------------------
Clock Name:         vclk
Waveform(ns):       { 0.000 2.072 }
Period(ns):         4.143
Sources:            { clk }

Check Type        Corner  Lib Pin  Reference Pin  Required(ns)  Actual(ns)  Slack(ns)  Location      Pin
Min Period        n/a     FDRE/C   n/a            1.000         4.143       3.143      SLICE_X33Y68  a0_reg[10]/C
Min Period        n/a     FDRE/C   n/a            1.000         4.143       3.143      SLICE_X33Y68  a0_reg[11]/C
Min Period        n/a     FDRE/C   n/a            1.000         4.143       3.143      SLICE_X33Y68  a0_reg[12]/C
Min Period        n/a     FDRE/C   n/a            1.000         4.143       3.143      SLICE_X33Y69  a0_reg[13]/C
Min Period        n/a     FDRE/C   n/a            1.000         4.143       3.143      SLICE_X33Y69  a0_reg[14]/C
Min Period        n/a     FDRE/C   n/a            1.000         4.143       3.143      SLICE_X33Y69  a0_reg[15]/C
Min Period        n/a     FDRE/C   n/a            1.000         4.143       3.143      SLICE_X33Y66  a0_reg[2]/C
Min Period        n/a     FDRE/C   n/a            1.000         4.143       3.143      SLICE_X33Y66  a0_reg[3]/C
Min Period        n/a     FDRE/C   n/a            1.000         4.143       3.143      SLICE_X33Y66  a0_reg[4]/C
Min Period        n/a     FDRE/C   n/a            1.000         4.143       3.143      SLICE_X33Y67  a0_reg[5]/C
Low Pulse Width   Slow    FDRE/C   n/a            0.500         2.071       1.571      SLICE_X33Y68  a0_reg[10]/C
Low Pulse Width   Fast    FDRE/C   n/a            0.500         2.072       1.572      SLICE_X33Y68  a0_reg[10]/C
Low Pulse Width   Slow    FDRE/C   n/a            0.500         2.071       1.571      SLICE_X33Y68  a0_reg[11]/C
Low Pulse Width   Fast    FDRE/C   n/a            0.500         2.072       1.572      SLICE_X33Y68  a0_reg[11]/C
Low Pulse Width   Slow    FDRE/C   n/a            0.500         2.071       1.571      SLICE_X33Y68  a0_reg[12]/C
Low Pulse Width   Fast    FDRE/C   n/a            0.500         2.072       1.572      SLICE_X33Y68  a0_reg[12]/C
Low Pulse Width   Slow    FDRE/C   n/a            0.500         2.071       1.571      SLICE_X33Y69  a0_reg[13]/C
Low Pulse Width   Fast    FDRE/C   n/a            0.500         2.072       1.572      SLICE_X33Y69  a0_reg[13]/C
Low Pulse Width   Slow    FDRE/C   n/a            0.500         2.071       1.571      SLICE_X33Y69  a0_reg[14]/C
Low Pulse Width   Fast    FDRE/C   n/a            0.500         2.072       1.572      SLICE_X33Y69  a0_reg[14]/C
High Pulse Width  Slow    FDRE/C   n/a            0.500         2.072       1.572      SLICE_X33Y68  a0_reg[10]/C
High Pulse Width  Fast    FDRE/C   n/a            0.500         2.072       1.572      SLICE_X33Y68  a0_reg[10]/C
High Pulse Width  Slow    FDRE/C   n/a            0.500         2.072       1.572      SLICE_X33Y68  a0_reg[11]/C
High Pulse Width  Fast    FDRE/C   n/a            0.500         2.072       1.572      SLICE_X33Y68  a0_reg[11]/C
High Pulse Width  Slow    FDRE/C   n/a            0.500         2.072       1.572      SLICE_X33Y68  a0_reg[12]/C
High Pulse Width  Fast    FDRE/C   n/a            0.500         2.072       1.572      SLICE_X33Y68  a0_reg[12]/C
High Pulse Width  Slow    FDRE/C   n/a            0.500         2.072       1.572      SLICE_X33Y69  a0_reg[13]/C
High Pulse Width  Fast    FDRE/C   n/a            0.500         2.072       1.572      SLICE_X33Y69  a0_reg[13]/C
High Pulse Width  Slow    FDRE/C   n/a            0.500         2.072       1.572      SLICE_X33Y69  a0_reg[14]/C
High Pulse Width  Fast    FDRE/C   n/a            0.500         2.072       1.572      SLICE_X33Y69  a0_reg[14]/C



