Copyright 1986-2022 Xilinx, Inc. All Rights Reserved. Copyright 2022-2026 Advanced Micro Devices, Inc. All Rights Reserved.
----------------------------------------------------------------------------------------------------------------------------------------------------------------------------------------------------------------------------------------------------------------------------------------
| Tool Version : Vivado v.2026.1 (win64) Build 6511674 Tue Jun 16 11:02:23 MDT 2026
| Date         : Sun Aug 30 23:32:31 2026
| Host         : Amine running 64-bit major release  (build 9200)
| Command      : report_timing_summary -delay_type max -max_paths 10 -report_unconstrained -check_timing_verbose -warn_on_violation -file C:/Users/Amine/mas/fpga-repo/timing_closure_candidate_v7/results/c05_iir_sft_iir18_v7/trial_004_search_p6p08625_a0/reports/timing_summary.rpt
| Design       : sft__iir18_v7__g0
| Device       : 7z020-clg400
| Speed File   : -1  PRODUCTION 1.12 2019-11-22
| Design State : Routed
----------------------------------------------------------------------------------------------------------------------------------------------------------------------------------------------------------------------------------------------------------------------------------------

Timing Summary Report

------------------------------------------------------------------------------------------------
| Timer Settings
| --------------
------------------------------------------------------------------------------------------------

  Enable Multi Corner Analysis               :  Yes
  Enable Pessimism Removal                   :  Yes
  Pessimism Removal Resolution               :  Nearest Common Node
  Enable Input Delay Default Clock           :  No
  Enable Preset / Clear Arcs                 :  No
  Disable Flight Delays                      :  No
  Ignore I/O Paths                           :  No
  Timing Early Launch at Borrowing Latches   :  No
  Borrow Time for Max Delay Exceptions       :  Yes
  Merge Timing Exceptions                    :  Yes
  Inter-SLR Compensation                     :  Conservative

  Corner  Analyze    Analyze    
  Name    Max Paths  Min Paths  
  ------  ---------  ---------  
  Slow    Yes        Yes        
  Fast    Yes        Yes        


------------------------------------------------------------------------------------------------
| Report Methodology
| ------------------
------------------------------------------------------------------------------------------------

No report available as report_methodology has not been run prior. Run report_methodology on the current design for the summary of methodology violations.



check_timing report

Table of Contents
-----------------
1. checking no_clock (0)
2. checking constant_clock (0)
3. checking pulse_width_clock (0)
4. checking unconstrained_internal_endpoints (0)
5. checking no_input_delay (0)
6. checking no_output_delay (0)
7. checking multiple_clock (0)
8. checking generated_clocks (0)
9. checking loops (0)
10. checking partial_input_delay (0)
11. checking partial_output_delay (0)
12. checking latch_loops (0)

1. checking no_clock (0)
------------------------
 There are 0 register/latch pins with no clock.


2. checking constant_clock (0)
------------------------------
 There are 0 register/latch pins with constant_clock.


3. checking pulse_width_clock (0)
---------------------------------
 There are 0 register/latch pins which need pulse_width check


4. checking unconstrained_internal_endpoints (0)
------------------------------------------------
 There are 0 pins that are not constrained for maximum delay.

 There are 0 pins that are not constrained for maximum delay due to constant clock.


5. checking no_input_delay (0)
------------------------------
 There are 0 input ports with no input delay specified.

 There are 0 input ports with no input delay but user has a false path constraint.


6. checking no_output_delay (0)
-------------------------------
 There are 0 ports with no output delay specified.

 There are 0 ports with no output delay but user has a false path constraint

 There are 0 ports with no output delay but with a timing clock defined on it or propagating through it


7. checking multiple_clock (0)
------------------------------
 There are 0 register/latch pins with multiple clocks.


8. checking generated_clocks (0)
--------------------------------
 There are 0 generated clocks that are not connected to a clock source.


9. checking loops (0)
---------------------
 There are 0 combinational loops in the design.


10. checking partial_input_delay (0)
------------------------------------
 There are 0 input ports with partial input delay specified.


11. checking partial_output_delay (0)
-------------------------------------
 There are 0 ports with partial output delay specified.


12. checking latch_loops (0)
----------------------------
 There are 0 combinational latch loops in the design through latch input



------------------------------------------------------------------------------------------------
| Design Timing Summary
| ---------------------
------------------------------------------------------------------------------------------------

    WNS(ns)      TNS(ns)  TNS Failing Endpoints  TNS Total Endpoints     WPWS(ns)     TPWS(ns)  TPWS Failing Endpoints  TPWS Total Endpoints  
    -------      -------  ---------------------  -------------------     --------     --------  ----------------------  --------------------  
      0.117        0.000                      0                  634        2.543        0.000                       0                   309  


All user specified timing constraints are met.


------------------------------------------------------------------------------------------------
| Clock Summary
| -------------
------------------------------------------------------------------------------------------------

Clock  Waveform(ns)         Period(ns)      Frequency(MHz)
-----  ------------         ----------      --------------
vclk   {0.000 3.043}        6.086           164.312         


------------------------------------------------------------------------------------------------
| Intra Clock Table
| -----------------
------------------------------------------------------------------------------------------------

Clock             WNS(ns)      TNS(ns)  TNS Failing Endpoints  TNS Total Endpoints     WPWS(ns)     TPWS(ns)  TPWS Failing Endpoints  TPWS Total Endpoints  
-----             -------      -------  ---------------------  -------------------     --------     --------  ----------------------  --------------------  
vclk                0.117        0.000                      0                  634        2.543        0.000                       0                   309  


------------------------------------------------------------------------------------------------
| Inter Clock Table
| -----------------
------------------------------------------------------------------------------------------------

From Clock    To Clock          WNS(ns)      TNS(ns)  TNS Failing Endpoints  TNS Total Endpoints  
----------    --------          -------      -------  ---------------------  -------------------  


------------------------------------------------------------------------------------------------
| Other Path Groups Table
| -----------------------
------------------------------------------------------------------------------------------------

Path Group    From Clock    To Clock          WNS(ns)      TNS(ns)  TNS Failing Endpoints  TNS Total Endpoints  
----------    ----------    --------          -------      -------  ---------------------  -------------------  


------------------------------------------------------------------------------------------------
| User Ignored Path Table
| -----------------------
------------------------------------------------------------------------------------------------

Path Group    From Clock    To Clock    
----------    ----------    --------    


------------------------------------------------------------------------------------------------
| Unconstrained Path Table
| ------------------------
------------------------------------------------------------------------------------------------

Path Group    From Clock    To Clock    
----------    ----------    --------    


------------------------------------------------------------------------------------------------
| Timing Details
| --------------
------------------------------------------------------------------------------------------------


---------------------------------------------------------------------------------------------------
From Clock:  vclk
  To Clock:  vclk

Setup :            0  Failing Endpoints,  Worst Slack        0.117ns,  Total Violation        0.000ns
Hold  :           NA  Failing Endpoints,  Worst Slack           NA  ,  Total Violation           NA
PW    :            0  Failing Endpoints,  Worst Slack        2.543ns,  Total Violation        0.000ns
---------------------------------------------------------------------------------------------------


Max Delay Paths
--------------------------------------------------------------------------------------
Slack (MET) :             0.117ns  (required time - arrival time)
  Source:                 x[1]
                            (input port clocked by vclk  {rise@0.000ns fall@3.043ns period=6.086ns})
  Destination:            r11_reg[14]/D
                            (rising edge-triggered cell FDRE clocked by vclk  {rise@0.000ns fall@3.043ns period=6.086ns})
  Path Group:             vclk
  Path Type:              Setup (Max at Slow Process Corner)
  Requirement:            6.086ns  (vclk rise@6.086ns - vclk rise@0.000ns)
  Data Path Delay:        6.919ns  (logic 3.303ns (47.735%)  route 3.616ns (52.265%))
  Logic Levels:           8  (CARRY4=6 LUT1=1 LUT3=1)
  Input Delay:            0.000ns
  Clock Path Skew:        0.924ns (DCD - SCD + CPR)
    Destination Clock Delay (DCD):    0.924ns = ( 7.010 - 6.086 ) 
    Source Clock Delay      (SCD):    0.000ns
    Clock Pessimism Removal (CPR):    0.000ns
  Clock Uncertainty:      0.035ns  ((TSJ^2 + TIJ^2)^1/2 + DJ) / 2 + PE
    Total System Jitter     (TSJ):    0.071ns
    Total Input Jitter      (TIJ):    0.000ns
    Discrete Jitter          (DJ):    0.000ns
    Phase Error              (PE):    0.000ns

    Location             Delay type                Incr(ns)  Path(ns)    Netlist Resource(s)
  -------------------------------------------------------------------    -------------------
                         (clock vclk rise edge)       0.000     0.000 r  <hidden>
                         input delay                  0.000     0.000    <hidden>
                                                      0.000     0.000 f  x[1]
                         net (fo=91, unset)           0.973     0.973    x[1]
    SLICE_X44Y68         LUT1 (Prop_lut1_I0_O)        0.124     1.097 r  r11[4]_i_9/O
                         net (fo=1, routed)           0.000     1.097    r11[4]_i_9_n_0
    SLICE_X44Y68         CARRY4 (Prop_carry4_S[1]_CO[3])
                                                      0.550     1.647 r  r11_reg[4]_i_2/CO[3]
                         net (fo=1, routed)           0.000     1.647    r11_reg[4]_i_2_n_0
    SLICE_X44Y69         CARRY4 (Prop_carry4_CI_O[1])
                                                      0.334     1.981 r  r11_reg[12]_i_15/O[1]
                         net (fo=4, routed)           1.173     3.154    r11_reg[12]_i_15_n_6
    SLICE_X33Y69         LUT3 (Prop_lut3_I1_O)        0.329     3.483 r  r11[8]_i_7/O
                         net (fo=1, routed)           0.825     4.307    r11[8]_i_7_n_0
    SLICE_X45Y70         CARRY4 (Prop_carry4_DI[3]_CO[3])
                                                      0.593     4.900 r  r11_reg[8]_i_2/CO[3]
                         net (fo=1, routed)           0.000     4.900    r11_reg[8]_i_2_n_0
    SLICE_X45Y71         CARRY4 (Prop_carry4_CI_O[1])
                                                      0.334     5.234 r  r11_reg[12]_i_2/O[1]
                         net (fo=2, routed)           0.637     5.871    r111[9]
    SLICE_X44Y74         CARRY4 (Prop_carry4_DI[0]_CO[3])
                                                      0.705     6.576 r  r11_reg[12]_i_1/CO[3]
                         net (fo=1, routed)           0.009     6.585    r11_reg[12]_i_1_n_0
    SLICE_X44Y75         CARRY4 (Prop_carry4_CI_O[1])
                                                      0.334     6.919 r  r11_reg[15]_i_1/O[1]
                         net (fo=1, routed)           0.000     6.919    r110[14]
    SLICE_X44Y75         FDRE                                         r  r11_reg[14]/D
  -------------------------------------------------------------------    -------------------

                         (clock vclk rise edge)       6.086     6.086 r  <hidden>
                                                      0.000     6.086 r  clk
                         net (fo=308, unset)          0.924     7.010    clk
    SLICE_X44Y75         FDRE                                         r  r11_reg[14]/C
                         clock pessimism              0.000     7.010    <hidden>
                         clock uncertainty           -0.035     6.975    <hidden>
    SLICE_X44Y75         FDRE (Setup_fdre_C_D)        0.062     7.037    r11_reg[14]
  -------------------------------------------------------------------
                         required time                          7.037    <hidden>
                         arrival time                          -6.919    <hidden>
  -------------------------------------------------------------------
                         slack                                  0.117    <hidden>

Slack (MET) :             0.212ns  (required time - arrival time)
  Source:                 x[1]
                            (input port clocked by vclk  {rise@0.000ns fall@3.043ns period=6.086ns})
  Destination:            r11_reg[15]/D
                            (rising edge-triggered cell FDRE clocked by vclk  {rise@0.000ns fall@3.043ns period=6.086ns})
  Path Group:             vclk
  Path Type:              Setup (Max at Slow Process Corner)
  Requirement:            6.086ns  (vclk rise@6.086ns - vclk rise@0.000ns)
  Data Path Delay:        6.824ns  (logic 3.208ns (47.007%)  route 3.616ns (52.993%))
  Logic Levels:           8  (CARRY4=6 LUT1=1 LUT3=1)
  Input Delay:            0.000ns
  Clock Path Skew:        0.924ns (DCD - SCD + CPR)
    Destination Clock Delay (DCD):    0.924ns = ( 7.010 - 6.086 ) 
    Source Clock Delay      (SCD):    0.000ns
    Clock Pessimism Removal (CPR):    0.000ns
  Clock Uncertainty:      0.035ns  ((TSJ^2 + TIJ^2)^1/2 + DJ) / 2 + PE
    Total System Jitter     (TSJ):    0.071ns
    Total Input Jitter      (TIJ):    0.000ns
    Discrete Jitter          (DJ):    0.000ns
    Phase Error              (PE):    0.000ns

    Location             Delay type                Incr(ns)  Path(ns)    Netlist Resource(s)
  -------------------------------------------------------------------    -------------------
                         (clock vclk rise edge)       0.000     0.000 r  <hidden>
                         input delay                  0.000     0.000    <hidden>
                                                      0.000     0.000 f  x[1]
                         net (fo=91, unset)           0.973     0.973    x[1]
    SLICE_X44Y68         LUT1 (Prop_lut1_I0_O)        0.124     1.097 r  r11[4]_i_9/O
                         net (fo=1, routed)           0.000     1.097    r11[4]_i_9_n_0
    SLICE_X44Y68         CARRY4 (Prop_carry4_S[1]_CO[3])
                                                      0.550     1.647 r  r11_reg[4]_i_2/CO[3]
                         net (fo=1, routed)           0.000     1.647    r11_reg[4]_i_2_n_0
    SLICE_X44Y69         CARRY4 (Prop_carry4_CI_O[1])
                                                      0.334     1.981 r  r11_reg[12]_i_15/O[1]
                         net (fo=4, routed)           1.173     3.154    r11_reg[12]_i_15_n_6
    SLICE_X33Y69         LUT3 (Prop_lut3_I1_O)        0.329     3.483 r  r11[8]_i_7/O
                         net (fo=1, routed)           0.825     4.307    r11[8]_i_7_n_0
    SLICE_X45Y70         CARRY4 (Prop_carry4_DI[3]_CO[3])
                                                      0.593     4.900 r  r11_reg[8]_i_2/CO[3]
                         net (fo=1, routed)           0.000     4.900    r11_reg[8]_i_2_n_0
    SLICE_X45Y71         CARRY4 (Prop_carry4_CI_O[1])
                                                      0.334     5.234 r  r11_reg[12]_i_2/O[1]
                         net (fo=2, routed)           0.637     5.871    r111[9]
    SLICE_X44Y74         CARRY4 (Prop_carry4_DI[0]_CO[3])
                                                      0.705     6.576 r  r11_reg[12]_i_1/CO[3]
                         net (fo=1, routed)           0.009     6.585    r11_reg[12]_i_1_n_0
    SLICE_X44Y75         CARRY4 (Prop_carry4_CI_O[2])
                                                      0.239     6.824 r  r11_reg[15]_i_1/O[2]
                         net (fo=1, routed)           0.000     6.824    r110[15]
    SLICE_X44Y75         FDRE                                         r  r11_reg[15]/D
  -------------------------------------------------------------------    -------------------

                         (clock vclk rise edge)       6.086     6.086 r  <hidden>
                                                      0.000     6.086 r  clk
                         net (fo=308, unset)          0.924     7.010    clk
    SLICE_X44Y75         FDRE                                         r  r11_reg[15]/C
                         clock pessimism              0.000     7.010    <hidden>
                         clock uncertainty           -0.035     6.975    <hidden>
    SLICE_X44Y75         FDRE (Setup_fdre_C_D)        0.062     7.037    r11_reg[15]
  -------------------------------------------------------------------
                         required time                          7.037    <hidden>
                         arrival time                          -6.824    <hidden>
  -------------------------------------------------------------------
                         slack                                  0.212    <hidden>

Slack (MET) :             0.228ns  (required time - arrival time)
  Source:                 x[1]
                            (input port clocked by vclk  {rise@0.000ns fall@3.043ns period=6.086ns})
  Destination:            r11_reg[13]/D
                            (rising edge-triggered cell FDRE clocked by vclk  {rise@0.000ns fall@3.043ns period=6.086ns})
  Path Group:             vclk
  Path Type:              Setup (Max at Slow Process Corner)
  Requirement:            6.086ns  (vclk rise@6.086ns - vclk rise@0.000ns)
  Data Path Delay:        6.808ns  (logic 3.192ns (46.883%)  route 3.616ns (53.117%))
  Logic Levels:           8  (CARRY4=6 LUT1=1 LUT3=1)
  Input Delay:            0.000ns
  Clock Path Skew:        0.924ns (DCD - SCD + CPR)
    Destination Clock Delay (DCD):    0.924ns = ( 7.010 - 6.086 ) 
    Source Clock Delay      (SCD):    0.000ns
    Clock Pessimism Removal (CPR):    0.000ns
  Clock Uncertainty:      0.035ns  ((TSJ^2 + TIJ^2)^1/2 + DJ) / 2 + PE
    Total System Jitter     (TSJ):    0.071ns
    Total Input Jitter      (TIJ):    0.000ns
    Discrete Jitter          (DJ):    0.000ns
    Phase Error              (PE):    0.000ns

    Location             Delay type                Incr(ns)  Path(ns)    Netlist Resource(s)
  -------------------------------------------------------------------    -------------------
                         (clock vclk rise edge)       0.000     0.000 r  <hidden>
                         input delay                  0.000     0.000    <hidden>
                                                      0.000     0.000 f  x[1]
                         net (fo=91, unset)           0.973     0.973    x[1]
    SLICE_X44Y68         LUT1 (Prop_lut1_I0_O)        0.124     1.097 r  r11[4]_i_9/O
                         net (fo=1, routed)           0.000     1.097    r11[4]_i_9_n_0
    SLICE_X44Y68         CARRY4 (Prop_carry4_S[1]_CO[3])
                                                      0.550     1.647 r  r11_reg[4]_i_2/CO[3]
                         net (fo=1, routed)           0.000     1.647    r11_reg[4]_i_2_n_0
    SLICE_X44Y69         CARRY4 (Prop_carry4_CI_O[1])
                                                      0.334     1.981 r  r11_reg[12]_i_15/O[1]
                         net (fo=4, routed)           1.173     3.154    r11_reg[12]_i_15_n_6
    SLICE_X33Y69         LUT3 (Prop_lut3_I1_O)        0.329     3.483 r  r11[8]_i_7/O
                         net (fo=1, routed)           0.825     4.307    r11[8]_i_7_n_0
    SLICE_X45Y70         CARRY4 (Prop_carry4_DI[3]_CO[3])
                                                      0.593     4.900 r  r11_reg[8]_i_2/CO[3]
                         net (fo=1, routed)           0.000     4.900    r11_reg[8]_i_2_n_0
    SLICE_X45Y71         CARRY4 (Prop_carry4_CI_O[1])
                                                      0.334     5.234 r  r11_reg[12]_i_2/O[1]
                         net (fo=2, routed)           0.637     5.871    r111[9]
    SLICE_X44Y74         CARRY4 (Prop_carry4_DI[0]_CO[3])
                                                      0.705     6.576 r  r11_reg[12]_i_1/CO[3]
                         net (fo=1, routed)           0.009     6.585    r11_reg[12]_i_1_n_0
    SLICE_X44Y75         CARRY4 (Prop_carry4_CI_O[0])
                                                      0.223     6.808 r  r11_reg[15]_i_1/O[0]
                         net (fo=1, routed)           0.000     6.808    r110[13]
    SLICE_X44Y75         FDRE                                         r  r11_reg[13]/D
  -------------------------------------------------------------------    -------------------

                         (clock vclk rise edge)       6.086     6.086 r  <hidden>
                                                      0.000     6.086 r  clk
                         net (fo=308, unset)          0.924     7.010    clk
    SLICE_X44Y75         FDRE                                         r  r11_reg[13]/C
                         clock pessimism              0.000     7.010    <hidden>
                         clock uncertainty           -0.035     6.975    <hidden>
    SLICE_X44Y75         FDRE (Setup_fdre_C_D)        0.062     7.037    r11_reg[13]
  -------------------------------------------------------------------
                         required time                          7.037    <hidden>
                         arrival time                          -6.808    <hidden>
  -------------------------------------------------------------------
                         slack                                  0.228    <hidden>

Slack (MET) :             0.273ns  (required time - arrival time)
  Source:                 rst_n
                            (input port clocked by vclk  {rise@0.000ns fall@3.043ns period=6.086ns})
  Destination:            r17_reg[3]/R
                            (rising edge-triggered cell FDRE clocked by vclk  {rise@0.000ns fall@3.043ns period=6.086ns})
  Path Group:             vclk
  Path Type:              Setup (Max at Slow Process Corner)
  Requirement:            6.086ns  (vclk rise@6.086ns - vclk rise@0.000ns)
  Data Path Delay:        6.273ns  (logic 0.124ns (1.977%)  route 6.149ns (98.023%))
  Logic Levels:           1  (LUT1=1)
  Input Delay:            0.000ns
  Clock Path Skew:        0.924ns (DCD - SCD + CPR)
    Destination Clock Delay (DCD):    0.924ns = ( 7.010 - 6.086 ) 
    Source Clock Delay      (SCD):    0.000ns
    Clock Pessimism Removal (CPR):    0.000ns
  Clock Uncertainty:      0.035ns  ((TSJ^2 + TIJ^2)^1/2 + DJ) / 2 + PE
    Total System Jitter     (TSJ):    0.071ns
    Total Input Jitter      (TIJ):    0.000ns
    Discrete Jitter          (DJ):    0.000ns
    Phase Error              (PE):    0.000ns

    Location             Delay type                Incr(ns)  Path(ns)    Netlist Resource(s)
  -------------------------------------------------------------------    -------------------
                         (clock vclk rise edge)       0.000     0.000 r  <hidden>
                         input delay                  0.000     0.000    <hidden>
                                                      0.000     0.000 f  rst_n
                         net (fo=0)                   0.973     0.973    rst_n
    SLICE_X28Y77         LUT1 (Prop_lut1_I0_O)        0.124     1.097 r  y[15]_i_1/O
                         net (fo=309, routed)         5.176     6.273    RSTP
    SLICE_X43Y78         FDRE                                         r  r17_reg[3]/R
  -------------------------------------------------------------------    -------------------

                         (clock vclk rise edge)       6.086     6.086 r  <hidden>
                                                      0.000     6.086 r  clk
                         net (fo=308, unset)          0.924     7.010    clk
    SLICE_X43Y78         FDRE                                         r  r17_reg[3]/C
                         clock pessimism              0.000     7.010    <hidden>
                         clock uncertainty           -0.035     6.975    <hidden>
    SLICE_X43Y78         FDRE (Setup_fdre_C_R)       -0.429     6.546    r17_reg[3]
  -------------------------------------------------------------------
                         required time                          6.546    <hidden>
                         arrival time                          -6.273    <hidden>
  -------------------------------------------------------------------
                         slack                                  0.273    <hidden>

Slack (MET) :             0.273ns  (required time - arrival time)
  Source:                 rst_n
                            (input port clocked by vclk  {rise@0.000ns fall@3.043ns period=6.086ns})
  Destination:            r17_reg[4]/R
                            (rising edge-triggered cell FDRE clocked by vclk  {rise@0.000ns fall@3.043ns period=6.086ns})
  Path Group:             vclk
  Path Type:              Setup (Max at Slow Process Corner)
  Requirement:            6.086ns  (vclk rise@6.086ns - vclk rise@0.000ns)
  Data Path Delay:        6.273ns  (logic 0.124ns (1.977%)  route 6.149ns (98.023%))
  Logic Levels:           1  (LUT1=1)
  Input Delay:            0.000ns
  Clock Path Skew:        0.924ns (DCD - SCD + CPR)
    Destination Clock Delay (DCD):    0.924ns = ( 7.010 - 6.086 ) 
    Source Clock Delay      (SCD):    0.000ns
    Clock Pessimism Removal (CPR):    0.000ns
  Clock Uncertainty:      0.035ns  ((TSJ^2 + TIJ^2)^1/2 + DJ) / 2 + PE
    Total System Jitter     (TSJ):    0.071ns
    Total Input Jitter      (TIJ):    0.000ns
    Discrete Jitter          (DJ):    0.000ns
    Phase Error              (PE):    0.000ns

    Location             Delay type                Incr(ns)  Path(ns)    Netlist Resource(s)
  -------------------------------------------------------------------    -------------------
                         (clock vclk rise edge)       0.000     0.000 r  <hidden>
                         input delay                  0.000     0.000    <hidden>
                                                      0.000     0.000 f  rst_n
                         net (fo=0)                   0.973     0.973    rst_n
    SLICE_X28Y77         LUT1 (Prop_lut1_I0_O)        0.124     1.097 r  y[15]_i_1/O
                         net (fo=309, routed)         5.176     6.273    RSTP
    SLICE_X43Y78         FDRE                                         r  r17_reg[4]/R
  -------------------------------------------------------------------    -------------------

                         (clock vclk rise edge)       6.086     6.086 r  <hidden>
                                                      0.000     6.086 r  clk
                         net (fo=308, unset)          0.924     7.010    clk
    SLICE_X43Y78         FDRE                                         r  r17_reg[4]/C
                         clock pessimism              0.000     7.010    <hidden>
                         clock uncertainty           -0.035     6.975    <hidden>
    SLICE_X43Y78         FDRE (Setup_fdre_C_R)       -0.429     6.546    r17_reg[4]
  -------------------------------------------------------------------
                         required time                          6.546    <hidden>
                         arrival time                          -6.273    <hidden>
  -------------------------------------------------------------------
                         slack                                  0.273    <hidden>

Slack (MET) :             0.273ns  (required time - arrival time)
  Source:                 rst_n
                            (input port clocked by vclk  {rise@0.000ns fall@3.043ns period=6.086ns})
  Destination:            r17_reg[5]/R
                            (rising edge-triggered cell FDRE clocked by vclk  {rise@0.000ns fall@3.043ns period=6.086ns})
  Path Group:             vclk
  Path Type:              Setup (Max at Slow Process Corner)
  Requirement:            6.086ns  (vclk rise@6.086ns - vclk rise@0.000ns)
  Data Path Delay:        6.273ns  (logic 0.124ns (1.977%)  route 6.149ns (98.023%))
  Logic Levels:           1  (LUT1=1)
  Input Delay:            0.000ns
  Clock Path Skew:        0.924ns (DCD - SCD + CPR)
    Destination Clock Delay (DCD):    0.924ns = ( 7.010 - 6.086 ) 
    Source Clock Delay      (SCD):    0.000ns
    Clock Pessimism Removal (CPR):    0.000ns
  Clock Uncertainty:      0.035ns  ((TSJ^2 + TIJ^2)^1/2 + DJ) / 2 + PE
    Total System Jitter     (TSJ):    0.071ns
    Total Input Jitter      (TIJ):    0.000ns
    Discrete Jitter          (DJ):    0.000ns
    Phase Error              (PE):    0.000ns

    Location             Delay type                Incr(ns)  Path(ns)    Netlist Resource(s)
  -------------------------------------------------------------------    -------------------
                         (clock vclk rise edge)       0.000     0.000 r  <hidden>
                         input delay                  0.000     0.000    <hidden>
                                                      0.000     0.000 f  rst_n
                         net (fo=0)                   0.973     0.973    rst_n
    SLICE_X28Y77         LUT1 (Prop_lut1_I0_O)        0.124     1.097 r  y[15]_i_1/O
                         net (fo=309, routed)         5.176     6.273    RSTP
    SLICE_X43Y78         FDRE                                         r  r17_reg[5]/R
  -------------------------------------------------------------------    -------------------

                         (clock vclk rise edge)       6.086     6.086 r  <hidden>
                                                      0.000     6.086 r  clk
                         net (fo=308, unset)          0.924     7.010    clk
    SLICE_X43Y78         FDRE                                         r  r17_reg[5]/C
                         clock pessimism              0.000     7.010    <hidden>
                         clock uncertainty           -0.035     6.975    <hidden>
    SLICE_X43Y78         FDRE (Setup_fdre_C_R)       -0.429     6.546    r17_reg[5]
  -------------------------------------------------------------------
                         required time                          6.546    <hidden>
                         arrival time                          -6.273    <hidden>
  -------------------------------------------------------------------
                         slack                                  0.273    <hidden>

Slack (MET) :             0.273ns  (required time - arrival time)
  Source:                 rst_n
                            (input port clocked by vclk  {rise@0.000ns fall@3.043ns period=6.086ns})
  Destination:            r17_reg[6]/R
                            (rising edge-triggered cell FDRE clocked by vclk  {rise@0.000ns fall@3.043ns period=6.086ns})
  Path Group:             vclk
  Path Type:              Setup (Max at Slow Process Corner)
  Requirement:            6.086ns  (vclk rise@6.086ns - vclk rise@0.000ns)
  Data Path Delay:        6.273ns  (logic 0.124ns (1.977%)  route 6.149ns (98.023%))
  Logic Levels:           1  (LUT1=1)
  Input Delay:            0.000ns
  Clock Path Skew:        0.924ns (DCD - SCD + CPR)
    Destination Clock Delay (DCD):    0.924ns = ( 7.010 - 6.086 ) 
    Source Clock Delay      (SCD):    0.000ns
    Clock Pessimism Removal (CPR):    0.000ns
  Clock Uncertainty:      0.035ns  ((TSJ^2 + TIJ^2)^1/2 + DJ) / 2 + PE
    Total System Jitter     (TSJ):    0.071ns
    Total Input Jitter      (TIJ):    0.000ns
    Discrete Jitter          (DJ):    0.000ns
    Phase Error              (PE):    0.000ns

    Location             Delay type                Incr(ns)  Path(ns)    Netlist Resource(s)
  -------------------------------------------------------------------    -------------------
                         (clock vclk rise edge)       0.000     0.000 r  <hidden>
                         input delay                  0.000     0.000    <hidden>
                                                      0.000     0.000 f  rst_n
                         net (fo=0)                   0.973     0.973    rst_n
    SLICE_X28Y77         LUT1 (Prop_lut1_I0_O)        0.124     1.097 r  y[15]_i_1/O
                         net (fo=309, routed)         5.176     6.273    RSTP
    SLICE_X43Y78         FDRE                                         r  r17_reg[6]/R
  -------------------------------------------------------------------    -------------------

                         (clock vclk rise edge)       6.086     6.086 r  <hidden>
                                                      0.000     6.086 r  clk
                         net (fo=308, unset)          0.924     7.010    clk
    SLICE_X43Y78         FDRE                                         r  r17_reg[6]/C
                         clock pessimism              0.000     7.010    <hidden>
                         clock uncertainty           -0.035     6.975    <hidden>
    SLICE_X43Y78         FDRE (Setup_fdre_C_R)       -0.429     6.546    r17_reg[6]
  -------------------------------------------------------------------
                         required time                          6.546    <hidden>
                         arrival time                          -6.273    <hidden>
  -------------------------------------------------------------------
                         slack                                  0.273    <hidden>

Slack (MET) :             0.277ns  (required time - arrival time)
  Source:                 x[0]
                            (input port clocked by vclk  {rise@0.000ns fall@3.043ns period=6.086ns})
  Destination:            y_reg[13]/D
                            (rising edge-triggered cell FDRE clocked by vclk  {rise@0.000ns fall@3.043ns period=6.086ns})
  Path Group:             vclk
  Path Type:              Setup (Max at Slow Process Corner)
  Requirement:            6.086ns  (vclk rise@6.086ns - vclk rise@0.000ns)
  Data Path Delay:        6.760ns  (logic 3.086ns (45.654%)  route 3.674ns (54.346%))
  Logic Levels:           9  (CARRY4=5 LUT2=1 LUT3=2 LUT4=1)
  Input Delay:            0.000ns
  Clock Path Skew:        0.924ns (DCD - SCD + CPR)
    Destination Clock Delay (DCD):    0.924ns = ( 7.010 - 6.086 ) 
    Source Clock Delay      (SCD):    0.000ns
    Clock Pessimism Removal (CPR):    0.000ns
  Clock Uncertainty:      0.035ns  ((TSJ^2 + TIJ^2)^1/2 + DJ) / 2 + PE
    Total System Jitter     (TSJ):    0.071ns
    Total Input Jitter      (TIJ):    0.000ns
    Discrete Jitter          (DJ):    0.000ns
    Phase Error              (PE):    0.000ns

    Location             Delay type                Incr(ns)  Path(ns)    Netlist Resource(s)
  -------------------------------------------------------------------    -------------------
                         (clock vclk rise edge)       0.000     0.000 r  <hidden>
                         input delay                  0.000     0.000    <hidden>
                                                      0.000     0.000 r  x[0]
                         net (fo=118, unset)          0.973     0.973    x[0]
    SLICE_X33Y69         LUT3 (Prop_lut3_I2_O)        0.124     1.097 r  y[11]_i_26/O
                         net (fo=1, routed)           0.577     1.674    y[11]_i_26_n_0
    SLICE_X27Y69         CARRY4 (Prop_carry4_DI[3]_CO[3])
                                                      0.385     2.059 r  y_reg[11]_i_21/CO[3]
                         net (fo=1, routed)           0.000     2.059    y_reg[11]_i_21_n_0
    SLICE_X27Y70         CARRY4 (Prop_carry4_CI_O[1])
                                                      0.334     2.393 r  y_reg[15]_i_23/O[1]
                         net (fo=2, routed)           0.615     3.008    acc2[8]
    SLICE_X28Y74         LUT2 (Prop_lut2_I0_O)        0.303     3.311 r  y[15]_i_27/O
                         net (fo=1, routed)           0.000     3.311    y[15]_i_27_n_0
    SLICE_X28Y74         CARRY4 (Prop_carry4_S[0]_O[2])
                                                      0.547     3.858 r  y_reg[15]_i_14/O[2]
                         net (fo=2, routed)           0.904     4.763    p_0_in[10]
    SLICE_X29Y74         LUT3 (Prop_lut3_I1_O)        0.331     5.094 r  y[11]_i_2/O
                         net (fo=2, routed)           0.595     5.689    y[11]_i_2_n_0
    SLICE_X29Y74         LUT4 (Prop_lut4_I3_O)        0.327     6.016 r  y[11]_i_6/O
                         net (fo=1, routed)           0.000     6.016    y[11]_i_6_n_0
    SLICE_X29Y74         CARRY4 (Prop_carry4_S[3]_CO[3])
                                                      0.401     6.417 r  y_reg[11]_i_1/CO[3]
                         net (fo=1, routed)           0.009     6.426    y_reg[11]_i_1_n_0
    SLICE_X29Y75         CARRY4 (Prop_carry4_CI_O[1])
                                                      0.334     6.760 r  y_reg[15]_i_2/O[1]
                         net (fo=1, routed)           0.000     6.760    acc[13]
    SLICE_X29Y75         FDRE                                         r  y_reg[13]/D
  -------------------------------------------------------------------    -------------------

                         (clock vclk rise edge)       6.086     6.086 r  <hidden>
                                                      0.000     6.086 r  clk
                         net (fo=308, unset)          0.924     7.010    clk
    SLICE_X29Y75         FDRE                                         r  y_reg[13]/C
                         clock pessimism              0.000     7.010    <hidden>
                         clock uncertainty           -0.035     6.975    <hidden>
    SLICE_X29Y75         FDRE (Setup_fdre_C_D)        0.062     7.037    y_reg[13]
  -------------------------------------------------------------------
                         required time                          7.037    <hidden>
                         arrival time                          -6.760    <hidden>
  -------------------------------------------------------------------
                         slack                                  0.277    <hidden>

Slack (MET) :             0.298ns  (required time - arrival time)
  Source:                 x[0]
                            (input port clocked by vclk  {rise@0.000ns fall@3.043ns period=6.086ns})
  Destination:            y_reg[15]/D
                            (rising edge-triggered cell FDRE clocked by vclk  {rise@0.000ns fall@3.043ns period=6.086ns})
  Path Group:             vclk
  Path Type:              Setup (Max at Slow Process Corner)
  Requirement:            6.086ns  (vclk rise@6.086ns - vclk rise@0.000ns)
  Data Path Delay:        6.739ns  (logic 3.065ns (45.485%)  route 3.674ns (54.515%))
  Logic Levels:           9  (CARRY4=5 LUT2=1 LUT3=2 LUT4=1)
  Input Delay:            0.000ns
  Clock Path Skew:        0.924ns (DCD - SCD + CPR)
    Destination Clock Delay (DCD):    0.924ns = ( 7.010 - 6.086 ) 
    Source Clock Delay      (SCD):    0.000ns
    Clock Pessimism Removal (CPR):    0.000ns
  Clock Uncertainty:      0.035ns  ((TSJ^2 + TIJ^2)^1/2 + DJ) / 2 + PE
    Total System Jitter     (TSJ):    0.071ns
    Total Input Jitter      (TIJ):    0.000ns
    Discrete Jitter          (DJ):    0.000ns
    Phase Error              (PE):    0.000ns

    Location             Delay type                Incr(ns)  Path(ns)    Netlist Resource(s)
  -------------------------------------------------------------------    -------------------
                         (clock vclk rise edge)       0.000     0.000 r  <hidden>
                         input delay                  0.000     0.000    <hidden>
                                                      0.000     0.000 r  x[0]
                         net (fo=118, unset)          0.973     0.973    x[0]
    SLICE_X33Y69         LUT3 (Prop_lut3_I2_O)        0.124     1.097 r  y[11]_i_26/O
                         net (fo=1, routed)           0.577     1.674    y[11]_i_26_n_0
    SLICE_X27Y69         CARRY4 (Prop_carry4_DI[3]_CO[3])
                                                      0.385     2.059 r  y_reg[11]_i_21/CO[3]
                         net (fo=1, routed)           0.000     2.059    y_reg[11]_i_21_n_0
    SLICE_X27Y70         CARRY4 (Prop_carry4_CI_O[1])
                                                      0.334     2.393 r  y_reg[15]_i_23/O[1]
                         net (fo=2, routed)           0.615     3.008    acc2[8]
    SLICE_X28Y74         LUT2 (Prop_lut2_I0_O)        0.303     3.311 r  y[15]_i_27/O
                         net (fo=1, routed)           0.000     3.311    y[15]_i_27_n_0
    SLICE_X28Y74         CARRY4 (Prop_carry4_S[0]_O[2])
                                                      0.547     3.858 r  y_reg[15]_i_14/O[2]
                         net (fo=2, routed)           0.904     4.763    p_0_in[10]
    SLICE_X29Y74         LUT3 (Prop_lut3_I1_O)        0.331     5.094 r  y[11]_i_2/O
                         net (fo=2, routed)           0.595     5.689    y[11]_i_2_n_0
    SLICE_X29Y74         LUT4 (Prop_lut4_I3_O)        0.327     6.016 r  y[11]_i_6/O
                         net (fo=1, routed)           0.000     6.016    y[11]_i_6_n_0
    SLICE_X29Y74         CARRY4 (Prop_carry4_S[3]_CO[3])
                                                      0.401     6.417 r  y_reg[11]_i_1/CO[3]
                         net (fo=1, routed)           0.009     6.426    y_reg[11]_i_1_n_0
    SLICE_X29Y75         CARRY4 (Prop_carry4_CI_O[3])
                                                      0.313     6.739 r  y_reg[15]_i_2/O[3]
                         net (fo=1, routed)           0.000     6.739    acc[15]
    SLICE_X29Y75         FDRE                                         r  y_reg[15]/D
  -------------------------------------------------------------------    -------------------

                         (clock vclk rise edge)       6.086     6.086 r  <hidden>
                                                      0.000     6.086 r  clk
                         net (fo=308, unset)          0.924     7.010    clk
    SLICE_X29Y75         FDRE                                         r  y_reg[15]/C
                         clock pessimism              0.000     7.010    <hidden>
                         clock uncertainty           -0.035     6.975    <hidden>
    SLICE_X29Y75         FDRE (Setup_fdre_C_D)        0.062     7.037    y_reg[15]
  -------------------------------------------------------------------
                         required time                          7.037    <hidden>
                         arrival time                          -6.739    <hidden>
  -------------------------------------------------------------------
                         slack                                  0.298    <hidden>

Slack (MET) :             0.372ns  (required time - arrival time)
  Source:                 x[1]
                            (input port clocked by vclk  {rise@0.000ns fall@3.043ns period=6.086ns})
  Destination:            r11_reg[12]/D
                            (rising edge-triggered cell FDRE clocked by vclk  {rise@0.000ns fall@3.043ns period=6.086ns})
  Path Group:             vclk
  Path Type:              Setup (Max at Slow Process Corner)
  Requirement:            6.086ns  (vclk rise@6.086ns - vclk rise@0.000ns)
  Data Path Delay:        6.665ns  (logic 3.058ns (45.878%)  route 3.607ns (54.122%))
  Logic Levels:           7  (CARRY4=5 LUT1=1 LUT3=1)
  Input Delay:            0.000ns
  Clock Path Skew:        0.924ns (DCD - SCD + CPR)
    Destination Clock Delay (DCD):    0.924ns = ( 7.010 - 6.086 ) 
    Source Clock Delay      (SCD):    0.000ns
    Clock Pessimism Removal (CPR):    0.000ns
  Clock Uncertainty:      0.035ns  ((TSJ^2 + TIJ^2)^1/2 + DJ) / 2 + PE
    Total System Jitter     (TSJ):    0.071ns
    Total Input Jitter      (TIJ):    0.000ns
    Discrete Jitter          (DJ):    0.000ns
    Phase Error              (PE):    0.000ns

    Location             Delay type                Incr(ns)  Path(ns)    Netlist Resource(s)
  -------------------------------------------------------------------    -------------------
                         (clock vclk rise edge)       0.000     0.000 r  <hidden>
                         input delay                  0.000     0.000    <hidden>
                                                      0.000     0.000 f  x[1]
                         net (fo=91, unset)           0.973     0.973    x[1]
    SLICE_X44Y68         LUT1 (Prop_lut1_I0_O)        0.124     1.097 r  r11[4]_i_9/O
                         net (fo=1, routed)           0.000     1.097    r11[4]_i_9_n_0
    SLICE_X44Y68         CARRY4 (Prop_carry4_S[1]_CO[3])
                                                      0.550     1.647 r  r11_reg[4]_i_2/CO[3]
                         net (fo=1, routed)           0.000     1.647    r11_reg[4]_i_2_n_0
    SLICE_X44Y69         CARRY4 (Prop_carry4_CI_O[1])
                                                      0.334     1.981 r  r11_reg[12]_i_15/O[1]
                         net (fo=4, routed)           1.173     3.154    r11_reg[12]_i_15_n_6
    SLICE_X33Y69         LUT3 (Prop_lut3_I1_O)        0.329     3.483 r  r11[8]_i_7/O
                         net (fo=1, routed)           0.825     4.307    r11[8]_i_7_n_0
    SLICE_X45Y70         CARRY4 (Prop_carry4_DI[3]_CO[3])
                                                      0.593     4.900 r  r11_reg[8]_i_2/CO[3]
                         net (fo=1, routed)           0.000     4.900    r11_reg[8]_i_2_n_0
    SLICE_X45Y71         CARRY4 (Prop_carry4_CI_O[1])
                                                      0.334     5.234 r  r11_reg[12]_i_2/O[1]
                         net (fo=2, routed)           0.637     5.871    r111[9]
    SLICE_X44Y74         CARRY4 (Prop_carry4_DI[0]_O[3])
                                                      0.794     6.665 r  r11_reg[12]_i_1/O[3]
                         net (fo=1, routed)           0.000     6.665    r110[12]
    SLICE_X44Y74         FDRE                                         r  r11_reg[12]/D
  -------------------------------------------------------------------    -------------------

                         (clock vclk rise edge)       6.086     6.086 r  <hidden>
                                                      0.000     6.086 r  clk
                         net (fo=308, unset)          0.924     7.010    clk
    SLICE_X44Y74         FDRE                                         r  r11_reg[12]/C
                         clock pessimism              0.000     7.010    <hidden>
                         clock uncertainty           -0.035     6.975    <hidden>
    SLICE_X44Y74         FDRE (Setup_fdre_C_D)        0.062     7.037    r11_reg[12]
  -------------------------------------------------------------------
                         required time                          7.037    <hidden>
                         arrival time                          -6.665    <hidden>
  -------------------------------------------------------------------
                         slack                                  0.372    <hidden>





Pulse Width Checks
--------------------------------------------------------------------------------------
Clock Name:         vclk
Waveform(ns):       { 0.000 3.043 }
Period(ns):         6.086
Sources:            { clk }

Check Type        Corner  Lib Pin  Reference Pin  Required(ns)  Actual(ns)  Slack(ns)  Location      Pin
Min Period        n/a     FDRE/C   n/a            1.000         6.086       5.086      SLICE_X35Y67  r10_reg[0]/C
Min Period        n/a     FDRE/C   n/a            1.000         6.086       5.086      SLICE_X42Y72  r10_reg[10]/C
Min Period        n/a     FDRE/C   n/a            1.000         6.086       5.086      SLICE_X42Y72  r10_reg[11]/C
Min Period        n/a     FDRE/C   n/a            1.000         6.086       5.086      SLICE_X42Y72  r10_reg[12]/C
Min Period        n/a     FDRE/C   n/a            1.000         6.086       5.086      SLICE_X42Y73  r10_reg[13]/C
Min Period        n/a     FDRE/C   n/a            1.000         6.086       5.086      SLICE_X42Y73  r10_reg[14]/C
Min Period        n/a     FDRE/C   n/a            1.000         6.086       5.086      SLICE_X42Y73  r10_reg[15]/C
Min Period        n/a     FDRE/C   n/a            1.000         6.086       5.086      SLICE_X42Y70  r10_reg[1]/C
Min Period        n/a     FDRE/C   n/a            1.000         6.086       5.086      SLICE_X42Y70  r10_reg[2]/C
Min Period        n/a     FDRE/C   n/a            1.000         6.086       5.086      SLICE_X42Y70  r10_reg[3]/C
Low Pulse Width   Slow    FDRE/C   n/a            0.500         3.043       2.543      SLICE_X35Y67  r10_reg[0]/C
Low Pulse Width   Fast    FDRE/C   n/a            0.500         3.043       2.543      SLICE_X35Y67  r10_reg[0]/C
Low Pulse Width   Slow    FDRE/C   n/a            0.500         3.043       2.543      SLICE_X42Y72  r10_reg[10]/C
Low Pulse Width   Fast    FDRE/C   n/a            0.500         3.043       2.543      SLICE_X42Y72  r10_reg[10]/C
Low Pulse Width   Slow    FDRE/C   n/a            0.500         3.043       2.543      SLICE_X42Y72  r10_reg[11]/C
Low Pulse Width   Fast    FDRE/C   n/a            0.500         3.043       2.543      SLICE_X42Y72  r10_reg[11]/C
Low Pulse Width   Slow    FDRE/C   n/a            0.500         3.043       2.543      SLICE_X42Y72  r10_reg[12]/C
Low Pulse Width   Fast    FDRE/C   n/a            0.500         3.043       2.543      SLICE_X42Y72  r10_reg[12]/C
Low Pulse Width   Slow    FDRE/C   n/a            0.500         3.043       2.543      SLICE_X42Y73  r10_reg[13]/C
Low Pulse Width   Fast    FDRE/C   n/a            0.500         3.043       2.543      SLICE_X42Y73  r10_reg[13]/C
High Pulse Width  Slow    FDRE/C   n/a            0.500         3.043       2.543      SLICE_X35Y67  r10_reg[0]/C
High Pulse Width  Fast    FDRE/C   n/a            0.500         3.043       2.543      SLICE_X35Y67  r10_reg[0]/C
High Pulse Width  Slow    FDRE/C   n/a            0.500         3.043       2.543      SLICE_X42Y72  r10_reg[10]/C
High Pulse Width  Fast    FDRE/C   n/a            0.500         3.043       2.543      SLICE_X42Y72  r10_reg[10]/C
High Pulse Width  Slow    FDRE/C   n/a            0.500         3.043       2.543      SLICE_X42Y72  r10_reg[11]/C
High Pulse Width  Fast    FDRE/C   n/a            0.500         3.043       2.543      SLICE_X42Y72  r10_reg[11]/C
High Pulse Width  Slow    FDRE/C   n/a            0.500         3.043       2.543      SLICE_X42Y72  r10_reg[12]/C
High Pulse Width  Fast    FDRE/C   n/a            0.500         3.043       2.543      SLICE_X42Y72  r10_reg[12]/C
High Pulse Width  Slow    FDRE/C   n/a            0.500         3.043       2.543      SLICE_X42Y73  r10_reg[13]/C
High Pulse Width  Fast    FDRE/C   n/a            0.500         3.043       2.543      SLICE_X42Y73  r10_reg[13]/C



