Copyright 1986-2022 Xilinx, Inc. All Rights Reserved. Copyright 2022-2023 Advanced Micro Devices, Inc. All Rights Reserved.
-----------------------------------------------------------------------------------------------------------------------------------------------------------------------------------------------------------------------------------
| Tool Version : Vivado v.2023.1 (win64) Build 3865809 Sun May  7 15:05:29 MDT 2023
| Date         : Thu Aug 27 18:36:13 2026
| Host         : Amine running 64-bit major release  (build 9200)
| Command      : report_timing_summary -delay_type max -max_paths 10 -report_unconstrained -check_timing_verbose -warn_on_violation -file C:/Users/Amine/mas/fpga-repo/timing_closure_gate_v1/preflight/reports/timing_summary.rpt
| Design       : timing_gate_preflight_probe
| Device       : 7z020-clg400
| Speed File   : -1  PRODUCTION 1.12 2019-11-22
| Design State : Routed
-----------------------------------------------------------------------------------------------------------------------------------------------------------------------------------------------------------------------------------

Timing Summary Report

------------------------------------------------------------------------------------------------
| Timer Settings
| --------------
------------------------------------------------------------------------------------------------

  Enable Multi Corner Analysis               :  Yes
  Enable Pessimism Removal                   :  Yes
  Pessimism Removal Resolution               :  Nearest Common Node
  Enable Input Delay Default Clock           :  No
  Enable Preset / Clear Arcs                 :  No
  Disable Flight Delays                      :  No
  Ignore I/O Paths                           :  No
  Timing Early Launch at Borrowing Latches   :  No
  Borrow Time for Max Delay Exceptions       :  Yes
  Merge Timing Exceptions                    :  Yes

  Corner  Analyze    Analyze    
  Name    Max Paths  Min Paths  
  ------  ---------  ---------  
  Slow    Yes        Yes        
  Fast    Yes        Yes        


------------------------------------------------------------------------------------------------
| Report Methodology
| ------------------
------------------------------------------------------------------------------------------------

No report available as report_methodology has not been run prior. Run report_methodology on the current design for the summary of methodology violations.



check_timing report

Table of Contents
-----------------
1. checking no_clock (0)
2. checking constant_clock (0)
3. checking pulse_width_clock (0)
4. checking unconstrained_internal_endpoints (0)
5. checking no_input_delay (32)
6. checking no_output_delay (17)
7. checking multiple_clock (0)
8. checking generated_clocks (0)
9. checking loops (0)
10. checking partial_input_delay (0)
11. checking partial_output_delay (0)
12. checking latch_loops (0)

1. checking no_clock (0)
------------------------
 There are 0 register/latch pins with no clock.


2. checking constant_clock (0)
------------------------------
 There are 0 register/latch pins with constant_clock.


3. checking pulse_width_clock (0)
---------------------------------
 There are 0 register/latch pins which need pulse_width check


4. checking unconstrained_internal_endpoints (0)
------------------------------------------------
 There are 0 pins that are not constrained for maximum delay.

 There are 0 pins that are not constrained for maximum delay due to constant clock.


5. checking no_input_delay (32)
-------------------------------
 There are 32 input ports with no input delay specified. (HIGH)

a[0]
a[10]
a[11]
a[12]
a[13]
a[14]
a[15]
a[1]
a[2]
a[3]
a[4]
a[5]
a[6]
a[7]
a[8]
a[9]
b[0]
b[10]
b[11]
b[12]
b[13]
b[14]
b[15]
b[1]
b[2]
b[3]
b[4]
b[5]
b[6]
b[7]
b[8]
b[9]

 There are 0 input ports with no input delay but user has a false path constraint.


6. checking no_output_delay (17)
--------------------------------
 There are 17 ports with no output delay specified. (HIGH)

y[0]
y[10]
y[11]
y[12]
y[13]
y[14]
y[15]
y[16]
y[1]
y[2]
y[3]
y[4]
y[5]
y[6]
y[7]
y[8]
y[9]

 There are 0 ports with no output delay but user has a false path constraint

 There are 0 ports with no output delay but with a timing clock defined on it or propagating through it


7. checking multiple_clock (0)
------------------------------
 There are 0 register/latch pins with multiple clocks.


8. checking generated_clocks (0)
--------------------------------
 There are 0 generated clocks that are not connected to a clock source.


9. checking loops (0)
---------------------
 There are 0 combinational loops in the design.


10. checking partial_input_delay (0)
------------------------------------
 There are 0 input ports with partial input delay specified.


11. checking partial_output_delay (0)
-------------------------------------
 There are 0 ports with partial output delay specified.


12. checking latch_loops (0)
----------------------------
 There are 0 combinational latch loops in the design through latch input



------------------------------------------------------------------------------------------------
| Design Timing Summary
| ---------------------
------------------------------------------------------------------------------------------------

    WNS(ns)      TNS(ns)  TNS Failing Endpoints  TNS Total Endpoints     WPWS(ns)     TPWS(ns)  TPWS Failing Endpoints  TPWS Total Endpoints  
    -------      -------  ---------------------  -------------------     --------     --------  ----------------------  --------------------  
      7.797        0.000                      0                   17        4.500        0.000                       0                    34  


All user specified timing constraints are met.


------------------------------------------------------------------------------------------------
| Clock Summary
| -------------
------------------------------------------------------------------------------------------------

Clock  Waveform(ns)       Period(ns)      Frequency(MHz)
-----  ------------       ----------      --------------
vclk   {0.000 5.000}      10.000          100.000         


------------------------------------------------------------------------------------------------
| Intra Clock Table
| -----------------
------------------------------------------------------------------------------------------------

Clock             WNS(ns)      TNS(ns)  TNS Failing Endpoints  TNS Total Endpoints     WPWS(ns)     TPWS(ns)  TPWS Failing Endpoints  TPWS Total Endpoints  
-----             -------      -------  ---------------------  -------------------     --------     --------  ----------------------  --------------------  
vclk                7.797        0.000                      0                   17        4.500        0.000                       0                    34  


------------------------------------------------------------------------------------------------
| Inter Clock Table
| -----------------
------------------------------------------------------------------------------------------------

From Clock    To Clock          WNS(ns)      TNS(ns)  TNS Failing Endpoints  TNS Total Endpoints  
----------    --------          -------      -------  ---------------------  -------------------  


------------------------------------------------------------------------------------------------
| Other Path Groups Table
| -----------------------
------------------------------------------------------------------------------------------------

Path Group    From Clock    To Clock          WNS(ns)      TNS(ns)  TNS Failing Endpoints  TNS Total Endpoints  
----------    ----------    --------          -------      -------  ---------------------  -------------------  


------------------------------------------------------------------------------------------------
| User Ignored Path Table
| -----------------------
------------------------------------------------------------------------------------------------

Path Group    From Clock    To Clock    
----------    ----------    --------    


------------------------------------------------------------------------------------------------
| Unconstrained Path Table
| ------------------------
------------------------------------------------------------------------------------------------

Path Group    From Clock    To Clock    
----------    ----------    --------    
(none)        vclk                        
(none)                      vclk          


------------------------------------------------------------------------------------------------
| Timing Details
| --------------
------------------------------------------------------------------------------------------------


---------------------------------------------------------------------------------------------------
From Clock:  vclk
  To Clock:  vclk

Setup :            0  Failing Endpoints,  Worst Slack        7.797ns,  Total Violation        0.000ns
Hold  :           NA  Failing Endpoints,  Worst Slack           NA  ,  Total Violation           NA
PW    :            0  Failing Endpoints,  Worst Slack        4.500ns,  Total Violation        0.000ns
---------------------------------------------------------------------------------------------------


Max Delay Paths
--------------------------------------------------------------------------------------
Slack (MET) :             7.797ns  (required time - arrival time)
  Source:                 sum_q_reg[5]/C
                            (rising edge-triggered cell FDRE clocked by vclk  {rise@0.000ns fall@5.000ns period=10.000ns})
  Destination:            y_reg[14]/D
                            (rising edge-triggered cell FDRE clocked by vclk  {rise@0.000ns fall@5.000ns period=10.000ns})
  Path Group:             vclk
  Path Type:              Setup (Max at Slow Process Corner)
  Requirement:            10.000ns  (vclk rise@10.000ns - vclk rise@0.000ns)
  Data Path Delay:        2.181ns  (logic 1.560ns (71.538%)  route 0.621ns (28.462%))
  Logic Levels:           3  (CARRY4=3)
  Clock Path Skew:        -0.049ns (DCD - SCD + CPR)
    Destination Clock Delay (DCD):    0.924ns = ( 10.924 - 10.000 ) 
    Source Clock Delay      (SCD):    0.973ns
    Clock Pessimism Removal (CPR):    0.000ns
  Clock Uncertainty:      0.035ns  ((TSJ^2 + TIJ^2)^1/2 + DJ) / 2 + PE
    Total System Jitter     (TSJ):    0.071ns
    Total Input Jitter      (TIJ):    0.000ns
    Discrete Jitter          (DJ):    0.000ns
    Phase Error              (PE):    0.000ns

    Location             Delay type                Incr(ns)  Path(ns)    Netlist Resource(s)
  -------------------------------------------------------------------    -------------------
                         (clock vclk rise edge)       0.000     0.000 r  
                                                      0.000     0.000 r  clk (IN)
                         net (fo=33, unset)           0.973     0.973    clk
    SLICE_X57Y74         FDRE                                         r  sum_q_reg[5]/C
  -------------------------------------------------------------------    -------------------
    SLICE_X57Y74         FDRE (Prop_fdre_C_Q)         0.456     1.429 r  sum_q_reg[5]/Q
                         net (fo=1, routed)           0.612     2.041    sum_q[5]
    SLICE_X56Y74         CARRY4 (Prop_carry4_S[0]_CO[3])
                                                      0.656     2.697 r  y_reg[8]_i_1/CO[3]
                         net (fo=1, routed)           0.009     2.706    y_reg[8]_i_1_n_0
    SLICE_X56Y75         CARRY4 (Prop_carry4_CI_CO[3])
                                                      0.114     2.820 r  y_reg[12]_i_1/CO[3]
                         net (fo=1, routed)           0.000     2.820    y_reg[12]_i_1_n_0
    SLICE_X56Y76         CARRY4 (Prop_carry4_CI_O[1])
                                                      0.334     3.154 r  y_reg[16]_i_1/O[1]
                         net (fo=1, routed)           0.000     3.154    y_reg[16]_i_1_n_6
    SLICE_X56Y76         FDRE                                         r  y_reg[14]/D
  -------------------------------------------------------------------    -------------------

                         (clock vclk rise edge)      10.000    10.000 r  
                                                      0.000    10.000 r  clk (IN)
                         net (fo=33, unset)           0.924    10.924    clk
    SLICE_X56Y76         FDRE                                         r  y_reg[14]/C
                         clock pessimism              0.000    10.924    
                         clock uncertainty           -0.035    10.889    
    SLICE_X56Y76         FDRE (Setup_fdre_C_D)        0.062    10.951    y_reg[14]
  -------------------------------------------------------------------
                         required time                         10.951    
                         arrival time                          -3.154    
  -------------------------------------------------------------------
                         slack                                  7.797    

Slack (MET) :             7.818ns  (required time - arrival time)
  Source:                 sum_q_reg[5]/C
                            (rising edge-triggered cell FDRE clocked by vclk  {rise@0.000ns fall@5.000ns period=10.000ns})
  Destination:            y_reg[16]/D
                            (rising edge-triggered cell FDRE clocked by vclk  {rise@0.000ns fall@5.000ns period=10.000ns})
  Path Group:             vclk
  Path Type:              Setup (Max at Slow Process Corner)
  Requirement:            10.000ns  (vclk rise@10.000ns - vclk rise@0.000ns)
  Data Path Delay:        2.160ns  (logic 1.539ns (71.262%)  route 0.621ns (28.738%))
  Logic Levels:           3  (CARRY4=3)
  Clock Path Skew:        -0.049ns (DCD - SCD + CPR)
    Destination Clock Delay (DCD):    0.924ns = ( 10.924 - 10.000 ) 
    Source Clock Delay      (SCD):    0.973ns
    Clock Pessimism Removal (CPR):    0.000ns
  Clock Uncertainty:      0.035ns  ((TSJ^2 + TIJ^2)^1/2 + DJ) / 2 + PE
    Total System Jitter     (TSJ):    0.071ns
    Total Input Jitter      (TIJ):    0.000ns
    Discrete Jitter          (DJ):    0.000ns
    Phase Error              (PE):    0.000ns

    Location             Delay type                Incr(ns)  Path(ns)    Netlist Resource(s)
  -------------------------------------------------------------------    -------------------
                         (clock vclk rise edge)       0.000     0.000 r  
                                                      0.000     0.000 r  clk (IN)
                         net (fo=33, unset)           0.973     0.973    clk
    SLICE_X57Y74         FDRE                                         r  sum_q_reg[5]/C
  -------------------------------------------------------------------    -------------------
    SLICE_X57Y74         FDRE (Prop_fdre_C_Q)         0.456     1.429 r  sum_q_reg[5]/Q
                         net (fo=1, routed)           0.612     2.041    sum_q[5]
    SLICE_X56Y74         CARRY4 (Prop_carry4_S[0]_CO[3])
                                                      0.656     2.697 r  y_reg[8]_i_1/CO[3]
                         net (fo=1, routed)           0.009     2.706    y_reg[8]_i_1_n_0
    SLICE_X56Y75         CARRY4 (Prop_carry4_CI_CO[3])
                                                      0.114     2.820 r  y_reg[12]_i_1/CO[3]
                         net (fo=1, routed)           0.000     2.820    y_reg[12]_i_1_n_0
    SLICE_X56Y76         CARRY4 (Prop_carry4_CI_O[3])
                                                      0.313     3.133 r  y_reg[16]_i_1/O[3]
                         net (fo=1, routed)           0.000     3.133    y_reg[16]_i_1_n_4
    SLICE_X56Y76         FDRE                                         r  y_reg[16]/D
  -------------------------------------------------------------------    -------------------

                         (clock vclk rise edge)      10.000    10.000 r  
                                                      0.000    10.000 r  clk (IN)
                         net (fo=33, unset)           0.924    10.924    clk
    SLICE_X56Y76         FDRE                                         r  y_reg[16]/C
                         clock pessimism              0.000    10.924    
                         clock uncertainty           -0.035    10.889    
    SLICE_X56Y76         FDRE (Setup_fdre_C_D)        0.062    10.951    y_reg[16]
  -------------------------------------------------------------------
                         required time                         10.951    
                         arrival time                          -3.133    
  -------------------------------------------------------------------
                         slack                                  7.818    

Slack (MET) :             7.892ns  (required time - arrival time)
  Source:                 sum_q_reg[5]/C
                            (rising edge-triggered cell FDRE clocked by vclk  {rise@0.000ns fall@5.000ns period=10.000ns})
  Destination:            y_reg[15]/D
                            (rising edge-triggered cell FDRE clocked by vclk  {rise@0.000ns fall@5.000ns period=10.000ns})
  Path Group:             vclk
  Path Type:              Setup (Max at Slow Process Corner)
  Requirement:            10.000ns  (vclk rise@10.000ns - vclk rise@0.000ns)
  Data Path Delay:        2.086ns  (logic 1.465ns (70.242%)  route 0.621ns (29.758%))
  Logic Levels:           3  (CARRY4=3)
  Clock Path Skew:        -0.049ns (DCD - SCD + CPR)
    Destination Clock Delay (DCD):    0.924ns = ( 10.924 - 10.000 ) 
    Source Clock Delay      (SCD):    0.973ns
    Clock Pessimism Removal (CPR):    0.000ns
  Clock Uncertainty:      0.035ns  ((TSJ^2 + TIJ^2)^1/2 + DJ) / 2 + PE
    Total System Jitter     (TSJ):    0.071ns
    Total Input Jitter      (TIJ):    0.000ns
    Discrete Jitter          (DJ):    0.000ns
    Phase Error              (PE):    0.000ns

    Location             Delay type                Incr(ns)  Path(ns)    Netlist Resource(s)
  -------------------------------------------------------------------    -------------------
                         (clock vclk rise edge)       0.000     0.000 r  
                                                      0.000     0.000 r  clk (IN)
                         net (fo=33, unset)           0.973     0.973    clk
    SLICE_X57Y74         FDRE                                         r  sum_q_reg[5]/C
  -------------------------------------------------------------------    -------------------
    SLICE_X57Y74         FDRE (Prop_fdre_C_Q)         0.456     1.429 r  sum_q_reg[5]/Q
                         net (fo=1, routed)           0.612     2.041    sum_q[5]
    SLICE_X56Y74         CARRY4 (Prop_carry4_S[0]_CO[3])
                                                      0.656     2.697 r  y_reg[8]_i_1/CO[3]
                         net (fo=1, routed)           0.009     2.706    y_reg[8]_i_1_n_0
    SLICE_X56Y75         CARRY4 (Prop_carry4_CI_CO[3])
                                                      0.114     2.820 r  y_reg[12]_i_1/CO[3]
                         net (fo=1, routed)           0.000     2.820    y_reg[12]_i_1_n_0
    SLICE_X56Y76         CARRY4 (Prop_carry4_CI_O[2])
                                                      0.239     3.059 r  y_reg[16]_i_1/O[2]
                         net (fo=1, routed)           0.000     3.059    y_reg[16]_i_1_n_5
    SLICE_X56Y76         FDRE                                         r  y_reg[15]/D
  -------------------------------------------------------------------    -------------------

                         (clock vclk rise edge)      10.000    10.000 r  
                                                      0.000    10.000 r  clk (IN)
                         net (fo=33, unset)           0.924    10.924    clk
    SLICE_X56Y76         FDRE                                         r  y_reg[15]/C
                         clock pessimism              0.000    10.924    
                         clock uncertainty           -0.035    10.889    
    SLICE_X56Y76         FDRE (Setup_fdre_C_D)        0.062    10.951    y_reg[15]
  -------------------------------------------------------------------
                         required time                         10.951    
                         arrival time                          -3.059    
  -------------------------------------------------------------------
                         slack                                  7.892    

Slack (MET) :             7.908ns  (required time - arrival time)
  Source:                 sum_q_reg[5]/C
                            (rising edge-triggered cell FDRE clocked by vclk  {rise@0.000ns fall@5.000ns period=10.000ns})
  Destination:            y_reg[13]/D
                            (rising edge-triggered cell FDRE clocked by vclk  {rise@0.000ns fall@5.000ns period=10.000ns})
  Path Group:             vclk
  Path Type:              Setup (Max at Slow Process Corner)
  Requirement:            10.000ns  (vclk rise@10.000ns - vclk rise@0.000ns)
  Data Path Delay:        2.070ns  (logic 1.449ns (70.012%)  route 0.621ns (29.988%))
  Logic Levels:           3  (CARRY4=3)
  Clock Path Skew:        -0.049ns (DCD - SCD + CPR)
    Destination Clock Delay (DCD):    0.924ns = ( 10.924 - 10.000 ) 
    Source Clock Delay      (SCD):    0.973ns
    Clock Pessimism Removal (CPR):    0.000ns
  Clock Uncertainty:      0.035ns  ((TSJ^2 + TIJ^2)^1/2 + DJ) / 2 + PE
    Total System Jitter     (TSJ):    0.071ns
    Total Input Jitter      (TIJ):    0.000ns
    Discrete Jitter          (DJ):    0.000ns
    Phase Error              (PE):    0.000ns

    Location             Delay type                Incr(ns)  Path(ns)    Netlist Resource(s)
  -------------------------------------------------------------------    -------------------
                         (clock vclk rise edge)       0.000     0.000 r  
                                                      0.000     0.000 r  clk (IN)
                         net (fo=33, unset)           0.973     0.973    clk
    SLICE_X57Y74         FDRE                                         r  sum_q_reg[5]/C
  -------------------------------------------------------------------    -------------------
    SLICE_X57Y74         FDRE (Prop_fdre_C_Q)         0.456     1.429 r  sum_q_reg[5]/Q
                         net (fo=1, routed)           0.612     2.041    sum_q[5]
    SLICE_X56Y74         CARRY4 (Prop_carry4_S[0]_CO[3])
                                                      0.656     2.697 r  y_reg[8]_i_1/CO[3]
                         net (fo=1, routed)           0.009     2.706    y_reg[8]_i_1_n_0
    SLICE_X56Y75         CARRY4 (Prop_carry4_CI_CO[3])
                                                      0.114     2.820 r  y_reg[12]_i_1/CO[3]
                         net (fo=1, routed)           0.000     2.820    y_reg[12]_i_1_n_0
    SLICE_X56Y76         CARRY4 (Prop_carry4_CI_O[0])
                                                      0.223     3.043 r  y_reg[16]_i_1/O[0]
                         net (fo=1, routed)           0.000     3.043    y_reg[16]_i_1_n_7
    SLICE_X56Y76         FDRE                                         r  y_reg[13]/D
  -------------------------------------------------------------------    -------------------

                         (clock vclk rise edge)      10.000    10.000 r  
                                                      0.000    10.000 r  clk (IN)
                         net (fo=33, unset)           0.924    10.924    clk
    SLICE_X56Y76         FDRE                                         r  y_reg[13]/C
                         clock pessimism              0.000    10.924    
                         clock uncertainty           -0.035    10.889    
    SLICE_X56Y76         FDRE (Setup_fdre_C_D)        0.062    10.951    y_reg[13]
  -------------------------------------------------------------------
                         required time                         10.951    
                         arrival time                          -3.043    
  -------------------------------------------------------------------
                         slack                                  7.908    

Slack (MET) :             7.911ns  (required time - arrival time)
  Source:                 sum_q_reg[5]/C
                            (rising edge-triggered cell FDRE clocked by vclk  {rise@0.000ns fall@5.000ns period=10.000ns})
  Destination:            y_reg[10]/D
                            (rising edge-triggered cell FDRE clocked by vclk  {rise@0.000ns fall@5.000ns period=10.000ns})
  Path Group:             vclk
  Path Type:              Setup (Max at Slow Process Corner)
  Requirement:            10.000ns  (vclk rise@10.000ns - vclk rise@0.000ns)
  Data Path Delay:        2.067ns  (logic 1.446ns (69.968%)  route 0.621ns (30.032%))
  Logic Levels:           2  (CARRY4=2)
  Clock Path Skew:        -0.049ns (DCD - SCD + CPR)
    Destination Clock Delay (DCD):    0.924ns = ( 10.924 - 10.000 ) 
    Source Clock Delay      (SCD):    0.973ns
    Clock Pessimism Removal (CPR):    0.000ns
  Clock Uncertainty:      0.035ns  ((TSJ^2 + TIJ^2)^1/2 + DJ) / 2 + PE
    Total System Jitter     (TSJ):    0.071ns
    Total Input Jitter      (TIJ):    0.000ns
    Discrete Jitter          (DJ):    0.000ns
    Phase Error              (PE):    0.000ns

    Location             Delay type                Incr(ns)  Path(ns)    Netlist Resource(s)
  -------------------------------------------------------------------    -------------------
                         (clock vclk rise edge)       0.000     0.000 r  
                                                      0.000     0.000 r  clk (IN)
                         net (fo=33, unset)           0.973     0.973    clk
    SLICE_X57Y74         FDRE                                         r  sum_q_reg[5]/C
  -------------------------------------------------------------------    -------------------
    SLICE_X57Y74         FDRE (Prop_fdre_C_Q)         0.456     1.429 r  sum_q_reg[5]/Q
                         net (fo=1, routed)           0.612     2.041    sum_q[5]
    SLICE_X56Y74         CARRY4 (Prop_carry4_S[0]_CO[3])
                                                      0.656     2.697 r  y_reg[8]_i_1/CO[3]
                         net (fo=1, routed)           0.009     2.706    y_reg[8]_i_1_n_0
    SLICE_X56Y75         CARRY4 (Prop_carry4_CI_O[1])
                                                      0.334     3.040 r  y_reg[12]_i_1/O[1]
                         net (fo=1, routed)           0.000     3.040    y_reg[12]_i_1_n_6
    SLICE_X56Y75         FDRE                                         r  y_reg[10]/D
  -------------------------------------------------------------------    -------------------

                         (clock vclk rise edge)      10.000    10.000 r  
                                                      0.000    10.000 r  clk (IN)
                         net (fo=33, unset)           0.924    10.924    clk
    SLICE_X56Y75         FDRE                                         r  y_reg[10]/C
                         clock pessimism              0.000    10.924    
                         clock uncertainty           -0.035    10.889    
    SLICE_X56Y75         FDRE (Setup_fdre_C_D)        0.062    10.951    y_reg[10]
  -------------------------------------------------------------------
                         required time                         10.951    
                         arrival time                          -3.040    
  -------------------------------------------------------------------
                         slack                                  7.911    

Slack (MET) :             7.932ns  (required time - arrival time)
  Source:                 sum_q_reg[5]/C
                            (rising edge-triggered cell FDRE clocked by vclk  {rise@0.000ns fall@5.000ns period=10.000ns})
  Destination:            y_reg[12]/D
                            (rising edge-triggered cell FDRE clocked by vclk  {rise@0.000ns fall@5.000ns period=10.000ns})
  Path Group:             vclk
  Path Type:              Setup (Max at Slow Process Corner)
  Requirement:            10.000ns  (vclk rise@10.000ns - vclk rise@0.000ns)
  Data Path Delay:        2.046ns  (logic 1.425ns (69.660%)  route 0.621ns (30.340%))
  Logic Levels:           2  (CARRY4=2)
  Clock Path Skew:        -0.049ns (DCD - SCD + CPR)
    Destination Clock Delay (DCD):    0.924ns = ( 10.924 - 10.000 ) 
    Source Clock Delay      (SCD):    0.973ns
    Clock Pessimism Removal (CPR):    0.000ns
  Clock Uncertainty:      0.035ns  ((TSJ^2 + TIJ^2)^1/2 + DJ) / 2 + PE
    Total System Jitter     (TSJ):    0.071ns
    Total Input Jitter      (TIJ):    0.000ns
    Discrete Jitter          (DJ):    0.000ns
    Phase Error              (PE):    0.000ns

    Location             Delay type                Incr(ns)  Path(ns)    Netlist Resource(s)
  -------------------------------------------------------------------    -------------------
                         (clock vclk rise edge)       0.000     0.000 r  
                                                      0.000     0.000 r  clk (IN)
                         net (fo=33, unset)           0.973     0.973    clk
    SLICE_X57Y74         FDRE                                         r  sum_q_reg[5]/C
  -------------------------------------------------------------------    -------------------
    SLICE_X57Y74         FDRE (Prop_fdre_C_Q)         0.456     1.429 r  sum_q_reg[5]/Q
                         net (fo=1, routed)           0.612     2.041    sum_q[5]
    SLICE_X56Y74         CARRY4 (Prop_carry4_S[0]_CO[3])
                                                      0.656     2.697 r  y_reg[8]_i_1/CO[3]
                         net (fo=1, routed)           0.009     2.706    y_reg[8]_i_1_n_0
    SLICE_X56Y75         CARRY4 (Prop_carry4_CI_O[3])
                                                      0.313     3.019 r  y_reg[12]_i_1/O[3]
                         net (fo=1, routed)           0.000     3.019    y_reg[12]_i_1_n_4
    SLICE_X56Y75         FDRE                                         r  y_reg[12]/D
  -------------------------------------------------------------------    -------------------

                         (clock vclk rise edge)      10.000    10.000 r  
                                                      0.000    10.000 r  clk (IN)
                         net (fo=33, unset)           0.924    10.924    clk
    SLICE_X56Y75         FDRE                                         r  y_reg[12]/C
                         clock pessimism              0.000    10.924    
                         clock uncertainty           -0.035    10.889    
    SLICE_X56Y75         FDRE (Setup_fdre_C_D)        0.062    10.951    y_reg[12]
  -------------------------------------------------------------------
                         required time                         10.951    
                         arrival time                          -3.019    
  -------------------------------------------------------------------
                         slack                                  7.932    

Slack (MET) :             8.006ns  (required time - arrival time)
  Source:                 sum_q_reg[5]/C
                            (rising edge-triggered cell FDRE clocked by vclk  {rise@0.000ns fall@5.000ns period=10.000ns})
  Destination:            y_reg[11]/D
                            (rising edge-triggered cell FDRE clocked by vclk  {rise@0.000ns fall@5.000ns period=10.000ns})
  Path Group:             vclk
  Path Type:              Setup (Max at Slow Process Corner)
  Requirement:            10.000ns  (vclk rise@10.000ns - vclk rise@0.000ns)
  Data Path Delay:        1.972ns  (logic 1.351ns (68.521%)  route 0.621ns (31.479%))
  Logic Levels:           2  (CARRY4=2)
  Clock Path Skew:        -0.049ns (DCD - SCD + CPR)
    Destination Clock Delay (DCD):    0.924ns = ( 10.924 - 10.000 ) 
    Source Clock Delay      (SCD):    0.973ns
    Clock Pessimism Removal (CPR):    0.000ns
  Clock Uncertainty:      0.035ns  ((TSJ^2 + TIJ^2)^1/2 + DJ) / 2 + PE
    Total System Jitter     (TSJ):    0.071ns
    Total Input Jitter      (TIJ):    0.000ns
    Discrete Jitter          (DJ):    0.000ns
    Phase Error              (PE):    0.000ns

    Location             Delay type                Incr(ns)  Path(ns)    Netlist Resource(s)
  -------------------------------------------------------------------    -------------------
                         (clock vclk rise edge)       0.000     0.000 r  
                                                      0.000     0.000 r  clk (IN)
                         net (fo=33, unset)           0.973     0.973    clk
    SLICE_X57Y74         FDRE                                         r  sum_q_reg[5]/C
  -------------------------------------------------------------------    -------------------
    SLICE_X57Y74         FDRE (Prop_fdre_C_Q)         0.456     1.429 r  sum_q_reg[5]/Q
                         net (fo=1, routed)           0.612     2.041    sum_q[5]
    SLICE_X56Y74         CARRY4 (Prop_carry4_S[0]_CO[3])
                                                      0.656     2.697 r  y_reg[8]_i_1/CO[3]
                         net (fo=1, routed)           0.009     2.706    y_reg[8]_i_1_n_0
    SLICE_X56Y75         CARRY4 (Prop_carry4_CI_O[2])
                                                      0.239     2.945 r  y_reg[12]_i_1/O[2]
                         net (fo=1, routed)           0.000     2.945    y_reg[12]_i_1_n_5
    SLICE_X56Y75         FDRE                                         r  y_reg[11]/D
  -------------------------------------------------------------------    -------------------

                         (clock vclk rise edge)      10.000    10.000 r  
                                                      0.000    10.000 r  clk (IN)
                         net (fo=33, unset)           0.924    10.924    clk
    SLICE_X56Y75         FDRE                                         r  y_reg[11]/C
                         clock pessimism              0.000    10.924    
                         clock uncertainty           -0.035    10.889    
    SLICE_X56Y75         FDRE (Setup_fdre_C_D)        0.062    10.951    y_reg[11]
  -------------------------------------------------------------------
                         required time                         10.951    
                         arrival time                          -2.945    
  -------------------------------------------------------------------
                         slack                                  8.006    

Slack (MET) :             8.022ns  (required time - arrival time)
  Source:                 sum_q_reg[5]/C
                            (rising edge-triggered cell FDRE clocked by vclk  {rise@0.000ns fall@5.000ns period=10.000ns})
  Destination:            y_reg[9]/D
                            (rising edge-triggered cell FDRE clocked by vclk  {rise@0.000ns fall@5.000ns period=10.000ns})
  Path Group:             vclk
  Path Type:              Setup (Max at Slow Process Corner)
  Requirement:            10.000ns  (vclk rise@10.000ns - vclk rise@0.000ns)
  Data Path Delay:        1.956ns  (logic 1.335ns (68.264%)  route 0.621ns (31.736%))
  Logic Levels:           2  (CARRY4=2)
  Clock Path Skew:        -0.049ns (DCD - SCD + CPR)
    Destination Clock Delay (DCD):    0.924ns = ( 10.924 - 10.000 ) 
    Source Clock Delay      (SCD):    0.973ns
    Clock Pessimism Removal (CPR):    0.000ns
  Clock Uncertainty:      0.035ns  ((TSJ^2 + TIJ^2)^1/2 + DJ) / 2 + PE
    Total System Jitter     (TSJ):    0.071ns
    Total Input Jitter      (TIJ):    0.000ns
    Discrete Jitter          (DJ):    0.000ns
    Phase Error              (PE):    0.000ns

    Location             Delay type                Incr(ns)  Path(ns)    Netlist Resource(s)
  -------------------------------------------------------------------    -------------------
                         (clock vclk rise edge)       0.000     0.000 r  
                                                      0.000     0.000 r  clk (IN)
                         net (fo=33, unset)           0.973     0.973    clk
    SLICE_X57Y74         FDRE                                         r  sum_q_reg[5]/C
  -------------------------------------------------------------------    -------------------
    SLICE_X57Y74         FDRE (Prop_fdre_C_Q)         0.456     1.429 r  sum_q_reg[5]/Q
                         net (fo=1, routed)           0.612     2.041    sum_q[5]
    SLICE_X56Y74         CARRY4 (Prop_carry4_S[0]_CO[3])
                                                      0.656     2.697 r  y_reg[8]_i_1/CO[3]
                         net (fo=1, routed)           0.009     2.706    y_reg[8]_i_1_n_0
    SLICE_X56Y75         CARRY4 (Prop_carry4_CI_O[0])
                                                      0.223     2.929 r  y_reg[12]_i_1/O[0]
                         net (fo=1, routed)           0.000     2.929    y_reg[12]_i_1_n_7
    SLICE_X56Y75         FDRE                                         r  y_reg[9]/D
  -------------------------------------------------------------------    -------------------

                         (clock vclk rise edge)      10.000    10.000 r  
                                                      0.000    10.000 r  clk (IN)
                         net (fo=33, unset)           0.924    10.924    clk
    SLICE_X56Y75         FDRE                                         r  y_reg[9]/C
                         clock pessimism              0.000    10.924    
                         clock uncertainty           -0.035    10.889    
    SLICE_X56Y75         FDRE (Setup_fdre_C_D)        0.062    10.951    y_reg[9]
  -------------------------------------------------------------------
                         required time                         10.951    
                         arrival time                          -2.929    
  -------------------------------------------------------------------
                         slack                                  8.022    

Slack (MET) :             8.088ns  (required time - arrival time)
  Source:                 sum_q_reg[1]/C
                            (rising edge-triggered cell FDRE clocked by vclk  {rise@0.000ns fall@5.000ns period=10.000ns})
  Destination:            y_reg[6]/D
                            (rising edge-triggered cell FDRE clocked by vclk  {rise@0.000ns fall@5.000ns period=10.000ns})
  Path Group:             vclk
  Path Type:              Setup (Max at Slow Process Corner)
  Requirement:            10.000ns  (vclk rise@10.000ns - vclk rise@0.000ns)
  Data Path Delay:        1.890ns  (logic 1.446ns (76.501%)  route 0.444ns (23.499%))
  Logic Levels:           2  (CARRY4=2)
  Clock Path Skew:        -0.049ns (DCD - SCD + CPR)
    Destination Clock Delay (DCD):    0.924ns = ( 10.924 - 10.000 ) 
    Source Clock Delay      (SCD):    0.973ns
    Clock Pessimism Removal (CPR):    0.000ns
  Clock Uncertainty:      0.035ns  ((TSJ^2 + TIJ^2)^1/2 + DJ) / 2 + PE
    Total System Jitter     (TSJ):    0.071ns
    Total Input Jitter      (TIJ):    0.000ns
    Discrete Jitter          (DJ):    0.000ns
    Phase Error              (PE):    0.000ns

    Location             Delay type                Incr(ns)  Path(ns)    Netlist Resource(s)
  -------------------------------------------------------------------    -------------------
                         (clock vclk rise edge)       0.000     0.000 r  
                                                      0.000     0.000 r  clk (IN)
                         net (fo=33, unset)           0.973     0.973    clk
    SLICE_X57Y73         FDRE                                         r  sum_q_reg[1]/C
  -------------------------------------------------------------------    -------------------
    SLICE_X57Y73         FDRE (Prop_fdre_C_Q)         0.456     1.429 r  sum_q_reg[1]/Q
                         net (fo=1, routed)           0.444     1.873    sum_q[1]
    SLICE_X56Y73         CARRY4 (Prop_carry4_S[0]_CO[3])
                                                      0.656     2.529 r  y_reg[4]_i_1/CO[3]
                         net (fo=1, routed)           0.000     2.529    y_reg[4]_i_1_n_0
    SLICE_X56Y74         CARRY4 (Prop_carry4_CI_O[1])
                                                      0.334     2.863 r  y_reg[8]_i_1/O[1]
                         net (fo=1, routed)           0.000     2.863    y_reg[8]_i_1_n_6
    SLICE_X56Y74         FDRE                                         r  y_reg[6]/D
  -------------------------------------------------------------------    -------------------

                         (clock vclk rise edge)      10.000    10.000 r  
                                                      0.000    10.000 r  clk (IN)
                         net (fo=33, unset)           0.924    10.924    clk
    SLICE_X56Y74         FDRE                                         r  y_reg[6]/C
                         clock pessimism              0.000    10.924    
                         clock uncertainty           -0.035    10.889    
    SLICE_X56Y74         FDRE (Setup_fdre_C_D)        0.062    10.951    y_reg[6]
  -------------------------------------------------------------------
                         required time                         10.951    
                         arrival time                          -2.863    
  -------------------------------------------------------------------
                         slack                                  8.088    

Slack (MET) :             8.109ns  (required time - arrival time)
  Source:                 sum_q_reg[1]/C
                            (rising edge-triggered cell FDRE clocked by vclk  {rise@0.000ns fall@5.000ns period=10.000ns})
  Destination:            y_reg[8]/D
                            (rising edge-triggered cell FDRE clocked by vclk  {rise@0.000ns fall@5.000ns period=10.000ns})
  Path Group:             vclk
  Path Type:              Setup (Max at Slow Process Corner)
  Requirement:            10.000ns  (vclk rise@10.000ns - vclk rise@0.000ns)
  Data Path Delay:        1.869ns  (logic 1.425ns (76.237%)  route 0.444ns (23.763%))
  Logic Levels:           2  (CARRY4=2)
  Clock Path Skew:        -0.049ns (DCD - SCD + CPR)
    Destination Clock Delay (DCD):    0.924ns = ( 10.924 - 10.000 ) 
    Source Clock Delay      (SCD):    0.973ns
    Clock Pessimism Removal (CPR):    0.000ns
  Clock Uncertainty:      0.035ns  ((TSJ^2 + TIJ^2)^1/2 + DJ) / 2 + PE
    Total System Jitter     (TSJ):    0.071ns
    Total Input Jitter      (TIJ):    0.000ns
    Discrete Jitter          (DJ):    0.000ns
    Phase Error              (PE):    0.000ns

    Location             Delay type                Incr(ns)  Path(ns)    Netlist Resource(s)
  -------------------------------------------------------------------    -------------------
                         (clock vclk rise edge)       0.000     0.000 r  
                                                      0.000     0.000 r  clk (IN)
                         net (fo=33, unset)           0.973     0.973    clk
    SLICE_X57Y73         FDRE                                         r  sum_q_reg[1]/C
  -------------------------------------------------------------------    -------------------
    SLICE_X57Y73         FDRE (Prop_fdre_C_Q)         0.456     1.429 r  sum_q_reg[1]/Q
                         net (fo=1, routed)           0.444     1.873    sum_q[1]
    SLICE_X56Y73         CARRY4 (Prop_carry4_S[0]_CO[3])
                                                      0.656     2.529 r  y_reg[4]_i_1/CO[3]
                         net (fo=1, routed)           0.000     2.529    y_reg[4]_i_1_n_0
    SLICE_X56Y74         CARRY4 (Prop_carry4_CI_O[3])
                                                      0.313     2.842 r  y_reg[8]_i_1/O[3]
                         net (fo=1, routed)           0.000     2.842    y_reg[8]_i_1_n_4
    SLICE_X56Y74         FDRE                                         r  y_reg[8]/D
  -------------------------------------------------------------------    -------------------

                         (clock vclk rise edge)      10.000    10.000 r  
                                                      0.000    10.000 r  clk (IN)
                         net (fo=33, unset)           0.924    10.924    clk
    SLICE_X56Y74         FDRE                                         r  y_reg[8]/C
                         clock pessimism              0.000    10.924    
                         clock uncertainty           -0.035    10.889    
    SLICE_X56Y74         FDRE (Setup_fdre_C_D)        0.062    10.951    y_reg[8]
  -------------------------------------------------------------------
                         required time                         10.951    
                         arrival time                          -2.842    
  -------------------------------------------------------------------
                         slack                                  8.109    





Pulse Width Checks
--------------------------------------------------------------------------------------
Clock Name:         vclk
Waveform(ns):       { 0.000 5.000 }
Period(ns):         10.000
Sources:            { clk }

Check Type        Corner  Lib Pin  Reference Pin  Required(ns)  Actual(ns)  Slack(ns)  Location      Pin
Min Period        n/a     FDRE/C   n/a            1.000         10.000      9.000      SLICE_X57Y73  sum_q_reg[0]/C
Min Period        n/a     FDRE/C   n/a            1.000         10.000      9.000      SLICE_X57Y75  sum_q_reg[10]/C
Min Period        n/a     FDRE/C   n/a            1.000         10.000      9.000      SLICE_X57Y75  sum_q_reg[11]/C
Min Period        n/a     FDRE/C   n/a            1.000         10.000      9.000      SLICE_X57Y76  sum_q_reg[12]/C
Min Period        n/a     FDRE/C   n/a            1.000         10.000      9.000      SLICE_X57Y76  sum_q_reg[13]/C
Min Period        n/a     FDRE/C   n/a            1.000         10.000      9.000      SLICE_X57Y76  sum_q_reg[14]/C
Min Period        n/a     FDRE/C   n/a            1.000         10.000      9.000      SLICE_X57Y76  sum_q_reg[15]/C
Min Period        n/a     FDRE/C   n/a            1.000         10.000      9.000      SLICE_X57Y77  sum_q_reg[16]/C
Min Period        n/a     FDRE/C   n/a            1.000         10.000      9.000      SLICE_X57Y73  sum_q_reg[1]/C
Min Period        n/a     FDRE/C   n/a            1.000         10.000      9.000      SLICE_X57Y73  sum_q_reg[2]/C
Low Pulse Width   Slow    FDRE/C   n/a            0.500         5.000       4.500      SLICE_X57Y73  sum_q_reg[0]/C
Low Pulse Width   Fast    FDRE/C   n/a            0.500         5.000       4.500      SLICE_X57Y73  sum_q_reg[0]/C
Low Pulse Width   Slow    FDRE/C   n/a            0.500         5.000       4.500      SLICE_X57Y75  sum_q_reg[10]/C
Low Pulse Width   Fast    FDRE/C   n/a            0.500         5.000       4.500      SLICE_X57Y75  sum_q_reg[10]/C
Low Pulse Width   Slow    FDRE/C   n/a            0.500         5.000       4.500      SLICE_X57Y75  sum_q_reg[11]/C
Low Pulse Width   Fast    FDRE/C   n/a            0.500         5.000       4.500      SLICE_X57Y75  sum_q_reg[11]/C
Low Pulse Width   Slow    FDRE/C   n/a            0.500         5.000       4.500      SLICE_X57Y76  sum_q_reg[12]/C
Low Pulse Width   Fast    FDRE/C   n/a            0.500         5.000       4.500      SLICE_X57Y76  sum_q_reg[12]/C
Low Pulse Width   Slow    FDRE/C   n/a            0.500         5.000       4.500      SLICE_X57Y76  sum_q_reg[13]/C
Low Pulse Width   Fast    FDRE/C   n/a            0.500         5.000       4.500      SLICE_X57Y76  sum_q_reg[13]/C
High Pulse Width  Slow    FDRE/C   n/a            0.500         5.000       4.500      SLICE_X57Y73  sum_q_reg[0]/C
High Pulse Width  Fast    FDRE/C   n/a            0.500         5.000       4.500      SLICE_X57Y73  sum_q_reg[0]/C
High Pulse Width  Slow    FDRE/C   n/a            0.500         5.000       4.500      SLICE_X57Y75  sum_q_reg[10]/C
High Pulse Width  Fast    FDRE/C   n/a            0.500         5.000       4.500      SLICE_X57Y75  sum_q_reg[10]/C
High Pulse Width  Slow    FDRE/C   n/a            0.500         5.000       4.500      SLICE_X57Y75  sum_q_reg[11]/C
High Pulse Width  Fast    FDRE/C   n/a            0.500         5.000       4.500      SLICE_X57Y75  sum_q_reg[11]/C
High Pulse Width  Slow    FDRE/C   n/a            0.500         5.000       4.500      SLICE_X57Y76  sum_q_reg[12]/C
High Pulse Width  Fast    FDRE/C   n/a            0.500         5.000       4.500      SLICE_X57Y76  sum_q_reg[12]/C
High Pulse Width  Slow    FDRE/C   n/a            0.500         5.000       4.500      SLICE_X57Y76  sum_q_reg[13]/C
High Pulse Width  Fast    FDRE/C   n/a            0.500         5.000       4.500      SLICE_X57Y76  sum_q_reg[13]/C



--------------------------------------------------------------------------------------
Path Group:  (none)
From Clock:  vclk
  To Clock:  

Max Delay            17 Endpoints
Min Delay             0 Endpoints
--------------------------------------------------------------------------------------


Max Delay Paths
--------------------------------------------------------------------------------------
Slack:                    inf
  Source:                 y_reg[0]/C
                            (rising edge-triggered cell FDRE clocked by vclk  {rise@0.000ns fall@5.000ns period=10.000ns})
  Destination:            y[0]
                            (output port)
  Path Group:             (none)
  Path Type:              Max at Slow Process Corner
  Data Path Delay:        1.491ns  (logic 0.518ns (34.742%)  route 0.973ns (65.258%))
  Logic Levels:           0  
  Clock Uncertainty:      0.025ns  ((TSJ^2 + TIJ^2)^1/2 + DJ) / 2 + PE
    Total System Jitter     (TSJ):    0.050ns
    Total Input Jitter      (TIJ):    0.000ns
    Discrete Jitter          (DJ):    0.000ns
    Phase Error              (PE):    0.000ns

    Location             Delay type                Incr(ns)  Path(ns)    Netlist Resource(s)
  -------------------------------------------------------------------    -------------------
                         (clock vclk rise edge)       0.000     0.000 r  
                                                      0.000     0.000 r  clk (IN)
                         net (fo=33, unset)           0.973     0.973    clk
    SLICE_X58Y73         FDRE                                         r  y_reg[0]/C
  -------------------------------------------------------------------    -------------------
    SLICE_X58Y73         FDRE (Prop_fdre_C_Q)         0.518     1.491 r  y_reg[0]/Q
                         net (fo=0)                   0.973     2.464    y[0]
                                                                      r  y[0] (OUT)
  -------------------------------------------------------------------    -------------------

Slack:                    inf
  Source:                 y_reg[10]/C
                            (rising edge-triggered cell FDRE clocked by vclk  {rise@0.000ns fall@5.000ns period=10.000ns})
  Destination:            y[10]
                            (output port)
  Path Group:             (none)
  Path Type:              Max at Slow Process Corner
  Data Path Delay:        1.429ns  (logic 0.456ns (31.910%)  route 0.973ns (68.090%))
  Logic Levels:           0  
  Clock Uncertainty:      0.025ns  ((TSJ^2 + TIJ^2)^1/2 + DJ) / 2 + PE
    Total System Jitter     (TSJ):    0.050ns
    Total Input Jitter      (TIJ):    0.000ns
    Discrete Jitter          (DJ):    0.000ns
    Phase Error              (PE):    0.000ns

    Location             Delay type                Incr(ns)  Path(ns)    Netlist Resource(s)
  -------------------------------------------------------------------    -------------------
                         (clock vclk rise edge)       0.000     0.000 r  
                                                      0.000     0.000 r  clk (IN)
                         net (fo=33, unset)           0.973     0.973    clk
    SLICE_X56Y75         FDRE                                         r  y_reg[10]/C
  -------------------------------------------------------------------    -------------------
    SLICE_X56Y75         FDRE (Prop_fdre_C_Q)         0.456     1.429 r  y_reg[10]/Q
                         net (fo=0)                   0.973     2.402    y[10]
                                                                      r  y[10] (OUT)
  -------------------------------------------------------------------    -------------------

Slack:                    inf
  Source:                 y_reg[11]/C
                            (rising edge-triggered cell FDRE clocked by vclk  {rise@0.000ns fall@5.000ns period=10.000ns})
  Destination:            y[11]
                            (output port)
  Path Group:             (none)
  Path Type:              Max at Slow Process Corner
  Data Path Delay:        1.429ns  (logic 0.456ns (31.910%)  route 0.973ns (68.090%))
  Logic Levels:           0  
  Clock Uncertainty:      0.025ns  ((TSJ^2 + TIJ^2)^1/2 + DJ) / 2 + PE
    Total System Jitter     (TSJ):    0.050ns
    Total Input Jitter      (TIJ):    0.000ns
    Discrete Jitter          (DJ):    0.000ns
    Phase Error              (PE):    0.000ns

    Location             Delay type                Incr(ns)  Path(ns)    Netlist Resource(s)
  -------------------------------------------------------------------    -------------------
                         (clock vclk rise edge)       0.000     0.000 r  
                                                      0.000     0.000 r  clk (IN)
                         net (fo=33, unset)           0.973     0.973    clk
    SLICE_X56Y75         FDRE                                         r  y_reg[11]/C
  -------------------------------------------------------------------    -------------------
    SLICE_X56Y75         FDRE (Prop_fdre_C_Q)         0.456     1.429 r  y_reg[11]/Q
                         net (fo=0)                   0.973     2.402    y[11]
                                                                      r  y[11] (OUT)
  -------------------------------------------------------------------    -------------------

Slack:                    inf
  Source:                 y_reg[12]/C
                            (rising edge-triggered cell FDRE clocked by vclk  {rise@0.000ns fall@5.000ns period=10.000ns})
  Destination:            y[12]
                            (output port)
  Path Group:             (none)
  Path Type:              Max at Slow Process Corner
  Data Path Delay:        1.429ns  (logic 0.456ns (31.910%)  route 0.973ns (68.090%))
  Logic Levels:           0  
  Clock Uncertainty:      0.025ns  ((TSJ^2 + TIJ^2)^1/2 + DJ) / 2 + PE
    Total System Jitter     (TSJ):    0.050ns
    Total Input Jitter      (TIJ):    0.000ns
    Discrete Jitter          (DJ):    0.000ns
    Phase Error              (PE):    0.000ns

    Location             Delay type                Incr(ns)  Path(ns)    Netlist Resource(s)
  -------------------------------------------------------------------    -------------------
                         (clock vclk rise edge)       0.000     0.000 r  
                                                      0.000     0.000 r  clk (IN)
                         net (fo=33, unset)           0.973     0.973    clk
    SLICE_X56Y75         FDRE                                         r  y_reg[12]/C
  -------------------------------------------------------------------    -------------------
    SLICE_X56Y75         FDRE (Prop_fdre_C_Q)         0.456     1.429 r  y_reg[12]/Q
                         net (fo=0)                   0.973     2.402    y[12]
                                                                      r  y[12] (OUT)
  -------------------------------------------------------------------    -------------------

Slack:                    inf
  Source:                 y_reg[13]/C
                            (rising edge-triggered cell FDRE clocked by vclk  {rise@0.000ns fall@5.000ns period=10.000ns})
  Destination:            y[13]
                            (output port)
  Path Group:             (none)
  Path Type:              Max at Slow Process Corner
  Data Path Delay:        1.429ns  (logic 0.456ns (31.910%)  route 0.973ns (68.090%))
  Logic Levels:           0  
  Clock Uncertainty:      0.025ns  ((TSJ^2 + TIJ^2)^1/2 + DJ) / 2 + PE
    Total System Jitter     (TSJ):    0.050ns
    Total Input Jitter      (TIJ):    0.000ns
    Discrete Jitter          (DJ):    0.000ns
    Phase Error              (PE):    0.000ns

    Location             Delay type                Incr(ns)  Path(ns)    Netlist Resource(s)
  -------------------------------------------------------------------    -------------------
                         (clock vclk rise edge)       0.000     0.000 r  
                                                      0.000     0.000 r  clk (IN)
                         net (fo=33, unset)           0.973     0.973    clk
    SLICE_X56Y76         FDRE                                         r  y_reg[13]/C
  -------------------------------------------------------------------    -------------------
    SLICE_X56Y76         FDRE (Prop_fdre_C_Q)         0.456     1.429 r  y_reg[13]/Q
                         net (fo=0)                   0.973     2.402    y[13]
                                                                      r  y[13] (OUT)
  -------------------------------------------------------------------    -------------------

Slack:                    inf
  Source:                 y_reg[14]/C
                            (rising edge-triggered cell FDRE clocked by vclk  {rise@0.000ns fall@5.000ns period=10.000ns})
  Destination:            y[14]
                            (output port)
  Path Group:             (none)
  Path Type:              Max at Slow Process Corner
  Data Path Delay:        1.429ns  (logic 0.456ns (31.910%)  route 0.973ns (68.090%))
  Logic Levels:           0  
  Clock Uncertainty:      0.025ns  ((TSJ^2 + TIJ^2)^1/2 + DJ) / 2 + PE
    Total System Jitter     (TSJ):    0.050ns
    Total Input Jitter      (TIJ):    0.000ns
    Discrete Jitter          (DJ):    0.000ns
    Phase Error              (PE):    0.000ns

    Location             Delay type                Incr(ns)  Path(ns)    Netlist Resource(s)
  -------------------------------------------------------------------    -------------------
                         (clock vclk rise edge)       0.000     0.000 r  
                                                      0.000     0.000 r  clk (IN)
                         net (fo=33, unset)           0.973     0.973    clk
    SLICE_X56Y76         FDRE                                         r  y_reg[14]/C
  -------------------------------------------------------------------    -------------------
    SLICE_X56Y76         FDRE (Prop_fdre_C_Q)         0.456     1.429 r  y_reg[14]/Q
                         net (fo=0)                   0.973     2.402    y[14]
                                                                      r  y[14] (OUT)
  -------------------------------------------------------------------    -------------------

Slack:                    inf
  Source:                 y_reg[15]/C
                            (rising edge-triggered cell FDRE clocked by vclk  {rise@0.000ns fall@5.000ns period=10.000ns})
  Destination:            y[15]
                            (output port)
  Path Group:             (none)
  Path Type:              Max at Slow Process Corner
  Data Path Delay:        1.429ns  (logic 0.456ns (31.910%)  route 0.973ns (68.090%))
  Logic Levels:           0  
  Clock Uncertainty:      0.025ns  ((TSJ^2 + TIJ^2)^1/2 + DJ) / 2 + PE
    Total System Jitter     (TSJ):    0.050ns
    Total Input Jitter      (TIJ):    0.000ns
    Discrete Jitter          (DJ):    0.000ns
    Phase Error              (PE):    0.000ns

    Location             Delay type                Incr(ns)  Path(ns)    Netlist Resource(s)
  -------------------------------------------------------------------    -------------------
                         (clock vclk rise edge)       0.000     0.000 r  
                                                      0.000     0.000 r  clk (IN)
                         net (fo=33, unset)           0.973     0.973    clk
    SLICE_X56Y76         FDRE                                         r  y_reg[15]/C
  -------------------------------------------------------------------    -------------------
    SLICE_X56Y76         FDRE (Prop_fdre_C_Q)         0.456     1.429 r  y_reg[15]/Q
                         net (fo=0)                   0.973     2.402    y[15]
                                                                      r  y[15] (OUT)
  -------------------------------------------------------------------    -------------------

Slack:                    inf
  Source:                 y_reg[16]/C
                            (rising edge-triggered cell FDRE clocked by vclk  {rise@0.000ns fall@5.000ns period=10.000ns})
  Destination:            y[16]
                            (output port)
  Path Group:             (none)
  Path Type:              Max at Slow Process Corner
  Data Path Delay:        1.429ns  (logic 0.456ns (31.910%)  route 0.973ns (68.090%))
  Logic Levels:           0  
  Clock Uncertainty:      0.025ns  ((TSJ^2 + TIJ^2)^1/2 + DJ) / 2 + PE
    Total System Jitter     (TSJ):    0.050ns
    Total Input Jitter      (TIJ):    0.000ns
    Discrete Jitter          (DJ):    0.000ns
    Phase Error              (PE):    0.000ns

    Location             Delay type                Incr(ns)  Path(ns)    Netlist Resource(s)
  -------------------------------------------------------------------    -------------------
                         (clock vclk rise edge)       0.000     0.000 r  
                                                      0.000     0.000 r  clk (IN)
                         net (fo=33, unset)           0.973     0.973    clk
    SLICE_X56Y76         FDRE                                         r  y_reg[16]/C
  -------------------------------------------------------------------    -------------------
    SLICE_X56Y76         FDRE (Prop_fdre_C_Q)         0.456     1.429 r  y_reg[16]/Q
                         net (fo=0)                   0.973     2.402    y[16]
                                                                      r  y[16] (OUT)
  -------------------------------------------------------------------    -------------------

Slack:                    inf
  Source:                 y_reg[1]/C
                            (rising edge-triggered cell FDRE clocked by vclk  {rise@0.000ns fall@5.000ns period=10.000ns})
  Destination:            y[1]
                            (output port)
  Path Group:             (none)
  Path Type:              Max at Slow Process Corner
  Data Path Delay:        1.429ns  (logic 0.456ns (31.910%)  route 0.973ns (68.090%))
  Logic Levels:           0  
  Clock Uncertainty:      0.025ns  ((TSJ^2 + TIJ^2)^1/2 + DJ) / 2 + PE
    Total System Jitter     (TSJ):    0.050ns
    Total Input Jitter      (TIJ):    0.000ns
    Discrete Jitter          (DJ):    0.000ns
    Phase Error              (PE):    0.000ns

    Location             Delay type                Incr(ns)  Path(ns)    Netlist Resource(s)
  -------------------------------------------------------------------    -------------------
                         (clock vclk rise edge)       0.000     0.000 r  
                                                      0.000     0.000 r  clk (IN)
                         net (fo=33, unset)           0.973     0.973    clk
    SLICE_X56Y73         FDRE                                         r  y_reg[1]/C
  -------------------------------------------------------------------    -------------------
    SLICE_X56Y73         FDRE (Prop_fdre_C_Q)         0.456     1.429 r  y_reg[1]/Q
                         net (fo=0)                   0.973     2.402    y[1]
                                                                      r  y[1] (OUT)
  -------------------------------------------------------------------    -------------------

Slack:                    inf
  Source:                 y_reg[2]/C
                            (rising edge-triggered cell FDRE clocked by vclk  {rise@0.000ns fall@5.000ns period=10.000ns})
  Destination:            y[2]
                            (output port)
  Path Group:             (none)
  Path Type:              Max at Slow Process Corner
  Data Path Delay:        1.429ns  (logic 0.456ns (31.910%)  route 0.973ns (68.090%))
  Logic Levels:           0  
  Clock Uncertainty:      0.025ns  ((TSJ^2 + TIJ^2)^1/2 + DJ) / 2 + PE
    Total System Jitter     (TSJ):    0.050ns
    Total Input Jitter      (TIJ):    0.000ns
    Discrete Jitter          (DJ):    0.000ns
    Phase Error              (PE):    0.000ns

    Location             Delay type                Incr(ns)  Path(ns)    Netlist Resource(s)
  -------------------------------------------------------------------    -------------------
                         (clock vclk rise edge)       0.000     0.000 r  
                                                      0.000     0.000 r  clk (IN)
                         net (fo=33, unset)           0.973     0.973    clk
    SLICE_X56Y73         FDRE                                         r  y_reg[2]/C
  -------------------------------------------------------------------    -------------------
    SLICE_X56Y73         FDRE (Prop_fdre_C_Q)         0.456     1.429 r  y_reg[2]/Q
                         net (fo=0)                   0.973     2.402    y[2]
                                                                      r  y[2] (OUT)
  -------------------------------------------------------------------    -------------------





--------------------------------------------------------------------------------------
Path Group:  (none)
From Clock:  
  To Clock:  vclk

Max Delay            17 Endpoints
Min Delay             0 Endpoints
--------------------------------------------------------------------------------------


Max Delay Paths
--------------------------------------------------------------------------------------
Slack:                    inf
  Source:                 b[1]
                            (input port)
  Destination:            sum_q_reg[16]/D
                            (rising edge-triggered cell FDRE clocked by vclk  {rise@0.000ns fall@5.000ns period=10.000ns})
  Path Group:             (none)
  Path Type:              Setup (Max at Slow Process Corner)
  Data Path Delay:        2.269ns  (logic 1.287ns (56.721%)  route 0.982ns (43.279%))
  Logic Levels:           6  (CARRY4=5 LUT2=1)
  Clock Path Skew:        0.924ns (DCD - SCD + CPR)
    Destination Clock Delay (DCD):    0.924ns
    Source Clock Delay      (SCD):    0.000ns
    Clock Pessimism Removal (CPR):    0.000ns
  Clock Uncertainty:      0.025ns  ((TSJ^2 + TIJ^2)^1/2 + DJ) / 2 + PE
    Total System Jitter     (TSJ):    0.050ns
    Total Input Jitter      (TIJ):    0.000ns
    Discrete Jitter          (DJ):    0.000ns
    Phase Error              (PE):    0.000ns

    Location             Delay type                Incr(ns)  Path(ns)    Netlist Resource(s)
  -------------------------------------------------------------------    -------------------
                                                      0.000     0.000 r  b[1] (IN)
                         net (fo=0)                   0.973     0.973    b[1]
    SLICE_X57Y73         LUT2 (Prop_lut2_I1_O)        0.124     1.097 r  sum_q[3]_i_4/O
                         net (fo=1, routed)           0.000     1.097    sum_q[3]_i_4_n_0
    SLICE_X57Y73         CARRY4 (Prop_carry4_S[1]_CO[3])
                                                      0.550     1.647 r  sum_q_reg[3]_i_1/CO[3]
                         net (fo=1, routed)           0.000     1.647    sum_q_reg[3]_i_1_n_0
    SLICE_X57Y74         CARRY4 (Prop_carry4_CI_CO[3])
                                                      0.114     1.761 r  sum_q_reg[7]_i_1/CO[3]
                         net (fo=1, routed)           0.009     1.770    sum_q_reg[7]_i_1_n_0
    SLICE_X57Y75         CARRY4 (Prop_carry4_CI_CO[3])
                                                      0.114     1.884 r  sum_q_reg[11]_i_1/CO[3]
                         net (fo=1, routed)           0.000     1.884    sum_q_reg[11]_i_1_n_0
    SLICE_X57Y76         CARRY4 (Prop_carry4_CI_CO[3])
                                                      0.114     1.998 r  sum_q_reg[15]_i_1/CO[3]
                         net (fo=1, routed)           0.000     1.998    sum_q_reg[15]_i_1_n_0
    SLICE_X57Y77         CARRY4 (Prop_carry4_CI_CO[0])
                                                      0.271     2.269 r  sum_q_reg[16]_i_1/CO[0]
                         net (fo=1, routed)           0.000     2.269    p_0_in[16]
    SLICE_X57Y77         FDRE                                         r  sum_q_reg[16]/D
  -------------------------------------------------------------------    -------------------

                         (clock vclk rise edge)       0.000     0.000 r  
                                                      0.000     0.000 r  clk (IN)
                         net (fo=33, unset)           0.924     0.924    clk
    SLICE_X57Y77         FDRE                                         r  sum_q_reg[16]/C

Slack:                    inf
  Source:                 b[1]
                            (input port)
  Destination:            sum_q_reg[13]/D
                            (rising edge-triggered cell FDRE clocked by vclk  {rise@0.000ns fall@5.000ns period=10.000ns})
  Path Group:             (none)
  Path Type:              Setup (Max at Slow Process Corner)
  Data Path Delay:        2.218ns  (logic 1.236ns (55.726%)  route 0.982ns (44.274%))
  Logic Levels:           5  (CARRY4=4 LUT2=1)
  Clock Path Skew:        0.924ns (DCD - SCD + CPR)
    Destination Clock Delay (DCD):    0.924ns
    Source Clock Delay      (SCD):    0.000ns
    Clock Pessimism Removal (CPR):    0.000ns
  Clock Uncertainty:      0.025ns  ((TSJ^2 + TIJ^2)^1/2 + DJ) / 2 + PE
    Total System Jitter     (TSJ):    0.050ns
    Total Input Jitter      (TIJ):    0.000ns
    Discrete Jitter          (DJ):    0.000ns
    Phase Error              (PE):    0.000ns

    Location             Delay type                Incr(ns)  Path(ns)    Netlist Resource(s)
  -------------------------------------------------------------------    -------------------
                                                      0.000     0.000 r  b[1] (IN)
                         net (fo=0)                   0.973     0.973    b[1]
    SLICE_X57Y73         LUT2 (Prop_lut2_I1_O)        0.124     1.097 r  sum_q[3]_i_4/O
                         net (fo=1, routed)           0.000     1.097    sum_q[3]_i_4_n_0
    SLICE_X57Y73         CARRY4 (Prop_carry4_S[1]_CO[3])
                                                      0.550     1.647 r  sum_q_reg[3]_i_1/CO[3]
                         net (fo=1, routed)           0.000     1.647    sum_q_reg[3]_i_1_n_0
    SLICE_X57Y74         CARRY4 (Prop_carry4_CI_CO[3])
                                                      0.114     1.761 r  sum_q_reg[7]_i_1/CO[3]
                         net (fo=1, routed)           0.009     1.770    sum_q_reg[7]_i_1_n_0
    SLICE_X57Y75         CARRY4 (Prop_carry4_CI_CO[3])
                                                      0.114     1.884 r  sum_q_reg[11]_i_1/CO[3]
                         net (fo=1, routed)           0.000     1.884    sum_q_reg[11]_i_1_n_0
    SLICE_X57Y76         CARRY4 (Prop_carry4_CI_O[1])
                                                      0.334     2.218 r  sum_q_reg[15]_i_1/O[1]
                         net (fo=1, routed)           0.000     2.218    p_0_in[13]
    SLICE_X57Y76         FDRE                                         r  sum_q_reg[13]/D
  -------------------------------------------------------------------    -------------------

                         (clock vclk rise edge)       0.000     0.000 r  
                                                      0.000     0.000 r  clk (IN)
                         net (fo=33, unset)           0.924     0.924    clk
    SLICE_X57Y76         FDRE                                         r  sum_q_reg[13]/C

Slack:                    inf
  Source:                 b[1]
                            (input port)
  Destination:            sum_q_reg[15]/D
                            (rising edge-triggered cell FDRE clocked by vclk  {rise@0.000ns fall@5.000ns period=10.000ns})
  Path Group:             (none)
  Path Type:              Setup (Max at Slow Process Corner)
  Data Path Delay:        2.197ns  (logic 1.215ns (55.302%)  route 0.982ns (44.698%))
  Logic Levels:           5  (CARRY4=4 LUT2=1)
  Clock Path Skew:        0.924ns (DCD - SCD + CPR)
    Destination Clock Delay (DCD):    0.924ns
    Source Clock Delay      (SCD):    0.000ns
    Clock Pessimism Removal (CPR):    0.000ns
  Clock Uncertainty:      0.025ns  ((TSJ^2 + TIJ^2)^1/2 + DJ) / 2 + PE
    Total System Jitter     (TSJ):    0.050ns
    Total Input Jitter      (TIJ):    0.000ns
    Discrete Jitter          (DJ):    0.000ns
    Phase Error              (PE):    0.000ns

    Location             Delay type                Incr(ns)  Path(ns)    Netlist Resource(s)
  -------------------------------------------------------------------    -------------------
                                                      0.000     0.000 r  b[1] (IN)
                         net (fo=0)                   0.973     0.973    b[1]
    SLICE_X57Y73         LUT2 (Prop_lut2_I1_O)        0.124     1.097 r  sum_q[3]_i_4/O
                         net (fo=1, routed)           0.000     1.097    sum_q[3]_i_4_n_0
    SLICE_X57Y73         CARRY4 (Prop_carry4_S[1]_CO[3])
                                                      0.550     1.647 r  sum_q_reg[3]_i_1/CO[3]
                         net (fo=1, routed)           0.000     1.647    sum_q_reg[3]_i_1_n_0
    SLICE_X57Y74         CARRY4 (Prop_carry4_CI_CO[3])
                                                      0.114     1.761 r  sum_q_reg[7]_i_1/CO[3]
                         net (fo=1, routed)           0.009     1.770    sum_q_reg[7]_i_1_n_0
    SLICE_X57Y75         CARRY4 (Prop_carry4_CI_CO[3])
                                                      0.114     1.884 r  sum_q_reg[11]_i_1/CO[3]
                         net (fo=1, routed)           0.000     1.884    sum_q_reg[11]_i_1_n_0
    SLICE_X57Y76         CARRY4 (Prop_carry4_CI_O[3])
                                                      0.313     2.197 r  sum_q_reg[15]_i_1/O[3]
                         net (fo=1, routed)           0.000     2.197    p_0_in[15]
    SLICE_X57Y76         FDRE                                         r  sum_q_reg[15]/D
  -------------------------------------------------------------------    -------------------

                         (clock vclk rise edge)       0.000     0.000 r  
                                                      0.000     0.000 r  clk (IN)
                         net (fo=33, unset)           0.924     0.924    clk
    SLICE_X57Y76         FDRE                                         r  sum_q_reg[15]/C

Slack:                    inf
  Source:                 b[1]
                            (input port)
  Destination:            sum_q_reg[14]/D
                            (rising edge-triggered cell FDRE clocked by vclk  {rise@0.000ns fall@5.000ns period=10.000ns})
  Path Group:             (none)
  Path Type:              Setup (Max at Slow Process Corner)
  Data Path Delay:        2.123ns  (logic 1.141ns (53.744%)  route 0.982ns (46.256%))
  Logic Levels:           5  (CARRY4=4 LUT2=1)
  Clock Path Skew:        0.924ns (DCD - SCD + CPR)
    Destination Clock Delay (DCD):    0.924ns
    Source Clock Delay      (SCD):    0.000ns
    Clock Pessimism Removal (CPR):    0.000ns
  Clock Uncertainty:      0.025ns  ((TSJ^2 + TIJ^2)^1/2 + DJ) / 2 + PE
    Total System Jitter     (TSJ):    0.050ns
    Total Input Jitter      (TIJ):    0.000ns
    Discrete Jitter          (DJ):    0.000ns
    Phase Error              (PE):    0.000ns

    Location             Delay type                Incr(ns)  Path(ns)    Netlist Resource(s)
  -------------------------------------------------------------------    -------------------
                                                      0.000     0.000 r  b[1] (IN)
                         net (fo=0)                   0.973     0.973    b[1]
    SLICE_X57Y73         LUT2 (Prop_lut2_I1_O)        0.124     1.097 r  sum_q[3]_i_4/O
                         net (fo=1, routed)           0.000     1.097    sum_q[3]_i_4_n_0
    SLICE_X57Y73         CARRY4 (Prop_carry4_S[1]_CO[3])
                                                      0.550     1.647 r  sum_q_reg[3]_i_1/CO[3]
                         net (fo=1, routed)           0.000     1.647    sum_q_reg[3]_i_1_n_0
    SLICE_X57Y74         CARRY4 (Prop_carry4_CI_CO[3])
                                                      0.114     1.761 r  sum_q_reg[7]_i_1/CO[3]
                         net (fo=1, routed)           0.009     1.770    sum_q_reg[7]_i_1_n_0
    SLICE_X57Y75         CARRY4 (Prop_carry4_CI_CO[3])
                                                      0.114     1.884 r  sum_q_reg[11]_i_1/CO[3]
                         net (fo=1, routed)           0.000     1.884    sum_q_reg[11]_i_1_n_0
    SLICE_X57Y76         CARRY4 (Prop_carry4_CI_O[2])
                                                      0.239     2.123 r  sum_q_reg[15]_i_1/O[2]
                         net (fo=1, routed)           0.000     2.123    p_0_in[14]
    SLICE_X57Y76         FDRE                                         r  sum_q_reg[14]/D
  -------------------------------------------------------------------    -------------------

                         (clock vclk rise edge)       0.000     0.000 r  
                                                      0.000     0.000 r  clk (IN)
                         net (fo=33, unset)           0.924     0.924    clk
    SLICE_X57Y76         FDRE                                         r  sum_q_reg[14]/C

Slack:                    inf
  Source:                 b[1]
                            (input port)
  Destination:            sum_q_reg[12]/D
                            (rising edge-triggered cell FDRE clocked by vclk  {rise@0.000ns fall@5.000ns period=10.000ns})
  Path Group:             (none)
  Path Type:              Setup (Max at Slow Process Corner)
  Data Path Delay:        2.107ns  (logic 1.125ns (53.393%)  route 0.982ns (46.607%))
  Logic Levels:           5  (CARRY4=4 LUT2=1)
  Clock Path Skew:        0.924ns (DCD - SCD + CPR)
    Destination Clock Delay (DCD):    0.924ns
    Source Clock Delay      (SCD):    0.000ns
    Clock Pessimism Removal (CPR):    0.000ns
  Clock Uncertainty:      0.025ns  ((TSJ^2 + TIJ^2)^1/2 + DJ) / 2 + PE
    Total System Jitter     (TSJ):    0.050ns
    Total Input Jitter      (TIJ):    0.000ns
    Discrete Jitter          (DJ):    0.000ns
    Phase Error              (PE):    0.000ns

    Location             Delay type                Incr(ns)  Path(ns)    Netlist Resource(s)
  -------------------------------------------------------------------    -------------------
                                                      0.000     0.000 r  b[1] (IN)
                         net (fo=0)                   0.973     0.973    b[1]
    SLICE_X57Y73         LUT2 (Prop_lut2_I1_O)        0.124     1.097 r  sum_q[3]_i_4/O
                         net (fo=1, routed)           0.000     1.097    sum_q[3]_i_4_n_0
    SLICE_X57Y73         CARRY4 (Prop_carry4_S[1]_CO[3])
                                                      0.550     1.647 r  sum_q_reg[3]_i_1/CO[3]
                         net (fo=1, routed)           0.000     1.647    sum_q_reg[3]_i_1_n_0
    SLICE_X57Y74         CARRY4 (Prop_carry4_CI_CO[3])
                                                      0.114     1.761 r  sum_q_reg[7]_i_1/CO[3]
                         net (fo=1, routed)           0.009     1.770    sum_q_reg[7]_i_1_n_0
    SLICE_X57Y75         CARRY4 (Prop_carry4_CI_CO[3])
                                                      0.114     1.884 r  sum_q_reg[11]_i_1/CO[3]
                         net (fo=1, routed)           0.000     1.884    sum_q_reg[11]_i_1_n_0
    SLICE_X57Y76         CARRY4 (Prop_carry4_CI_O[0])
                                                      0.223     2.107 r  sum_q_reg[15]_i_1/O[0]
                         net (fo=1, routed)           0.000     2.107    p_0_in[12]
    SLICE_X57Y76         FDRE                                         r  sum_q_reg[12]/D
  -------------------------------------------------------------------    -------------------

                         (clock vclk rise edge)       0.000     0.000 r  
                                                      0.000     0.000 r  clk (IN)
                         net (fo=33, unset)           0.924     0.924    clk
    SLICE_X57Y76         FDRE                                         r  sum_q_reg[12]/C

Slack:                    inf
  Source:                 b[1]
                            (input port)
  Destination:            sum_q_reg[9]/D
                            (rising edge-triggered cell FDRE clocked by vclk  {rise@0.000ns fall@5.000ns period=10.000ns})
  Path Group:             (none)
  Path Type:              Setup (Max at Slow Process Corner)
  Data Path Delay:        2.104ns  (logic 1.122ns (53.327%)  route 0.982ns (46.673%))
  Logic Levels:           4  (CARRY4=3 LUT2=1)
  Clock Path Skew:        0.924ns (DCD - SCD + CPR)
    Destination Clock Delay (DCD):    0.924ns
    Source Clock Delay      (SCD):    0.000ns
    Clock Pessimism Removal (CPR):    0.000ns
  Clock Uncertainty:      0.025ns  ((TSJ^2 + TIJ^2)^1/2 + DJ) / 2 + PE
    Total System Jitter     (TSJ):    0.050ns
    Total Input Jitter      (TIJ):    0.000ns
    Discrete Jitter          (DJ):    0.000ns
    Phase Error              (PE):    0.000ns

    Location             Delay type                Incr(ns)  Path(ns)    Netlist Resource(s)
  -------------------------------------------------------------------    -------------------
                                                      0.000     0.000 r  b[1] (IN)
                         net (fo=0)                   0.973     0.973    b[1]
    SLICE_X57Y73         LUT2 (Prop_lut2_I1_O)        0.124     1.097 r  sum_q[3]_i_4/O
                         net (fo=1, routed)           0.000     1.097    sum_q[3]_i_4_n_0
    SLICE_X57Y73         CARRY4 (Prop_carry4_S[1]_CO[3])
                                                      0.550     1.647 r  sum_q_reg[3]_i_1/CO[3]
                         net (fo=1, routed)           0.000     1.647    sum_q_reg[3]_i_1_n_0
    SLICE_X57Y74         CARRY4 (Prop_carry4_CI_CO[3])
                                                      0.114     1.761 r  sum_q_reg[7]_i_1/CO[3]
                         net (fo=1, routed)           0.009     1.770    sum_q_reg[7]_i_1_n_0
    SLICE_X57Y75         CARRY4 (Prop_carry4_CI_O[1])
                                                      0.334     2.104 r  sum_q_reg[11]_i_1/O[1]
                         net (fo=1, routed)           0.000     2.104    p_0_in[9]
    SLICE_X57Y75         FDRE                                         r  sum_q_reg[9]/D
  -------------------------------------------------------------------    -------------------

                         (clock vclk rise edge)       0.000     0.000 r  
                                                      0.000     0.000 r  clk (IN)
                         net (fo=33, unset)           0.924     0.924    clk
    SLICE_X57Y75         FDRE                                         r  sum_q_reg[9]/C

Slack:                    inf
  Source:                 b[1]
                            (input port)
  Destination:            sum_q_reg[11]/D
                            (rising edge-triggered cell FDRE clocked by vclk  {rise@0.000ns fall@5.000ns period=10.000ns})
  Path Group:             (none)
  Path Type:              Setup (Max at Slow Process Corner)
  Data Path Delay:        2.083ns  (logic 1.101ns (52.856%)  route 0.982ns (47.144%))
  Logic Levels:           4  (CARRY4=3 LUT2=1)
  Clock Path Skew:        0.924ns (DCD - SCD + CPR)
    Destination Clock Delay (DCD):    0.924ns
    Source Clock Delay      (SCD):    0.000ns
    Clock Pessimism Removal (CPR):    0.000ns
  Clock Uncertainty:      0.025ns  ((TSJ^2 + TIJ^2)^1/2 + DJ) / 2 + PE
    Total System Jitter     (TSJ):    0.050ns
    Total Input Jitter      (TIJ):    0.000ns
    Discrete Jitter          (DJ):    0.000ns
    Phase Error              (PE):    0.000ns

    Location             Delay type                Incr(ns)  Path(ns)    Netlist Resource(s)
  -------------------------------------------------------------------    -------------------
                                                      0.000     0.000 r  b[1] (IN)
                         net (fo=0)                   0.973     0.973    b[1]
    SLICE_X57Y73         LUT2 (Prop_lut2_I1_O)        0.124     1.097 r  sum_q[3]_i_4/O
                         net (fo=1, routed)           0.000     1.097    sum_q[3]_i_4_n_0
    SLICE_X57Y73         CARRY4 (Prop_carry4_S[1]_CO[3])
                                                      0.550     1.647 r  sum_q_reg[3]_i_1/CO[3]
                         net (fo=1, routed)           0.000     1.647    sum_q_reg[3]_i_1_n_0
    SLICE_X57Y74         CARRY4 (Prop_carry4_CI_CO[3])
                                                      0.114     1.761 r  sum_q_reg[7]_i_1/CO[3]
                         net (fo=1, routed)           0.009     1.770    sum_q_reg[7]_i_1_n_0
    SLICE_X57Y75         CARRY4 (Prop_carry4_CI_O[3])
                                                      0.313     2.083 r  sum_q_reg[11]_i_1/O[3]
                         net (fo=1, routed)           0.000     2.083    p_0_in[11]
    SLICE_X57Y75         FDRE                                         r  sum_q_reg[11]/D
  -------------------------------------------------------------------    -------------------

                         (clock vclk rise edge)       0.000     0.000 r  
                                                      0.000     0.000 r  clk (IN)
                         net (fo=33, unset)           0.924     0.924    clk
    SLICE_X57Y75         FDRE                                         r  sum_q_reg[11]/C

Slack:                    inf
  Source:                 b[1]
                            (input port)
  Destination:            sum_q_reg[10]/D
                            (rising edge-triggered cell FDRE clocked by vclk  {rise@0.000ns fall@5.000ns period=10.000ns})
  Path Group:             (none)
  Path Type:              Setup (Max at Slow Process Corner)
  Data Path Delay:        2.009ns  (logic 1.027ns (51.120%)  route 0.982ns (48.880%))
  Logic Levels:           4  (CARRY4=3 LUT2=1)
  Clock Path Skew:        0.924ns (DCD - SCD + CPR)
    Destination Clock Delay (DCD):    0.924ns
    Source Clock Delay      (SCD):    0.000ns
    Clock Pessimism Removal (CPR):    0.000ns
  Clock Uncertainty:      0.025ns  ((TSJ^2 + TIJ^2)^1/2 + DJ) / 2 + PE
    Total System Jitter     (TSJ):    0.050ns
    Total Input Jitter      (TIJ):    0.000ns
    Discrete Jitter          (DJ):    0.000ns
    Phase Error              (PE):    0.000ns

    Location             Delay type                Incr(ns)  Path(ns)    Netlist Resource(s)
  -------------------------------------------------------------------    -------------------
                                                      0.000     0.000 r  b[1] (IN)
                         net (fo=0)                   0.973     0.973    b[1]
    SLICE_X57Y73         LUT2 (Prop_lut2_I1_O)        0.124     1.097 r  sum_q[3]_i_4/O
                         net (fo=1, routed)           0.000     1.097    sum_q[3]_i_4_n_0
    SLICE_X57Y73         CARRY4 (Prop_carry4_S[1]_CO[3])
                                                      0.550     1.647 r  sum_q_reg[3]_i_1/CO[3]
                         net (fo=1, routed)           0.000     1.647    sum_q_reg[3]_i_1_n_0
    SLICE_X57Y74         CARRY4 (Prop_carry4_CI_CO[3])
                                                      0.114     1.761 r  sum_q_reg[7]_i_1/CO[3]
                         net (fo=1, routed)           0.009     1.770    sum_q_reg[7]_i_1_n_0
    SLICE_X57Y75         CARRY4 (Prop_carry4_CI_O[2])
                                                      0.239     2.009 r  sum_q_reg[11]_i_1/O[2]
                         net (fo=1, routed)           0.000     2.009    p_0_in[10]
    SLICE_X57Y75         FDRE                                         r  sum_q_reg[10]/D
  -------------------------------------------------------------------    -------------------

                         (clock vclk rise edge)       0.000     0.000 r  
                                                      0.000     0.000 r  clk (IN)
                         net (fo=33, unset)           0.924     0.924    clk
    SLICE_X57Y75         FDRE                                         r  sum_q_reg[10]/C

Slack:                    inf
  Source:                 b[1]
                            (input port)
  Destination:            sum_q_reg[8]/D
                            (rising edge-triggered cell FDRE clocked by vclk  {rise@0.000ns fall@5.000ns period=10.000ns})
  Path Group:             (none)
  Path Type:              Setup (Max at Slow Process Corner)
  Data Path Delay:        1.993ns  (logic 1.011ns (50.727%)  route 0.982ns (49.273%))
  Logic Levels:           4  (CARRY4=3 LUT2=1)
  Clock Path Skew:        0.924ns (DCD - SCD + CPR)
    Destination Clock Delay (DCD):    0.924ns
    Source Clock Delay      (SCD):    0.000ns
    Clock Pessimism Removal (CPR):    0.000ns
  Clock Uncertainty:      0.025ns  ((TSJ^2 + TIJ^2)^1/2 + DJ) / 2 + PE
    Total System Jitter     (TSJ):    0.050ns
    Total Input Jitter      (TIJ):    0.000ns
    Discrete Jitter          (DJ):    0.000ns
    Phase Error              (PE):    0.000ns

    Location             Delay type                Incr(ns)  Path(ns)    Netlist Resource(s)
  -------------------------------------------------------------------    -------------------
                                                      0.000     0.000 r  b[1] (IN)
                         net (fo=0)                   0.973     0.973    b[1]
    SLICE_X57Y73         LUT2 (Prop_lut2_I1_O)        0.124     1.097 r  sum_q[3]_i_4/O
                         net (fo=1, routed)           0.000     1.097    sum_q[3]_i_4_n_0
    SLICE_X57Y73         CARRY4 (Prop_carry4_S[1]_CO[3])
                                                      0.550     1.647 r  sum_q_reg[3]_i_1/CO[3]
                         net (fo=1, routed)           0.000     1.647    sum_q_reg[3]_i_1_n_0
    SLICE_X57Y74         CARRY4 (Prop_carry4_CI_CO[3])
                                                      0.114     1.761 r  sum_q_reg[7]_i_1/CO[3]
                         net (fo=1, routed)           0.009     1.770    sum_q_reg[7]_i_1_n_0
    SLICE_X57Y75         CARRY4 (Prop_carry4_CI_O[0])
                                                      0.223     1.993 r  sum_q_reg[11]_i_1/O[0]
                         net (fo=1, routed)           0.000     1.993    p_0_in[8]
    SLICE_X57Y75         FDRE                                         r  sum_q_reg[8]/D
  -------------------------------------------------------------------    -------------------

                         (clock vclk rise edge)       0.000     0.000 r  
                                                      0.000     0.000 r  clk (IN)
                         net (fo=33, unset)           0.924     0.924    clk
    SLICE_X57Y75         FDRE                                         r  sum_q_reg[8]/C

Slack:                    inf
  Source:                 b[1]
                            (input port)
  Destination:            sum_q_reg[5]/D
                            (rising edge-triggered cell FDRE clocked by vclk  {rise@0.000ns fall@5.000ns period=10.000ns})
  Path Group:             (none)
  Path Type:              Setup (Max at Slow Process Corner)
  Data Path Delay:        1.981ns  (logic 1.008ns (50.883%)  route 0.973ns (49.117%))
  Logic Levels:           3  (CARRY4=2 LUT2=1)
  Clock Path Skew:        0.924ns (DCD - SCD + CPR)
    Destination Clock Delay (DCD):    0.924ns
    Source Clock Delay      (SCD):    0.000ns
    Clock Pessimism Removal (CPR):    0.000ns
  Clock Uncertainty:      0.025ns  ((TSJ^2 + TIJ^2)^1/2 + DJ) / 2 + PE
    Total System Jitter     (TSJ):    0.050ns
    Total Input Jitter      (TIJ):    0.000ns
    Discrete Jitter          (DJ):    0.000ns
    Phase Error              (PE):    0.000ns

    Location             Delay type                Incr(ns)  Path(ns)    Netlist Resource(s)
  -------------------------------------------------------------------    -------------------
                                                      0.000     0.000 r  b[1] (IN)
                         net (fo=0)                   0.973     0.973    b[1]
    SLICE_X57Y73         LUT2 (Prop_lut2_I1_O)        0.124     1.097 r  sum_q[3]_i_4/O
                         net (fo=1, routed)           0.000     1.097    sum_q[3]_i_4_n_0
    SLICE_X57Y73         CARRY4 (Prop_carry4_S[1]_CO[3])
                                                      0.550     1.647 r  sum_q_reg[3]_i_1/CO[3]
                         net (fo=1, routed)           0.000     1.647    sum_q_reg[3]_i_1_n_0
    SLICE_X57Y74         CARRY4 (Prop_carry4_CI_O[1])
                                                      0.334     1.981 r  sum_q_reg[7]_i_1/O[1]
                         net (fo=1, routed)           0.000     1.981    p_0_in[5]
    SLICE_X57Y74         FDRE                                         r  sum_q_reg[5]/D
  -------------------------------------------------------------------    -------------------

                         (clock vclk rise edge)       0.000     0.000 r  
                                                      0.000     0.000 r  clk (IN)
                         net (fo=33, unset)           0.924     0.924    clk
    SLICE_X57Y74         FDRE                                         r  sum_q_reg[5]/C





