Copyright 1986-2022 Xilinx, Inc. All Rights Reserved. Copyright 2022-2026 Advanced Micro Devices, Inc. All Rights Reserved.
-------------------------------------------------------------------------------------------------------------------------------------------------------------------------------------------------------------------------------------------------------------------------------------------
| Tool Version : Vivado v.2026.1 (win64) Build 6511674 Tue Jun 16 11:02:23 MDT 2026
| Date         : Sun Aug 30 22:55:09 2026
| Host         : Amine running 64-bit major release  (build 9200)
| Command      : report_timing_summary -delay_type max -max_paths 10 -report_unconstrained -check_timing_verbose -warn_on_violation -file C:/Users/Amine/mas/fpga-repo/timing_closure_candidate_v7/results/c02_fir_rf_fir42_v6_8b/trial_005_search_p5p225625_a0/reports/timing_summary.rpt
| Design       : rf_s1__fir42_v6_8b__g0
| Device       : 7z020-clg400
| Speed File   : -1  PRODUCTION 1.12 2019-11-22
| Design State : Routed
-------------------------------------------------------------------------------------------------------------------------------------------------------------------------------------------------------------------------------------------------------------------------------------------

Timing Summary Report

------------------------------------------------------------------------------------------------
| Timer Settings
| --------------
------------------------------------------------------------------------------------------------

  Enable Multi Corner Analysis               :  Yes
  Enable Pessimism Removal                   :  Yes
  Pessimism Removal Resolution               :  Nearest Common Node
  Enable Input Delay Default Clock           :  No
  Enable Preset / Clear Arcs                 :  No
  Disable Flight Delays                      :  No
  Ignore I/O Paths                           :  No
  Timing Early Launch at Borrowing Latches   :  No
  Borrow Time for Max Delay Exceptions       :  Yes
  Merge Timing Exceptions                    :  Yes
  Inter-SLR Compensation                     :  Conservative

  Corner  Analyze    Analyze    
  Name    Max Paths  Min Paths  
  ------  ---------  ---------  
  Slow    Yes        Yes        
  Fast    Yes        Yes        


------------------------------------------------------------------------------------------------
| Report Methodology
| ------------------
------------------------------------------------------------------------------------------------

No report available as report_methodology has not been run prior. Run report_methodology on the current design for the summary of methodology violations.



check_timing report

Table of Contents
-----------------
1. checking no_clock (0)
2. checking constant_clock (0)
3. checking pulse_width_clock (0)
4. checking unconstrained_internal_endpoints (0)
5. checking no_input_delay (0)
6. checking no_output_delay (0)
7. checking multiple_clock (0)
8. checking generated_clocks (0)
9. checking loops (0)
10. checking partial_input_delay (0)
11. checking partial_output_delay (0)
12. checking latch_loops (0)

1. checking no_clock (0)
------------------------
 There are 0 register/latch pins with no clock.


2. checking constant_clock (0)
------------------------------
 There are 0 register/latch pins with constant_clock.


3. checking pulse_width_clock (0)
---------------------------------
 There are 0 register/latch pins which need pulse_width check


4. checking unconstrained_internal_endpoints (0)
------------------------------------------------
 There are 0 pins that are not constrained for maximum delay.

 There are 0 pins that are not constrained for maximum delay due to constant clock.


5. checking no_input_delay (0)
------------------------------
 There are 0 input ports with no input delay specified.

 There are 0 input ports with no input delay but user has a false path constraint.


6. checking no_output_delay (0)
-------------------------------
 There are 0 ports with no output delay specified.

 There are 0 ports with no output delay but user has a false path constraint

 There are 0 ports with no output delay but with a timing clock defined on it or propagating through it


7. checking multiple_clock (0)
------------------------------
 There are 0 register/latch pins with multiple clocks.


8. checking generated_clocks (0)
--------------------------------
 There are 0 generated clocks that are not connected to a clock source.


9. checking loops (0)
---------------------
 There are 0 combinational loops in the design.


10. checking partial_input_delay (0)
------------------------------------
 There are 0 input ports with partial input delay specified.


11. checking partial_output_delay (0)
-------------------------------------
 There are 0 ports with partial output delay specified.


12. checking latch_loops (0)
----------------------------
 There are 0 combinational latch loops in the design through latch input



------------------------------------------------------------------------------------------------
| Design Timing Summary
| ---------------------
------------------------------------------------------------------------------------------------

    WNS(ns)      TNS(ns)  TNS Failing Endpoints  TNS Total Endpoints     WPWS(ns)     TPWS(ns)  TPWS Failing Endpoints  TPWS Total Endpoints  
    -------      -------  ---------------------  -------------------     --------     --------  ----------------------  --------------------  
     -0.188       -1.109                     17                 1365        1.633        0.000                       0                   680  


Timing constraints are not met.


------------------------------------------------------------------------------------------------
| Clock Summary
| -------------
------------------------------------------------------------------------------------------------

Clock  Waveform(ns)         Period(ns)      Frequency(MHz)
-----  ------------         ----------      --------------
vclk   {0.000 2.613}        5.226           191.351         


------------------------------------------------------------------------------------------------
| Intra Clock Table
| -----------------
------------------------------------------------------------------------------------------------

Clock             WNS(ns)      TNS(ns)  TNS Failing Endpoints  TNS Total Endpoints     WPWS(ns)     TPWS(ns)  TPWS Failing Endpoints  TPWS Total Endpoints  
-----             -------      -------  ---------------------  -------------------     --------     --------  ----------------------  --------------------  
vclk               -0.188       -1.109                     17                 1365        1.633        0.000                       0                   680  


------------------------------------------------------------------------------------------------
| Inter Clock Table
| -----------------
------------------------------------------------------------------------------------------------

From Clock    To Clock          WNS(ns)      TNS(ns)  TNS Failing Endpoints  TNS Total Endpoints  
----------    --------          -------      -------  ---------------------  -------------------  


------------------------------------------------------------------------------------------------
| Other Path Groups Table
| -----------------------
------------------------------------------------------------------------------------------------

Path Group    From Clock    To Clock          WNS(ns)      TNS(ns)  TNS Failing Endpoints  TNS Total Endpoints  
----------    ----------    --------          -------      -------  ---------------------  -------------------  


------------------------------------------------------------------------------------------------
| User Ignored Path Table
| -----------------------
------------------------------------------------------------------------------------------------

Path Group    From Clock    To Clock    
----------    ----------    --------    


------------------------------------------------------------------------------------------------
| Unconstrained Path Table
| ------------------------
------------------------------------------------------------------------------------------------

Path Group    From Clock    To Clock    
----------    ----------    --------    


------------------------------------------------------------------------------------------------
| Timing Details
| --------------
------------------------------------------------------------------------------------------------


---------------------------------------------------------------------------------------------------
From Clock:  vclk
  To Clock:  vclk

Setup :           17  Failing Endpoints,  Worst Slack       -0.188ns,  Total Violation       -1.109ns
Hold  :           NA  Failing Endpoints,  Worst Slack           NA  ,  Total Violation           NA
PW    :            0  Failing Endpoints,  Worst Slack        1.633ns,  Total Violation        0.000ns
---------------------------------------------------------------------------------------------------


Max Delay Paths
--------------------------------------------------------------------------------------
Slack (VIOLATED) :        -0.188ns  (required time - arrival time)
  Source:                 x[1]
                            (input port clocked by vclk  {rise@0.000ns fall@2.613ns period=5.226ns})
  Destination:            a33_reg[14]/D
                            (rising edge-triggered cell FDRE clocked by vclk  {rise@0.000ns fall@2.613ns period=5.226ns})
  Path Group:             vclk
  Path Type:              Setup (Max at Slow Process Corner)
  Requirement:            5.226ns  (vclk rise@5.226ns - vclk rise@0.000ns)
  Data Path Delay:        6.365ns  (logic 2.939ns (46.177%)  route 3.426ns (53.823%))
  Logic Levels:           8  (CARRY4=5 LUT1=1 LUT2=1 LUT3=1)
  Input Delay:            0.000ns
  Clock Path Skew:        0.924ns (DCD - SCD + CPR)
    Destination Clock Delay (DCD):    0.924ns = ( 6.150 - 5.226 ) 
    Source Clock Delay      (SCD):    0.000ns
    Clock Pessimism Removal (CPR):    0.000ns
  Clock Uncertainty:      0.035ns  ((TSJ^2 + TIJ^2)^1/2 + DJ) / 2 + PE
    Total System Jitter     (TSJ):    0.071ns
    Total Input Jitter      (TIJ):    0.000ns
    Discrete Jitter          (DJ):    0.000ns
    Phase Error              (PE):    0.000ns

    Location             Delay type                Incr(ns)  Path(ns)    Netlist Resource(s)
  -------------------------------------------------------------------    -------------------
                         (clock vclk rise edge)       0.000     0.000 r  <hidden>
                         input delay                  0.000     0.000    <hidden>
                                                      0.000     0.000 f  x[1]
                         net (fo=179, unset)          0.973     0.973    x[1]
    SLICE_X42Y57         LUT1 (Prop_lut1_I0_O)        0.124     1.097 r  a33[4]_i_9/O
                         net (fo=1, routed)           0.000     1.097    a33[4]_i_9_n_0
    SLICE_X42Y57         CARRY4 (Prop_carry4_S[1]_CO[3])
                                                      0.533     1.630 r  a33_reg[4]_i_2/CO[3]
                         net (fo=1, routed)           0.000     1.630    a33_reg[4]_i_2_n_0
    SLICE_X42Y58         CARRY4 (Prop_carry4_CI_O[2])
                                                      0.239     1.869 r  a33_reg[12]_i_15/O[2]
                         net (fo=3, routed)           1.170     3.039    a33_reg[12]_i_15_n_5
    SLICE_X42Y70         LUT3 (Prop_lut3_I1_O)        0.301     3.340 r  a33[12]_i_10/O
                         net (fo=1, routed)           0.735     4.075    a33[12]_i_10_n_0
    SLICE_X45Y59         CARRY4 (Prop_carry4_DI[0]_O[2])
                                                      0.556     4.631 r  a33_reg[12]_i_2/O[2]
                         net (fo=4, routed)           0.548     5.179    a81[10]
    SLICE_X44Y59         LUT2 (Prop_lut2_I0_O)        0.302     5.481 r  a33[12]_i_5/O
                         net (fo=1, routed)           0.000     5.481    a33[12]_i_5_n_0
    SLICE_X44Y59         CARRY4 (Prop_carry4_S[1]_CO[3])
                                                      0.550     6.031 r  a33_reg[12]_i_1/CO[3]
                         net (fo=1, routed)           0.000     6.031    a33_reg[12]_i_1_n_0
    SLICE_X44Y60         CARRY4 (Prop_carry4_CI_O[1])
                                                      0.334     6.365 r  a33_reg[15]_i_1/O[1]
                         net (fo=1, routed)           0.000     6.365    a330[14]
    SLICE_X44Y60         FDRE                                         r  a33_reg[14]/D
  -------------------------------------------------------------------    -------------------

                         (clock vclk rise edge)       5.226     5.226 r  <hidden>
                                                      0.000     5.226 r  clk
                         net (fo=679, unset)          0.924     6.150    clk
    SLICE_X44Y60         FDRE                                         r  a33_reg[14]/C
                         clock pessimism              0.000     6.150    <hidden>
                         clock uncertainty           -0.035     6.115    <hidden>
    SLICE_X44Y60         FDRE (Setup_fdre_C_D)        0.062     6.177    a33_reg[14]
  -------------------------------------------------------------------
                         required time                          6.177    <hidden>
                         arrival time                          -6.365    <hidden>
  -------------------------------------------------------------------
                         slack                                 -0.188    <hidden>

Slack (VIOLATED) :        -0.115ns  (required time - arrival time)
  Source:                 x[0]
                            (input port clocked by vclk  {rise@0.000ns fall@2.613ns period=5.226ns})
  Destination:            a36_reg[15]/D
                            (rising edge-triggered cell FDRE clocked by vclk  {rise@0.000ns fall@2.613ns period=5.226ns})
  Path Group:             vclk
  Path Type:              Setup (Max at Slow Process Corner)
  Requirement:            5.226ns  (vclk rise@5.226ns - vclk rise@0.000ns)
  Data Path Delay:        6.339ns  (logic 3.175ns (50.085%)  route 3.164ns (49.915%))
  Logic Levels:           8  (CARRY4=5 LUT2=2 LUT3=1)
  Input Delay:            0.000ns
  Clock Path Skew:        0.924ns (DCD - SCD + CPR)
    Destination Clock Delay (DCD):    0.924ns = ( 6.150 - 5.226 ) 
    Source Clock Delay      (SCD):    0.000ns
    Clock Pessimism Removal (CPR):    0.000ns
  Clock Uncertainty:      0.035ns  ((TSJ^2 + TIJ^2)^1/2 + DJ) / 2 + PE
    Total System Jitter     (TSJ):    0.071ns
    Total Input Jitter      (TIJ):    0.000ns
    Discrete Jitter          (DJ):    0.000ns
    Phase Error              (PE):    0.000ns

    Location             Delay type                Incr(ns)  Path(ns)    Netlist Resource(s)
  -------------------------------------------------------------------    -------------------
                         (clock vclk rise edge)       0.000     0.000 r  <hidden>
                         input delay                  0.000     0.000    <hidden>
                                                      0.000     0.000 r  x[0]
                         net (fo=228, unset)          0.973     0.973    x[0]
    SLICE_X32Y63         LUT2 (Prop_lut2_I1_O)        0.124     1.097 r  a36[3]_i_9/O
                         net (fo=1, routed)           0.000     1.097    a36[3]_i_9_n_0
    SLICE_X32Y63         CARRY4 (Prop_carry4_S[1]_CO[3])
                                                      0.533     1.630 r  a36_reg[3]_i_2/CO[3]
                         net (fo=1, routed)           0.000     1.630    a36_reg[3]_i_2_n_0
    SLICE_X32Y64         CARRY4 (Prop_carry4_CI_O[2])
                                                      0.239     1.869 r  a36_reg[11]_i_15/O[2]
                         net (fo=3, routed)           0.916     2.785    a36_reg[11]_i_15_n_5
    SLICE_X30Y64         LUT3 (Prop_lut3_I1_O)        0.323     3.108 r  a36[11]_i_9/O
                         net (fo=1, routed)           0.571     3.679    a36[11]_i_9_n_0
    SLICE_X33Y63         CARRY4 (Prop_carry4_DI[1]_CO[3])
                                                      0.711     4.390 r  a36_reg[11]_i_2/CO[3]
                         net (fo=1, routed)           0.000     4.390    a36_reg[11]_i_2_n_0
    SLICE_X33Y64         CARRY4 (Prop_carry4_CI_O[1])
                                                      0.334     4.724 r  a36_reg[15]_i_2/O[1]
                         net (fo=4, routed)           0.704     5.428    a231[12]
    SLICE_X38Y64         LUT2 (Prop_lut2_I0_O)        0.303     5.731 r  a36[15]_i_3/O
                         net (fo=1, routed)           0.000     5.731    a36[15]_i_3_n_0
    SLICE_X38Y64         CARRY4 (Prop_carry4_S[0]_O[3])
                                                      0.608     6.339 r  a36_reg[15]_i_1/O[3]
                         net (fo=1, routed)           0.000     6.339    a360[15]
    SLICE_X38Y64         FDRE                                         r  a36_reg[15]/D
  -------------------------------------------------------------------    -------------------

                         (clock vclk rise edge)       5.226     5.226 r  <hidden>
                                                      0.000     5.226 r  clk
                         net (fo=679, unset)          0.924     6.150    clk
    SLICE_X38Y64         FDRE                                         r  a36_reg[15]/C
                         clock pessimism              0.000     6.150    <hidden>
                         clock uncertainty           -0.035     6.115    <hidden>
    SLICE_X38Y64         FDRE (Setup_fdre_C_D)        0.109     6.224    a36_reg[15]
  -------------------------------------------------------------------
                         required time                          6.224    <hidden>
                         arrival time                          -6.339    <hidden>
  -------------------------------------------------------------------
                         slack                                 -0.115    <hidden>

Slack (VIOLATED) :        -0.099ns  (required time - arrival time)
  Source:                 x[1]
                            (input port clocked by vclk  {rise@0.000ns fall@2.613ns period=5.226ns})
  Destination:            a17_reg[13]/D
                            (rising edge-triggered cell FDRE clocked by vclk  {rise@0.000ns fall@2.613ns period=5.226ns})
  Path Group:             vclk
  Path Type:              Setup (Max at Slow Process Corner)
  Requirement:            5.226ns  (vclk rise@5.226ns - vclk rise@0.000ns)
  Data Path Delay:        6.276ns  (logic 3.357ns (53.491%)  route 2.919ns (46.509%))
  Logic Levels:           9  (CARRY4=6 LUT1=1 LUT2=1 LUT3=1)
  Input Delay:            0.000ns
  Clock Path Skew:        0.924ns (DCD - SCD + CPR)
    Destination Clock Delay (DCD):    0.924ns = ( 6.150 - 5.226 ) 
    Source Clock Delay      (SCD):    0.000ns
    Clock Pessimism Removal (CPR):    0.000ns
  Clock Uncertainty:      0.035ns  ((TSJ^2 + TIJ^2)^1/2 + DJ) / 2 + PE
    Total System Jitter     (TSJ):    0.071ns
    Total Input Jitter      (TIJ):    0.000ns
    Discrete Jitter          (DJ):    0.000ns
    Phase Error              (PE):    0.000ns

    Location             Delay type                Incr(ns)  Path(ns)    Netlist Resource(s)
  -------------------------------------------------------------------    -------------------
                         (clock vclk rise edge)       0.000     0.000 r  <hidden>
                         input delay                  0.000     0.000    <hidden>
                                                      0.000     0.000 f  x[1]
                         net (fo=179, unset)          0.973     0.973    x[1]
    SLICE_X28Y71         LUT1 (Prop_lut1_I0_O)        0.124     1.097 r  a17[3]_i_9/O
                         net (fo=1, routed)           0.000     1.097    a17[3]_i_9_n_0
    SLICE_X28Y71         CARRY4 (Prop_carry4_S[1]_CO[3])
                                                      0.550     1.647 r  a17_reg[3]_i_2/CO[3]
                         net (fo=1, routed)           0.000     1.647    a17_reg[3]_i_2_n_0
    SLICE_X28Y72         CARRY4 (Prop_carry4_CI_O[1])
                                                      0.334     1.981 r  a17_reg[11]_i_15/O[1]
                         net (fo=4, routed)           1.025     3.006    a17_reg[11]_i_15_n_6
    SLICE_X26Y69         LUT3 (Prop_lut3_I1_O)        0.332     3.338 r  a17[7]_i_7/O
                         net (fo=1, routed)           0.336     3.674    a17[7]_i_7_n_0
    SLICE_X27Y70         CARRY4 (Prop_carry4_DI[3]_CO[3])
                                                      0.592     4.266 r  a17_reg[7]_i_2/CO[3]
                         net (fo=1, routed)           0.000     4.266    a17_reg[7]_i_2_n_0
    SLICE_X27Y71         CARRY4 (Prop_carry4_CI_O[2])
                                                      0.239     4.505 r  a17_reg[11]_i_2/O[2]
                         net (fo=2, routed)           0.585     5.090    a171[9]
    SLICE_X29Y73         LUT2 (Prop_lut2_I0_O)        0.302     5.392 r  a17[11]_i_5/O
                         net (fo=1, routed)           0.000     5.392    a17[11]_i_5_n_0
    SLICE_X29Y73         CARRY4 (Prop_carry4_S[1]_CO[3])
                                                      0.550     5.942 r  a17_reg[11]_i_1/CO[3]
                         net (fo=1, routed)           0.000     5.942    a17_reg[11]_i_1_n_0
    SLICE_X29Y74         CARRY4 (Prop_carry4_CI_O[1])
                                                      0.334     6.276 r  a17_reg[15]_i_1/O[1]
                         net (fo=1, routed)           0.000     6.276    a170[13]
    SLICE_X29Y74         FDRE                                         r  a17_reg[13]/D
  -------------------------------------------------------------------    -------------------

                         (clock vclk rise edge)       5.226     5.226 r  <hidden>
                                                      0.000     5.226 r  clk
                         net (fo=679, unset)          0.924     6.150    clk
    SLICE_X29Y74         FDRE                                         r  a17_reg[13]/C
                         clock pessimism              0.000     6.150    <hidden>
                         clock uncertainty           -0.035     6.115    <hidden>
    SLICE_X29Y74         FDRE (Setup_fdre_C_D)        0.062     6.177    a17_reg[13]
  -------------------------------------------------------------------
                         required time                          6.177    <hidden>
                         arrival time                          -6.276    <hidden>
  -------------------------------------------------------------------
                         slack                                 -0.099    <hidden>

Slack (VIOLATED) :        -0.097ns  (required time - arrival time)
  Source:                 x[1]
                            (input port clocked by vclk  {rise@0.000ns fall@2.613ns period=5.226ns})
  Destination:            a3_reg[13]/D
                            (rising edge-triggered cell FDRE clocked by vclk  {rise@0.000ns fall@2.613ns period=5.226ns})
  Path Group:             vclk
  Path Type:              Setup (Max at Slow Process Corner)
  Requirement:            5.226ns  (vclk rise@5.226ns - vclk rise@0.000ns)
  Data Path Delay:        6.274ns  (logic 3.309ns (52.741%)  route 2.965ns (47.259%))
  Logic Levels:           10  (CARRY4=7 LUT1=1 LUT2=1 LUT3=1)
  Input Delay:            0.000ns
  Clock Path Skew:        0.924ns (DCD - SCD + CPR)
    Destination Clock Delay (DCD):    0.924ns = ( 6.150 - 5.226 ) 
    Source Clock Delay      (SCD):    0.000ns
    Clock Pessimism Removal (CPR):    0.000ns
  Clock Uncertainty:      0.035ns  ((TSJ^2 + TIJ^2)^1/2 + DJ) / 2 + PE
    Total System Jitter     (TSJ):    0.071ns
    Total Input Jitter      (TIJ):    0.000ns
    Discrete Jitter          (DJ):    0.000ns
    Phase Error              (PE):    0.000ns

    Location             Delay type                Incr(ns)  Path(ns)    Netlist Resource(s)
  -------------------------------------------------------------------    -------------------
                         (clock vclk rise edge)       0.000     0.000 r  <hidden>
                         input delay                  0.000     0.000    <hidden>
                                                      0.000     0.000 f  x[1]
                         net (fo=179, unset)          0.973     0.973    x[1]
    SLICE_X46Y69         LUT1 (Prop_lut1_I0_O)        0.124     1.097 r  a3[3]_i_9/O
                         net (fo=1, routed)           0.000     1.097    a3[3]_i_9_n_0
    SLICE_X46Y69         CARRY4 (Prop_carry4_S[1]_CO[3])
                                                      0.533     1.630 r  a3_reg[3]_i_2/CO[3]
                         net (fo=1, routed)           0.000     1.630    a3_reg[3]_i_2_n_0
    SLICE_X46Y70         CARRY4 (Prop_carry4_CI_CO[3])
                                                      0.117     1.747 r  a3_reg[11]_i_15/CO[3]
                         net (fo=1, routed)           0.000     1.747    a3_reg[11]_i_15_n_0
    SLICE_X46Y71         CARRY4 (Prop_carry4_CI_O[0])
                                                      0.219     1.966 r  a3_reg[15]_i_12/O[0]
                         net (fo=2, routed)           0.982     2.948    a3_reg[15]_i_12_n_7
    SLICE_X42Y69         LUT3 (Prop_lut3_I0_O)        0.328     3.276 r  a3[11]_i_7/O
                         net (fo=2, routed)           0.498     3.773    a3[11]_i_7_n_0
    SLICE_X45Y70         CARRY4 (Prop_carry4_DI[3]_CO[3])
                                                      0.616     4.389 r  a3_reg[11]_i_2/CO[3]
                         net (fo=1, routed)           0.000     4.389    a3_reg[11]_i_2_n_0
    SLICE_X45Y71         CARRY4 (Prop_carry4_CI_O[1])
                                                      0.334     4.723 r  a3_reg[15]_i_2/O[1]
                         net (fo=2, routed)           0.513     5.236    a31[11]
    SLICE_X44Y71         LUT2 (Prop_lut2_I0_O)        0.303     5.539 r  a3[11]_i_3/O
                         net (fo=1, routed)           0.000     5.539    a3[11]_i_3_n_0
    SLICE_X44Y71         CARRY4 (Prop_carry4_S[3]_CO[3])
                                                      0.401     5.940 r  a3_reg[11]_i_1/CO[3]
                         net (fo=1, routed)           0.000     5.940    a3_reg[11]_i_1_n_0
    SLICE_X44Y72         CARRY4 (Prop_carry4_CI_O[1])
                                                      0.334     6.274 r  a3_reg[15]_i_1/O[1]
                         net (fo=1, routed)           0.000     6.274    a30[13]
    SLICE_X44Y72         FDRE                                         r  a3_reg[13]/D
  -------------------------------------------------------------------    -------------------

                         (clock vclk rise edge)       5.226     5.226 r  <hidden>
                                                      0.000     5.226 r  clk
                         net (fo=679, unset)          0.924     6.150    clk
    SLICE_X44Y72         FDRE                                         r  a3_reg[13]/C
                         clock pessimism              0.000     6.150    <hidden>
                         clock uncertainty           -0.035     6.115    <hidden>
    SLICE_X44Y72         FDRE (Setup_fdre_C_D)        0.062     6.177    a3_reg[13]
  -------------------------------------------------------------------
                         required time                          6.177    <hidden>
                         arrival time                          -6.274    <hidden>
  -------------------------------------------------------------------
                         slack                                 -0.097    <hidden>

Slack (VIOLATED) :        -0.093ns  (required time - arrival time)
  Source:                 x[1]
                            (input port clocked by vclk  {rise@0.000ns fall@2.613ns period=5.226ns})
  Destination:            a33_reg[15]/D
                            (rising edge-triggered cell FDRE clocked by vclk  {rise@0.000ns fall@2.613ns period=5.226ns})
  Path Group:             vclk
  Path Type:              Setup (Max at Slow Process Corner)
  Requirement:            5.226ns  (vclk rise@5.226ns - vclk rise@0.000ns)
  Data Path Delay:        6.270ns  (logic 2.844ns (45.361%)  route 3.426ns (54.639%))
  Logic Levels:           8  (CARRY4=5 LUT1=1 LUT2=1 LUT3=1)
  Input Delay:            0.000ns
  Clock Path Skew:        0.924ns (DCD - SCD + CPR)
    Destination Clock Delay (DCD):    0.924ns = ( 6.150 - 5.226 ) 
    Source Clock Delay      (SCD):    0.000ns
    Clock Pessimism Removal (CPR):    0.000ns
  Clock Uncertainty:      0.035ns  ((TSJ^2 + TIJ^2)^1/2 + DJ) / 2 + PE
    Total System Jitter     (TSJ):    0.071ns
    Total Input Jitter      (TIJ):    0.000ns
    Discrete Jitter          (DJ):    0.000ns
    Phase Error              (PE):    0.000ns

    Location             Delay type                Incr(ns)  Path(ns)    Netlist Resource(s)
  -------------------------------------------------------------------    -------------------
                         (clock vclk rise edge)       0.000     0.000 r  <hidden>
                         input delay                  0.000     0.000    <hidden>
                                                      0.000     0.000 f  x[1]
                         net (fo=179, unset)          0.973     0.973    x[1]
    SLICE_X42Y57         LUT1 (Prop_lut1_I0_O)        0.124     1.097 r  a33[4]_i_9/O
                         net (fo=1, routed)           0.000     1.097    a33[4]_i_9_n_0
    SLICE_X42Y57         CARRY4 (Prop_carry4_S[1]_CO[3])
                                                      0.533     1.630 r  a33_reg[4]_i_2/CO[3]
                         net (fo=1, routed)           0.000     1.630    a33_reg[4]_i_2_n_0
    SLICE_X42Y58         CARRY4 (Prop_carry4_CI_O[2])
                                                      0.239     1.869 r  a33_reg[12]_i_15/O[2]
                         net (fo=3, routed)           1.170     3.039    a33_reg[12]_i_15_n_5
    SLICE_X42Y70         LUT3 (Prop_lut3_I1_O)        0.301     3.340 r  a33[12]_i_10/O
                         net (fo=1, routed)           0.735     4.075    a33[12]_i_10_n_0
    SLICE_X45Y59         CARRY4 (Prop_carry4_DI[0]_O[2])
                                                      0.556     4.631 r  a33_reg[12]_i_2/O[2]
                         net (fo=4, routed)           0.548     5.179    a81[10]
    SLICE_X44Y59         LUT2 (Prop_lut2_I0_O)        0.302     5.481 r  a33[12]_i_5/O
                         net (fo=1, routed)           0.000     5.481    a33[12]_i_5_n_0
    SLICE_X44Y59         CARRY4 (Prop_carry4_S[1]_CO[3])
                                                      0.550     6.031 r  a33_reg[12]_i_1/CO[3]
                         net (fo=1, routed)           0.000     6.031    a33_reg[12]_i_1_n_0
    SLICE_X44Y60         CARRY4 (Prop_carry4_CI_O[2])
                                                      0.239     6.270 r  a33_reg[15]_i_1/O[2]
                         net (fo=1, routed)           0.000     6.270    a330[15]
    SLICE_X44Y60         FDRE                                         r  a33_reg[15]/D
  -------------------------------------------------------------------    -------------------

                         (clock vclk rise edge)       5.226     5.226 r  <hidden>
                                                      0.000     5.226 r  clk
                         net (fo=679, unset)          0.924     6.150    clk
    SLICE_X44Y60         FDRE                                         r  a33_reg[15]/C
                         clock pessimism              0.000     6.150    <hidden>
                         clock uncertainty           -0.035     6.115    <hidden>
    SLICE_X44Y60         FDRE (Setup_fdre_C_D)        0.062     6.177    a33_reg[15]
  -------------------------------------------------------------------
                         required time                          6.177    <hidden>
                         arrival time                          -6.270    <hidden>
  -------------------------------------------------------------------
                         slack                                 -0.093    <hidden>

Slack (VIOLATED) :        -0.078ns  (required time - arrival time)
  Source:                 x[1]
                            (input port clocked by vclk  {rise@0.000ns fall@2.613ns period=5.226ns})
  Destination:            a17_reg[15]/D
                            (rising edge-triggered cell FDRE clocked by vclk  {rise@0.000ns fall@2.613ns period=5.226ns})
  Path Group:             vclk
  Path Type:              Setup (Max at Slow Process Corner)
  Requirement:            5.226ns  (vclk rise@5.226ns - vclk rise@0.000ns)
  Data Path Delay:        6.255ns  (logic 3.336ns (53.335%)  route 2.919ns (46.665%))
  Logic Levels:           9  (CARRY4=6 LUT1=1 LUT2=1 LUT3=1)
  Input Delay:            0.000ns
  Clock Path Skew:        0.924ns (DCD - SCD + CPR)
    Destination Clock Delay (DCD):    0.924ns = ( 6.150 - 5.226 ) 
    Source Clock Delay      (SCD):    0.000ns
    Clock Pessimism Removal (CPR):    0.000ns
  Clock Uncertainty:      0.035ns  ((TSJ^2 + TIJ^2)^1/2 + DJ) / 2 + PE
    Total System Jitter     (TSJ):    0.071ns
    Total Input Jitter      (TIJ):    0.000ns
    Discrete Jitter          (DJ):    0.000ns
    Phase Error              (PE):    0.000ns

    Location             Delay type                Incr(ns)  Path(ns)    Netlist Resource(s)
  -------------------------------------------------------------------    -------------------
                         (clock vclk rise edge)       0.000     0.000 r  <hidden>
                         input delay                  0.000     0.000    <hidden>
                                                      0.000     0.000 f  x[1]
                         net (fo=179, unset)          0.973     0.973    x[1]
    SLICE_X28Y71         LUT1 (Prop_lut1_I0_O)        0.124     1.097 r  a17[3]_i_9/O
                         net (fo=1, routed)           0.000     1.097    a17[3]_i_9_n_0
    SLICE_X28Y71         CARRY4 (Prop_carry4_S[1]_CO[3])
                                                      0.550     1.647 r  a17_reg[3]_i_2/CO[3]
                         net (fo=1, routed)           0.000     1.647    a17_reg[3]_i_2_n_0
    SLICE_X28Y72         CARRY4 (Prop_carry4_CI_O[1])
                                                      0.334     1.981 r  a17_reg[11]_i_15/O[1]
                         net (fo=4, routed)           1.025     3.006    a17_reg[11]_i_15_n_6
    SLICE_X26Y69         LUT3 (Prop_lut3_I1_O)        0.332     3.338 r  a17[7]_i_7/O
                         net (fo=1, routed)           0.336     3.674    a17[7]_i_7_n_0
    SLICE_X27Y70         CARRY4 (Prop_carry4_DI[3]_CO[3])
                                                      0.592     4.266 r  a17_reg[7]_i_2/CO[3]
                         net (fo=1, routed)           0.000     4.266    a17_reg[7]_i_2_n_0
    SLICE_X27Y71         CARRY4 (Prop_carry4_CI_O[2])
                                                      0.239     4.505 r  a17_reg[11]_i_2/O[2]
                         net (fo=2, routed)           0.585     5.090    a171[9]
    SLICE_X29Y73         LUT2 (Prop_lut2_I0_O)        0.302     5.392 r  a17[11]_i_5/O
                         net (fo=1, routed)           0.000     5.392    a17[11]_i_5_n_0
    SLICE_X29Y73         CARRY4 (Prop_carry4_S[1]_CO[3])
                                                      0.550     5.942 r  a17_reg[11]_i_1/CO[3]
                         net (fo=1, routed)           0.000     5.942    a17_reg[11]_i_1_n_0
    SLICE_X29Y74         CARRY4 (Prop_carry4_CI_O[3])
                                                      0.313     6.255 r  a17_reg[15]_i_1/O[3]
                         net (fo=1, routed)           0.000     6.255    a170[15]
    SLICE_X29Y74         FDRE                                         r  a17_reg[15]/D
  -------------------------------------------------------------------    -------------------

                         (clock vclk rise edge)       5.226     5.226 r  <hidden>
                                                      0.000     5.226 r  clk
                         net (fo=679, unset)          0.924     6.150    clk
    SLICE_X29Y74         FDRE                                         r  a17_reg[15]/C
                         clock pessimism              0.000     6.150    <hidden>
                         clock uncertainty           -0.035     6.115    <hidden>
    SLICE_X29Y74         FDRE (Setup_fdre_C_D)        0.062     6.177    a17_reg[15]
  -------------------------------------------------------------------
                         required time                          6.177    <hidden>
                         arrival time                          -6.255    <hidden>
  -------------------------------------------------------------------
                         slack                                 -0.078    <hidden>

Slack (VIOLATED) :        -0.077ns  (required time - arrival time)
  Source:                 x[1]
                            (input port clocked by vclk  {rise@0.000ns fall@2.613ns period=5.226ns})
  Destination:            a33_reg[13]/D
                            (rising edge-triggered cell FDRE clocked by vclk  {rise@0.000ns fall@2.613ns period=5.226ns})
  Path Group:             vclk
  Path Type:              Setup (Max at Slow Process Corner)
  Requirement:            5.226ns  (vclk rise@5.226ns - vclk rise@0.000ns)
  Data Path Delay:        6.254ns  (logic 2.828ns (45.221%)  route 3.426ns (54.779%))
  Logic Levels:           8  (CARRY4=5 LUT1=1 LUT2=1 LUT3=1)
  Input Delay:            0.000ns
  Clock Path Skew:        0.924ns (DCD - SCD + CPR)
    Destination Clock Delay (DCD):    0.924ns = ( 6.150 - 5.226 ) 
    Source Clock Delay      (SCD):    0.000ns
    Clock Pessimism Removal (CPR):    0.000ns
  Clock Uncertainty:      0.035ns  ((TSJ^2 + TIJ^2)^1/2 + DJ) / 2 + PE
    Total System Jitter     (TSJ):    0.071ns
    Total Input Jitter      (TIJ):    0.000ns
    Discrete Jitter          (DJ):    0.000ns
    Phase Error              (PE):    0.000ns

    Location             Delay type                Incr(ns)  Path(ns)    Netlist Resource(s)
  -------------------------------------------------------------------    -------------------
                         (clock vclk rise edge)       0.000     0.000 r  <hidden>
                         input delay                  0.000     0.000    <hidden>
                                                      0.000     0.000 f  x[1]
                         net (fo=179, unset)          0.973     0.973    x[1]
    SLICE_X42Y57         LUT1 (Prop_lut1_I0_O)        0.124     1.097 r  a33[4]_i_9/O
                         net (fo=1, routed)           0.000     1.097    a33[4]_i_9_n_0
    SLICE_X42Y57         CARRY4 (Prop_carry4_S[1]_CO[3])
                                                      0.533     1.630 r  a33_reg[4]_i_2/CO[3]
                         net (fo=1, routed)           0.000     1.630    a33_reg[4]_i_2_n_0
    SLICE_X42Y58         CARRY4 (Prop_carry4_CI_O[2])
                                                      0.239     1.869 r  a33_reg[12]_i_15/O[2]
                         net (fo=3, routed)           1.170     3.039    a33_reg[12]_i_15_n_5
    SLICE_X42Y70         LUT3 (Prop_lut3_I1_O)        0.301     3.340 r  a33[12]_i_10/O
                         net (fo=1, routed)           0.735     4.075    a33[12]_i_10_n_0
    SLICE_X45Y59         CARRY4 (Prop_carry4_DI[0]_O[2])
                                                      0.556     4.631 r  a33_reg[12]_i_2/O[2]
                         net (fo=4, routed)           0.548     5.179    a81[10]
    SLICE_X44Y59         LUT2 (Prop_lut2_I0_O)        0.302     5.481 r  a33[12]_i_5/O
                         net (fo=1, routed)           0.000     5.481    a33[12]_i_5_n_0
    SLICE_X44Y59         CARRY4 (Prop_carry4_S[1]_CO[3])
                                                      0.550     6.031 r  a33_reg[12]_i_1/CO[3]
                         net (fo=1, routed)           0.000     6.031    a33_reg[12]_i_1_n_0
    SLICE_X44Y60         CARRY4 (Prop_carry4_CI_O[0])
                                                      0.223     6.254 r  a33_reg[15]_i_1/O[0]
                         net (fo=1, routed)           0.000     6.254    a330[13]
    SLICE_X44Y60         FDRE                                         r  a33_reg[13]/D
  -------------------------------------------------------------------    -------------------

                         (clock vclk rise edge)       5.226     5.226 r  <hidden>
                                                      0.000     5.226 r  clk
                         net (fo=679, unset)          0.924     6.150    clk
    SLICE_X44Y60         FDRE                                         r  a33_reg[13]/C
                         clock pessimism              0.000     6.150    <hidden>
                         clock uncertainty           -0.035     6.115    <hidden>
    SLICE_X44Y60         FDRE (Setup_fdre_C_D)        0.062     6.177    a33_reg[13]
  -------------------------------------------------------------------
                         required time                          6.177    <hidden>
                         arrival time                          -6.254    <hidden>
  -------------------------------------------------------------------
                         slack                                 -0.077    <hidden>

Slack (VIOLATED) :        -0.076ns  (required time - arrival time)
  Source:                 x[1]
                            (input port clocked by vclk  {rise@0.000ns fall@2.613ns period=5.226ns})
  Destination:            a3_reg[15]/D
                            (rising edge-triggered cell FDRE clocked by vclk  {rise@0.000ns fall@2.613ns period=5.226ns})
  Path Group:             vclk
  Path Type:              Setup (Max at Slow Process Corner)
  Requirement:            5.226ns  (vclk rise@5.226ns - vclk rise@0.000ns)
  Data Path Delay:        6.253ns  (logic 3.288ns (52.582%)  route 2.965ns (47.418%))
  Logic Levels:           10  (CARRY4=7 LUT1=1 LUT2=1 LUT3=1)
  Input Delay:            0.000ns
  Clock Path Skew:        0.924ns (DCD - SCD + CPR)
    Destination Clock Delay (DCD):    0.924ns = ( 6.150 - 5.226 ) 
    Source Clock Delay      (SCD):    0.000ns
    Clock Pessimism Removal (CPR):    0.000ns
  Clock Uncertainty:      0.035ns  ((TSJ^2 + TIJ^2)^1/2 + DJ) / 2 + PE
    Total System Jitter     (TSJ):    0.071ns
    Total Input Jitter      (TIJ):    0.000ns
    Discrete Jitter          (DJ):    0.000ns
    Phase Error              (PE):    0.000ns

    Location             Delay type                Incr(ns)  Path(ns)    Netlist Resource(s)
  -------------------------------------------------------------------    -------------------
                         (clock vclk rise edge)       0.000     0.000 r  <hidden>
                         input delay                  0.000     0.000    <hidden>
                                                      0.000     0.000 f  x[1]
                         net (fo=179, unset)          0.973     0.973    x[1]
    SLICE_X46Y69         LUT1 (Prop_lut1_I0_O)        0.124     1.097 r  a3[3]_i_9/O
                         net (fo=1, routed)           0.000     1.097    a3[3]_i_9_n_0
    SLICE_X46Y69         CARRY4 (Prop_carry4_S[1]_CO[3])
                                                      0.533     1.630 r  a3_reg[3]_i_2/CO[3]
                         net (fo=1, routed)           0.000     1.630    a3_reg[3]_i_2_n_0
    SLICE_X46Y70         CARRY4 (Prop_carry4_CI_CO[3])
                                                      0.117     1.747 r  a3_reg[11]_i_15/CO[3]
                         net (fo=1, routed)           0.000     1.747    a3_reg[11]_i_15_n_0
    SLICE_X46Y71         CARRY4 (Prop_carry4_CI_O[0])
                                                      0.219     1.966 r  a3_reg[15]_i_12/O[0]
                         net (fo=2, routed)           0.982     2.948    a3_reg[15]_i_12_n_7
    SLICE_X42Y69         LUT3 (Prop_lut3_I0_O)        0.328     3.276 r  a3[11]_i_7/O
                         net (fo=2, routed)           0.498     3.773    a3[11]_i_7_n_0
    SLICE_X45Y70         CARRY4 (Prop_carry4_DI[3]_CO[3])
                                                      0.616     4.389 r  a3_reg[11]_i_2/CO[3]
                         net (fo=1, routed)           0.000     4.389    a3_reg[11]_i_2_n_0
    SLICE_X45Y71         CARRY4 (Prop_carry4_CI_O[1])
                                                      0.334     4.723 r  a3_reg[15]_i_2/O[1]
                         net (fo=2, routed)           0.513     5.236    a31[11]
    SLICE_X44Y71         LUT2 (Prop_lut2_I0_O)        0.303     5.539 r  a3[11]_i_3/O
                         net (fo=1, routed)           0.000     5.539    a3[11]_i_3_n_0
    SLICE_X44Y71         CARRY4 (Prop_carry4_S[3]_CO[3])
                                                      0.401     5.940 r  a3_reg[11]_i_1/CO[3]
                         net (fo=1, routed)           0.000     5.940    a3_reg[11]_i_1_n_0
    SLICE_X44Y72         CARRY4 (Prop_carry4_CI_O[3])
                                                      0.313     6.253 r  a3_reg[15]_i_1/O[3]
                         net (fo=1, routed)           0.000     6.253    a30[15]
    SLICE_X44Y72         FDRE                                         r  a3_reg[15]/D
  -------------------------------------------------------------------    -------------------

                         (clock vclk rise edge)       5.226     5.226 r  <hidden>
                                                      0.000     5.226 r  clk
                         net (fo=679, unset)          0.924     6.150    clk
    SLICE_X44Y72         FDRE                                         r  a3_reg[15]/C
                         clock pessimism              0.000     6.150    <hidden>
                         clock uncertainty           -0.035     6.115    <hidden>
    SLICE_X44Y72         FDRE (Setup_fdre_C_D)        0.062     6.177    a3_reg[15]
  -------------------------------------------------------------------
                         required time                          6.177    <hidden>
                         arrival time                          -6.253    <hidden>
  -------------------------------------------------------------------
                         slack                                 -0.076    <hidden>

Slack (VIOLATED) :        -0.068ns  (required time - arrival time)
  Source:                 x[1]
                            (input port clocked by vclk  {rise@0.000ns fall@2.613ns period=5.226ns})
  Destination:            a8_reg[14]/D
                            (rising edge-triggered cell FDRE clocked by vclk  {rise@0.000ns fall@2.613ns period=5.226ns})
  Path Group:             vclk
  Path Type:              Setup (Max at Slow Process Corner)
  Requirement:            5.226ns  (vclk rise@5.226ns - vclk rise@0.000ns)
  Data Path Delay:        6.292ns  (logic 2.821ns (44.838%)  route 3.471ns (55.162%))
  Logic Levels:           8  (CARRY4=5 LUT1=1 LUT2=1 LUT3=1)
  Input Delay:            0.000ns
  Clock Path Skew:        0.924ns (DCD - SCD + CPR)
    Destination Clock Delay (DCD):    0.924ns = ( 6.150 - 5.226 ) 
    Source Clock Delay      (SCD):    0.000ns
    Clock Pessimism Removal (CPR):    0.000ns
  Clock Uncertainty:      0.035ns  ((TSJ^2 + TIJ^2)^1/2 + DJ) / 2 + PE
    Total System Jitter     (TSJ):    0.071ns
    Total Input Jitter      (TIJ):    0.000ns
    Discrete Jitter          (DJ):    0.000ns
    Phase Error              (PE):    0.000ns

    Location             Delay type                Incr(ns)  Path(ns)    Netlist Resource(s)
  -------------------------------------------------------------------    -------------------
                         (clock vclk rise edge)       0.000     0.000 r  <hidden>
                         input delay                  0.000     0.000    <hidden>
                                                      0.000     0.000 f  x[1]
                         net (fo=179, unset)          0.973     0.973    x[1]
    SLICE_X42Y57         LUT1 (Prop_lut1_I0_O)        0.124     1.097 r  a33[4]_i_9/O
                         net (fo=1, routed)           0.000     1.097    a33[4]_i_9_n_0
    SLICE_X42Y57         CARRY4 (Prop_carry4_S[1]_CO[3])
                                                      0.533     1.630 r  a33_reg[4]_i_2/CO[3]
                         net (fo=1, routed)           0.000     1.630    a33_reg[4]_i_2_n_0
    SLICE_X42Y58         CARRY4 (Prop_carry4_CI_O[2])
                                                      0.239     1.869 r  a33_reg[12]_i_15/O[2]
                         net (fo=3, routed)           1.170     3.039    a33_reg[12]_i_15_n_5
    SLICE_X42Y70         LUT3 (Prop_lut3_I1_O)        0.301     3.340 r  a33[12]_i_10/O
                         net (fo=1, routed)           0.735     4.075    a33[12]_i_10_n_0
    SLICE_X45Y59         CARRY4 (Prop_carry4_DI[0]_O[3])
                                                      0.615     4.690 r  a33_reg[12]_i_2/O[3]
                         net (fo=4, routed)           0.593     5.283    a81[11]
    SLICE_X46Y60         LUT2 (Prop_lut2_I0_O)        0.306     5.589 r  a8[12]_i_3/O
                         net (fo=1, routed)           0.000     5.589    a8[12]_i_3_n_0
    SLICE_X46Y60         CARRY4 (Prop_carry4_S[2]_CO[3])
                                                      0.380     5.969 r  a8_reg[12]_i_1/CO[3]
                         net (fo=1, routed)           0.000     5.969    a8_reg[12]_i_1_n_0
    SLICE_X46Y61         CARRY4 (Prop_carry4_CI_O[1])
                                                      0.323     6.292 r  a8_reg[15]_i_1/O[1]
                         net (fo=1, routed)           0.000     6.292    a80[14]
    SLICE_X46Y61         FDRE                                         r  a8_reg[14]/D
  -------------------------------------------------------------------    -------------------

                         (clock vclk rise edge)       5.226     5.226 r  <hidden>
                                                      0.000     5.226 r  clk
                         net (fo=679, unset)          0.924     6.150    clk
    SLICE_X46Y61         FDRE                                         r  a8_reg[14]/C
                         clock pessimism              0.000     6.150    <hidden>
                         clock uncertainty           -0.035     6.115    <hidden>
    SLICE_X46Y61         FDRE (Setup_fdre_C_D)        0.109     6.224    a8_reg[14]
  -------------------------------------------------------------------
                         required time                          6.224    <hidden>
                         arrival time                          -6.292    <hidden>
  -------------------------------------------------------------------
                         slack                                 -0.068    <hidden>

Slack (VIOLATED) :        -0.061ns  (required time - arrival time)
  Source:                 x[1]
                            (input port clocked by vclk  {rise@0.000ns fall@2.613ns period=5.226ns})
  Destination:            a25_reg[15]/D
                            (rising edge-triggered cell FDRE clocked by vclk  {rise@0.000ns fall@2.613ns period=5.226ns})
  Path Group:             vclk
  Path Type:              Setup (Max at Slow Process Corner)
  Requirement:            5.226ns  (vclk rise@5.226ns - vclk rise@0.000ns)
  Data Path Delay:        6.238ns  (logic 2.928ns (46.937%)  route 3.310ns (53.063%))
  Logic Levels:           7  (CARRY4=5 LUT1=1 LUT3=1)
  Input Delay:            0.000ns
  Clock Path Skew:        0.924ns (DCD - SCD + CPR)
    Destination Clock Delay (DCD):    0.924ns = ( 6.150 - 5.226 ) 
    Source Clock Delay      (SCD):    0.000ns
    Clock Pessimism Removal (CPR):    0.000ns
  Clock Uncertainty:      0.035ns  ((TSJ^2 + TIJ^2)^1/2 + DJ) / 2 + PE
    Total System Jitter     (TSJ):    0.071ns
    Total Input Jitter      (TIJ):    0.000ns
    Discrete Jitter          (DJ):    0.000ns
    Phase Error              (PE):    0.000ns

    Location             Delay type                Incr(ns)  Path(ns)    Netlist Resource(s)
  -------------------------------------------------------------------    -------------------
                         (clock vclk rise edge)       0.000     0.000 r  <hidden>
                         input delay                  0.000     0.000    <hidden>
                                                      0.000     0.000 f  x[1]
                         net (fo=179, unset)          0.973     0.973    x[1]
    SLICE_X29Y62         LUT1 (Prop_lut1_I0_O)        0.124     1.097 r  a25[3]_i_9/O
                         net (fo=1, routed)           0.000     1.097    a25[3]_i_9_n_0
    SLICE_X29Y62         CARRY4 (Prop_carry4_S[1]_CO[3])
                                                      0.550     1.647 r  a25_reg[3]_i_2/CO[3]
                         net (fo=1, routed)           0.000     1.647    a25_reg[3]_i_2_n_0
    SLICE_X29Y63         CARRY4 (Prop_carry4_CI_O[3])
                                                      0.313     1.960 r  a25_reg[11]_i_15/O[3]
                         net (fo=3, routed)           0.940     2.900    a25_reg[11]_i_15_n_4
    SLICE_X33Y58         LUT3 (Prop_lut3_I0_O)        0.306     3.206 r  a25[11]_i_9/O
                         net (fo=1, routed)           0.756     3.962    a25[11]_i_9_n_0
    SLICE_X28Y63         CARRY4 (Prop_carry4_DI[1]_CO[3])
                                                      0.507     4.469 r  a25_reg[11]_i_2/CO[3]
                         net (fo=1, routed)           0.000     4.469    a25_reg[11]_i_2_n_0
    SLICE_X28Y64         CARRY4 (Prop_carry4_CI_O[1])
                                                      0.334     4.803 r  a25_reg[15]_i_2/O[1]
                         net (fo=2, routed)           0.641     5.444    a251[12]
    SLICE_X27Y64         CARRY4 (Prop_carry4_DI[0]_O[3])
                                                      0.794     6.238 r  a25_reg[15]_i_1/O[3]
                         net (fo=1, routed)           0.000     6.238    a250[15]
    SLICE_X27Y64         FDRE                                         r  a25_reg[15]/D
  -------------------------------------------------------------------    -------------------

                         (clock vclk rise edge)       5.226     5.226 r  <hidden>
                                                      0.000     5.226 r  clk
                         net (fo=679, unset)          0.924     6.150    clk
    SLICE_X27Y64         FDRE                                         r  a25_reg[15]/C
                         clock pessimism              0.000     6.150    <hidden>
                         clock uncertainty           -0.035     6.115    <hidden>
    SLICE_X27Y64         FDRE (Setup_fdre_C_D)        0.062     6.177    a25_reg[15]
  -------------------------------------------------------------------
                         required time                          6.177    <hidden>
                         arrival time                          -6.238    <hidden>
  -------------------------------------------------------------------
                         slack                                 -0.061    <hidden>





Pulse Width Checks
--------------------------------------------------------------------------------------
Clock Name:         vclk
Waveform(ns):       { 0.000 2.613 }
Period(ns):         5.226
Sources:            { clk }

Check Type        Corner  Lib Pin     Reference Pin  Required(ns)  Actual(ns)  Slack(ns)  Location      Pin
Min Period        n/a     FDRE/C      n/a            1.000         5.226       4.226      SLICE_X36Y66  a0_reg[0]/C
Min Period        n/a     FDRE/C      n/a            1.000         5.226       4.226      SLICE_X39Y70  a0_reg[10]/C
Min Period        n/a     FDRE/C      n/a            1.000         5.226       4.226      SLICE_X39Y70  a0_reg[11]/C
Min Period        n/a     FDRE/C      n/a            1.000         5.226       4.226      SLICE_X39Y70  a0_reg[12]/C
Min Period        n/a     FDRE/C      n/a            1.000         5.226       4.226      SLICE_X39Y70  a0_reg[13]/C
Min Period        n/a     FDRE/C      n/a            1.000         5.226       4.226      SLICE_X39Y71  a0_reg[14]/C
Min Period        n/a     FDRE/C      n/a            1.000         5.226       4.226      SLICE_X39Y71  a0_reg[15]/C
Min Period        n/a     FDRE/C      n/a            1.000         5.226       4.226      SLICE_X36Y66  a0_reg[1]/C
Min Period        n/a     FDRE/C      n/a            1.000         5.226       4.226      SLICE_X39Y68  a0_reg[2]/C
Min Period        n/a     FDRE/C      n/a            1.000         5.226       4.226      SLICE_X39Y68  a0_reg[3]/C
Low Pulse Width   Slow    SRL16E/CLK  n/a            0.980         2.613       1.633      SLICE_X32Y62  a15_reg[0]_srl2___a22_reg_r/CLK
Low Pulse Width   Fast    SRL16E/CLK  n/a            0.980         2.613       1.633      SLICE_X32Y62  a15_reg[0]_srl2___a22_reg_r/CLK
Low Pulse Width   Slow    SRL16E/CLK  n/a            0.980         2.613       1.633      SLICE_X34Y60  a21_reg[0]_srl3___a21_reg_r/CLK
Low Pulse Width   Fast    SRL16E/CLK  n/a            0.980         2.613       1.633      SLICE_X34Y60  a21_reg[0]_srl3___a21_reg_r/CLK
Low Pulse Width   Slow    SRL16E/CLK  n/a            0.980         2.613       1.633      SLICE_X34Y60  a28_reg[0]_srl2___a22_reg_r/CLK
Low Pulse Width   Fast    SRL16E/CLK  n/a            0.980         2.613       1.633      SLICE_X34Y60  a28_reg[0]_srl2___a22_reg_r/CLK
Low Pulse Width   Slow    SRL16E/CLK  n/a            0.980         2.613       1.633      SLICE_X32Y62  a40_reg[0]_srl2___a22_reg_r/CLK
Low Pulse Width   Fast    SRL16E/CLK  n/a            0.980         2.613       1.633      SLICE_X32Y62  a40_reg[0]_srl2___a22_reg_r/CLK
Low Pulse Width   Slow    SRL16E/CLK  n/a            0.980         2.613       1.633      SLICE_X32Y62  a7_reg[0]_srl3___a21_reg_r/CLK
Low Pulse Width   Fast    SRL16E/CLK  n/a            0.980         2.613       1.633      SLICE_X32Y62  a7_reg[0]_srl3___a21_reg_r/CLK
High Pulse Width  Slow    SRL16E/CLK  n/a            0.980         2.613       1.633      SLICE_X32Y62  a15_reg[0]_srl2___a22_reg_r/CLK
High Pulse Width  Fast    SRL16E/CLK  n/a            0.980         2.613       1.633      SLICE_X32Y62  a15_reg[0]_srl2___a22_reg_r/CLK
High Pulse Width  Slow    SRL16E/CLK  n/a            0.980         2.613       1.633      SLICE_X34Y60  a21_reg[0]_srl3___a21_reg_r/CLK
High Pulse Width  Fast    SRL16E/CLK  n/a            0.980         2.613       1.633      SLICE_X34Y60  a21_reg[0]_srl3___a21_reg_r/CLK
High Pulse Width  Slow    SRL16E/CLK  n/a            0.980         2.613       1.633      SLICE_X34Y60  a28_reg[0]_srl2___a22_reg_r/CLK
High Pulse Width  Fast    SRL16E/CLK  n/a            0.980         2.613       1.633      SLICE_X34Y60  a28_reg[0]_srl2___a22_reg_r/CLK
High Pulse Width  Slow    SRL16E/CLK  n/a            0.980         2.613       1.633      SLICE_X32Y62  a40_reg[0]_srl2___a22_reg_r/CLK
High Pulse Width  Fast    SRL16E/CLK  n/a            0.980         2.613       1.633      SLICE_X32Y62  a40_reg[0]_srl2___a22_reg_r/CLK
High Pulse Width  Slow    SRL16E/CLK  n/a            0.980         2.613       1.633      SLICE_X32Y62  a7_reg[0]_srl3___a21_reg_r/CLK
High Pulse Width  Fast    SRL16E/CLK  n/a            0.980         2.613       1.633      SLICE_X32Y62  a7_reg[0]_srl3___a21_reg_r/CLK



