INFO: [Common 17-3922] A valid Vivado Design Suite ENTERPRISE license has been detected. Your current license is active and will expire on 29-oct-2026.

****** Vivado v2026.1 (64-bit)
  **** SW Build 6511674 on Tue Jun 16 11:02:23 MDT 2026
  **** IP Build 6504888 on Tue Jun 09 09:05:25 MDT 2026
  **** SharedData Build 6501428 on Mon Jun 08 17:34:18 MDT 2026
  **** Start of session at: Mon Aug 31 00:06:35 2026
    ** Copyright 1986-2022 Xilinx, Inc. All Rights Reserved.
    ** Copyright 2022-2026 Advanced Micro Devices, Inc. All Rights Reserved.

source {C:\Users\Amine\mas\fpga-repo\timing_closure_gate_v1\closure_synth.tcl} -notrace
Command: synth_design -top sft__med21__g12 -part xc7z020clg400-1 -mode out_of_context
Starting synth_design
Attempting to get a license for feature 'Synthesis' and/or device 'xc7z020'
INFO: [Common 17-349] Got license for feature 'Synthesis' and/or device 'xc7z020'
INFO: [Device 21-403] Loading part xc7z020clg400-1
INFO: [Designutils 20-5008] Incremental synthesis strategy default
INFO: [Synth 8-7079] Multithreading enabled for synth_design using a maximum of 2 processes.
INFO: [Synth 8-7078] Launching helper process for spawning children vivado processes
INFO: [Synth 8-7075] Helper process launched with PID 22828
---------------------------------------------------------------------------------
Starting RTL Elaboration : Time (s): cpu = 00:00:04 ; elapsed = 00:00:04 . Memory (MB): peak = 1385.809 ; gain = 578.090
---------------------------------------------------------------------------------
INFO: [Synth 8-6157] synthesizing module 'sft__med21__g12' [C:/Users/Amine/mas/fpga-repo/timing_closure_gate_v1/inputs/sft__med21__g12.sv:1]
INFO: [Synth 8-6155] done synthesizing module 'sft__med21__g12' (0#1) [C:/Users/Amine/mas/fpga-repo/timing_closure_gate_v1/inputs/sft__med21__g12.sv:1]
WARNING: [Synth 8-6014] Unused sequential element w20_reg was removed.  [C:/Users/Amine/mas/fpga-repo/timing_closure_gate_v1/inputs/sft__med21__g12.sv:30]
WARNING: [Synth 8-6014] Unused sequential element s_reg[0] was removed.  [C:/Users/Amine/mas/fpga-repo/timing_closure_gate_v1/inputs/sft__med21__g12.sv:32]
WARNING: [Synth 8-6014] Unused sequential element s_reg[1] was removed.  [C:/Users/Amine/mas/fpga-repo/timing_closure_gate_v1/inputs/sft__med21__g12.sv:32]
WARNING: [Synth 8-6014] Unused sequential element s_reg[2] was removed.  [C:/Users/Amine/mas/fpga-repo/timing_closure_gate_v1/inputs/sft__med21__g12.sv:32]
WARNING: [Synth 8-6014] Unused sequential element s_reg[3] was removed.  [C:/Users/Amine/mas/fpga-repo/timing_closure_gate_v1/inputs/sft__med21__g12.sv:32]
WARNING: [Synth 8-6014] Unused sequential element s_reg[4] was removed.  [C:/Users/Amine/mas/fpga-repo/timing_closure_gate_v1/inputs/sft__med21__g12.sv:32]
WARNING: [Synth 8-6014] Unused sequential element s_reg[5] was removed.  [C:/Users/Amine/mas/fpga-repo/timing_closure_gate_v1/inputs/sft__med21__g12.sv:32]
WARNING: [Synth 8-6014] Unused sequential element s_reg[6] was removed.  [C:/Users/Amine/mas/fpga-repo/timing_closure_gate_v1/inputs/sft__med21__g12.sv:32]
WARNING: [Synth 8-6014] Unused sequential element s_reg[7] was removed.  [C:/Users/Amine/mas/fpga-repo/timing_closure_gate_v1/inputs/sft__med21__g12.sv:32]
WARNING: [Synth 8-6014] Unused sequential element s_reg[8] was removed.  [C:/Users/Amine/mas/fpga-repo/timing_closure_gate_v1/inputs/sft__med21__g12.sv:32]
WARNING: [Synth 8-6014] Unused sequential element s_reg[9] was removed.  [C:/Users/Amine/mas/fpga-repo/timing_closure_gate_v1/inputs/sft__med21__g12.sv:32]
WARNING: [Synth 8-6014] Unused sequential element s_reg[10] was removed.  [C:/Users/Amine/mas/fpga-repo/timing_closure_gate_v1/inputs/sft__med21__g12.sv:32]
WARNING: [Synth 8-6014] Unused sequential element s_reg[11] was removed.  [C:/Users/Amine/mas/fpga-repo/timing_closure_gate_v1/inputs/sft__med21__g12.sv:32]
WARNING: [Synth 8-6014] Unused sequential element s_reg[12] was removed.  [C:/Users/Amine/mas/fpga-repo/timing_closure_gate_v1/inputs/sft__med21__g12.sv:32]
WARNING: [Synth 8-6014] Unused sequential element s_reg[13] was removed.  [C:/Users/Amine/mas/fpga-repo/timing_closure_gate_v1/inputs/sft__med21__g12.sv:32]
WARNING: [Synth 8-6014] Unused sequential element s_reg[14] was removed.  [C:/Users/Amine/mas/fpga-repo/timing_closure_gate_v1/inputs/sft__med21__g12.sv:32]
WARNING: [Synth 8-6014] Unused sequential element s_reg[15] was removed.  [C:/Users/Amine/mas/fpga-repo/timing_closure_gate_v1/inputs/sft__med21__g12.sv:32]
WARNING: [Synth 8-6014] Unused sequential element s_reg[16] was removed.  [C:/Users/Amine/mas/fpga-repo/timing_closure_gate_v1/inputs/sft__med21__g12.sv:32]
WARNING: [Synth 8-6014] Unused sequential element s_reg[17] was removed.  [C:/Users/Amine/mas/fpga-repo/timing_closure_gate_v1/inputs/sft__med21__g12.sv:32]
WARNING: [Synth 8-6014] Unused sequential element s_reg[18] was removed.  [C:/Users/Amine/mas/fpga-repo/timing_closure_gate_v1/inputs/sft__med21__g12.sv:32]
WARNING: [Synth 8-6014] Unused sequential element s_reg[19] was removed.  [C:/Users/Amine/mas/fpga-repo/timing_closure_gate_v1/inputs/sft__med21__g12.sv:32]
WARNING: [Synth 8-6014] Unused sequential element s_reg[20] was removed.  [C:/Users/Amine/mas/fpga-repo/timing_closure_gate_v1/inputs/sft__med21__g12.sv:32]
WARNING: [Synth 8-6014] Unused sequential element t_reg was removed.  [C:/Users/Amine/mas/fpga-repo/timing_closure_gate_v1/inputs/sft__med21__g12.sv:35]
---------------------------------------------------------------------------------
Finished RTL Elaboration : Time (s): cpu = 00:00:06 ; elapsed = 00:00:06 . Memory (MB): peak = 1534.555 ; gain = 726.836
---------------------------------------------------------------------------------
---------------------------------------------------------------------------------
Start Handling Custom Attributes
---------------------------------------------------------------------------------
---------------------------------------------------------------------------------
Finished Handling Custom Attributes : Time (s): cpu = 00:00:06 ; elapsed = 00:00:06 . Memory (MB): peak = 1534.555 ; gain = 726.836
---------------------------------------------------------------------------------
---------------------------------------------------------------------------------
Finished RTL Optimization Phase 1 : Time (s): cpu = 00:00:06 ; elapsed = 00:00:06 . Memory (MB): peak = 1534.555 ; gain = 726.836
---------------------------------------------------------------------------------
Netlist sorting complete. Time (s): cpu = 00:00:00 ; elapsed = 00:00:00.003 . Memory (MB): peak = 1534.555 ; gain = 0.000
INFO: [Project 1-570] Preparing netlist for logic optimization

Processing XDC Constraints
Initializing timing engine
Parsing XDC File [C:/Users/Amine/mas/fpga-repo/timing_closure_candidate_v7/results/c07_med_sft_med21/trial_009_confirm_fail_p94p813414062_a0/reports/constraints.xdc]
WARNING: [Vivado 12-2489] -period contains time 94.813414 which will be rounded to 94.813 to ensure it is an integer multiple of 1 picosecond [C:/Users/Amine/mas/fpga-repo/timing_closure_candidate_v7/results/c07_med_sft_med21/trial_009_confirm_fail_p94p813414062_a0/reports/constraints.xdc:1]
Finished Parsing XDC File [C:/Users/Amine/mas/fpga-repo/timing_closure_candidate_v7/results/c07_med_sft_med21/trial_009_confirm_fail_p94p813414062_a0/reports/constraints.xdc]
Completed Processing XDC Constraints

Netlist sorting complete. Time (s): cpu = 00:00:00 ; elapsed = 00:00:00 . Memory (MB): peak = 1605.824 ; gain = 0.000
INFO: [Project 1-111] Unisim Transformation Summary:
No Unisim elements were transformed.

Constraint Validation Runtime : Time (s): cpu = 00:00:00 ; elapsed = 00:00:00.011 . Memory (MB): peak = 1606.582 ; gain = 0.000
---------------------------------------------------------------------------------
Finished Constraint Validation : Time (s): cpu = 00:00:12 ; elapsed = 00:00:12 . Memory (MB): peak = 1606.582 ; gain = 798.863
---------------------------------------------------------------------------------
---------------------------------------------------------------------------------
Start Loading Part and Timing Information
---------------------------------------------------------------------------------
Loading part: xc7z020clg400-1
---------------------------------------------------------------------------------
Finished Loading Part and Timing Information : Time (s): cpu = 00:00:12 ; elapsed = 00:00:12 . Memory (MB): peak = 1606.582 ; gain = 798.863
---------------------------------------------------------------------------------
---------------------------------------------------------------------------------
Start Applying 'set_property' XDC Constraints
---------------------------------------------------------------------------------
---------------------------------------------------------------------------------
Finished applying 'set_property' XDC Constraints : Time (s): cpu = 00:00:12 ; elapsed = 00:00:12 . Memory (MB): peak = 1606.582 ; gain = 798.863
---------------------------------------------------------------------------------
---------------------------------------------------------------------------------
Finished RTL Optimization Phase 2 : Time (s): cpu = 00:00:13 ; elapsed = 00:00:13 . Memory (MB): peak = 1606.582 ; gain = 798.863
---------------------------------------------------------------------------------
---------------------------------------------------------------------------------
Start RTL Component Statistics 
---------------------------------------------------------------------------------
Detailed RTL Component Info : 
+---Registers : 
	               16 Bit    Registers := 1     
	                8 Bit    Registers := 20    
+---Muxes : 
	   2 Input   16 Bit        Muxes := 1     
	   2 Input    8 Bit        Muxes := 324   
---------------------------------------------------------------------------------
Finished RTL Component Statistics 
---------------------------------------------------------------------------------
---------------------------------------------------------------------------------
Start Part Resource Summary
---------------------------------------------------------------------------------
Part Resources:
DSPs: 220 (col length:60)
BRAMs: 280 (col length: RAMB18 60 RAMB36 30)
---------------------------------------------------------------------------------
Finished Part Resource Summary
---------------------------------------------------------------------------------
---------------------------------------------------------------------------------
Start Cross Boundary and Area Optimization
---------------------------------------------------------------------------------
---------------------------------------------------------------------------------
Finished Cross Boundary and Area Optimization : Time (s): cpu = 00:00:19 ; elapsed = 00:00:20 . Memory (MB): peak = 1783.688 ; gain = 975.969
---------------------------------------------------------------------------------
---------------------------------------------------------------------------------
Start Applying XDC Timing Constraints
---------------------------------------------------------------------------------
Reading C:/VGC7P001/c07/t009/t/.Xil_Amine/Vivado-18188-Amine/realtime/sft__med21__g12_synth.xdc
---------------------------------------------------------------------------------
Finished Applying XDC Timing Constraints : Time (s): cpu = 00:00:23 ; elapsed = 00:00:24 . Memory (MB): peak = 1783.688 ; gain = 975.969
---------------------------------------------------------------------------------
---------------------------------------------------------------------------------
Start Timing Optimization
---------------------------------------------------------------------------------
---------------------------------------------------------------------------------
Finished Timing Optimization : Time (s): cpu = 00:00:28 ; elapsed = 00:00:29 . Memory (MB): peak = 2024.930 ; gain = 1217.211
---------------------------------------------------------------------------------
---------------------------------------------------------------------------------
Start Technology Mapping
---------------------------------------------------------------------------------
---------------------------------------------------------------------------------
Finished Technology Mapping : Time (s): cpu = 00:00:29 ; elapsed = 00:00:30 . Memory (MB): peak = 2024.930 ; gain = 1217.211
---------------------------------------------------------------------------------
---------------------------------------------------------------------------------
Start IO Insertion
---------------------------------------------------------------------------------
---------------------------------------------------------------------------------
Start Flattening Before IO Insertion
---------------------------------------------------------------------------------
---------------------------------------------------------------------------------
Finished Flattening Before IO Insertion
---------------------------------------------------------------------------------
---------------------------------------------------------------------------------
Start Final Netlist Cleanup
---------------------------------------------------------------------------------
---------------------------------------------------------------------------------
Finished Final Netlist Cleanup
---------------------------------------------------------------------------------
---------------------------------------------------------------------------------
Finished IO Insertion : Time (s): cpu = 00:00:32 ; elapsed = 00:00:33 . Memory (MB): peak = 2059.492 ; gain = 1251.773
---------------------------------------------------------------------------------
---------------------------------------------------------------------------------
Start Renaming Generated Instances
---------------------------------------------------------------------------------
---------------------------------------------------------------------------------
Finished Renaming Generated Instances : Time (s): cpu = 00:00:32 ; elapsed = 00:00:33 . Memory (MB): peak = 2059.492 ; gain = 1251.773
---------------------------------------------------------------------------------
---------------------------------------------------------------------------------
Start Rebuilding User Hierarchy
---------------------------------------------------------------------------------
---------------------------------------------------------------------------------
Finished Rebuilding User Hierarchy : Time (s): cpu = 00:00:32 ; elapsed = 00:00:33 . Memory (MB): peak = 2059.492 ; gain = 1251.773
---------------------------------------------------------------------------------
---------------------------------------------------------------------------------
Start Renaming Generated Ports
---------------------------------------------------------------------------------
---------------------------------------------------------------------------------
Finished Renaming Generated Ports : Time (s): cpu = 00:00:32 ; elapsed = 00:00:33 . Memory (MB): peak = 2059.492 ; gain = 1251.773
---------------------------------------------------------------------------------
---------------------------------------------------------------------------------
Start Handling Custom Attributes
---------------------------------------------------------------------------------
---------------------------------------------------------------------------------
Finished Handling Custom Attributes : Time (s): cpu = 00:00:32 ; elapsed = 00:00:33 . Memory (MB): peak = 2059.492 ; gain = 1251.773
---------------------------------------------------------------------------------
---------------------------------------------------------------------------------
Start Renaming Generated Nets
---------------------------------------------------------------------------------
---------------------------------------------------------------------------------
Finished Renaming Generated Nets : Time (s): cpu = 00:00:32 ; elapsed = 00:00:33 . Memory (MB): peak = 2059.492 ; gain = 1251.773
---------------------------------------------------------------------------------
---------------------------------------------------------------------------------
Start Writing Synthesis Report
---------------------------------------------------------------------------------

Report BlackBoxes: 
+-+--------------+----------+
| |BlackBox name |Instances |
+-+--------------+----------+
+-+--------------+----------+

Report Cell Usage: 
+------+-------+------+
|      |Cell   |Count |
+------+-------+------+
|1     |CARRY4 |   185|
|2     |LUT1   |     1|
|3     |LUT3   |   840|
|4     |LUT4   |   710|
|5     |LUT5   |  1073|
|6     |LUT6   |   858|
|7     |FDRE   |   168|
+------+-------+------+
---------------------------------------------------------------------------------
Finished Writing Synthesis Report : Time (s): cpu = 00:00:32 ; elapsed = 00:00:33 . Memory (MB): peak = 2059.492 ; gain = 1251.773
---------------------------------------------------------------------------------
Synthesis finished with 0 errors, 0 critical warnings and 0 warnings.
Synthesis Optimization Runtime : Time (s): cpu = 00:00:25 ; elapsed = 00:00:31 . Memory (MB): peak = 2059.492 ; gain = 1179.746
Synthesis Optimization Complete : Time (s): cpu = 00:00:32 ; elapsed = 00:00:33 . Memory (MB): peak = 2059.492 ; gain = 1251.773
INFO: [Project 1-571] Translating synthesized netlist
Netlist sorting complete. Time (s): cpu = 00:00:00 ; elapsed = 00:00:00.010 . Memory (MB): peak = 2069.176 ; gain = 0.000
INFO: [Netlist 29-17] Analyzing 185 Unisim elements for replacement
INFO: [Netlist 29-28] Unisim Transformation completed in 0 CPU seconds
WARNING: [Netlist 29-101] Netlist 'sft__med21__g12' is not ideal for floorplanning, since the cellview 'sft__med21__g12' contains a large number of primitives.  Please consider enabling hierarchy in synthesis if you want to do floorplanning.
INFO: [Project 1-570] Preparing netlist for logic optimization
Parsing XDC File [C:/Users/Amine/mas/fpga-repo/timing_closure_candidate_v7/results/c07_med_sft_med21/trial_009_confirm_fail_p94p813414062_a0/reports/constraints.xdc]
WARNING: [Vivado 12-2489] -period contains time 94.813414 which will be rounded to 94.813 to ensure it is an integer multiple of 1 picosecond [C:/Users/Amine/mas/fpga-repo/timing_closure_candidate_v7/results/c07_med_sft_med21/trial_009_confirm_fail_p94p813414062_a0/reports/constraints.xdc:1]
Finished Parsing XDC File [C:/Users/Amine/mas/fpga-repo/timing_closure_candidate_v7/results/c07_med_sft_med21/trial_009_confirm_fail_p94p813414062_a0/reports/constraints.xdc]
INFO: [Opt 31-138] Pushed 0 inverter(s) to 0 load pin(s).
Netlist sorting complete. Time (s): cpu = 00:00:00 ; elapsed = 00:00:00.001 . Memory (MB): peak = 2073.684 ; gain = 0.000
INFO: [Project 1-111] Unisim Transformation Summary:
No Unisim elements were transformed.

Synth Design complete | Checksum: 6a906cf7
INFO: [Common 17-83] Releasing license: Synthesis
17 Infos, 26 Warnings, 0 Critical Warnings and 0 Errors encountered.
synth_design completed successfully
synth_design: Time (s): cpu = 00:00:36 ; elapsed = 00:00:39 . Memory (MB): peak = 2073.762 ; gain = 1492.215
INFO: [Timing 38-35] Done setting XDC timing constraints.
INFO: [Vivado 12-3442] The output from report_compile_order is primarily targeted for human readability and ease of use. The 'get_files' command, with the -compile_order and -used_in options, produces this same information in a format that is better suited for automated scripts.
Command: opt_design
Attempting to get a license for feature 'Implementation' and/or device 'xc7z020'
INFO: [Common 17-349] Got license for feature 'Implementation' and/or device 'xc7z020'
Running DRC as a precondition to command opt_design

Starting DRC Task
INFO: [DRC 23-27] Running DRC with 2 threads
WARNING: [DRC 23-814] Not all possible (connectivity based) DRCs may have been run because this design is seen as Out of Context.
INFO: [Project 1-461] DRC finished with 0 Errors
INFO: [Project 1-462] Please refer to the DRC report (report_drc) for more information.

Time (s): cpu = 00:00:01 ; elapsed = 00:00:00.356 . Memory (MB): peak = 2073.762 ; gain = 0.000

Starting Cache Timing Information Task
Ending Cache Timing Information Task | Checksum: 16227cd77

Time (s): cpu = 00:00:00 ; elapsed = 00:00:00.003 . Memory (MB): peak = 2073.762 ; gain = 0.000

Starting Logic Optimization Task

Phase 1 Initialization

Phase 1.1 Core Generation And Design Setup
Phase 1.1 Core Generation And Design Setup | Checksum: 16227cd77

Time (s): cpu = 00:00:00 ; elapsed = 00:00:00.002 . Memory (MB): peak = 2160.375 ; gain = 0.000

Phase 1.2 Setup Constraints And Sort Netlist
Phase 1.2 Setup Constraints And Sort Netlist | Checksum: 16227cd77

Time (s): cpu = 00:00:00 ; elapsed = 00:00:00.005 . Memory (MB): peak = 2160.375 ; gain = 0.000
Phase 1 Initialization | Checksum: 16227cd77

Time (s): cpu = 00:00:00 ; elapsed = 00:00:00.005 . Memory (MB): peak = 2160.375 ; gain = 0.000

Phase 2 Timer Update And Timing Data Collection

Phase 2.1 Detect if minReqCache needed
Phase 2.1 Detect if minReqCache needed | Checksum: 16227cd77

Time (s): cpu = 00:00:00 ; elapsed = 00:00:00.014 . Memory (MB): peak = 2160.410 ; gain = 0.035

Phase 2.2 Timer Update
Phase 2.2 Timer Update | Checksum: 16227cd77

Time (s): cpu = 00:00:00 ; elapsed = 00:00:00.018 . Memory (MB): peak = 2160.410 ; gain = 0.035
Phase 2 Timer Update And Timing Data Collection | Checksum: 16227cd77

Time (s): cpu = 00:00:00 ; elapsed = 00:00:00.019 . Memory (MB): peak = 2160.410 ; gain = 0.035

Phase 3 Retarget
INFO: [Opt 31-1851] Number of loadless carry chains removed were: 0
INFO: [Opt 31-1834] Total Chains To Be Transformed Were: 0 AND Number of Transformed insts Created are: 0
INFO: [Opt 31-138] Pushed 0 inverter(s) to 0 load pin(s).
INFO: [Opt 31-49] Retargeted 0 cell(s).
Phase 3 Retarget | Checksum: 16227cd77

Time (s): cpu = 00:00:00 ; elapsed = 00:00:00.054 . Memory (MB): peak = 2160.410 ; gain = 0.035
Retarget | Checksum: 16227cd77
INFO: [Opt 31-389] Phase Retarget created 0 cells and removed 0 cells

Phase 4 Constant propagation
INFO: [Opt 31-138] Pushed 0 inverter(s) to 0 load pin(s).
Phase 4 Constant propagation | Checksum: 16227cd77

Time (s): cpu = 00:00:00 ; elapsed = 00:00:00.076 . Memory (MB): peak = 2160.410 ; gain = 0.035
Constant propagation | Checksum: 16227cd77
INFO: [Opt 31-389] Phase Constant propagation created 0 cells and removed 0 cells

Phase 5 Sweep
INFO: [Constraints 18-11670] Building netlist checker database with flags, 0x8
Done building netlist checker database: Time (s): cpu = 00:00:00 ; elapsed = 00:00:00.001 . Memory (MB): peak = 2160.410 ; gain = 0.000
Phase 5 Sweep | Checksum: 16f4bf7c6

Time (s): cpu = 00:00:00 ; elapsed = 00:00:00.098 . Memory (MB): peak = 2160.410 ; gain = 0.035
Sweep | Checksum: 16f4bf7c6
INFO: [Opt 31-389] Phase Sweep created 0 cells and removed 0 cells

Phase 6 BUFG optimization
Phase 6 BUFG optimization | Checksum: 16f4bf7c6

Time (s): cpu = 00:00:00 ; elapsed = 00:00:00.115 . Memory (MB): peak = 2160.410 ; gain = 0.035
BUFG optimization | Checksum: 16f4bf7c6
INFO: [Opt 31-662] Phase BUFG optimization created 0 cells of which 0 are BUFGs and removed 0 cells.

Phase 7 Shift Register Optimization
INFO: [Opt 31-1064] SRL Remap converted 0 SRLs to 0 registers and converted 0 registers of register chains to 0 SRLs
Phase 7 Shift Register Optimization | Checksum: 16f4bf7c6

Time (s): cpu = 00:00:00 ; elapsed = 00:00:00.121 . Memory (MB): peak = 2160.410 ; gain = 0.035
Shift Register Optimization | Checksum: 16f4bf7c6
INFO: [Opt 31-389] Phase Shift Register Optimization created 0 cells and removed 0 cells

Phase 8 Post Processing Netlist
Phase 8 Post Processing Netlist | Checksum: 16f4bf7c6

Time (s): cpu = 00:00:00 ; elapsed = 00:00:00.127 . Memory (MB): peak = 2160.410 ; gain = 0.035
Post Processing Netlist | Checksum: 16f4bf7c6
INFO: [Opt 31-389] Phase Post Processing Netlist created 0 cells and removed 0 cells

Phase 9 Finalization

Phase 9.1 Finalizing Design Cores and Updating Shapes
Phase 9.1 Finalizing Design Cores and Updating Shapes | Checksum: 11af21d41

Time (s): cpu = 00:00:01 ; elapsed = 00:00:00.180 . Memory (MB): peak = 2160.410 ; gain = 0.035

Phase 9.2 Verifying Netlist Connectivity

Starting Connectivity Check Task

Time (s): cpu = 00:00:00 ; elapsed = 00:00:00.014 . Memory (MB): peak = 2160.410 ; gain = 0.000
Phase 9.2 Verifying Netlist Connectivity | Checksum: 11af21d41

Time (s): cpu = 00:00:01 ; elapsed = 00:00:00.195 . Memory (MB): peak = 2160.410 ; gain = 0.035
Phase 9 Finalization | Checksum: 11af21d41

Time (s): cpu = 00:00:01 ; elapsed = 00:00:00.195 . Memory (MB): peak = 2160.410 ; gain = 0.035
Opt_design Change Summary
=========================


-------------------------------------------------------------------------------------------------------------------------
|  Phase                        |  #Cells created  |  #Cells Removed  |  #Constrained objects preventing optimizations  |
-------------------------------------------------------------------------------------------------------------------------
|  Retarget                     |               0  |               0  |                                              0  |
|  Constant propagation         |               0  |               0  |                                              0  |
|  Sweep                        |               0  |               0  |                                              0  |
|  BUFG optimization            |               0  |               0  |                                              0  |
|  Shift Register Optimization  |               0  |               0  |                                              0  |
|  Post Processing Netlist      |               0  |               0  |                                              0  |
-------------------------------------------------------------------------------------------------------------------------


Ending Logic Optimization Task | Checksum: 11af21d41

Time (s): cpu = 00:00:01 ; elapsed = 00:00:00.197 . Memory (MB): peak = 2160.410 ; gain = 0.035

Starting Power Optimization Task
INFO: [Pwropt 34-132] Skipping clock gating for clocks with a period < 2.00 ns.
Ending Power Optimization Task | Checksum: 11af21d41

Time (s): cpu = 00:00:00 ; elapsed = 00:00:00.009 . Memory (MB): peak = 2160.410 ; gain = 0.000

Starting Final Cleanup Task
Ending Final Cleanup Task | Checksum: 11af21d41

Time (s): cpu = 00:00:00 ; elapsed = 00:00:00.001 . Memory (MB): peak = 2160.410 ; gain = 0.000
Netlist sorting complete. Time (s): cpu = 00:00:00 ; elapsed = 00:00:00.001 . Memory (MB): peak = 2160.410 ; gain = 0.000
INFO: [Common 17-83] Releasing license: Implementation
38 Infos, 27 Warnings, 0 Critical Warnings and 0 Errors encountered.
opt_design completed successfully
Command: place_design
Attempting to get a license for feature 'Implementation' and/or device 'xc7z020'
INFO: [Common 17-349] Got license for feature 'Implementation' and/or device 'xc7z020'
INFO: [Common 17-83] Releasing license: Implementation
INFO: [Timing 38-35] Done setting XDC timing constraints.
Running DRC as a precondition to command place_design
INFO: [DRC 23-27] Running DRC with 2 threads
WARNING: [DRC 23-814] Not all possible (connectivity based) DRCs may have been run because this design is seen as Out of Context.
INFO: [Vivado_Tcl 4-198] DRC finished with 0 Errors
INFO: [Vivado_Tcl 4-199] Please refer to the DRC report (report_drc) for more information.
INFO: [Place 30-611] Multithreading enabled for place_design using a maximum of 2 CPUs

Starting Placer Task

Phase 1 Placer Initialization

Phase 1.1 Placer Initialization Netlist Sorting
Netlist sorting complete. Time (s): cpu = 00:00:00 ; elapsed = 00:00:00.005 . Memory (MB): peak = 2160.410 ; gain = 0.000
Phase 1.1 Placer Initialization Netlist Sorting | Checksum: 10acbacce

Time (s): cpu = 00:00:00 ; elapsed = 00:00:00.007 . Memory (MB): peak = 2160.410 ; gain = 0.000
Netlist sorting complete. Time (s): cpu = 00:00:00 ; elapsed = 00:00:00.001 . Memory (MB): peak = 2160.410 ; gain = 0.000

Phase 1.2 IO Placement/ Clock Placement/ Build Placer Device
Phase 1.2 IO Placement/ Clock Placement/ Build Placer Device | Checksum: 651d1444

Time (s): cpu = 00:00:00 ; elapsed = 00:00:00.133 . Memory (MB): peak = 2160.410 ; gain = 0.000

Phase 1.3 Build Placer Netlist Model
Phase 1.3 Build Placer Netlist Model | Checksum: d79e3e4b

Time (s): cpu = 00:00:01 ; elapsed = 00:00:00.597 . Memory (MB): peak = 2160.410 ; gain = 0.000

Phase 1.4 Constrain Clocks/Macros
Phase 1.4 Constrain Clocks/Macros | Checksum: d79e3e4b

Time (s): cpu = 00:00:01 ; elapsed = 00:00:00.605 . Memory (MB): peak = 2160.410 ; gain = 0.000
Phase 1 Placer Initialization | Checksum: d79e3e4b

Time (s): cpu = 00:00:01 ; elapsed = 00:00:00.612 . Memory (MB): peak = 2160.410 ; gain = 0.000

Phase 2 Global Placement

Phase 2.1 Floorplanning
Phase 2.1 Floorplanning | Checksum: 16454139a

Time (s): cpu = 00:00:02 ; elapsed = 00:00:01 . Memory (MB): peak = 2160.410 ; gain = 0.000

Phase 2.2 Update Timing before SLR Path Opt
Phase 2.2 Update Timing before SLR Path Opt | Checksum: 149b5e545

Time (s): cpu = 00:00:02 ; elapsed = 00:00:02 . Memory (MB): peak = 2160.410 ; gain = 0.000

Phase 2.3 Post-Processing in Floorplanning
Phase 2.3 Post-Processing in Floorplanning | Checksum: 149b5e545

Time (s): cpu = 00:00:02 ; elapsed = 00:00:02 . Memory (MB): peak = 2160.410 ; gain = 0.000

Phase 2.4 Global Place Phase1
Phase 2.4 Global Place Phase1 | Checksum: 88394ebf

Time (s): cpu = 00:00:06 ; elapsed = 00:00:04 . Memory (MB): peak = 2160.410 ; gain = 0.000

Phase 2.5 Global Place Phase2

Phase 2.5.1 UpdateTiming Before Physical Synthesis
Phase 2.5.1 UpdateTiming Before Physical Synthesis | Checksum: 88394ebf

Time (s): cpu = 00:00:06 ; elapsed = 00:00:04 . Memory (MB): peak = 2160.410 ; gain = 0.000

Phase 2.5.2 Physical Synthesis In Placer
INFO: [Physopt 32-1044] Break lutnm for timing: one critical 0, two critical 0, total 0, new lutff created 0
INFO: [Physopt 32-1138] End 1 Pass. Optimized 0 net or LUT. Breaked 0 LUT, combined 0 existing LUT and moved 0 existing LUT
INFO: [Physopt 32-65] No nets found for high-fanout optimization.
INFO: [Physopt 32-232] Optimized 0 net. Created 0 new instance.
INFO: [Physopt 32-775] End 1 Pass. Optimized 0 net or cell. Created 0 new cell, deleted 0 existing cell and moved 0 existing cell
INFO: [Physopt 32-670] No setup violation found.  DSP Register Optimization was not performed.
INFO: [Physopt 32-670] No setup violation found.  Shift Register to Pipeline Optimization was not performed.
INFO: [Physopt 32-670] No setup violation found.  Shift Register Optimization was not performed.
INFO: [Physopt 32-670] No setup violation found.  BRAM Register Optimization was not performed.
INFO: [Physopt 32-670] No setup violation found.  URAM Register Optimization was not performed.
INFO: [Physopt 32-949] No candidate nets found for dynamic/static region interface net replication
INFO: [Physopt 32-775] End 1 Pass. Optimized 0 net or cell. Created 0 new cell, deleted 0 existing cell and moved 0 existing cell
Netlist sorting complete. Time (s): cpu = 00:00:00 ; elapsed = 00:00:00.001 . Memory (MB): peak = 2160.410 ; gain = 0.000

Summary of Physical Synthesis Optimizations
============================================


-----------------------------------------------------------------------------------------------------------------------------------------------------------
|  Optimization                                     |  Added Cells  |  Removed Cells  |  Optimized Cells/Nets  |  Dont Touch  |  Iterations  |  Elapsed   |
-----------------------------------------------------------------------------------------------------------------------------------------------------------
|  LUT Combining                                    |            0  |              0  |                     0  |           0  |           1  |  00:00:00  |
|  Retime                                           |            0  |              0  |                     0  |           0  |           1  |  00:00:00  |
|  Very High Fanout                                 |            0  |              0  |                     0  |           0  |           1  |  00:00:00  |
|  DSP Register                                     |            0  |              0  |                     0  |           0  |           0  |  00:00:00  |
|  Shift Register to Pipeline                       |            0  |              0  |                     0  |           0  |           0  |  00:00:00  |
|  Shift Register                                   |            0  |              0  |                     0  |           0  |           0  |  00:00:00  |
|  BRAM Register                                    |            0  |              0  |                     0  |           0  |           0  |  00:00:00  |
|  URAM Register                                    |            0  |              0  |                     0  |           0  |           0  |  00:00:00  |
|  Dynamic/Static Region Interface Net Replication  |            0  |              0  |                     0  |           0  |           1  |  00:00:00  |
|  Total                                            |            0  |              0  |                     0  |           0  |           4  |  00:00:00  |
-----------------------------------------------------------------------------------------------------------------------------------------------------------


Phase 2.5.2 Physical Synthesis In Placer | Checksum: 88394ebf

Time (s): cpu = 00:00:06 ; elapsed = 00:00:04 . Memory (MB): peak = 2160.410 ; gain = 0.000
Phase 2.5 Global Place Phase2 | Checksum: 13c044062

Time (s): cpu = 00:00:06 ; elapsed = 00:00:04 . Memory (MB): peak = 2160.410 ; gain = 0.000
Phase 2 Global Placement | Checksum: 13c044062

Time (s): cpu = 00:00:06 ; elapsed = 00:00:04 . Memory (MB): peak = 2160.410 ; gain = 0.000

Phase 3 Detail Placement

Phase 3.1 Commit Multi Column Macros
Phase 3.1 Commit Multi Column Macros | Checksum: a468c1ad

Time (s): cpu = 00:00:07 ; elapsed = 00:00:04 . Memory (MB): peak = 2160.410 ; gain = 0.000

Phase 3.2 Commit Most Macros & LUTRAMs
Phase 3.2 Commit Most Macros & LUTRAMs | Checksum: 707e84e0

Time (s): cpu = 00:00:07 ; elapsed = 00:00:05 . Memory (MB): peak = 2160.410 ; gain = 0.000

Phase 3.3 Area Swap Optimization
Phase 3.3 Area Swap Optimization | Checksum: fc7cb0bf

Time (s): cpu = 00:00:08 ; elapsed = 00:00:05 . Memory (MB): peak = 2160.410 ; gain = 0.000

Phase 3.4 Pipeline Register Optimization
Phase 3.4 Pipeline Register Optimization | Checksum: 80c888a9

Time (s): cpu = 00:00:08 ; elapsed = 00:00:05 . Memory (MB): peak = 2160.410 ; gain = 0.000

Phase 3.5 Small Shape Detail Placement
Phase 3.5 Small Shape Detail Placement | Checksum: 1742d20e0

Time (s): cpu = 00:00:08 ; elapsed = 00:00:06 . Memory (MB): peak = 2160.410 ; gain = 0.000

Phase 3.6 Re-assign LUT pins
Phase 3.6 Re-assign LUT pins | Checksum: 125baebe4

Time (s): cpu = 00:00:09 ; elapsed = 00:00:06 . Memory (MB): peak = 2160.410 ; gain = 0.000

Phase 3.7 Pipeline Register Optimization
Phase 3.7 Pipeline Register Optimization | Checksum: a0fe937e

Time (s): cpu = 00:00:09 ; elapsed = 00:00:06 . Memory (MB): peak = 2160.410 ; gain = 0.000
Phase 3 Detail Placement | Checksum: a0fe937e

Time (s): cpu = 00:00:09 ; elapsed = 00:00:06 . Memory (MB): peak = 2160.410 ; gain = 0.000

Phase 4 Post Placement Optimization and Clean-Up

Phase 4.1 Post Commit Optimization
INFO: [Timing 38-35] Done setting XDC timing constraints.

Phase 4.1.1 Post Placement Optimization
Post Placement Optimization Initialization | Checksum: 131a27614

Phase 4.1.1.1 BUFG Insertion

Starting Physical Synthesis Task

Phase 1 Physical Synthesis Initialization
INFO: [Physopt 32-721] Multithreading enabled for phys_opt_design using a maximum of 2 CPUs
INFO: [Physopt 32-619] Estimated Timing Summary | WNS=13.001 | TNS=0.000 |
Phase 1 Physical Synthesis Initialization | Checksum: 1225c3484

Time (s): cpu = 00:00:00 ; elapsed = 00:00:00.038 . Memory (MB): peak = 2160.410 ; gain = 0.000
INFO: [Place 46-56] BUFG insertion identified 0 candidate nets. Inserted BUFG: 0, Replicated BUFG Driver: 0, Skipped due to Placement/Routing Conflicts: 0, Skipped due to Timing Degradation: 0, Skipped due to netlist editing failed: 0.
Ending Physical Synthesis Task | Checksum: 8f861e76

Time (s): cpu = 00:00:00 ; elapsed = 00:00:00.043 . Memory (MB): peak = 2160.410 ; gain = 0.000
Phase 4.1.1.1 BUFG Insertion | Checksum: 131a27614

Time (s): cpu = 00:00:09 ; elapsed = 00:00:06 . Memory (MB): peak = 2160.410 ; gain = 0.000

Phase 4.1.1.2 Post Placement Timing Optimization
INFO: [Place 30-746] Post Placement Timing Summary WNS=13.001. For the most accurate timing information please run report_timing.
Phase 4.1.1.2 Post Placement Timing Optimization | Checksum: 13dc60312

Time (s): cpu = 00:00:10 ; elapsed = 00:00:06 . Memory (MB): peak = 2160.410 ; gain = 0.000

Time (s): cpu = 00:00:10 ; elapsed = 00:00:06 . Memory (MB): peak = 2160.410 ; gain = 0.000
Phase 4.1 Post Commit Optimization | Checksum: 13dc60312

Time (s): cpu = 00:00:10 ; elapsed = 00:00:06 . Memory (MB): peak = 2160.410 ; gain = 0.000

Phase 4.2 Post Placement Cleanup
Phase 4.2 Post Placement Cleanup | Checksum: 13dc60312

Time (s): cpu = 00:00:10 ; elapsed = 00:00:06 . Memory (MB): peak = 2160.410 ; gain = 0.000

Phase 4.3 Placer Reporting

Phase 4.3.1 Print Estimated Congestion
INFO: [Place 30-612] Post-Placement Estimated Congestion 
 ____________________________________________________
|           | Global Congestion | Short Congestion  |
| Direction | Region Size       | Region Size       |
|___________|___________________|___________________|
|      North|                1x1|                1x1|
|___________|___________________|___________________|
|      South|                1x1|                1x1|
|___________|___________________|___________________|
|       East|                1x1|                1x1|
|___________|___________________|___________________|
|       West|                1x1|                1x1|
|___________|___________________|___________________|

Phase 4.3.1 Print Estimated Congestion | Checksum: 13dc60312

Time (s): cpu = 00:00:10 ; elapsed = 00:00:06 . Memory (MB): peak = 2160.410 ; gain = 0.000
Phase 4.3 Placer Reporting | Checksum: 13dc60312

Time (s): cpu = 00:00:10 ; elapsed = 00:00:06 . Memory (MB): peak = 2160.410 ; gain = 0.000

Phase 4.4 Final Placement Cleanup
Netlist sorting complete. Time (s): cpu = 00:00:00 ; elapsed = 00:00:00.001 . Memory (MB): peak = 2160.410 ; gain = 0.000

Time (s): cpu = 00:00:10 ; elapsed = 00:00:06 . Memory (MB): peak = 2160.410 ; gain = 0.000
Phase 4 Post Placement Optimization and Clean-Up | Checksum: 18c07d0ed

Time (s): cpu = 00:00:10 ; elapsed = 00:00:06 . Memory (MB): peak = 2160.410 ; gain = 0.000
Ending Placer Task | Checksum: cda17bde

Time (s): cpu = 00:00:10 ; elapsed = 00:00:06 . Memory (MB): peak = 2160.410 ; gain = 0.000
63 Infos, 28 Warnings, 0 Critical Warnings and 0 Errors encountered.
place_design completed successfully
place_design: Time (s): cpu = 00:00:11 ; elapsed = 00:00:07 . Memory (MB): peak = 2160.410 ; gain = 0.000
Command: route_design
Attempting to get a license for feature 'Implementation' and/or device 'xc7z020'
INFO: [Common 17-349] Got license for feature 'Implementation' and/or device 'xc7z020'


Starting Routing Task
INFO: [Route 35-254] Multithreading enabled for route_design using a maximum of 2 CPUs

Phase 1 Build RT Design
Checksum: PlaceDB: 9733f13 ConstDB: 0 ShapeSum: ae34c9db RouteDB: 15f972f0
WARNING: [Route 35-197] Clock port "clk" does not have an associated HD.CLK_SRC. Without this constraint, timing analysis may not be accurate and upstream checks cannot be done to ensure correct clock placement.
WARNING: [Route 35-198] Port "rst_n" does not have an associated HD.PARTPIN_LOCS, which will prevent the partial routing of the signal "rst_n". Without this partial route, timing analysis to/from this port will not be accurate, and no routing information for this port can be exported.
WARNING: [Route 35-198] Port "x[6]" does not have an associated HD.PARTPIN_LOCS, which will prevent the partial routing of the signal "x[6]". Without this partial route, timing analysis to/from this port will not be accurate, and no routing information for this port can be exported.
WARNING: [Route 35-198] Port "x[5]" does not have an associated HD.PARTPIN_LOCS, which will prevent the partial routing of the signal "x[5]". Without this partial route, timing analysis to/from this port will not be accurate, and no routing information for this port can be exported.
WARNING: [Route 35-198] Port "x[3]" does not have an associated HD.PARTPIN_LOCS, which will prevent the partial routing of the signal "x[3]". Without this partial route, timing analysis to/from this port will not be accurate, and no routing information for this port can be exported.
WARNING: [Route 35-198] Port "x[4]" does not have an associated HD.PARTPIN_LOCS, which will prevent the partial routing of the signal "x[4]". Without this partial route, timing analysis to/from this port will not be accurate, and no routing information for this port can be exported.
WARNING: [Route 35-198] Port "x[1]" does not have an associated HD.PARTPIN_LOCS, which will prevent the partial routing of the signal "x[1]". Without this partial route, timing analysis to/from this port will not be accurate, and no routing information for this port can be exported.
WARNING: [Route 35-198] Port "x[0]" does not have an associated HD.PARTPIN_LOCS, which will prevent the partial routing of the signal "x[0]". Without this partial route, timing analysis to/from this port will not be accurate, and no routing information for this port can be exported.
WARNING: [Route 35-198] Port "x[2]" does not have an associated HD.PARTPIN_LOCS, which will prevent the partial routing of the signal "x[2]". Without this partial route, timing analysis to/from this port will not be accurate, and no routing information for this port can be exported.
WARNING: [Route 35-198] Port "x[7]" does not have an associated HD.PARTPIN_LOCS, which will prevent the partial routing of the signal "x[7]". Without this partial route, timing analysis to/from this port will not be accurate, and no routing information for this port can be exported.
WARNING: [Constraints 18-8777] Unable to split tiles. All required files are not available.
Post Restoration Checksum: NetGraph: 7b74edbd | NumContArr: d11942f4 | Constraints: c2a8fa9d | Timing: c2a8fa9d
Phase 1 Build RT Design | Checksum: 2d1e025eb

Time (s): cpu = 00:00:18 ; elapsed = 00:00:17 . Memory (MB): peak = 2160.410 ; gain = 0.000

Phase 2 Router Initialization

Phase 2.1 Fix Topology Constraints
Phase 2.1 Fix Topology Constraints | Checksum: 2d1e025eb

Time (s): cpu = 00:00:18 ; elapsed = 00:00:17 . Memory (MB): peak = 2160.410 ; gain = 0.000

Phase 2.2 Pre Route Cleanup
Phase 2.2 Pre Route Cleanup | Checksum: 2d1e025eb

Time (s): cpu = 00:00:18 ; elapsed = 00:00:17 . Memory (MB): peak = 2160.410 ; gain = 0.000
 Number of Nodes with overlaps = 0

Phase 2.3 Update Timing
Phase 2.3 Update Timing | Checksum: 2b3ddd82c

Time (s): cpu = 00:00:19 ; elapsed = 00:00:18 . Memory (MB): peak = 2160.410 ; gain = 0.000
INFO: [Route 35-416] Intermediate Timing Summary | WNS=15.664 | TNS=0.000  | WHS=-0.129 | THS=-1.010 |


Phase 2.4 Soft Constraint Pins - Fast Budgeting
Phase 2.4 Soft Constraint Pins - Fast Budgeting | Checksum: 268f70fed

Time (s): cpu = 00:00:20 ; elapsed = 00:00:18 . Memory (MB): peak = 2160.410 ; gain = 0.000

Router Utilization Summary
  Global Vertical Routing Utilization    = 0 %
  Global Horizontal Routing Utilization  = 0 %
  Routable Net Status*
  *Does not include unroutable nets such as driverless and loadless.
  Run report_route_status for detailed report.
  Number of Failed Nets               = 2748
    (Failed Nets is the sum of unrouted and partially routed nets)
  Number of Unrouted Nets             = 2748
  Number of Partially Routed Nets     = 0
  Number of Node Overlaps             = 0

Phase 2 Router Initialization | Checksum: 268f70fed

Time (s): cpu = 00:00:20 ; elapsed = 00:00:18 . Memory (MB): peak = 2160.410 ; gain = 0.000

Phase 3 Global Routing
Phase 3 Global Routing | Checksum: 268f70fed

Time (s): cpu = 00:00:20 ; elapsed = 00:00:18 . Memory (MB): peak = 2160.410 ; gain = 0.000

Phase 4 Initial Routing

Phase 4.1 Initial Net Routing Pass
Phase 4.1 Initial Net Routing Pass | Checksum: 173bd228a

Time (s): cpu = 00:00:20 ; elapsed = 00:00:18 . Memory (MB): peak = 2160.410 ; gain = 0.000
Phase 4 Initial Routing | Checksum: 173bd228a

Time (s): cpu = 00:00:20 ; elapsed = 00:00:18 . Memory (MB): peak = 2160.410 ; gain = 0.000

Phase 5 Rip-up And Reroute

Phase 5.1 Global Iteration 0
 Number of Nodes with overlaps = 3041
 Number of Nodes with overlaps = 1845
 Number of Nodes with overlaps = 1142
 Number of Nodes with overlaps = 538
 Number of Nodes with overlaps = 248
 Number of Nodes with overlaps = 134
 Number of Nodes with overlaps = 50
 Number of Nodes with overlaps = 13
 Number of Nodes with overlaps = 2
 Number of Nodes with overlaps = 3
 Number of Nodes with overlaps = 0
INFO: [Route 35-416] Intermediate Timing Summary | WNS=-0.941 | TNS=-6.449 | WHS=N/A    | THS=N/A    |

Phase 5.1 Global Iteration 0 | Checksum: 237945a92

Time (s): cpu = 00:00:39 ; elapsed = 00:00:29 . Memory (MB): peak = 2160.410 ; gain = 0.000

Phase 5.2 Global Iteration 1
 Number of Nodes with overlaps = 201
 Number of Nodes with overlaps = 122
 Number of Nodes with overlaps = 130
 Number of Nodes with overlaps = 69
 Number of Nodes with overlaps = 60
 Number of Nodes with overlaps = 23
 Number of Nodes with overlaps = 7
 Number of Nodes with overlaps = 4
 Number of Nodes with overlaps = 0
INFO: [Route 35-416] Intermediate Timing Summary | WNS=-0.401 | TNS=-1.829 | WHS=N/A    | THS=N/A    |

Phase 5.2 Global Iteration 1 | Checksum: 2685fb95f

Time (s): cpu = 00:00:42 ; elapsed = 00:00:31 . Memory (MB): peak = 2160.410 ; gain = 0.000

Phase 5.3 Global Iteration 2
 Number of Nodes with overlaps = 191
 Number of Nodes with overlaps = 196
 Number of Nodes with overlaps = 151
 Number of Nodes with overlaps = 92
 Number of Nodes with overlaps = 40
 Number of Nodes with overlaps = 17
 Number of Nodes with overlaps = 11
 Number of Nodes with overlaps = 3
 Number of Nodes with overlaps = 3
 Number of Nodes with overlaps = 2
 Number of Nodes with overlaps = 2
 Number of Nodes with overlaps = 1
 Number of Nodes with overlaps = 0
INFO: [Route 35-416] Intermediate Timing Summary | WNS=-0.396 | TNS=-1.481 | WHS=N/A    | THS=N/A    |

Phase 5.3 Global Iteration 2 | Checksum: 295f0a4b1

Time (s): cpu = 00:00:46 ; elapsed = 00:00:34 . Memory (MB): peak = 2160.410 ; gain = 0.000
Phase 5 Rip-up And Reroute | Checksum: 295f0a4b1

Time (s): cpu = 00:00:46 ; elapsed = 00:00:34 . Memory (MB): peak = 2160.410 ; gain = 0.000

Phase 6 Delay and Skew Optimization

Phase 6.1 Delay CleanUp

Phase 6.1.1 Update Timing
Phase 6.1.1 Update Timing | Checksum: 295f0a4b1

Time (s): cpu = 00:00:46 ; elapsed = 00:00:34 . Memory (MB): peak = 2160.410 ; gain = 0.000
INFO: [Route 35-416] Intermediate Timing Summary | WNS=-0.396 | TNS=-1.481 | WHS=N/A    | THS=N/A    |

 Number of Nodes with overlaps = 0
Phase 6.1 Delay CleanUp | Checksum: 25d273edc

Time (s): cpu = 00:00:46 ; elapsed = 00:00:34 . Memory (MB): peak = 2160.410 ; gain = 0.000

Phase 6.2 Clock Skew Optimization
Phase 6.2 Clock Skew Optimization | Checksum: 25d273edc

Time (s): cpu = 00:00:46 ; elapsed = 00:00:34 . Memory (MB): peak = 2160.410 ; gain = 0.000
Phase 6 Delay and Skew Optimization | Checksum: 25d273edc

Time (s): cpu = 00:00:46 ; elapsed = 00:00:34 . Memory (MB): peak = 2160.410 ; gain = 0.000

Phase 7 Post Hold Fix

Phase 7.1 Hold Fix Iter
INFO: [Route 35-416] Intermediate Timing Summary | WNS=0.253  | TNS=0.000  | WHS=-0.283 | THS=-2.195 |

Phase 7.1 Hold Fix Iter | Checksum: 26bed7407

Time (s): cpu = 00:00:46 ; elapsed = 00:00:34 . Memory (MB): peak = 2160.410 ; gain = 0.000

Phase 7.2 Non Free Resource Hold Fix Iter
Phase 7.2 Non Free Resource Hold Fix Iter | Checksum: 1b29de052

Time (s): cpu = 00:00:46 ; elapsed = 00:00:34 . Memory (MB): peak = 2160.410 ; gain = 0.000
Phase 7 Post Hold Fix | Checksum: 1b29de052

Time (s): cpu = 00:00:46 ; elapsed = 00:00:34 . Memory (MB): peak = 2160.410 ; gain = 0.000

Phase 8 Route finalize

Router Utilization Summary
  Global Vertical Routing Utilization    = 0.599824 %
  Global Horizontal Routing Utilization  = 0.85928 %
  Routable Net Status*
  *Does not include unroutable nets such as driverless and loadless.
  Run report_route_status for detailed report.
  Number of Failed Nets               = 0
    (Failed Nets is the sum of unrouted and partially routed nets)
  Number of Unrouted Nets             = 0
  Number of Partially Routed Nets     = 0
  Number of Node Overlaps             = 0

Phase 8 Route finalize | Checksum: 1b29de052

Time (s): cpu = 00:00:46 ; elapsed = 00:00:34 . Memory (MB): peak = 2160.410 ; gain = 0.000

Phase 9 Verifying routed nets

 Verification completed successfully
Phase 9 Verifying routed nets | Checksum: 1b29de052

Time (s): cpu = 00:00:46 ; elapsed = 00:00:34 . Memory (MB): peak = 2160.410 ; gain = 0.000

Phase 10 Depositing Routes
Phase 10 Depositing Routes | Checksum: 18bf007fa

Time (s): cpu = 00:00:47 ; elapsed = 00:00:34 . Memory (MB): peak = 2160.410 ; gain = 0.000

Phase 11 Post Process Routing
WARNING: [Route 35-426]  Router was unable to fix hold violation on pins with fixed or dedicated routing. The router cannot add routing detours to improve hold time because the pins fall under one or more of the listed categories: partition pins, fixed routes and intra-site connections.
Resolution: Run report_timing_summary to analyze the hold violations.
Phase 11 Post Process Routing | Checksum: 18bf007fa

Time (s): cpu = 00:00:47 ; elapsed = 00:00:34 . Memory (MB): peak = 2160.410 ; gain = 0.000

Phase 12 Post Router Timing

Phase 12.1 Update Timing
Phase 12.1 Update Timing | Checksum: 18bf007fa

Time (s): cpu = 00:00:47 ; elapsed = 00:00:34 . Memory (MB): peak = 2160.410 ; gain = 0.000
INFO: [Route 35-57] Estimated Timing Summary | WNS=0.253  | TNS=0.000  | WHS=-0.283 | THS=-2.195 |

WARNING: [Route 35-328] Router estimated timing not met.
Resolution: For a complete and accurate timing signoff, report_timing_summary must be run after route_design. Alternatively, route_design can be run with the -timing_summary option to enable a complete timing signoff at the end of route_design.
Phase 12 Post Router Timing | Checksum: 18bf007fa

Time (s): cpu = 00:00:47 ; elapsed = 00:00:34 . Memory (MB): peak = 2160.410 ; gain = 0.000
Total Elapsed time in route_design: 34.103 secs

Phase 13 Post-Route Event Processing
Phase 13 Post-Route Event Processing | Checksum: 17c811eed

Time (s): cpu = 00:00:47 ; elapsed = 00:00:34 . Memory (MB): peak = 2160.410 ; gain = 0.000
INFO: [Route 35-16] Router Completed Successfully
Ending Routing Task | Checksum: 17c811eed

Time (s): cpu = 00:00:47 ; elapsed = 00:00:34 . Memory (MB): peak = 2160.410 ; gain = 0.000

Routing Is Done.
INFO: [Common 17-83] Releasing license: Implementation
74 Infos, 41 Warnings, 0 Critical Warnings and 0 Errors encountered.
route_design completed successfully
route_design: Time (s): cpu = 00:00:47 ; elapsed = 00:00:34 . Memory (MB): peak = 2160.410 ; gain = 0.000
INFO: [Timing 38-91] UpdateTimingParams: Speed grade: -1, Delay Type: max.
INFO: [Timing 38-191] Multithreading enabled for timing update using a maximum of 2 CPUs
WARNING: [Timing 38-242] The property HD.CLK_SRC of clock port "clk" is not set. In out-of-context mode, this prevents timing estimation for clock delay/skew
Resolution: Set the HD.CLK_SRC property of the out-of-context port to the location of the clock buffer instance in the top-level design
CRITICAL WARNING: [Timing 38-282] The design failed to meet the timing requirements. Please see the timing summary report for details on the timing violations.
CLOSURE_GATE: period=94.8134140625 wns=-0.010 closed=0 clocks=1 paths=344 unconstrained=0 unrouted=0 coverage=1
INFO: [Common 17-206] Exiting Vivado at Mon Aug 31 00:08:10 2026...
