Copyright 1986-2022 Xilinx, Inc. All Rights Reserved. Copyright 2022-2026 Advanced Micro Devices, Inc. All Rights Reserved.
----------------------------------------------------------------------------------------------------------------------------------------------------------------------------------------------------------------------------------------------------------------------------------------------------
| Tool Version : Vivado v.2026.1 (win64) Build 6511674 Tue Jun 16 11:02:23 MDT 2026
| Date         : Sun Aug 30 23:00:35 2026
| Host         : Amine running 64-bit major release  (build 9200)
| Command      : report_timing_summary -delay_type max -max_paths 10 -report_unconstrained -check_timing_verbose -warn_on_violation -file C:/Users/Amine/mas/fpga-repo/timing_closure_candidate_v7/results/c02_fir_rf_fir42_v6_8b/trial_009_confirm_fail_p5p356265625_a0/reports/timing_summary.rpt
| Design       : rf_s1__fir42_v6_8b__g0
| Device       : 7z020-clg400
| Speed File   : -1  PRODUCTION 1.12 2019-11-22
| Design State : Routed
----------------------------------------------------------------------------------------------------------------------------------------------------------------------------------------------------------------------------------------------------------------------------------------------------

Timing Summary Report

------------------------------------------------------------------------------------------------
| Timer Settings
| --------------
------------------------------------------------------------------------------------------------

  Enable Multi Corner Analysis               :  Yes
  Enable Pessimism Removal                   :  Yes
  Pessimism Removal Resolution               :  Nearest Common Node
  Enable Input Delay Default Clock           :  No
  Enable Preset / Clear Arcs                 :  No
  Disable Flight Delays                      :  No
  Ignore I/O Paths                           :  No
  Timing Early Launch at Borrowing Latches   :  No
  Borrow Time for Max Delay Exceptions       :  Yes
  Merge Timing Exceptions                    :  Yes
  Inter-SLR Compensation                     :  Conservative

  Corner  Analyze    Analyze    
  Name    Max Paths  Min Paths  
  ------  ---------  ---------  
  Slow    Yes        Yes        
  Fast    Yes        Yes        


------------------------------------------------------------------------------------------------
| Report Methodology
| ------------------
------------------------------------------------------------------------------------------------

No report available as report_methodology has not been run prior. Run report_methodology on the current design for the summary of methodology violations.



check_timing report

Table of Contents
-----------------
1. checking no_clock (0)
2. checking constant_clock (0)
3. checking pulse_width_clock (0)
4. checking unconstrained_internal_endpoints (0)
5. checking no_input_delay (0)
6. checking no_output_delay (0)
7. checking multiple_clock (0)
8. checking generated_clocks (0)
9. checking loops (0)
10. checking partial_input_delay (0)
11. checking partial_output_delay (0)
12. checking latch_loops (0)

1. checking no_clock (0)
------------------------
 There are 0 register/latch pins with no clock.


2. checking constant_clock (0)
------------------------------
 There are 0 register/latch pins with constant_clock.


3. checking pulse_width_clock (0)
---------------------------------
 There are 0 register/latch pins which need pulse_width check


4. checking unconstrained_internal_endpoints (0)
------------------------------------------------
 There are 0 pins that are not constrained for maximum delay.

 There are 0 pins that are not constrained for maximum delay due to constant clock.


5. checking no_input_delay (0)
------------------------------
 There are 0 input ports with no input delay specified.

 There are 0 input ports with no input delay but user has a false path constraint.


6. checking no_output_delay (0)
-------------------------------
 There are 0 ports with no output delay specified.

 There are 0 ports with no output delay but user has a false path constraint

 There are 0 ports with no output delay but with a timing clock defined on it or propagating through it


7. checking multiple_clock (0)
------------------------------
 There are 0 register/latch pins with multiple clocks.


8. checking generated_clocks (0)
--------------------------------
 There are 0 generated clocks that are not connected to a clock source.


9. checking loops (0)
---------------------
 There are 0 combinational loops in the design.


10. checking partial_input_delay (0)
------------------------------------
 There are 0 input ports with partial input delay specified.


11. checking partial_output_delay (0)
-------------------------------------
 There are 0 ports with partial output delay specified.


12. checking latch_loops (0)
----------------------------
 There are 0 combinational latch loops in the design through latch input



------------------------------------------------------------------------------------------------
| Design Timing Summary
| ---------------------
------------------------------------------------------------------------------------------------

    WNS(ns)      TNS(ns)  TNS Failing Endpoints  TNS Total Endpoints     WPWS(ns)     TPWS(ns)  TPWS Failing Endpoints  TPWS Total Endpoints  
    -------      -------  ---------------------  -------------------     --------     --------  ----------------------  --------------------  
     -0.076       -0.209                      5                 1365        1.698        0.000                       0                   680  


Timing constraints are not met.


------------------------------------------------------------------------------------------------
| Clock Summary
| -------------
------------------------------------------------------------------------------------------------

Clock  Waveform(ns)         Period(ns)      Frequency(MHz)
-----  ------------         ----------      --------------
vclk   {0.000 2.678}        5.356           186.706         


------------------------------------------------------------------------------------------------
| Intra Clock Table
| -----------------
------------------------------------------------------------------------------------------------

Clock             WNS(ns)      TNS(ns)  TNS Failing Endpoints  TNS Total Endpoints     WPWS(ns)     TPWS(ns)  TPWS Failing Endpoints  TPWS Total Endpoints  
-----             -------      -------  ---------------------  -------------------     --------     --------  ----------------------  --------------------  
vclk               -0.076       -0.209                      5                 1365        1.698        0.000                       0                   680  


------------------------------------------------------------------------------------------------
| Inter Clock Table
| -----------------
------------------------------------------------------------------------------------------------

From Clock    To Clock          WNS(ns)      TNS(ns)  TNS Failing Endpoints  TNS Total Endpoints  
----------    --------          -------      -------  ---------------------  -------------------  


------------------------------------------------------------------------------------------------
| Other Path Groups Table
| -----------------------
------------------------------------------------------------------------------------------------

Path Group    From Clock    To Clock          WNS(ns)      TNS(ns)  TNS Failing Endpoints  TNS Total Endpoints  
----------    ----------    --------          -------      -------  ---------------------  -------------------  


------------------------------------------------------------------------------------------------
| User Ignored Path Table
| -----------------------
------------------------------------------------------------------------------------------------

Path Group    From Clock    To Clock    
----------    ----------    --------    


------------------------------------------------------------------------------------------------
| Unconstrained Path Table
| ------------------------
------------------------------------------------------------------------------------------------

Path Group    From Clock    To Clock    
----------    ----------    --------    


------------------------------------------------------------------------------------------------
| Timing Details
| --------------
------------------------------------------------------------------------------------------------


---------------------------------------------------------------------------------------------------
From Clock:  vclk
  To Clock:  vclk

Setup :            5  Failing Endpoints,  Worst Slack       -0.076ns,  Total Violation       -0.209ns
Hold  :           NA  Failing Endpoints,  Worst Slack           NA  ,  Total Violation           NA
PW    :            0  Failing Endpoints,  Worst Slack        1.698ns,  Total Violation        0.000ns
---------------------------------------------------------------------------------------------------


Max Delay Paths
--------------------------------------------------------------------------------------
Slack (VIOLATED) :        -0.076ns  (required time - arrival time)
  Source:                 x[0]
                            (input port clocked by vclk  {rise@0.000ns fall@2.678ns period=5.356ns})
  Destination:            a29_reg[13]/D
                            (rising edge-triggered cell FDRE clocked by vclk  {rise@0.000ns fall@2.678ns period=5.356ns})
  Path Group:             vclk
  Path Type:              Setup (Max at Slow Process Corner)
  Requirement:            5.356ns  (vclk rise@5.356ns - vclk rise@0.000ns)
  Data Path Delay:        6.430ns  (logic 3.425ns (53.270%)  route 3.005ns (46.730%))
  Logic Levels:           9  (CARRY4=6 LUT2=2 LUT3=1)
  Input Delay:            0.000ns
  Clock Path Skew:        0.924ns (DCD - SCD + CPR)
    Destination Clock Delay (DCD):    0.924ns = ( 6.280 - 5.356 ) 
    Source Clock Delay      (SCD):    0.000ns
    Clock Pessimism Removal (CPR):    0.000ns
  Clock Uncertainty:      0.035ns  ((TSJ^2 + TIJ^2)^1/2 + DJ) / 2 + PE
    Total System Jitter     (TSJ):    0.071ns
    Total Input Jitter      (TIJ):    0.000ns
    Discrete Jitter          (DJ):    0.000ns
    Phase Error              (PE):    0.000ns

    Location             Delay type                Incr(ns)  Path(ns)    Netlist Resource(s)
  -------------------------------------------------------------------    -------------------
                         (clock vclk rise edge)       0.000     0.000 r  <hidden>
                         input delay                  0.000     0.000    <hidden>
                                                      0.000     0.000 r  x[0]
                         net (fo=228, unset)          0.973     0.973    x[0]
    SLICE_X33Y57         LUT2 (Prop_lut2_I1_O)        0.124     1.097 r  a29[3]_i_9/O
                         net (fo=1, routed)           0.000     1.097    a29[3]_i_9_n_0
    SLICE_X33Y57         CARRY4 (Prop_carry4_S[1]_CO[3])
                                                      0.550     1.647 r  a29_reg[3]_i_2/CO[3]
                         net (fo=1, routed)           0.000     1.647    a29_reg[3]_i_2_n_0
    SLICE_X33Y58         CARRY4 (Prop_carry4_CI_O[1])
                                                      0.334     1.981 r  a29_reg[11]_i_16/O[1]
                         net (fo=4, routed)           0.830     2.811    a29_reg[11]_i_16_n_6
    SLICE_X33Y60         LUT3 (Prop_lut3_I1_O)        0.331     3.142 r  a29[7]_i_7/O
                         net (fo=1, routed)           0.744     3.886    a29[7]_i_7_n_0
    SLICE_X27Y57         CARRY4 (Prop_carry4_DI[3]_CO[3])
                                                      0.593     4.479 r  a29_reg[7]_i_2/CO[3]
                         net (fo=1, routed)           0.000     4.479    a29_reg[7]_i_2_n_0
    SLICE_X27Y58         CARRY4 (Prop_carry4_CI_O[1])
                                                      0.334     4.813 r  a29_reg[11]_i_2/O[1]
                         net (fo=2, routed)           0.458     5.271    a291[9]
    SLICE_X30Y59         LUT2 (Prop_lut2_I0_O)        0.303     5.574 r  a29[11]_i_5/O
                         net (fo=1, routed)           0.000     5.574    a29[11]_i_5_n_0
    SLICE_X30Y59         CARRY4 (Prop_carry4_S[1]_CO[3])
                                                      0.533     6.107 r  a29_reg[11]_i_1/CO[3]
                         net (fo=1, routed)           0.000     6.107    a29_reg[11]_i_1_n_0
    SLICE_X30Y60         CARRY4 (Prop_carry4_CI_O[1])
                                                      0.323     6.430 r  a29_reg[15]_i_1/O[1]
                         net (fo=1, routed)           0.000     6.430    a290[13]
    SLICE_X30Y60         FDRE                                         r  a29_reg[13]/D
  -------------------------------------------------------------------    -------------------

                         (clock vclk rise edge)       5.356     5.356 r  <hidden>
                                                      0.000     5.356 r  clk
                         net (fo=679, unset)          0.924     6.280    clk
    SLICE_X30Y60         FDRE                                         r  a29_reg[13]/C
                         clock pessimism              0.000     6.280    <hidden>
                         clock uncertainty           -0.035     6.245    <hidden>
    SLICE_X30Y60         FDRE (Setup_fdre_C_D)        0.109     6.354    a29_reg[13]
  -------------------------------------------------------------------
                         required time                          6.354    <hidden>
                         arrival time                          -6.430    <hidden>
  -------------------------------------------------------------------
                         slack                                 -0.076    <hidden>

Slack (VIOLATED) :        -0.074ns  (required time - arrival time)
  Source:                 x[0]
                            (input port clocked by vclk  {rise@0.000ns fall@2.678ns period=5.356ns})
  Destination:            a29_reg[15]/D
                            (rising edge-triggered cell FDRE clocked by vclk  {rise@0.000ns fall@2.678ns period=5.356ns})
  Path Group:             vclk
  Path Type:              Setup (Max at Slow Process Corner)
  Requirement:            5.356ns  (vclk rise@5.356ns - vclk rise@0.000ns)
  Data Path Delay:        6.428ns  (logic 3.254ns (50.625%)  route 3.174ns (49.375%))
  Logic Levels:           8  (CARRY4=5 LUT2=2 LUT3=1)
  Input Delay:            0.000ns
  Clock Path Skew:        0.924ns (DCD - SCD + CPR)
    Destination Clock Delay (DCD):    0.924ns = ( 6.280 - 5.356 ) 
    Source Clock Delay      (SCD):    0.000ns
    Clock Pessimism Removal (CPR):    0.000ns
  Clock Uncertainty:      0.035ns  ((TSJ^2 + TIJ^2)^1/2 + DJ) / 2 + PE
    Total System Jitter     (TSJ):    0.071ns
    Total Input Jitter      (TIJ):    0.000ns
    Discrete Jitter          (DJ):    0.000ns
    Phase Error              (PE):    0.000ns

    Location             Delay type                Incr(ns)  Path(ns)    Netlist Resource(s)
  -------------------------------------------------------------------    -------------------
                         (clock vclk rise edge)       0.000     0.000 r  <hidden>
                         input delay                  0.000     0.000    <hidden>
                                                      0.000     0.000 r  x[0]
                         net (fo=228, unset)          0.973     0.973    x[0]
    SLICE_X33Y57         LUT2 (Prop_lut2_I1_O)        0.124     1.097 r  a29[3]_i_9/O
                         net (fo=1, routed)           0.000     1.097    a29[3]_i_9_n_0
    SLICE_X33Y57         CARRY4 (Prop_carry4_S[1]_CO[3])
                                                      0.550     1.647 r  a29_reg[3]_i_2/CO[3]
                         net (fo=1, routed)           0.000     1.647    a29_reg[3]_i_2_n_0
    SLICE_X33Y58         CARRY4 (Prop_carry4_CI_O[2])
                                                      0.239     1.886 r  a29_reg[11]_i_16/O[2]
                         net (fo=3, routed)           1.007     2.893    a29_reg[11]_i_16_n_5
    SLICE_X33Y60         LUT3 (Prop_lut3_I1_O)        0.332     3.225 r  a29[11]_i_10/O
                         net (fo=1, routed)           0.736     3.961    a29[11]_i_10_n_0
    SLICE_X27Y58         CARRY4 (Prop_carry4_DI[0]_CO[3])
                                                      0.729     4.690 r  a29_reg[11]_i_2/CO[3]
                         net (fo=1, routed)           0.000     4.690    a29_reg[11]_i_2_n_0
    SLICE_X27Y59         CARRY4 (Prop_carry4_CI_O[1])
                                                      0.334     5.024 r  a29_reg[15]_i_2/O[1]
                         net (fo=2, routed)           0.458     5.482    a291[13]
    SLICE_X30Y60         LUT2 (Prop_lut2_I0_O)        0.303     5.785 r  a29[15]_i_3/O
                         net (fo=1, routed)           0.000     5.785    a29[15]_i_3_n_0
    SLICE_X30Y60         CARRY4 (Prop_carry4_S[1]_O[3])
                                                      0.643     6.428 r  a29_reg[15]_i_1/O[3]
                         net (fo=1, routed)           0.000     6.428    a290[15]
    SLICE_X30Y60         FDRE                                         r  a29_reg[15]/D
  -------------------------------------------------------------------    -------------------

                         (clock vclk rise edge)       5.356     5.356 r  <hidden>
                                                      0.000     5.356 r  clk
                         net (fo=679, unset)          0.924     6.280    clk
    SLICE_X30Y60         FDRE                                         r  a29_reg[15]/C
                         clock pessimism              0.000     6.280    <hidden>
                         clock uncertainty           -0.035     6.245    <hidden>
    SLICE_X30Y60         FDRE (Setup_fdre_C_D)        0.109     6.354    a29_reg[15]
  -------------------------------------------------------------------
                         required time                          6.354    <hidden>
                         arrival time                          -6.428    <hidden>
  -------------------------------------------------------------------
                         slack                                 -0.074    <hidden>

Slack (VIOLATED) :        -0.036ns  (required time - arrival time)
  Source:                 x[1]
                            (input port clocked by vclk  {rise@0.000ns fall@2.678ns period=5.356ns})
  Destination:            a17_reg[13]/D
                            (rising edge-triggered cell FDRE clocked by vclk  {rise@0.000ns fall@2.678ns period=5.356ns})
  Path Group:             vclk
  Path Type:              Setup (Max at Slow Process Corner)
  Requirement:            5.356ns  (vclk rise@5.356ns - vclk rise@0.000ns)
  Data Path Delay:        6.343ns  (logic 3.002ns (47.326%)  route 3.341ns (52.674%))
  Logic Levels:           8  (CARRY4=5 LUT1=1 LUT2=1 LUT3=1)
  Input Delay:            0.000ns
  Clock Path Skew:        0.924ns (DCD - SCD + CPR)
    Destination Clock Delay (DCD):    0.924ns = ( 6.280 - 5.356 ) 
    Source Clock Delay      (SCD):    0.000ns
    Clock Pessimism Removal (CPR):    0.000ns
  Clock Uncertainty:      0.035ns  ((TSJ^2 + TIJ^2)^1/2 + DJ) / 2 + PE
    Total System Jitter     (TSJ):    0.071ns
    Total Input Jitter      (TIJ):    0.000ns
    Discrete Jitter          (DJ):    0.000ns
    Phase Error              (PE):    0.000ns

    Location             Delay type                Incr(ns)  Path(ns)    Netlist Resource(s)
  -------------------------------------------------------------------    -------------------
                         (clock vclk rise edge)       0.000     0.000 r  <hidden>
                         input delay                  0.000     0.000    <hidden>
                                                      0.000     0.000 f  x[1]
                         net (fo=179, unset)          0.973     0.973    x[1]
    SLICE_X30Y64         LUT1 (Prop_lut1_I0_O)        0.124     1.097 r  a17[3]_i_9/O
                         net (fo=1, routed)           0.000     1.097    a17[3]_i_9_n_0
    SLICE_X30Y64         CARRY4 (Prop_carry4_S[1]_CO[3])
                                                      0.533     1.630 r  a17_reg[3]_i_2/CO[3]
                         net (fo=1, routed)           0.000     1.630    a17_reg[3]_i_2_n_0
    SLICE_X30Y65         CARRY4 (Prop_carry4_CI_O[3])
                                                      0.315     1.945 r  a17_reg[11]_i_15/O[3]
                         net (fo=3, routed)           1.126     3.071    a17_reg[11]_i_15_n_4
    SLICE_X33Y60         LUT3 (Prop_lut3_I1_O)        0.307     3.378 r  a17[11]_i_9/O
                         net (fo=1, routed)           0.768     4.146    a17[11]_i_9_n_0
    SLICE_X28Y67         CARRY4 (Prop_carry4_DI[1]_O[2])
                                                      0.537     4.683 r  a17_reg[11]_i_2/O[2]
                         net (fo=2, routed)           0.474     5.157    a171[9]
    SLICE_X27Y68         LUT2 (Prop_lut2_I0_O)        0.302     5.459 r  a17[11]_i_5/O
                         net (fo=1, routed)           0.000     5.459    a17[11]_i_5_n_0
    SLICE_X27Y68         CARRY4 (Prop_carry4_S[1]_CO[3])
                                                      0.550     6.009 r  a17_reg[11]_i_1/CO[3]
                         net (fo=1, routed)           0.000     6.009    a17_reg[11]_i_1_n_0
    SLICE_X27Y69         CARRY4 (Prop_carry4_CI_O[1])
                                                      0.334     6.343 r  a17_reg[15]_i_1/O[1]
                         net (fo=1, routed)           0.000     6.343    a170[13]
    SLICE_X27Y69         FDRE                                         r  a17_reg[13]/D
  -------------------------------------------------------------------    -------------------

                         (clock vclk rise edge)       5.356     5.356 r  <hidden>
                                                      0.000     5.356 r  clk
                         net (fo=679, unset)          0.924     6.280    clk
    SLICE_X27Y69         FDRE                                         r  a17_reg[13]/C
                         clock pessimism              0.000     6.280    <hidden>
                         clock uncertainty           -0.035     6.245    <hidden>
    SLICE_X27Y69         FDRE (Setup_fdre_C_D)        0.062     6.307    a17_reg[13]
  -------------------------------------------------------------------
                         required time                          6.307    <hidden>
                         arrival time                          -6.343    <hidden>
  -------------------------------------------------------------------
                         slack                                 -0.036    <hidden>

Slack (VIOLATED) :        -0.015ns  (required time - arrival time)
  Source:                 x[1]
                            (input port clocked by vclk  {rise@0.000ns fall@2.678ns period=5.356ns})
  Destination:            a17_reg[15]/D
                            (rising edge-triggered cell FDRE clocked by vclk  {rise@0.000ns fall@2.678ns period=5.356ns})
  Path Group:             vclk
  Path Type:              Setup (Max at Slow Process Corner)
  Requirement:            5.356ns  (vclk rise@5.356ns - vclk rise@0.000ns)
  Data Path Delay:        6.322ns  (logic 2.981ns (47.151%)  route 3.341ns (52.849%))
  Logic Levels:           8  (CARRY4=5 LUT1=1 LUT2=1 LUT3=1)
  Input Delay:            0.000ns
  Clock Path Skew:        0.924ns (DCD - SCD + CPR)
    Destination Clock Delay (DCD):    0.924ns = ( 6.280 - 5.356 ) 
    Source Clock Delay      (SCD):    0.000ns
    Clock Pessimism Removal (CPR):    0.000ns
  Clock Uncertainty:      0.035ns  ((TSJ^2 + TIJ^2)^1/2 + DJ) / 2 + PE
    Total System Jitter     (TSJ):    0.071ns
    Total Input Jitter      (TIJ):    0.000ns
    Discrete Jitter          (DJ):    0.000ns
    Phase Error              (PE):    0.000ns

    Location             Delay type                Incr(ns)  Path(ns)    Netlist Resource(s)
  -------------------------------------------------------------------    -------------------
                         (clock vclk rise edge)       0.000     0.000 r  <hidden>
                         input delay                  0.000     0.000    <hidden>
                                                      0.000     0.000 f  x[1]
                         net (fo=179, unset)          0.973     0.973    x[1]
    SLICE_X30Y64         LUT1 (Prop_lut1_I0_O)        0.124     1.097 r  a17[3]_i_9/O
                         net (fo=1, routed)           0.000     1.097    a17[3]_i_9_n_0
    SLICE_X30Y64         CARRY4 (Prop_carry4_S[1]_CO[3])
                                                      0.533     1.630 r  a17_reg[3]_i_2/CO[3]
                         net (fo=1, routed)           0.000     1.630    a17_reg[3]_i_2_n_0
    SLICE_X30Y65         CARRY4 (Prop_carry4_CI_O[3])
                                                      0.315     1.945 r  a17_reg[11]_i_15/O[3]
                         net (fo=3, routed)           1.126     3.071    a17_reg[11]_i_15_n_4
    SLICE_X33Y60         LUT3 (Prop_lut3_I1_O)        0.307     3.378 r  a17[11]_i_9/O
                         net (fo=1, routed)           0.768     4.146    a17[11]_i_9_n_0
    SLICE_X28Y67         CARRY4 (Prop_carry4_DI[1]_O[2])
                                                      0.537     4.683 r  a17_reg[11]_i_2/O[2]
                         net (fo=2, routed)           0.474     5.157    a171[9]
    SLICE_X27Y68         LUT2 (Prop_lut2_I0_O)        0.302     5.459 r  a17[11]_i_5/O
                         net (fo=1, routed)           0.000     5.459    a17[11]_i_5_n_0
    SLICE_X27Y68         CARRY4 (Prop_carry4_S[1]_CO[3])
                                                      0.550     6.009 r  a17_reg[11]_i_1/CO[3]
                         net (fo=1, routed)           0.000     6.009    a17_reg[11]_i_1_n_0
    SLICE_X27Y69         CARRY4 (Prop_carry4_CI_O[3])
                                                      0.313     6.322 r  a17_reg[15]_i_1/O[3]
                         net (fo=1, routed)           0.000     6.322    a170[15]
    SLICE_X27Y69         FDRE                                         r  a17_reg[15]/D
  -------------------------------------------------------------------    -------------------

                         (clock vclk rise edge)       5.356     5.356 r  <hidden>
                                                      0.000     5.356 r  clk
                         net (fo=679, unset)          0.924     6.280    clk
    SLICE_X27Y69         FDRE                                         r  a17_reg[15]/C
                         clock pessimism              0.000     6.280    <hidden>
                         clock uncertainty           -0.035     6.245    <hidden>
    SLICE_X27Y69         FDRE (Setup_fdre_C_D)        0.062     6.307    a17_reg[15]
  -------------------------------------------------------------------
                         required time                          6.307    <hidden>
                         arrival time                          -6.322    <hidden>
  -------------------------------------------------------------------
                         slack                                 -0.015    <hidden>

Slack (VIOLATED) :        -0.009ns  (required time - arrival time)
  Source:                 x[0]
                            (input port clocked by vclk  {rise@0.000ns fall@2.678ns period=5.356ns})
  Destination:            a29_reg[14]/D
                            (rising edge-triggered cell FDRE clocked by vclk  {rise@0.000ns fall@2.678ns period=5.356ns})
  Path Group:             vclk
  Path Type:              Setup (Max at Slow Process Corner)
  Requirement:            5.356ns  (vclk rise@5.356ns - vclk rise@0.000ns)
  Data Path Delay:        6.363ns  (logic 3.189ns (50.121%)  route 3.174ns (49.879%))
  Logic Levels:           8  (CARRY4=5 LUT2=2 LUT3=1)
  Input Delay:            0.000ns
  Clock Path Skew:        0.924ns (DCD - SCD + CPR)
    Destination Clock Delay (DCD):    0.924ns = ( 6.280 - 5.356 ) 
    Source Clock Delay      (SCD):    0.000ns
    Clock Pessimism Removal (CPR):    0.000ns
  Clock Uncertainty:      0.035ns  ((TSJ^2 + TIJ^2)^1/2 + DJ) / 2 + PE
    Total System Jitter     (TSJ):    0.071ns
    Total Input Jitter      (TIJ):    0.000ns
    Discrete Jitter          (DJ):    0.000ns
    Phase Error              (PE):    0.000ns

    Location             Delay type                Incr(ns)  Path(ns)    Netlist Resource(s)
  -------------------------------------------------------------------    -------------------
                         (clock vclk rise edge)       0.000     0.000 r  <hidden>
                         input delay                  0.000     0.000    <hidden>
                                                      0.000     0.000 r  x[0]
                         net (fo=228, unset)          0.973     0.973    x[0]
    SLICE_X33Y57         LUT2 (Prop_lut2_I1_O)        0.124     1.097 r  a29[3]_i_9/O
                         net (fo=1, routed)           0.000     1.097    a29[3]_i_9_n_0
    SLICE_X33Y57         CARRY4 (Prop_carry4_S[1]_CO[3])
                                                      0.550     1.647 r  a29_reg[3]_i_2/CO[3]
                         net (fo=1, routed)           0.000     1.647    a29_reg[3]_i_2_n_0
    SLICE_X33Y58         CARRY4 (Prop_carry4_CI_O[2])
                                                      0.239     1.886 r  a29_reg[11]_i_16/O[2]
                         net (fo=3, routed)           1.007     2.893    a29_reg[11]_i_16_n_5
    SLICE_X33Y60         LUT3 (Prop_lut3_I1_O)        0.332     3.225 r  a29[11]_i_10/O
                         net (fo=1, routed)           0.736     3.961    a29[11]_i_10_n_0
    SLICE_X27Y58         CARRY4 (Prop_carry4_DI[0]_CO[3])
                                                      0.729     4.690 r  a29_reg[11]_i_2/CO[3]
                         net (fo=1, routed)           0.000     4.690    a29_reg[11]_i_2_n_0
    SLICE_X27Y59         CARRY4 (Prop_carry4_CI_O[1])
                                                      0.334     5.024 r  a29_reg[15]_i_2/O[1]
                         net (fo=2, routed)           0.458     5.482    a291[13]
    SLICE_X30Y60         LUT2 (Prop_lut2_I0_O)        0.303     5.785 r  a29[15]_i_3/O
                         net (fo=1, routed)           0.000     5.785    a29[15]_i_3_n_0
    SLICE_X30Y60         CARRY4 (Prop_carry4_S[1]_O[2])
                                                      0.578     6.363 r  a29_reg[15]_i_1/O[2]
                         net (fo=1, routed)           0.000     6.363    a290[14]
    SLICE_X30Y60         FDRE                                         r  a29_reg[14]/D
  -------------------------------------------------------------------    -------------------

                         (clock vclk rise edge)       5.356     5.356 r  <hidden>
                                                      0.000     5.356 r  clk
                         net (fo=679, unset)          0.924     6.280    clk
    SLICE_X30Y60         FDRE                                         r  a29_reg[14]/C
                         clock pessimism              0.000     6.280    <hidden>
                         clock uncertainty           -0.035     6.245    <hidden>
    SLICE_X30Y60         FDRE (Setup_fdre_C_D)        0.109     6.354    a29_reg[14]
  -------------------------------------------------------------------
                         required time                          6.354    <hidden>
                         arrival time                          -6.363    <hidden>
  -------------------------------------------------------------------
                         slack                                 -0.009    <hidden>

Slack (MET) :             0.028ns  (required time - arrival time)
  Source:                 x[0]
                            (input port clocked by vclk  {rise@0.000ns fall@2.678ns period=5.356ns})
  Destination:            a29_reg[12]/D
                            (rising edge-triggered cell FDRE clocked by vclk  {rise@0.000ns fall@2.678ns period=5.356ns})
  Path Group:             vclk
  Path Type:              Setup (Max at Slow Process Corner)
  Requirement:            5.356ns  (vclk rise@5.356ns - vclk rise@0.000ns)
  Data Path Delay:        6.326ns  (logic 3.321ns (52.501%)  route 3.005ns (47.499%))
  Logic Levels:           9  (CARRY4=6 LUT2=2 LUT3=1)
  Input Delay:            0.000ns
  Clock Path Skew:        0.924ns (DCD - SCD + CPR)
    Destination Clock Delay (DCD):    0.924ns = ( 6.280 - 5.356 ) 
    Source Clock Delay      (SCD):    0.000ns
    Clock Pessimism Removal (CPR):    0.000ns
  Clock Uncertainty:      0.035ns  ((TSJ^2 + TIJ^2)^1/2 + DJ) / 2 + PE
    Total System Jitter     (TSJ):    0.071ns
    Total Input Jitter      (TIJ):    0.000ns
    Discrete Jitter          (DJ):    0.000ns
    Phase Error              (PE):    0.000ns

    Location             Delay type                Incr(ns)  Path(ns)    Netlist Resource(s)
  -------------------------------------------------------------------    -------------------
                         (clock vclk rise edge)       0.000     0.000 r  <hidden>
                         input delay                  0.000     0.000    <hidden>
                                                      0.000     0.000 r  x[0]
                         net (fo=228, unset)          0.973     0.973    x[0]
    SLICE_X33Y57         LUT2 (Prop_lut2_I1_O)        0.124     1.097 r  a29[3]_i_9/O
                         net (fo=1, routed)           0.000     1.097    a29[3]_i_9_n_0
    SLICE_X33Y57         CARRY4 (Prop_carry4_S[1]_CO[3])
                                                      0.550     1.647 r  a29_reg[3]_i_2/CO[3]
                         net (fo=1, routed)           0.000     1.647    a29_reg[3]_i_2_n_0
    SLICE_X33Y58         CARRY4 (Prop_carry4_CI_O[1])
                                                      0.334     1.981 r  a29_reg[11]_i_16/O[1]
                         net (fo=4, routed)           0.830     2.811    a29_reg[11]_i_16_n_6
    SLICE_X33Y60         LUT3 (Prop_lut3_I1_O)        0.331     3.142 r  a29[7]_i_7/O
                         net (fo=1, routed)           0.744     3.886    a29[7]_i_7_n_0
    SLICE_X27Y57         CARRY4 (Prop_carry4_DI[3]_CO[3])
                                                      0.593     4.479 r  a29_reg[7]_i_2/CO[3]
                         net (fo=1, routed)           0.000     4.479    a29_reg[7]_i_2_n_0
    SLICE_X27Y58         CARRY4 (Prop_carry4_CI_O[1])
                                                      0.334     4.813 r  a29_reg[11]_i_2/O[1]
                         net (fo=2, routed)           0.458     5.271    a291[9]
    SLICE_X30Y59         LUT2 (Prop_lut2_I0_O)        0.303     5.574 r  a29[11]_i_5/O
                         net (fo=1, routed)           0.000     5.574    a29[11]_i_5_n_0
    SLICE_X30Y59         CARRY4 (Prop_carry4_S[1]_CO[3])
                                                      0.533     6.107 r  a29_reg[11]_i_1/CO[3]
                         net (fo=1, routed)           0.000     6.107    a29_reg[11]_i_1_n_0
    SLICE_X30Y60         CARRY4 (Prop_carry4_CI_O[0])
                                                      0.219     6.326 r  a29_reg[15]_i_1/O[0]
                         net (fo=1, routed)           0.000     6.326    a290[12]
    SLICE_X30Y60         FDRE                                         r  a29_reg[12]/D
  -------------------------------------------------------------------    -------------------

                         (clock vclk rise edge)       5.356     5.356 r  <hidden>
                                                      0.000     5.356 r  clk
                         net (fo=679, unset)          0.924     6.280    clk
    SLICE_X30Y60         FDRE                                         r  a29_reg[12]/C
                         clock pessimism              0.000     6.280    <hidden>
                         clock uncertainty           -0.035     6.245    <hidden>
    SLICE_X30Y60         FDRE (Setup_fdre_C_D)        0.109     6.354    a29_reg[12]
  -------------------------------------------------------------------
                         required time                          6.354    <hidden>
                         arrival time                          -6.326    <hidden>
  -------------------------------------------------------------------
                         slack                                  0.028    <hidden>

Slack (MET) :             0.030ns  (required time - arrival time)
  Source:                 x[0]
                            (input port clocked by vclk  {rise@0.000ns fall@2.678ns period=5.356ns})
  Destination:            a36_reg[13]/D
                            (rising edge-triggered cell FDRE clocked by vclk  {rise@0.000ns fall@2.678ns period=5.356ns})
  Path Group:             vclk
  Path Type:              Setup (Max at Slow Process Corner)
  Requirement:            5.356ns  (vclk rise@5.356ns - vclk rise@0.000ns)
  Data Path Delay:        6.277ns  (logic 3.194ns (50.883%)  route 3.083ns (49.117%))
  Logic Levels:           9  (CARRY4=6 LUT2=2 LUT3=1)
  Input Delay:            0.000ns
  Clock Path Skew:        0.924ns (DCD - SCD + CPR)
    Destination Clock Delay (DCD):    0.924ns = ( 6.280 - 5.356 ) 
    Source Clock Delay      (SCD):    0.000ns
    Clock Pessimism Removal (CPR):    0.000ns
  Clock Uncertainty:      0.035ns  ((TSJ^2 + TIJ^2)^1/2 + DJ) / 2 + PE
    Total System Jitter     (TSJ):    0.071ns
    Total Input Jitter      (TIJ):    0.000ns
    Discrete Jitter          (DJ):    0.000ns
    Phase Error              (PE):    0.000ns

    Location             Delay type                Incr(ns)  Path(ns)    Netlist Resource(s)
  -------------------------------------------------------------------    -------------------
                         (clock vclk rise edge)       0.000     0.000 r  <hidden>
                         input delay                  0.000     0.000    <hidden>
                                                      0.000     0.000 r  x[0]
                         net (fo=228, unset)          0.973     0.973    x[0]
    SLICE_X38Y59         LUT2 (Prop_lut2_I1_O)        0.124     1.097 r  a36[3]_i_9/O
                         net (fo=1, routed)           0.000     1.097    a36[3]_i_9_n_0
    SLICE_X38Y59         CARRY4 (Prop_carry4_S[1]_CO[3])
                                                      0.533     1.630 r  a36_reg[3]_i_2/CO[3]
                         net (fo=1, routed)           0.000     1.630    a36_reg[3]_i_2_n_0
    SLICE_X38Y60         CARRY4 (Prop_carry4_CI_O[2])
                                                      0.239     1.869 r  a36_reg[11]_i_15/O[2]
                         net (fo=3, routed)           0.979     2.848    a36_reg[11]_i_15_n_5
    SLICE_X35Y60         LUT3 (Prop_lut3_I1_O)        0.327     3.175 r  a36[11]_i_9/O
                         net (fo=1, routed)           0.628     3.804    a36[11]_i_9_n_0
    SLICE_X39Y62         CARRY4 (Prop_carry4_DI[1]_CO[3])
                                                      0.715     4.519 r  a36_reg[11]_i_2/CO[3]
                         net (fo=1, routed)           0.000     4.519    a36_reg[11]_i_2_n_0
    SLICE_X39Y63         CARRY4 (Prop_carry4_CI_O[0])
                                                      0.222     4.741 r  a36_reg[15]_i_2/O[0]
                         net (fo=4, routed)           0.503     5.243    a231[11]
    SLICE_X40Y61         LUT2 (Prop_lut2_I0_O)        0.299     5.542 r  a36[11]_i_3/O
                         net (fo=1, routed)           0.000     5.542    a36[11]_i_3_n_0
    SLICE_X40Y61         CARRY4 (Prop_carry4_S[3]_CO[3])
                                                      0.401     5.943 r  a36_reg[11]_i_1/CO[3]
                         net (fo=1, routed)           0.000     5.943    a36_reg[11]_i_1_n_0
    SLICE_X40Y62         CARRY4 (Prop_carry4_CI_O[1])
                                                      0.334     6.277 r  a36_reg[15]_i_1/O[1]
                         net (fo=1, routed)           0.000     6.277    a360[13]
    SLICE_X40Y62         FDRE                                         r  a36_reg[13]/D
  -------------------------------------------------------------------    -------------------

                         (clock vclk rise edge)       5.356     5.356 r  <hidden>
                                                      0.000     5.356 r  clk
                         net (fo=679, unset)          0.924     6.280    clk
    SLICE_X40Y62         FDRE                                         r  a36_reg[13]/C
                         clock pessimism              0.000     6.280    <hidden>
                         clock uncertainty           -0.035     6.245    <hidden>
    SLICE_X40Y62         FDRE (Setup_fdre_C_D)        0.062     6.307    a36_reg[13]
  -------------------------------------------------------------------
                         required time                          6.307    <hidden>
                         arrival time                          -6.277    <hidden>
  -------------------------------------------------------------------
                         slack                                  0.030    <hidden>

Slack (MET) :             0.046ns  (required time - arrival time)
  Source:                 x[0]
                            (input port clocked by vclk  {rise@0.000ns fall@2.678ns period=5.356ns})
  Destination:            a36_reg[15]/D
                            (rising edge-triggered cell FDRE clocked by vclk  {rise@0.000ns fall@2.678ns period=5.356ns})
  Path Group:             vclk
  Path Type:              Setup (Max at Slow Process Corner)
  Requirement:            5.356ns  (vclk rise@5.356ns - vclk rise@0.000ns)
  Data Path Delay:        6.261ns  (logic 3.181ns (50.811%)  route 3.080ns (49.189%))
  Logic Levels:           8  (CARRY4=5 LUT2=2 LUT3=1)
  Input Delay:            0.000ns
  Clock Path Skew:        0.924ns (DCD - SCD + CPR)
    Destination Clock Delay (DCD):    0.924ns = ( 6.280 - 5.356 ) 
    Source Clock Delay      (SCD):    0.000ns
    Clock Pessimism Removal (CPR):    0.000ns
  Clock Uncertainty:      0.035ns  ((TSJ^2 + TIJ^2)^1/2 + DJ) / 2 + PE
    Total System Jitter     (TSJ):    0.071ns
    Total Input Jitter      (TIJ):    0.000ns
    Discrete Jitter          (DJ):    0.000ns
    Phase Error              (PE):    0.000ns

    Location             Delay type                Incr(ns)  Path(ns)    Netlist Resource(s)
  -------------------------------------------------------------------    -------------------
                         (clock vclk rise edge)       0.000     0.000 r  <hidden>
                         input delay                  0.000     0.000    <hidden>
                                                      0.000     0.000 r  x[0]
                         net (fo=228, unset)          0.973     0.973    x[0]
    SLICE_X38Y59         LUT2 (Prop_lut2_I1_O)        0.124     1.097 r  a36[3]_i_9/O
                         net (fo=1, routed)           0.000     1.097    a36[3]_i_9_n_0
    SLICE_X38Y59         CARRY4 (Prop_carry4_S[1]_CO[3])
                                                      0.533     1.630 r  a36_reg[3]_i_2/CO[3]
                         net (fo=1, routed)           0.000     1.630    a36_reg[3]_i_2_n_0
    SLICE_X38Y60         CARRY4 (Prop_carry4_CI_O[2])
                                                      0.239     1.869 r  a36_reg[11]_i_15/O[2]
                         net (fo=3, routed)           0.979     2.848    a36_reg[11]_i_15_n_5
    SLICE_X35Y60         LUT3 (Prop_lut3_I1_O)        0.327     3.175 r  a36[11]_i_9/O
                         net (fo=1, routed)           0.628     3.804    a36[11]_i_9_n_0
    SLICE_X39Y62         CARRY4 (Prop_carry4_DI[1]_CO[3])
                                                      0.715     4.519 r  a36_reg[11]_i_2/CO[3]
                         net (fo=1, routed)           0.000     4.519    a36_reg[11]_i_2_n_0
    SLICE_X39Y63         CARRY4 (Prop_carry4_CI_O[1])
                                                      0.334     4.853 r  a36_reg[15]_i_2/O[1]
                         net (fo=4, routed)           0.499     5.352    a231[12]
    SLICE_X40Y62         LUT2 (Prop_lut2_I0_O)        0.303     5.655 r  a36[15]_i_3/O
                         net (fo=1, routed)           0.000     5.655    a36[15]_i_3_n_0
    SLICE_X40Y62         CARRY4 (Prop_carry4_S[0]_O[3])
                                                      0.606     6.261 r  a36_reg[15]_i_1/O[3]
                         net (fo=1, routed)           0.000     6.261    a360[15]
    SLICE_X40Y62         FDRE                                         r  a36_reg[15]/D
  -------------------------------------------------------------------    -------------------

                         (clock vclk rise edge)       5.356     5.356 r  <hidden>
                                                      0.000     5.356 r  clk
                         net (fo=679, unset)          0.924     6.280    clk
    SLICE_X40Y62         FDRE                                         r  a36_reg[15]/C
                         clock pessimism              0.000     6.280    <hidden>
                         clock uncertainty           -0.035     6.245    <hidden>
    SLICE_X40Y62         FDRE (Setup_fdre_C_D)        0.062     6.307    a36_reg[15]
  -------------------------------------------------------------------
                         required time                          6.307    <hidden>
                         arrival time                          -6.261    <hidden>
  -------------------------------------------------------------------
                         slack                                  0.046    <hidden>

Slack (MET) :             0.059ns  (required time - arrival time)
  Source:                 x[1]
                            (input port clocked by vclk  {rise@0.000ns fall@2.678ns period=5.356ns})
  Destination:            a17_reg[14]/D
                            (rising edge-triggered cell FDRE clocked by vclk  {rise@0.000ns fall@2.678ns period=5.356ns})
  Path Group:             vclk
  Path Type:              Setup (Max at Slow Process Corner)
  Requirement:            5.356ns  (vclk rise@5.356ns - vclk rise@0.000ns)
  Data Path Delay:        6.248ns  (logic 2.907ns (46.526%)  route 3.341ns (53.474%))
  Logic Levels:           8  (CARRY4=5 LUT1=1 LUT2=1 LUT3=1)
  Input Delay:            0.000ns
  Clock Path Skew:        0.924ns (DCD - SCD + CPR)
    Destination Clock Delay (DCD):    0.924ns = ( 6.280 - 5.356 ) 
    Source Clock Delay      (SCD):    0.000ns
    Clock Pessimism Removal (CPR):    0.000ns
  Clock Uncertainty:      0.035ns  ((TSJ^2 + TIJ^2)^1/2 + DJ) / 2 + PE
    Total System Jitter     (TSJ):    0.071ns
    Total Input Jitter      (TIJ):    0.000ns
    Discrete Jitter          (DJ):    0.000ns
    Phase Error              (PE):    0.000ns

    Location             Delay type                Incr(ns)  Path(ns)    Netlist Resource(s)
  -------------------------------------------------------------------    -------------------
                         (clock vclk rise edge)       0.000     0.000 r  <hidden>
                         input delay                  0.000     0.000    <hidden>
                                                      0.000     0.000 f  x[1]
                         net (fo=179, unset)          0.973     0.973    x[1]
    SLICE_X30Y64         LUT1 (Prop_lut1_I0_O)        0.124     1.097 r  a17[3]_i_9/O
                         net (fo=1, routed)           0.000     1.097    a17[3]_i_9_n_0
    SLICE_X30Y64         CARRY4 (Prop_carry4_S[1]_CO[3])
                                                      0.533     1.630 r  a17_reg[3]_i_2/CO[3]
                         net (fo=1, routed)           0.000     1.630    a17_reg[3]_i_2_n_0
    SLICE_X30Y65         CARRY4 (Prop_carry4_CI_O[3])
                                                      0.315     1.945 r  a17_reg[11]_i_15/O[3]
                         net (fo=3, routed)           1.126     3.071    a17_reg[11]_i_15_n_4
    SLICE_X33Y60         LUT3 (Prop_lut3_I1_O)        0.307     3.378 r  a17[11]_i_9/O
                         net (fo=1, routed)           0.768     4.146    a17[11]_i_9_n_0
    SLICE_X28Y67         CARRY4 (Prop_carry4_DI[1]_O[2])
                                                      0.537     4.683 r  a17_reg[11]_i_2/O[2]
                         net (fo=2, routed)           0.474     5.157    a171[9]
    SLICE_X27Y68         LUT2 (Prop_lut2_I0_O)        0.302     5.459 r  a17[11]_i_5/O
                         net (fo=1, routed)           0.000     5.459    a17[11]_i_5_n_0
    SLICE_X27Y68         CARRY4 (Prop_carry4_S[1]_CO[3])
                                                      0.550     6.009 r  a17_reg[11]_i_1/CO[3]
                         net (fo=1, routed)           0.000     6.009    a17_reg[11]_i_1_n_0
    SLICE_X27Y69         CARRY4 (Prop_carry4_CI_O[2])
                                                      0.239     6.248 r  a17_reg[15]_i_1/O[2]
                         net (fo=1, routed)           0.000     6.248    a170[14]
    SLICE_X27Y69         FDRE                                         r  a17_reg[14]/D
  -------------------------------------------------------------------    -------------------

                         (clock vclk rise edge)       5.356     5.356 r  <hidden>
                                                      0.000     5.356 r  clk
                         net (fo=679, unset)          0.924     6.280    clk
    SLICE_X27Y69         FDRE                                         r  a17_reg[14]/C
                         clock pessimism              0.000     6.280    <hidden>
                         clock uncertainty           -0.035     6.245    <hidden>
    SLICE_X27Y69         FDRE (Setup_fdre_C_D)        0.062     6.307    a17_reg[14]
  -------------------------------------------------------------------
                         required time                          6.307    <hidden>
                         arrival time                          -6.248    <hidden>
  -------------------------------------------------------------------
                         slack                                  0.059    <hidden>

Slack (MET) :             0.061ns  (required time - arrival time)
  Source:                 x[1]
                            (input port clocked by vclk  {rise@0.000ns fall@2.678ns period=5.356ns})
  Destination:            a3_reg[13]/D
                            (rising edge-triggered cell FDRE clocked by vclk  {rise@0.000ns fall@2.678ns period=5.356ns})
  Path Group:             vclk
  Path Type:              Setup (Max at Slow Process Corner)
  Requirement:            5.356ns  (vclk rise@5.356ns - vclk rise@0.000ns)
  Data Path Delay:        6.246ns  (logic 3.377ns (54.069%)  route 2.869ns (45.931%))
  Logic Levels:           10  (CARRY4=6 LUT1=1 LUT2=1 LUT3=1 LUT4=1)
  Input Delay:            0.000ns
  Clock Path Skew:        0.924ns (DCD - SCD + CPR)
    Destination Clock Delay (DCD):    0.924ns = ( 6.280 - 5.356 ) 
    Source Clock Delay      (SCD):    0.000ns
    Clock Pessimism Removal (CPR):    0.000ns
  Clock Uncertainty:      0.035ns  ((TSJ^2 + TIJ^2)^1/2 + DJ) / 2 + PE
    Total System Jitter     (TSJ):    0.071ns
    Total Input Jitter      (TIJ):    0.000ns
    Discrete Jitter          (DJ):    0.000ns
    Phase Error              (PE):    0.000ns

    Location             Delay type                Incr(ns)  Path(ns)    Netlist Resource(s)
  -------------------------------------------------------------------    -------------------
                         (clock vclk rise edge)       0.000     0.000 r  <hidden>
                         input delay                  0.000     0.000    <hidden>
                                                      0.000     0.000 f  x[1]
                         net (fo=179, unset)          0.973     0.973    x[1]
    SLICE_X50Y67         LUT1 (Prop_lut1_I0_O)        0.124     1.097 r  a3[3]_i_9/O
                         net (fo=1, routed)           0.000     1.097    a3[3]_i_9_n_0
    SLICE_X50Y67         CARRY4 (Prop_carry4_S[1]_CO[3])
                                                      0.533     1.630 r  a3_reg[3]_i_2/CO[3]
                         net (fo=1, routed)           0.000     1.630    a3_reg[3]_i_2_n_0
    SLICE_X50Y68         CARRY4 (Prop_carry4_CI_O[3])
                                                      0.315     1.945 r  a3_reg[11]_i_15/O[3]
                         net (fo=2, routed)           0.831     2.776    a3_reg[11]_i_15_n_4
    SLICE_X49Y68         LUT3 (Prop_lut3_I0_O)        0.335     3.111 r  a3[11]_i_8/O
                         net (fo=2, routed)           0.614     3.725    a3[11]_i_8_n_0
    SLICE_X50Y71         LUT4 (Prop_lut4_I3_O)        0.326     4.051 r  a3[11]_i_12/O
                         net (fo=1, routed)           0.000     4.051    a3[11]_i_12_n_0
    SLICE_X50Y71         CARRY4 (Prop_carry4_S[2]_CO[3])
                                                      0.380     4.431 r  a3_reg[11]_i_2/CO[3]
                         net (fo=1, routed)           0.000     4.431    a3_reg[11]_i_2_n_0
    SLICE_X50Y72         CARRY4 (Prop_carry4_CI_O[1])
                                                      0.323     4.754 r  a3_reg[15]_i_2/O[1]
                         net (fo=2, routed)           0.451     5.205    a31[11]
    SLICE_X49Y72         LUT2 (Prop_lut2_I0_O)        0.306     5.511 r  a3[11]_i_3/O
                         net (fo=1, routed)           0.000     5.511    a3[11]_i_3_n_0
    SLICE_X49Y72         CARRY4 (Prop_carry4_S[3]_CO[3])
                                                      0.401     5.912 r  a3_reg[11]_i_1/CO[3]
                         net (fo=1, routed)           0.000     5.912    a3_reg[11]_i_1_n_0
    SLICE_X49Y73         CARRY4 (Prop_carry4_CI_O[1])
                                                      0.334     6.246 r  a3_reg[15]_i_1/O[1]
                         net (fo=1, routed)           0.000     6.246    a30[13]
    SLICE_X49Y73         FDRE                                         r  a3_reg[13]/D
  -------------------------------------------------------------------    -------------------

                         (clock vclk rise edge)       5.356     5.356 r  <hidden>
                                                      0.000     5.356 r  clk
                         net (fo=679, unset)          0.924     6.280    clk
    SLICE_X49Y73         FDRE                                         r  a3_reg[13]/C
                         clock pessimism              0.000     6.280    <hidden>
                         clock uncertainty           -0.035     6.245    <hidden>
    SLICE_X49Y73         FDRE (Setup_fdre_C_D)        0.062     6.307    a3_reg[13]
  -------------------------------------------------------------------
                         required time                          6.307    <hidden>
                         arrival time                          -6.246    <hidden>
  -------------------------------------------------------------------
                         slack                                  0.061    <hidden>





Pulse Width Checks
--------------------------------------------------------------------------------------
Clock Name:         vclk
Waveform(ns):       { 0.000 2.678 }
Period(ns):         5.356
Sources:            { clk }

Check Type        Corner  Lib Pin     Reference Pin  Required(ns)  Actual(ns)  Slack(ns)  Location      Pin
Min Period        n/a     FDRE/C      n/a            1.000         5.356       4.356      SLICE_X40Y66  a0_reg[0]/C
Min Period        n/a     FDRE/C      n/a            1.000         5.356       4.356      SLICE_X41Y72  a0_reg[10]/C
Min Period        n/a     FDRE/C      n/a            1.000         5.356       4.356      SLICE_X41Y72  a0_reg[11]/C
Min Period        n/a     FDRE/C      n/a            1.000         5.356       4.356      SLICE_X41Y72  a0_reg[12]/C
Min Period        n/a     FDRE/C      n/a            1.000         5.356       4.356      SLICE_X41Y72  a0_reg[13]/C
Min Period        n/a     FDRE/C      n/a            1.000         5.356       4.356      SLICE_X41Y73  a0_reg[14]/C
Min Period        n/a     FDRE/C      n/a            1.000         5.356       4.356      SLICE_X41Y73  a0_reg[15]/C
Min Period        n/a     FDRE/C      n/a            1.000         5.356       4.356      SLICE_X40Y70  a0_reg[1]/C
Min Period        n/a     FDRE/C      n/a            1.000         5.356       4.356      SLICE_X41Y70  a0_reg[2]/C
Min Period        n/a     FDRE/C      n/a            1.000         5.356       4.356      SLICE_X41Y70  a0_reg[3]/C
Low Pulse Width   Slow    SRL16E/CLK  n/a            0.980         2.678       1.698      SLICE_X34Y62  a15_reg[0]_srl2___a22_reg_r/CLK
Low Pulse Width   Fast    SRL16E/CLK  n/a            0.980         2.678       1.698      SLICE_X34Y62  a15_reg[0]_srl2___a22_reg_r/CLK
Low Pulse Width   Slow    SRL16E/CLK  n/a            0.980         2.678       1.698      SLICE_X34Y62  a21_reg[0]_srl3___a21_reg_r/CLK
Low Pulse Width   Fast    SRL16E/CLK  n/a            0.980         2.678       1.698      SLICE_X34Y62  a21_reg[0]_srl3___a21_reg_r/CLK
Low Pulse Width   Slow    SRL16E/CLK  n/a            0.980         2.678       1.698      SLICE_X34Y61  a28_reg[0]_srl2___a22_reg_r/CLK
Low Pulse Width   Fast    SRL16E/CLK  n/a            0.980         2.678       1.698      SLICE_X34Y61  a28_reg[0]_srl2___a22_reg_r/CLK
Low Pulse Width   Slow    SRL16E/CLK  n/a            0.980         2.678       1.698      SLICE_X34Y62  a40_reg[0]_srl2___a22_reg_r/CLK
Low Pulse Width   Fast    SRL16E/CLK  n/a            0.980         2.678       1.698      SLICE_X34Y62  a40_reg[0]_srl2___a22_reg_r/CLK
Low Pulse Width   Slow    SRL16E/CLK  n/a            0.980         2.678       1.698      SLICE_X34Y62  a7_reg[0]_srl3___a21_reg_r/CLK
Low Pulse Width   Fast    SRL16E/CLK  n/a            0.980         2.678       1.698      SLICE_X34Y62  a7_reg[0]_srl3___a21_reg_r/CLK
High Pulse Width  Slow    SRL16E/CLK  n/a            0.980         2.678       1.698      SLICE_X34Y62  a15_reg[0]_srl2___a22_reg_r/CLK
High Pulse Width  Fast    SRL16E/CLK  n/a            0.980         2.678       1.698      SLICE_X34Y62  a15_reg[0]_srl2___a22_reg_r/CLK
High Pulse Width  Slow    SRL16E/CLK  n/a            0.980         2.678       1.698      SLICE_X34Y62  a21_reg[0]_srl3___a21_reg_r/CLK
High Pulse Width  Fast    SRL16E/CLK  n/a            0.980         2.678       1.698      SLICE_X34Y62  a21_reg[0]_srl3___a21_reg_r/CLK
High Pulse Width  Slow    SRL16E/CLK  n/a            0.980         2.678       1.698      SLICE_X34Y61  a28_reg[0]_srl2___a22_reg_r/CLK
High Pulse Width  Fast    SRL16E/CLK  n/a            0.980         2.678       1.698      SLICE_X34Y61  a28_reg[0]_srl2___a22_reg_r/CLK
High Pulse Width  Slow    SRL16E/CLK  n/a            0.980         2.678       1.698      SLICE_X34Y62  a40_reg[0]_srl2___a22_reg_r/CLK
High Pulse Width  Fast    SRL16E/CLK  n/a            0.980         2.678       1.698      SLICE_X34Y62  a40_reg[0]_srl2___a22_reg_r/CLK
High Pulse Width  Slow    SRL16E/CLK  n/a            0.980         2.678       1.698      SLICE_X34Y62  a7_reg[0]_srl3___a21_reg_r/CLK
High Pulse Width  Fast    SRL16E/CLK  n/a            0.980         2.678       1.698      SLICE_X34Y62  a7_reg[0]_srl3___a21_reg_r/CLK



