Copyright 1986-2022 Xilinx, Inc. All Rights Reserved. Copyright 2022-2026 Advanced Micro Devices, Inc. All Rights Reserved.
--------------------------------------------------------------------------------------------------------------------------------------------------------------------------------------------------------------------------------------------------------------------------------------------
| Tool Version : Vivado v.2026.1 (win64) Build 6511674 Tue Jun 16 11:02:23 MDT 2026
| Date         : Sun Aug 30 23:20:37 2026
| Host         : Amine running 64-bit major release  (build 9200)
| Command      : report_timing_summary -delay_type max -max_paths 10 -report_unconstrained -check_timing_verbose -warn_on_violation -file C:/Users/Amine/mas/fpga-repo/timing_closure_candidate_v7/results/c04_firr_rf_firr20_v6/trial_006_search_p2p81140625_a0/reports/timing_summary.rpt
| Design       : rf_s2__firr20_v6__g1
| Device       : 7z020-clg400
| Speed File   : -1  PRODUCTION 1.12 2019-11-22
| Design State : Routed
--------------------------------------------------------------------------------------------------------------------------------------------------------------------------------------------------------------------------------------------------------------------------------------------

Timing Summary Report

------------------------------------------------------------------------------------------------
| Timer Settings
| --------------
------------------------------------------------------------------------------------------------

  Enable Multi Corner Analysis               :  Yes
  Enable Pessimism Removal                   :  Yes
  Pessimism Removal Resolution               :  Nearest Common Node
  Enable Input Delay Default Clock           :  No
  Enable Preset / Clear Arcs                 :  No
  Disable Flight Delays                      :  No
  Ignore I/O Paths                           :  No
  Timing Early Launch at Borrowing Latches   :  No
  Borrow Time for Max Delay Exceptions       :  Yes
  Merge Timing Exceptions                    :  Yes
  Inter-SLR Compensation                     :  Conservative

  Corner  Analyze    Analyze    
  Name    Max Paths  Min Paths  
  ------  ---------  ---------  
  Slow    Yes        Yes        
  Fast    Yes        Yes        


------------------------------------------------------------------------------------------------
| Report Methodology
| ------------------
------------------------------------------------------------------------------------------------

No report available as report_methodology has not been run prior. Run report_methodology on the current design for the summary of methodology violations.



check_timing report

Table of Contents
-----------------
1. checking no_clock (0)
2. checking constant_clock (0)
3. checking pulse_width_clock (0)
4. checking unconstrained_internal_endpoints (0)
5. checking no_input_delay (0)
6. checking no_output_delay (0)
7. checking multiple_clock (0)
8. checking generated_clocks (0)
9. checking loops (0)
10. checking partial_input_delay (0)
11. checking partial_output_delay (0)
12. checking latch_loops (0)

1. checking no_clock (0)
------------------------
 There are 0 register/latch pins with no clock.


2. checking constant_clock (0)
------------------------------
 There are 0 register/latch pins with constant_clock.


3. checking pulse_width_clock (0)
---------------------------------
 There are 0 register/latch pins which need pulse_width check


4. checking unconstrained_internal_endpoints (0)
------------------------------------------------
 There are 0 pins that are not constrained for maximum delay.

 There are 0 pins that are not constrained for maximum delay due to constant clock.


5. checking no_input_delay (0)
------------------------------
 There are 0 input ports with no input delay specified.

 There are 0 input ports with no input delay but user has a false path constraint.


6. checking no_output_delay (0)
-------------------------------
 There are 0 ports with no output delay specified.

 There are 0 ports with no output delay but user has a false path constraint

 There are 0 ports with no output delay but with a timing clock defined on it or propagating through it


7. checking multiple_clock (0)
------------------------------
 There are 0 register/latch pins with multiple clocks.


8. checking generated_clocks (0)
--------------------------------
 There are 0 generated clocks that are not connected to a clock source.


9. checking loops (0)
---------------------
 There are 0 combinational loops in the design.


10. checking partial_input_delay (0)
------------------------------------
 There are 0 input ports with partial input delay specified.


11. checking partial_output_delay (0)
-------------------------------------
 There are 0 ports with partial output delay specified.


12. checking latch_loops (0)
----------------------------
 There are 0 combinational latch loops in the design through latch input



------------------------------------------------------------------------------------------------
| Design Timing Summary
| ---------------------
------------------------------------------------------------------------------------------------

    WNS(ns)      TNS(ns)  TNS Failing Endpoints  TNS Total Endpoints     WPWS(ns)     TPWS(ns)  TPWS Failing Endpoints  TPWS Total Endpoints  
    -------      -------  ---------------------  -------------------     --------     --------  ----------------------  --------------------  
     -0.010       -0.010                      1                  594        0.906        0.000                       0                   290  


Timing constraints are not met.


------------------------------------------------------------------------------------------------
| Clock Summary
| -------------
------------------------------------------------------------------------------------------------

Clock  Waveform(ns)         Period(ns)      Frequency(MHz)
-----  ------------         ----------      --------------
vclk   {0.000 1.406}        2.811           355.745         


------------------------------------------------------------------------------------------------
| Intra Clock Table
| -----------------
------------------------------------------------------------------------------------------------

Clock             WNS(ns)      TNS(ns)  TNS Failing Endpoints  TNS Total Endpoints     WPWS(ns)     TPWS(ns)  TPWS Failing Endpoints  TPWS Total Endpoints  
-----             -------      -------  ---------------------  -------------------     --------     --------  ----------------------  --------------------  
vclk               -0.010       -0.010                      1                  594        0.906        0.000                       0                   290  


------------------------------------------------------------------------------------------------
| Inter Clock Table
| -----------------
------------------------------------------------------------------------------------------------

From Clock    To Clock          WNS(ns)      TNS(ns)  TNS Failing Endpoints  TNS Total Endpoints  
----------    --------          -------      -------  ---------------------  -------------------  


------------------------------------------------------------------------------------------------
| Other Path Groups Table
| -----------------------
------------------------------------------------------------------------------------------------

Path Group    From Clock    To Clock          WNS(ns)      TNS(ns)  TNS Failing Endpoints  TNS Total Endpoints  
----------    ----------    --------          -------      -------  ---------------------  -------------------  


------------------------------------------------------------------------------------------------
| User Ignored Path Table
| -----------------------
------------------------------------------------------------------------------------------------

Path Group    From Clock    To Clock    
----------    ----------    --------    


------------------------------------------------------------------------------------------------
| Unconstrained Path Table
| ------------------------
------------------------------------------------------------------------------------------------

Path Group    From Clock    To Clock    
----------    ----------    --------    


------------------------------------------------------------------------------------------------
| Timing Details
| --------------
------------------------------------------------------------------------------------------------


---------------------------------------------------------------------------------------------------
From Clock:  vclk
  To Clock:  vclk

Setup :            1  Failing Endpoint ,  Worst Slack       -0.010ns,  Total Violation       -0.010ns
Hold  :           NA  Failing Endpoints,  Worst Slack           NA  ,  Total Violation           NA
PW    :            0  Failing Endpoints,  Worst Slack        0.906ns,  Total Violation        0.000ns
---------------------------------------------------------------------------------------------------


Max Delay Paths
--------------------------------------------------------------------------------------
Slack (VIOLATED) :        -0.010ns  (required time - arrival time)
  Source:                 x[0]
                            (input port clocked by vclk  {rise@0.000ns fall@1.406ns period=2.811ns})
  Destination:            a12_reg[15]/D
                            (rising edge-triggered cell FDRE clocked by vclk  {rise@0.000ns fall@1.406ns period=2.811ns})
  Path Group:             vclk
  Path Type:              Setup (Max at Slow Process Corner)
  Requirement:            2.811ns  (vclk rise@2.811ns - vclk rise@0.000ns)
  Data Path Delay:        3.772ns  (logic 2.026ns (53.707%)  route 1.746ns (46.293%))
  Logic Levels:           6  (CARRY4=4 LUT2=1 LUT3=1)
  Input Delay:            0.000ns
  Clock Path Skew:        0.924ns (DCD - SCD + CPR)
    Destination Clock Delay (DCD):    0.924ns = ( 3.735 - 2.811 ) 
    Source Clock Delay      (SCD):    0.000ns
    Clock Pessimism Removal (CPR):    0.000ns
  Clock Uncertainty:      0.035ns  ((TSJ^2 + TIJ^2)^1/2 + DJ) / 2 + PE
    Total System Jitter     (TSJ):    0.071ns
    Total Input Jitter      (TIJ):    0.000ns
    Discrete Jitter          (DJ):    0.000ns
    Phase Error              (PE):    0.000ns

    Location             Delay type                Incr(ns)  Path(ns)    Netlist Resource(s)
  -------------------------------------------------------------------    -------------------
                         (clock vclk rise edge)       0.000     0.000 r  <hidden>
                         input delay                  0.000     0.000    <hidden>
                                                      0.000     0.000 r  x[0]
                         net (fo=81, unset)           0.973     0.973    x[0]
    SLICE_X36Y69         LUT3 (Prop_lut3_I2_O)        0.124     1.097 r  a12[9]_i_7/O
                         net (fo=1, routed)           0.322     1.419    a12[9]_i_7_n_0
    SLICE_X38Y69         CARRY4 (Prop_carry4_DI[3]_CO[3])
                                                      0.396     1.815 r  a12_reg[9]_i_2/CO[3]
                         net (fo=1, routed)           0.000     1.815    a12_reg[9]_i_2_n_0
    SLICE_X38Y70         CARRY4 (Prop_carry4_CI_O[3])
                                                      0.315     2.130 r  a12_reg[13]_i_3/O[3]
                         net (fo=2, routed)           0.452     2.581    a121[11]
    SLICE_X39Y71         LUT2 (Prop_lut2_I0_O)        0.307     2.888 r  a12[13]_i_6/O
                         net (fo=1, routed)           0.000     2.888    a12[13]_i_6_n_0
    SLICE_X39Y71         CARRY4 (Prop_carry4_S[1]_CO[3])
                                                      0.550     3.438 r  a12_reg[13]_i_1/CO[3]
                         net (fo=1, routed)           0.000     3.438    a12_reg[13]_i_1_n_0
    SLICE_X39Y72         CARRY4 (Prop_carry4_CI_O[1])
                                                      0.334     3.772 r  a12_reg[15]_i_1/O[1]
                         net (fo=1, routed)           0.000     3.772    a120[15]
    SLICE_X39Y72         FDRE                                         r  a12_reg[15]/D
  -------------------------------------------------------------------    -------------------

                         (clock vclk rise edge)       2.811     2.811 r  <hidden>
                                                      0.000     2.811 r  clk
                         net (fo=289, unset)          0.924     3.735    clk
    SLICE_X39Y72         FDRE                                         r  a12_reg[15]/C
                         clock pessimism              0.000     3.735    <hidden>
                         clock uncertainty           -0.035     3.700    <hidden>
    SLICE_X39Y72         FDRE (Setup_fdre_C_D)        0.062     3.762    a12_reg[15]
  -------------------------------------------------------------------
                         required time                          3.762    <hidden>
                         arrival time                          -3.772    <hidden>
  -------------------------------------------------------------------
                         slack                                 -0.010    <hidden>

Slack (MET) :             0.035ns  (required time - arrival time)
  Source:                 x[1]
                            (input port clocked by vclk  {rise@0.000ns fall@1.406ns period=2.811ns})
  Destination:            a6_reg[15]/D
                            (rising edge-triggered cell FDRE clocked by vclk  {rise@0.000ns fall@1.406ns period=2.811ns})
  Path Group:             vclk
  Path Type:              Setup (Max at Slow Process Corner)
  Requirement:            2.811ns  (vclk rise@2.811ns - vclk rise@0.000ns)
  Data Path Delay:        3.727ns  (logic 2.151ns (57.707%)  route 1.576ns (42.293%))
  Logic Levels:           7  (CARRY4=5 LUT1=1 LUT2=1)
  Input Delay:            0.000ns
  Clock Path Skew:        0.924ns (DCD - SCD + CPR)
    Destination Clock Delay (DCD):    0.924ns = ( 3.735 - 2.811 ) 
    Source Clock Delay      (SCD):    0.000ns
    Clock Pessimism Removal (CPR):    0.000ns
  Clock Uncertainty:      0.035ns  ((TSJ^2 + TIJ^2)^1/2 + DJ) / 2 + PE
    Total System Jitter     (TSJ):    0.071ns
    Total Input Jitter      (TIJ):    0.000ns
    Discrete Jitter          (DJ):    0.000ns
    Phase Error              (PE):    0.000ns

    Location             Delay type                Incr(ns)  Path(ns)    Netlist Resource(s)
  -------------------------------------------------------------------    -------------------
                         (clock vclk rise edge)       0.000     0.000 r  <hidden>
                         input delay                  0.000     0.000    <hidden>
                                                      0.000     0.000 f  x[1]
                         net (fo=71, unset)           0.973     0.973    x[1]
    SLICE_X30Y77         LUT1 (Prop_lut1_I0_O)        0.124     1.097 r  a6[5]_i_9/O
                         net (fo=1, routed)           0.000     1.097    a6[5]_i_9_n_0
    SLICE_X30Y77         CARRY4 (Prop_carry4_S[1]_CO[3])
                                                      0.533     1.630 r  a6_reg[5]_i_2/CO[3]
                         net (fo=1, routed)           0.000     1.630    a6_reg[5]_i_2_n_0
    SLICE_X30Y78         CARRY4 (Prop_carry4_CI_O[0])
                                                      0.219     1.849 r  a6_reg[9]_i_2/O[0]
                         net (fo=2, routed)           0.603     2.452    a61[6]
    SLICE_X31Y78         LUT2 (Prop_lut2_I0_O)        0.295     2.747 r  a6[9]_i_6/O
                         net (fo=1, routed)           0.000     2.747    a6[9]_i_6_n_0
    SLICE_X31Y78         CARRY4 (Prop_carry4_S[0]_CO[3])
                                                      0.532     3.279 r  a6_reg[9]_i_1/CO[3]
                         net (fo=1, routed)           0.000     3.279    a6_reg[9]_i_1_n_0
    SLICE_X31Y79         CARRY4 (Prop_carry4_CI_CO[3])
                                                      0.114     3.393 r  a6_reg[13]_i_1/CO[3]
                         net (fo=1, routed)           0.000     3.393    a6_reg[13]_i_1_n_0
    SLICE_X31Y80         CARRY4 (Prop_carry4_CI_O[1])
                                                      0.334     3.727 r  a6_reg[15]_i_1/O[1]
                         net (fo=1, routed)           0.000     3.727    a60[15]
    SLICE_X31Y80         FDRE                                         r  a6_reg[15]/D
  -------------------------------------------------------------------    -------------------

                         (clock vclk rise edge)       2.811     2.811 r  <hidden>
                                                      0.000     2.811 r  clk
                         net (fo=289, unset)          0.924     3.735    clk
    SLICE_X31Y80         FDRE                                         r  a6_reg[15]/C
                         clock pessimism              0.000     3.735    <hidden>
                         clock uncertainty           -0.035     3.700    <hidden>
    SLICE_X31Y80         FDRE (Setup_fdre_C_D)        0.062     3.762    a6_reg[15]
  -------------------------------------------------------------------
                         required time                          3.762    <hidden>
                         arrival time                          -3.727    <hidden>
  -------------------------------------------------------------------
                         slack                                  0.035    <hidden>

Slack (MET) :             0.060ns  (required time - arrival time)
  Source:                 x[1]
                            (input port clocked by vclk  {rise@0.000ns fall@1.406ns period=2.811ns})
  Destination:            a2_reg[15]/D
                            (rising edge-triggered cell FDRE clocked by vclk  {rise@0.000ns fall@1.406ns period=2.811ns})
  Path Group:             vclk
  Path Type:              Setup (Max at Slow Process Corner)
  Requirement:            2.811ns  (vclk rise@2.811ns - vclk rise@0.000ns)
  Data Path Delay:        3.702ns  (logic 2.154ns (58.186%)  route 1.548ns (41.814%))
  Logic Levels:           7  (CARRY4=5 LUT1=1 LUT2=1)
  Input Delay:            0.000ns
  Clock Path Skew:        0.924ns (DCD - SCD + CPR)
    Destination Clock Delay (DCD):    0.924ns = ( 3.735 - 2.811 ) 
    Source Clock Delay      (SCD):    0.000ns
    Clock Pessimism Removal (CPR):    0.000ns
  Clock Uncertainty:      0.035ns  ((TSJ^2 + TIJ^2)^1/2 + DJ) / 2 + PE
    Total System Jitter     (TSJ):    0.071ns
    Total Input Jitter      (TIJ):    0.000ns
    Discrete Jitter          (DJ):    0.000ns
    Phase Error              (PE):    0.000ns

    Location             Delay type                Incr(ns)  Path(ns)    Netlist Resource(s)
  -------------------------------------------------------------------    -------------------
                         (clock vclk rise edge)       0.000     0.000 r  <hidden>
                         input delay                  0.000     0.000    <hidden>
                                                      0.000     0.000 f  x[1]
                         net (fo=71, unset)           0.973     0.973    x[1]
    SLICE_X26Y71         LUT1 (Prop_lut1_I0_O)        0.124     1.097 r  a2[5]_i_9/O
                         net (fo=1, routed)           0.000     1.097    a2[5]_i_9_n_0
    SLICE_X26Y71         CARRY4 (Prop_carry4_S[1]_CO[3])
                                                      0.533     1.630 r  a2_reg[5]_i_2/CO[3]
                         net (fo=1, routed)           0.000     1.630    a2_reg[5]_i_2_n_0
    SLICE_X26Y72         CARRY4 (Prop_carry4_CI_CO[3])
                                                      0.117     1.747 r  a2_reg[9]_i_2/CO[3]
                         net (fo=1, routed)           0.000     1.747    a2_reg[9]_i_2_n_0
    SLICE_X26Y73         CARRY4 (Prop_carry4_CI_O[0])
                                                      0.219     1.966 r  a2_reg[13]_i_2/O[0]
                         net (fo=2, routed)           0.575     2.541    a21[10]
    SLICE_X27Y73         LUT2 (Prop_lut2_I0_O)        0.295     2.836 r  a2[13]_i_4/O
                         net (fo=1, routed)           0.000     2.836    a2[13]_i_4_n_0
    SLICE_X27Y73         CARRY4 (Prop_carry4_S[0]_CO[3])
                                                      0.532     3.368 r  a2_reg[13]_i_1/CO[3]
                         net (fo=1, routed)           0.000     3.368    a2_reg[13]_i_1_n_0
    SLICE_X27Y74         CARRY4 (Prop_carry4_CI_O[1])
                                                      0.334     3.702 r  a2_reg[15]_i_1/O[1]
                         net (fo=1, routed)           0.000     3.702    a20[15]
    SLICE_X27Y74         FDRE                                         r  a2_reg[15]/D
  -------------------------------------------------------------------    -------------------

                         (clock vclk rise edge)       2.811     2.811 r  <hidden>
                                                      0.000     2.811 r  clk
                         net (fo=289, unset)          0.924     3.735    clk
    SLICE_X27Y74         FDRE                                         r  a2_reg[15]/C
                         clock pessimism              0.000     3.735    <hidden>
                         clock uncertainty           -0.035     3.700    <hidden>
    SLICE_X27Y74         FDRE (Setup_fdre_C_D)        0.062     3.762    a2_reg[15]
  -------------------------------------------------------------------
                         required time                          3.762    <hidden>
                         arrival time                          -3.702    <hidden>
  -------------------------------------------------------------------
                         slack                                  0.060    <hidden>

Slack (MET) :             0.095ns  (required time - arrival time)
  Source:                 x[1]
                            (input port clocked by vclk  {rise@0.000ns fall@1.406ns period=2.811ns})
  Destination:            a18_reg[15]/D
                            (rising edge-triggered cell FDRE clocked by vclk  {rise@0.000ns fall@1.406ns period=2.811ns})
  Path Group:             vclk
  Path Type:              Setup (Max at Slow Process Corner)
  Requirement:            2.811ns  (vclk rise@2.811ns - vclk rise@0.000ns)
  Data Path Delay:        3.407ns  (logic 1.674ns (49.139%)  route 1.733ns (50.862%))
  Logic Levels:           6  (CARRY4=4 LUT2=1 LUT3=1)
  Input Delay:            0.000ns
  Clock Path Skew:        0.924ns (DCD - SCD + CPR)
    Destination Clock Delay (DCD):    0.924ns = ( 3.735 - 2.811 ) 
    Source Clock Delay      (SCD):    0.000ns
    Clock Pessimism Removal (CPR):    0.000ns
  Clock Uncertainty:      0.035ns  ((TSJ^2 + TIJ^2)^1/2 + DJ) / 2 + PE
    Total System Jitter     (TSJ):    0.071ns
    Total Input Jitter      (TIJ):    0.000ns
    Discrete Jitter          (DJ):    0.000ns
    Phase Error              (PE):    0.000ns

    Location             Delay type                Incr(ns)  Path(ns)    Netlist Resource(s)
  -------------------------------------------------------------------    -------------------
                         (clock vclk rise edge)       0.000     0.000 r  <hidden>
                         input delay                  0.000     0.000    <hidden>
                                                      0.000     0.000 r  x[1]
                         net (fo=71, unset)           0.973     0.973    x[1]
    SLICE_X36Y75         LUT3 (Prop_lut3_I2_O)        0.124     1.097 r  a18[11]_i_8/O
                         net (fo=1, routed)           0.322     1.419    a18[11]_i_8_n_0
    SLICE_X39Y75         CARRY4 (Prop_carry4_DI[2]_CO[3])
                                                      0.398     1.817 r  a18_reg[11]_i_2/CO[3]
                         net (fo=1, routed)           0.000     1.817    a18_reg[11]_i_2_n_0
    SLICE_X39Y76         CARRY4 (Prop_carry4_CI_O[1])
                                                      0.334     2.151 r  a18_reg[15]_i_3/O[1]
                         net (fo=2, routed)           0.438     2.589    a181__0[11]
    SLICE_X41Y75         LUT2 (Prop_lut2_I0_O)        0.303     2.892 r  a18[11]_i_3/O
                         net (fo=1, routed)           0.000     2.892    a18[11]_i_3_n_0
    SLICE_X41Y75         CARRY4 (Prop_carry4_S[3]_CO[3])
                                                      0.401     3.293 r  a18_reg[11]_i_1/CO[3]
                         net (fo=1, routed)           0.000     3.293    a18_reg[11]_i_1_n_0
    SLICE_X41Y76         CARRY4 (Prop_carry4_CI_CO[3])
                                                      0.114     3.407 r  a18_reg[15]_i_1/CO[3]
                         net (fo=1, routed)           0.000     3.407    a180[15]
    SLICE_X41Y76         FDRE                                         r  a18_reg[15]/D
  -------------------------------------------------------------------    -------------------

                         (clock vclk rise edge)       2.811     2.811 r  <hidden>
                                                      0.000     2.811 r  clk
                         net (fo=289, unset)          0.924     3.735    clk
    SLICE_X41Y76         FDRE                                         r  a18_reg[15]/C
                         clock pessimism              0.000     3.735    <hidden>
                         clock uncertainty           -0.035     3.700    <hidden>
    SLICE_X41Y76         FDRE (Setup_fdre_C_D)       -0.198     3.502    a18_reg[15]
  -------------------------------------------------------------------
                         required time                          3.502    <hidden>
                         arrival time                          -3.407    <hidden>
  -------------------------------------------------------------------
                         slack                                  0.095    <hidden>

Slack (MET) :             0.101ns  (required time - arrival time)
  Source:                 x[0]
                            (input port clocked by vclk  {rise@0.000ns fall@1.406ns period=2.811ns})
  Destination:            a12_reg[14]/D
                            (rising edge-triggered cell FDRE clocked by vclk  {rise@0.000ns fall@1.406ns period=2.811ns})
  Path Group:             vclk
  Path Type:              Setup (Max at Slow Process Corner)
  Requirement:            2.811ns  (vclk rise@2.811ns - vclk rise@0.000ns)
  Data Path Delay:        3.661ns  (logic 1.915ns (52.304%)  route 1.746ns (47.696%))
  Logic Levels:           6  (CARRY4=4 LUT2=1 LUT3=1)
  Input Delay:            0.000ns
  Clock Path Skew:        0.924ns (DCD - SCD + CPR)
    Destination Clock Delay (DCD):    0.924ns = ( 3.735 - 2.811 ) 
    Source Clock Delay      (SCD):    0.000ns
    Clock Pessimism Removal (CPR):    0.000ns
  Clock Uncertainty:      0.035ns  ((TSJ^2 + TIJ^2)^1/2 + DJ) / 2 + PE
    Total System Jitter     (TSJ):    0.071ns
    Total Input Jitter      (TIJ):    0.000ns
    Discrete Jitter          (DJ):    0.000ns
    Phase Error              (PE):    0.000ns

    Location             Delay type                Incr(ns)  Path(ns)    Netlist Resource(s)
  -------------------------------------------------------------------    -------------------
                         (clock vclk rise edge)       0.000     0.000 r  <hidden>
                         input delay                  0.000     0.000    <hidden>
                                                      0.000     0.000 r  x[0]
                         net (fo=81, unset)           0.973     0.973    x[0]
    SLICE_X36Y69         LUT3 (Prop_lut3_I2_O)        0.124     1.097 r  a12[9]_i_7/O
                         net (fo=1, routed)           0.322     1.419    a12[9]_i_7_n_0
    SLICE_X38Y69         CARRY4 (Prop_carry4_DI[3]_CO[3])
                                                      0.396     1.815 r  a12_reg[9]_i_2/CO[3]
                         net (fo=1, routed)           0.000     1.815    a12_reg[9]_i_2_n_0
    SLICE_X38Y70         CARRY4 (Prop_carry4_CI_O[3])
                                                      0.315     2.130 r  a12_reg[13]_i_3/O[3]
                         net (fo=2, routed)           0.452     2.581    a121[11]
    SLICE_X39Y71         LUT2 (Prop_lut2_I0_O)        0.307     2.888 r  a12[13]_i_6/O
                         net (fo=1, routed)           0.000     2.888    a12[13]_i_6_n_0
    SLICE_X39Y71         CARRY4 (Prop_carry4_S[1]_CO[3])
                                                      0.550     3.438 r  a12_reg[13]_i_1/CO[3]
                         net (fo=1, routed)           0.000     3.438    a12_reg[13]_i_1_n_0
    SLICE_X39Y72         CARRY4 (Prop_carry4_CI_O[0])
                                                      0.223     3.661 r  a12_reg[15]_i_1/O[0]
                         net (fo=1, routed)           0.000     3.661    a120[14]
    SLICE_X39Y72         FDRE                                         r  a12_reg[14]/D
  -------------------------------------------------------------------    -------------------

                         (clock vclk rise edge)       2.811     2.811 r  <hidden>
                                                      0.000     2.811 r  clk
                         net (fo=289, unset)          0.924     3.735    clk
    SLICE_X39Y72         FDRE                                         r  a12_reg[14]/C
                         clock pessimism              0.000     3.735    <hidden>
                         clock uncertainty           -0.035     3.700    <hidden>
    SLICE_X39Y72         FDRE (Setup_fdre_C_D)        0.062     3.762    a12_reg[14]
  -------------------------------------------------------------------
                         required time                          3.762    <hidden>
                         arrival time                          -3.661    <hidden>
  -------------------------------------------------------------------
                         slack                                  0.101    <hidden>

Slack (MET) :             0.112ns  (required time - arrival time)
  Source:                 rst_n
                            (input port clocked by vclk  {rise@0.000ns fall@1.406ns period=2.811ns})
  Destination:            a17_reg[11]/R
                            (rising edge-triggered cell FDRE clocked by vclk  {rise@0.000ns fall@1.406ns period=2.811ns})
  Path Group:             vclk
  Path Type:              Setup (Max at Slow Process Corner)
  Requirement:            2.811ns  (vclk rise@2.811ns - vclk rise@0.000ns)
  Data Path Delay:        3.159ns  (logic 0.124ns (3.925%)  route 3.035ns (96.075%))
  Logic Levels:           1  (LUT1=1)
  Input Delay:            0.000ns
  Clock Path Skew:        0.924ns (DCD - SCD + CPR)
    Destination Clock Delay (DCD):    0.924ns = ( 3.735 - 2.811 ) 
    Source Clock Delay      (SCD):    0.000ns
    Clock Pessimism Removal (CPR):    0.000ns
  Clock Uncertainty:      0.035ns  ((TSJ^2 + TIJ^2)^1/2 + DJ) / 2 + PE
    Total System Jitter     (TSJ):    0.071ns
    Total Input Jitter      (TIJ):    0.000ns
    Discrete Jitter          (DJ):    0.000ns
    Phase Error              (PE):    0.000ns

    Location             Delay type                Incr(ns)  Path(ns)    Netlist Resource(s)
  -------------------------------------------------------------------    -------------------
                         (clock vclk rise edge)       0.000     0.000 r  <hidden>
                         input delay                  0.000     0.000    <hidden>
                                                      0.000     0.000 f  rst_n
                         net (fo=0)                   0.973     0.973    rst_n
    SLICE_X31Y71         LUT1 (Prop_lut1_I0_O)        0.124     1.097 r  y[15]_i_1/O
                         net (fo=290, routed)         2.062     3.159    RSTP
    SLICE_X45Y76         FDRE                                         r  a17_reg[11]/R
  -------------------------------------------------------------------    -------------------

                         (clock vclk rise edge)       2.811     2.811 r  <hidden>
                                                      0.000     2.811 r  clk
                         net (fo=289, unset)          0.924     3.735    clk
    SLICE_X45Y76         FDRE                                         r  a17_reg[11]/C
                         clock pessimism              0.000     3.735    <hidden>
                         clock uncertainty           -0.035     3.700    <hidden>
    SLICE_X45Y76         FDRE (Setup_fdre_C_R)       -0.429     3.271    a17_reg[11]
  -------------------------------------------------------------------
                         required time                          3.271    <hidden>
                         arrival time                          -3.159    <hidden>
  -------------------------------------------------------------------
                         slack                                  0.112    <hidden>

Slack (MET) :             0.112ns  (required time - arrival time)
  Source:                 rst_n
                            (input port clocked by vclk  {rise@0.000ns fall@1.406ns period=2.811ns})
  Destination:            a17_reg[12]/R
                            (rising edge-triggered cell FDRE clocked by vclk  {rise@0.000ns fall@1.406ns period=2.811ns})
  Path Group:             vclk
  Path Type:              Setup (Max at Slow Process Corner)
  Requirement:            2.811ns  (vclk rise@2.811ns - vclk rise@0.000ns)
  Data Path Delay:        3.159ns  (logic 0.124ns (3.925%)  route 3.035ns (96.075%))
  Logic Levels:           1  (LUT1=1)
  Input Delay:            0.000ns
  Clock Path Skew:        0.924ns (DCD - SCD + CPR)
    Destination Clock Delay (DCD):    0.924ns = ( 3.735 - 2.811 ) 
    Source Clock Delay      (SCD):    0.000ns
    Clock Pessimism Removal (CPR):    0.000ns
  Clock Uncertainty:      0.035ns  ((TSJ^2 + TIJ^2)^1/2 + DJ) / 2 + PE
    Total System Jitter     (TSJ):    0.071ns
    Total Input Jitter      (TIJ):    0.000ns
    Discrete Jitter          (DJ):    0.000ns
    Phase Error              (PE):    0.000ns

    Location             Delay type                Incr(ns)  Path(ns)    Netlist Resource(s)
  -------------------------------------------------------------------    -------------------
                         (clock vclk rise edge)       0.000     0.000 r  <hidden>
                         input delay                  0.000     0.000    <hidden>
                                                      0.000     0.000 f  rst_n
                         net (fo=0)                   0.973     0.973    rst_n
    SLICE_X31Y71         LUT1 (Prop_lut1_I0_O)        0.124     1.097 r  y[15]_i_1/O
                         net (fo=290, routed)         2.062     3.159    RSTP
    SLICE_X45Y76         FDRE                                         r  a17_reg[12]/R
  -------------------------------------------------------------------    -------------------

                         (clock vclk rise edge)       2.811     2.811 r  <hidden>
                                                      0.000     2.811 r  clk
                         net (fo=289, unset)          0.924     3.735    clk
    SLICE_X45Y76         FDRE                                         r  a17_reg[12]/C
                         clock pessimism              0.000     3.735    <hidden>
                         clock uncertainty           -0.035     3.700    <hidden>
    SLICE_X45Y76         FDRE (Setup_fdre_C_R)       -0.429     3.271    a17_reg[12]
  -------------------------------------------------------------------
                         required time                          3.271    <hidden>
                         arrival time                          -3.159    <hidden>
  -------------------------------------------------------------------
                         slack                                  0.112    <hidden>

Slack (MET) :             0.112ns  (required time - arrival time)
  Source:                 rst_n
                            (input port clocked by vclk  {rise@0.000ns fall@1.406ns period=2.811ns})
  Destination:            a17_reg[13]/R
                            (rising edge-triggered cell FDRE clocked by vclk  {rise@0.000ns fall@1.406ns period=2.811ns})
  Path Group:             vclk
  Path Type:              Setup (Max at Slow Process Corner)
  Requirement:            2.811ns  (vclk rise@2.811ns - vclk rise@0.000ns)
  Data Path Delay:        3.159ns  (logic 0.124ns (3.925%)  route 3.035ns (96.075%))
  Logic Levels:           1  (LUT1=1)
  Input Delay:            0.000ns
  Clock Path Skew:        0.924ns (DCD - SCD + CPR)
    Destination Clock Delay (DCD):    0.924ns = ( 3.735 - 2.811 ) 
    Source Clock Delay      (SCD):    0.000ns
    Clock Pessimism Removal (CPR):    0.000ns
  Clock Uncertainty:      0.035ns  ((TSJ^2 + TIJ^2)^1/2 + DJ) / 2 + PE
    Total System Jitter     (TSJ):    0.071ns
    Total Input Jitter      (TIJ):    0.000ns
    Discrete Jitter          (DJ):    0.000ns
    Phase Error              (PE):    0.000ns

    Location             Delay type                Incr(ns)  Path(ns)    Netlist Resource(s)
  -------------------------------------------------------------------    -------------------
                         (clock vclk rise edge)       0.000     0.000 r  <hidden>
                         input delay                  0.000     0.000    <hidden>
                                                      0.000     0.000 f  rst_n
                         net (fo=0)                   0.973     0.973    rst_n
    SLICE_X31Y71         LUT1 (Prop_lut1_I0_O)        0.124     1.097 r  y[15]_i_1/O
                         net (fo=290, routed)         2.062     3.159    RSTP
    SLICE_X45Y76         FDRE                                         r  a17_reg[13]/R
  -------------------------------------------------------------------    -------------------

                         (clock vclk rise edge)       2.811     2.811 r  <hidden>
                                                      0.000     2.811 r  clk
                         net (fo=289, unset)          0.924     3.735    clk
    SLICE_X45Y76         FDRE                                         r  a17_reg[13]/C
                         clock pessimism              0.000     3.735    <hidden>
                         clock uncertainty           -0.035     3.700    <hidden>
    SLICE_X45Y76         FDRE (Setup_fdre_C_R)       -0.429     3.271    a17_reg[13]
  -------------------------------------------------------------------
                         required time                          3.271    <hidden>
                         arrival time                          -3.159    <hidden>
  -------------------------------------------------------------------
                         slack                                  0.112    <hidden>

Slack (MET) :             0.112ns  (required time - arrival time)
  Source:                 rst_n
                            (input port clocked by vclk  {rise@0.000ns fall@1.406ns period=2.811ns})
  Destination:            a17_reg[14]/R
                            (rising edge-triggered cell FDRE clocked by vclk  {rise@0.000ns fall@1.406ns period=2.811ns})
  Path Group:             vclk
  Path Type:              Setup (Max at Slow Process Corner)
  Requirement:            2.811ns  (vclk rise@2.811ns - vclk rise@0.000ns)
  Data Path Delay:        3.159ns  (logic 0.124ns (3.925%)  route 3.035ns (96.075%))
  Logic Levels:           1  (LUT1=1)
  Input Delay:            0.000ns
  Clock Path Skew:        0.924ns (DCD - SCD + CPR)
    Destination Clock Delay (DCD):    0.924ns = ( 3.735 - 2.811 ) 
    Source Clock Delay      (SCD):    0.000ns
    Clock Pessimism Removal (CPR):    0.000ns
  Clock Uncertainty:      0.035ns  ((TSJ^2 + TIJ^2)^1/2 + DJ) / 2 + PE
    Total System Jitter     (TSJ):    0.071ns
    Total Input Jitter      (TIJ):    0.000ns
    Discrete Jitter          (DJ):    0.000ns
    Phase Error              (PE):    0.000ns

    Location             Delay type                Incr(ns)  Path(ns)    Netlist Resource(s)
  -------------------------------------------------------------------    -------------------
                         (clock vclk rise edge)       0.000     0.000 r  <hidden>
                         input delay                  0.000     0.000    <hidden>
                                                      0.000     0.000 f  rst_n
                         net (fo=0)                   0.973     0.973    rst_n
    SLICE_X31Y71         LUT1 (Prop_lut1_I0_O)        0.124     1.097 r  y[15]_i_1/O
                         net (fo=290, routed)         2.062     3.159    RSTP
    SLICE_X45Y76         FDRE                                         r  a17_reg[14]/R
  -------------------------------------------------------------------    -------------------

                         (clock vclk rise edge)       2.811     2.811 r  <hidden>
                                                      0.000     2.811 r  clk
                         net (fo=289, unset)          0.924     3.735    clk
    SLICE_X45Y76         FDRE                                         r  a17_reg[14]/C
                         clock pessimism              0.000     3.735    <hidden>
                         clock uncertainty           -0.035     3.700    <hidden>
    SLICE_X45Y76         FDRE (Setup_fdre_C_R)       -0.429     3.271    a17_reg[14]
  -------------------------------------------------------------------
                         required time                          3.271    <hidden>
                         arrival time                          -3.159    <hidden>
  -------------------------------------------------------------------
                         slack                                  0.112    <hidden>

Slack (MET) :             0.124ns  (required time - arrival time)
  Source:                 x[1]
                            (input port clocked by vclk  {rise@0.000ns fall@1.406ns period=2.811ns})
  Destination:            a13_reg[15]/D
                            (rising edge-triggered cell FDRE clocked by vclk  {rise@0.000ns fall@1.406ns period=2.811ns})
  Path Group:             vclk
  Path Type:              Setup (Max at Slow Process Corner)
  Requirement:            2.811ns  (vclk rise@2.811ns - vclk rise@0.000ns)
  Data Path Delay:        3.638ns  (logic 2.064ns (56.737%)  route 1.574ns (43.263%))
  Logic Levels:           7  (CARRY4=5 LUT1=1 LUT2=1)
  Input Delay:            0.000ns
  Clock Path Skew:        0.924ns (DCD - SCD + CPR)
    Destination Clock Delay (DCD):    0.924ns = ( 3.735 - 2.811 ) 
    Source Clock Delay      (SCD):    0.000ns
    Clock Pessimism Removal (CPR):    0.000ns
  Clock Uncertainty:      0.035ns  ((TSJ^2 + TIJ^2)^1/2 + DJ) / 2 + PE
    Total System Jitter     (TSJ):    0.071ns
    Total Input Jitter      (TIJ):    0.000ns
    Discrete Jitter          (DJ):    0.000ns
    Phase Error              (PE):    0.000ns

    Location             Delay type                Incr(ns)  Path(ns)    Netlist Resource(s)
  -------------------------------------------------------------------    -------------------
                         (clock vclk rise edge)       0.000     0.000 r  <hidden>
                         input delay                  0.000     0.000    <hidden>
                                                      0.000     0.000 f  x[1]
                         net (fo=71, unset)           0.973     0.973    x[1]
    SLICE_X40Y70         LUT1 (Prop_lut1_I0_O)        0.124     1.097 r  a13[6]_i_9/O
                         net (fo=1, routed)           0.000     1.097    a13[6]_i_9_n_0
    SLICE_X40Y70         CARRY4 (Prop_carry4_S[1]_CO[3])
                                                      0.550     1.647 r  a13_reg[6]_i_2/CO[3]
                         net (fo=1, routed)           0.000     1.647    a13_reg[6]_i_2_n_0
    SLICE_X40Y71         CARRY4 (Prop_carry4_CI_O[0])
                                                      0.222     1.869 r  a13_reg[10]_i_2/O[0]
                         net (fo=2, routed)           0.601     2.470    a131[7]
    SLICE_X41Y71         LUT2 (Prop_lut2_I0_O)        0.299     2.769 r  a13[10]_i_6/O
                         net (fo=1, routed)           0.000     2.769    a13[10]_i_6_n_0
    SLICE_X41Y71         CARRY4 (Prop_carry4_S[0]_CO[3])
                                                      0.532     3.301 r  a13_reg[10]_i_1/CO[3]
                         net (fo=1, routed)           0.000     3.301    a13_reg[10]_i_1_n_0
    SLICE_X41Y72         CARRY4 (Prop_carry4_CI_CO[3])
                                                      0.114     3.415 r  a13_reg[14]_i_1/CO[3]
                         net (fo=1, routed)           0.000     3.415    a13_reg[14]_i_1_n_0
    SLICE_X41Y73         CARRY4 (Prop_carry4_CI_O[0])
                                                      0.223     3.638 r  a13_reg[15]_i_1/O[0]
                         net (fo=1, routed)           0.000     3.638    a130[15]
    SLICE_X41Y73         FDRE                                         r  a13_reg[15]/D
  -------------------------------------------------------------------    -------------------

                         (clock vclk rise edge)       2.811     2.811 r  <hidden>
                                                      0.000     2.811 r  clk
                         net (fo=289, unset)          0.924     3.735    clk
    SLICE_X41Y73         FDRE                                         r  a13_reg[15]/C
                         clock pessimism              0.000     3.735    <hidden>
                         clock uncertainty           -0.035     3.700    <hidden>
    SLICE_X41Y73         FDRE (Setup_fdre_C_D)        0.062     3.762    a13_reg[15]
  -------------------------------------------------------------------
                         required time                          3.762    <hidden>
                         arrival time                          -3.638    <hidden>
  -------------------------------------------------------------------
                         slack                                  0.124    <hidden>





Pulse Width Checks
--------------------------------------------------------------------------------------
Clock Name:         vclk
Waveform(ns):       { 0.000 1.406 }
Period(ns):         2.811
Sources:            { clk }

Check Type        Corner  Lib Pin  Reference Pin  Required(ns)  Actual(ns)  Slack(ns)  Location      Pin
Min Period        n/a     FDRE/C   n/a            1.000         2.811       1.811      SLICE_X31Y74  a0_reg[10]/C
Min Period        n/a     FDRE/C   n/a            1.000         2.811       1.811      SLICE_X31Y74  a0_reg[11]/C
Min Period        n/a     FDRE/C   n/a            1.000         2.811       1.811      SLICE_X31Y74  a0_reg[12]/C
Min Period        n/a     FDRE/C   n/a            1.000         2.811       1.811      SLICE_X31Y75  a0_reg[13]/C
Min Period        n/a     FDRE/C   n/a            1.000         2.811       1.811      SLICE_X31Y75  a0_reg[14]/C
Min Period        n/a     FDRE/C   n/a            1.000         2.811       1.811      SLICE_X31Y75  a0_reg[15]/C
Min Period        n/a     FDRE/C   n/a            1.000         2.811       1.811      SLICE_X31Y72  a0_reg[2]/C
Min Period        n/a     FDRE/C   n/a            1.000         2.811       1.811      SLICE_X31Y72  a0_reg[3]/C
Min Period        n/a     FDRE/C   n/a            1.000         2.811       1.811      SLICE_X31Y72  a0_reg[4]/C
Min Period        n/a     FDRE/C   n/a            1.000         2.811       1.811      SLICE_X31Y73  a0_reg[5]/C
Low Pulse Width   Slow    FDRE/C   n/a            0.500         1.406       0.906      SLICE_X31Y74  a0_reg[10]/C
Low Pulse Width   Fast    FDRE/C   n/a            0.500         1.406       0.906      SLICE_X31Y74  a0_reg[10]/C
Low Pulse Width   Slow    FDRE/C   n/a            0.500         1.406       0.906      SLICE_X31Y74  a0_reg[11]/C
Low Pulse Width   Fast    FDRE/C   n/a            0.500         1.406       0.906      SLICE_X31Y74  a0_reg[11]/C
Low Pulse Width   Slow    FDRE/C   n/a            0.500         1.406       0.906      SLICE_X31Y74  a0_reg[12]/C
Low Pulse Width   Fast    FDRE/C   n/a            0.500         1.406       0.906      SLICE_X31Y74  a0_reg[12]/C
Low Pulse Width   Slow    FDRE/C   n/a            0.500         1.406       0.906      SLICE_X31Y75  a0_reg[13]/C
Low Pulse Width   Fast    FDRE/C   n/a            0.500         1.406       0.906      SLICE_X31Y75  a0_reg[13]/C
Low Pulse Width   Slow    FDRE/C   n/a            0.500         1.406       0.906      SLICE_X31Y75  a0_reg[14]/C
Low Pulse Width   Fast    FDRE/C   n/a            0.500         1.406       0.906      SLICE_X31Y75  a0_reg[14]/C
High Pulse Width  Slow    FDRE/C   n/a            0.500         1.406       0.906      SLICE_X31Y74  a0_reg[10]/C
High Pulse Width  Fast    FDRE/C   n/a            0.500         1.406       0.906      SLICE_X31Y74  a0_reg[10]/C
High Pulse Width  Slow    FDRE/C   n/a            0.500         1.406       0.906      SLICE_X31Y74  a0_reg[11]/C
High Pulse Width  Fast    FDRE/C   n/a            0.500         1.406       0.906      SLICE_X31Y74  a0_reg[11]/C
High Pulse Width  Slow    FDRE/C   n/a            0.500         1.406       0.906      SLICE_X31Y74  a0_reg[12]/C
High Pulse Width  Fast    FDRE/C   n/a            0.500         1.406       0.906      SLICE_X31Y74  a0_reg[12]/C
High Pulse Width  Slow    FDRE/C   n/a            0.500         1.406       0.906      SLICE_X31Y75  a0_reg[13]/C
High Pulse Width  Fast    FDRE/C   n/a            0.500         1.406       0.906      SLICE_X31Y75  a0_reg[13]/C
High Pulse Width  Slow    FDRE/C   n/a            0.500         1.406       0.906      SLICE_X31Y75  a0_reg[14]/C
High Pulse Width  Fast    FDRE/C   n/a            0.500         1.406       0.906      SLICE_X31Y75  a0_reg[14]/C



