Copyright 1986-2022 Xilinx, Inc. All Rights Reserved. Copyright 2022-2026 Advanced Micro Devices, Inc. All Rights Reserved.
-----------------------------------------------------------------------------------------------------------------------------------------------------------------------------------------------------------------------------------------------------------------------------------------
| Tool Version : Vivado v.2026.1 (win64) Build 6511674 Tue Jun 16 11:02:23 MDT 2026
| Date         : Sun Aug 30 22:49:59 2026
| Host         : Amine running 64-bit major release  (build 9200)
| Command      : report_timing_summary -delay_type max -max_paths 10 -report_unconstrained -check_timing_verbose -warn_on_violation -file C:/Users/Amine/mas/fpga-repo/timing_closure_candidate_v7/results/c02_fir_rf_fir42_v6_8b/trial_001_search_p4p1805_a0/reports/timing_summary.rpt
| Design       : rf_s1__fir42_v6_8b__g0
| Device       : 7z020-clg400
| Speed File   : -1  PRODUCTION 1.12 2019-11-22
| Design State : Routed
-----------------------------------------------------------------------------------------------------------------------------------------------------------------------------------------------------------------------------------------------------------------------------------------

Timing Summary Report

------------------------------------------------------------------------------------------------
| Timer Settings
| --------------
------------------------------------------------------------------------------------------------

  Enable Multi Corner Analysis               :  Yes
  Enable Pessimism Removal                   :  Yes
  Pessimism Removal Resolution               :  Nearest Common Node
  Enable Input Delay Default Clock           :  No
  Enable Preset / Clear Arcs                 :  No
  Disable Flight Delays                      :  No
  Ignore I/O Paths                           :  No
  Timing Early Launch at Borrowing Latches   :  No
  Borrow Time for Max Delay Exceptions       :  Yes
  Merge Timing Exceptions                    :  Yes
  Inter-SLR Compensation                     :  Conservative

  Corner  Analyze    Analyze    
  Name    Max Paths  Min Paths  
  ------  ---------  ---------  
  Slow    Yes        Yes        
  Fast    Yes        Yes        


------------------------------------------------------------------------------------------------
| Report Methodology
| ------------------
------------------------------------------------------------------------------------------------

No report available as report_methodology has not been run prior. Run report_methodology on the current design for the summary of methodology violations.



check_timing report

Table of Contents
-----------------
1. checking no_clock (0)
2. checking constant_clock (0)
3. checking pulse_width_clock (0)
4. checking unconstrained_internal_endpoints (0)
5. checking no_input_delay (0)
6. checking no_output_delay (0)
7. checking multiple_clock (0)
8. checking generated_clocks (0)
9. checking loops (0)
10. checking partial_input_delay (0)
11. checking partial_output_delay (0)
12. checking latch_loops (0)

1. checking no_clock (0)
------------------------
 There are 0 register/latch pins with no clock.


2. checking constant_clock (0)
------------------------------
 There are 0 register/latch pins with constant_clock.


3. checking pulse_width_clock (0)
---------------------------------
 There are 0 register/latch pins which need pulse_width check


4. checking unconstrained_internal_endpoints (0)
------------------------------------------------
 There are 0 pins that are not constrained for maximum delay.

 There are 0 pins that are not constrained for maximum delay due to constant clock.


5. checking no_input_delay (0)
------------------------------
 There are 0 input ports with no input delay specified.

 There are 0 input ports with no input delay but user has a false path constraint.


6. checking no_output_delay (0)
-------------------------------
 There are 0 ports with no output delay specified.

 There are 0 ports with no output delay but user has a false path constraint

 There are 0 ports with no output delay but with a timing clock defined on it or propagating through it


7. checking multiple_clock (0)
------------------------------
 There are 0 register/latch pins with multiple clocks.


8. checking generated_clocks (0)
--------------------------------
 There are 0 generated clocks that are not connected to a clock source.


9. checking loops (0)
---------------------
 There are 0 combinational loops in the design.


10. checking partial_input_delay (0)
------------------------------------
 There are 0 input ports with partial input delay specified.


11. checking partial_output_delay (0)
-------------------------------------
 There are 0 ports with partial output delay specified.


12. checking latch_loops (0)
----------------------------
 There are 0 combinational latch loops in the design through latch input



------------------------------------------------------------------------------------------------
| Design Timing Summary
| ---------------------
------------------------------------------------------------------------------------------------

    WNS(ns)      TNS(ns)  TNS Failing Endpoints  TNS Total Endpoints     WPWS(ns)     TPWS(ns)  TPWS Failing Endpoints  TPWS Total Endpoints  
    -------      -------  ---------------------  -------------------     --------     --------  ----------------------  --------------------  
     -0.508      -16.030                     74                 1365        1.111        0.000                       0                   680  


Timing constraints are not met.


------------------------------------------------------------------------------------------------
| Clock Summary
| -------------
------------------------------------------------------------------------------------------------

Clock  Waveform(ns)         Period(ns)      Frequency(MHz)
-----  ------------         ----------      --------------
vclk   {0.000 2.091}        4.181           239.177         


------------------------------------------------------------------------------------------------
| Intra Clock Table
| -----------------
------------------------------------------------------------------------------------------------

Clock             WNS(ns)      TNS(ns)  TNS Failing Endpoints  TNS Total Endpoints     WPWS(ns)     TPWS(ns)  TPWS Failing Endpoints  TPWS Total Endpoints  
-----             -------      -------  ---------------------  -------------------     --------     --------  ----------------------  --------------------  
vclk               -0.508      -16.030                     74                 1365        1.111        0.000                       0                   680  


------------------------------------------------------------------------------------------------
| Inter Clock Table
| -----------------
------------------------------------------------------------------------------------------------

From Clock    To Clock          WNS(ns)      TNS(ns)  TNS Failing Endpoints  TNS Total Endpoints  
----------    --------          -------      -------  ---------------------  -------------------  


------------------------------------------------------------------------------------------------
| Other Path Groups Table
| -----------------------
------------------------------------------------------------------------------------------------

Path Group    From Clock    To Clock          WNS(ns)      TNS(ns)  TNS Failing Endpoints  TNS Total Endpoints  
----------    ----------    --------          -------      -------  ---------------------  -------------------  


------------------------------------------------------------------------------------------------
| User Ignored Path Table
| -----------------------
------------------------------------------------------------------------------------------------

Path Group    From Clock    To Clock    
----------    ----------    --------    


------------------------------------------------------------------------------------------------
| Unconstrained Path Table
| ------------------------
------------------------------------------------------------------------------------------------

Path Group    From Clock    To Clock    
----------    ----------    --------    


------------------------------------------------------------------------------------------------
| Timing Details
| --------------
------------------------------------------------------------------------------------------------


---------------------------------------------------------------------------------------------------
From Clock:  vclk
  To Clock:  vclk

Setup :           74  Failing Endpoints,  Worst Slack       -0.508ns,  Total Violation      -16.030ns
Hold  :           NA  Failing Endpoints,  Worst Slack           NA  ,  Total Violation           NA
PW    :            0  Failing Endpoints,  Worst Slack        1.111ns,  Total Violation        0.000ns
---------------------------------------------------------------------------------------------------


Max Delay Paths
--------------------------------------------------------------------------------------
Slack (VIOLATED) :        -0.508ns  (required time - arrival time)
  Source:                 x[1]
                            (input port clocked by vclk  {rise@0.000ns fall@2.091ns period=4.181ns})
  Destination:            a17_reg[13]/D
                            (rising edge-triggered cell FDRE clocked by vclk  {rise@0.000ns fall@2.091ns period=4.181ns})
  Path Group:             vclk
  Path Type:              Setup (Max at Slow Process Corner)
  Requirement:            4.181ns  (vclk rise@4.181ns - vclk rise@0.000ns)
  Data Path Delay:        5.640ns  (logic 2.949ns (52.283%)  route 2.691ns (47.717%))
  Logic Levels:           9  (CARRY4=6 LUT1=1 LUT2=1 LUT6=1)
  Input Delay:            0.000ns
  Clock Path Skew:        0.924ns (DCD - SCD + CPR)
    Destination Clock Delay (DCD):    0.924ns = ( 5.105 - 4.181 ) 
    Source Clock Delay      (SCD):    0.000ns
    Clock Pessimism Removal (CPR):    0.000ns
  Clock Uncertainty:      0.035ns  ((TSJ^2 + TIJ^2)^1/2 + DJ) / 2 + PE
    Total System Jitter     (TSJ):    0.071ns
    Total Input Jitter      (TIJ):    0.000ns
    Discrete Jitter          (DJ):    0.000ns
    Phase Error              (PE):    0.000ns

    Location             Delay type                Incr(ns)  Path(ns)    Netlist Resource(s)
  -------------------------------------------------------------------    -------------------
                         (clock vclk rise edge)       0.000     0.000 r  <hidden>
                         input delay                  0.000     0.000    <hidden>
                                                      0.000     0.000 f  x[1]
                         net (fo=180, unset)          0.973     0.973    x[1]
    SLICE_X26Y60         LUT1 (Prop_lut1_I0_O)        0.124     1.097 r  a17[3]_i_9/O
                         net (fo=1, routed)           0.000     1.097    a17[3]_i_9_n_0
    SLICE_X26Y60         CARRY4 (Prop_carry4_S[1]_CO[3])
                                                      0.533     1.630 r  a17_reg[3]_i_2/CO[3]
                         net (fo=1, routed)           0.000     1.630    a17_reg[3]_i_2_n_0
    SLICE_X26Y61         CARRY4 (Prop_carry4_CI_O[2])
                                                      0.239     1.869 r  a17_reg[11]_i_15/O[2]
                         net (fo=3, routed)           1.123     2.992    a17_reg[11]_i_15_n_5
    SLICE_X28Y58         LUT6 (Prop_lut6_I4_O)        0.301     3.293 r  a17[7]_i_10/O
                         net (fo=1, routed)           0.000     3.293    a17[7]_i_10_n_0
    SLICE_X28Y58         CARRY4 (Prop_carry4_S[3]_CO[3])
                                                      0.401     3.694 r  a17_reg[7]_i_2/CO[3]
                         net (fo=1, routed)           0.000     3.694    a17_reg[7]_i_2_n_0
    SLICE_X28Y59         CARRY4 (Prop_carry4_CI_O[3])
                                                      0.313     4.007 r  a17_reg[11]_i_2/O[3]
                         net (fo=2, routed)           0.596     4.602    a171[10]
    SLICE_X29Y59         LUT2 (Prop_lut2_I0_O)        0.306     4.908 r  a17[11]_i_4/O
                         net (fo=1, routed)           0.000     4.908    a17[11]_i_4_n_0
    SLICE_X29Y59         CARRY4 (Prop_carry4_S[2]_CO[3])
                                                      0.398     5.306 r  a17_reg[11]_i_1/CO[3]
                         net (fo=1, routed)           0.000     5.306    a17_reg[11]_i_1_n_0
    SLICE_X29Y60         CARRY4 (Prop_carry4_CI_O[1])
                                                      0.334     5.640 r  a17_reg[15]_i_1/O[1]
                         net (fo=1, routed)           0.000     5.640    a170[13]
    SLICE_X29Y60         FDRE                                         r  a17_reg[13]/D
  -------------------------------------------------------------------    -------------------

                         (clock vclk rise edge)       4.181     4.181 r  <hidden>
                                                      0.000     4.181 r  clk
                         net (fo=679, unset)          0.924     5.105    clk
    SLICE_X29Y60         FDRE                                         r  a17_reg[13]/C
                         clock pessimism              0.000     5.105    <hidden>
                         clock uncertainty           -0.035     5.070    <hidden>
    SLICE_X29Y60         FDRE (Setup_fdre_C_D)        0.062     5.132    a17_reg[13]
  -------------------------------------------------------------------
                         required time                          5.132    <hidden>
                         arrival time                          -5.640    <hidden>
  -------------------------------------------------------------------
                         slack                                 -0.508    <hidden>

Slack (VIOLATED) :        -0.487ns  (required time - arrival time)
  Source:                 x[1]
                            (input port clocked by vclk  {rise@0.000ns fall@2.091ns period=4.181ns})
  Destination:            a17_reg[15]/D
                            (rising edge-triggered cell FDRE clocked by vclk  {rise@0.000ns fall@2.091ns period=4.181ns})
  Path Group:             vclk
  Path Type:              Setup (Max at Slow Process Corner)
  Requirement:            4.181ns  (vclk rise@4.181ns - vclk rise@0.000ns)
  Data Path Delay:        5.619ns  (logic 2.928ns (52.105%)  route 2.691ns (47.895%))
  Logic Levels:           9  (CARRY4=6 LUT1=1 LUT2=1 LUT6=1)
  Input Delay:            0.000ns
  Clock Path Skew:        0.924ns (DCD - SCD + CPR)
    Destination Clock Delay (DCD):    0.924ns = ( 5.105 - 4.181 ) 
    Source Clock Delay      (SCD):    0.000ns
    Clock Pessimism Removal (CPR):    0.000ns
  Clock Uncertainty:      0.035ns  ((TSJ^2 + TIJ^2)^1/2 + DJ) / 2 + PE
    Total System Jitter     (TSJ):    0.071ns
    Total Input Jitter      (TIJ):    0.000ns
    Discrete Jitter          (DJ):    0.000ns
    Phase Error              (PE):    0.000ns

    Location             Delay type                Incr(ns)  Path(ns)    Netlist Resource(s)
  -------------------------------------------------------------------    -------------------
                         (clock vclk rise edge)       0.000     0.000 r  <hidden>
                         input delay                  0.000     0.000    <hidden>
                                                      0.000     0.000 f  x[1]
                         net (fo=180, unset)          0.973     0.973    x[1]
    SLICE_X26Y60         LUT1 (Prop_lut1_I0_O)        0.124     1.097 r  a17[3]_i_9/O
                         net (fo=1, routed)           0.000     1.097    a17[3]_i_9_n_0
    SLICE_X26Y60         CARRY4 (Prop_carry4_S[1]_CO[3])
                                                      0.533     1.630 r  a17_reg[3]_i_2/CO[3]
                         net (fo=1, routed)           0.000     1.630    a17_reg[3]_i_2_n_0
    SLICE_X26Y61         CARRY4 (Prop_carry4_CI_O[2])
                                                      0.239     1.869 r  a17_reg[11]_i_15/O[2]
                         net (fo=3, routed)           1.123     2.992    a17_reg[11]_i_15_n_5
    SLICE_X28Y58         LUT6 (Prop_lut6_I4_O)        0.301     3.293 r  a17[7]_i_10/O
                         net (fo=1, routed)           0.000     3.293    a17[7]_i_10_n_0
    SLICE_X28Y58         CARRY4 (Prop_carry4_S[3]_CO[3])
                                                      0.401     3.694 r  a17_reg[7]_i_2/CO[3]
                         net (fo=1, routed)           0.000     3.694    a17_reg[7]_i_2_n_0
    SLICE_X28Y59         CARRY4 (Prop_carry4_CI_O[3])
                                                      0.313     4.007 r  a17_reg[11]_i_2/O[3]
                         net (fo=2, routed)           0.596     4.602    a171[10]
    SLICE_X29Y59         LUT2 (Prop_lut2_I0_O)        0.306     4.908 r  a17[11]_i_4/O
                         net (fo=1, routed)           0.000     4.908    a17[11]_i_4_n_0
    SLICE_X29Y59         CARRY4 (Prop_carry4_S[2]_CO[3])
                                                      0.398     5.306 r  a17_reg[11]_i_1/CO[3]
                         net (fo=1, routed)           0.000     5.306    a17_reg[11]_i_1_n_0
    SLICE_X29Y60         CARRY4 (Prop_carry4_CI_O[3])
                                                      0.313     5.619 r  a17_reg[15]_i_1/O[3]
                         net (fo=1, routed)           0.000     5.619    a170[15]
    SLICE_X29Y60         FDRE                                         r  a17_reg[15]/D
  -------------------------------------------------------------------    -------------------

                         (clock vclk rise edge)       4.181     4.181 r  <hidden>
                                                      0.000     4.181 r  clk
                         net (fo=679, unset)          0.924     5.105    clk
    SLICE_X29Y60         FDRE                                         r  a17_reg[15]/C
                         clock pessimism              0.000     5.105    <hidden>
                         clock uncertainty           -0.035     5.070    <hidden>
    SLICE_X29Y60         FDRE (Setup_fdre_C_D)        0.062     5.132    a17_reg[15]
  -------------------------------------------------------------------
                         required time                          5.132    <hidden>
                         arrival time                          -5.619    <hidden>
  -------------------------------------------------------------------
                         slack                                 -0.487    <hidden>

Slack (VIOLATED) :        -0.483ns  (required time - arrival time)
  Source:                 x[0]
                            (input port clocked by vclk  {rise@0.000ns fall@2.091ns period=4.181ns})
  Destination:            a23_reg[13]/D
                            (rising edge-triggered cell FDRE clocked by vclk  {rise@0.000ns fall@2.091ns period=4.181ns})
  Path Group:             vclk
  Path Type:              Setup (Max at Slow Process Corner)
  Requirement:            4.181ns  (vclk rise@4.181ns - vclk rise@0.000ns)
  Data Path Delay:        5.615ns  (logic 3.083ns (54.908%)  route 2.532ns (45.092%))
  Logic Levels:           9  (CARRY4=6 LUT2=2 LUT3=1)
  Input Delay:            0.000ns
  Clock Path Skew:        0.924ns (DCD - SCD + CPR)
    Destination Clock Delay (DCD):    0.924ns = ( 5.105 - 4.181 ) 
    Source Clock Delay      (SCD):    0.000ns
    Clock Pessimism Removal (CPR):    0.000ns
  Clock Uncertainty:      0.035ns  ((TSJ^2 + TIJ^2)^1/2 + DJ) / 2 + PE
    Total System Jitter     (TSJ):    0.071ns
    Total Input Jitter      (TIJ):    0.000ns
    Discrete Jitter          (DJ):    0.000ns
    Phase Error              (PE):    0.000ns

    Location             Delay type                Incr(ns)  Path(ns)    Netlist Resource(s)
  -------------------------------------------------------------------    -------------------
                         (clock vclk rise edge)       0.000     0.000 r  <hidden>
                         input delay                  0.000     0.000    <hidden>
                                                      0.000     0.000 r  x[0]
                         net (fo=228, unset)          0.973     0.973    x[0]
    SLICE_X39Y59         LUT2 (Prop_lut2_I1_O)        0.124     1.097 r  a36[3]_i_9/O
                         net (fo=1, routed)           0.000     1.097    a36[3]_i_9_n_0
    SLICE_X39Y59         CARRY4 (Prop_carry4_S[1]_CO[3])
                                                      0.550     1.647 r  a36_reg[3]_i_2/CO[3]
                         net (fo=1, routed)           0.000     1.647    a36_reg[3]_i_2_n_0
    SLICE_X39Y60         CARRY4 (Prop_carry4_CI_O[0])
                                                      0.222     1.869 r  a36_reg[11]_i_15/O[0]
                         net (fo=4, routed)           0.585     2.454    a36_reg[11]_i_15_n_7
    SLICE_X41Y58         LUT3 (Prop_lut3_I1_O)        0.299     2.753 r  a36[7]_i_7/O
                         net (fo=1, routed)           0.331     3.084    a36[7]_i_7_n_0
    SLICE_X41Y59         CARRY4 (Prop_carry4_DI[3]_CO[3])
                                                      0.385     3.469 r  a36_reg[7]_i_2/CO[3]
                         net (fo=1, routed)           0.000     3.469    a36_reg[7]_i_2_n_0
    SLICE_X41Y60         CARRY4 (Prop_carry4_CI_O[1])
                                                      0.334     3.803 r  a36_reg[11]_i_2/O[1]
                         net (fo=4, routed)           0.643     4.446    a231[8]
    SLICE_X40Y60         LUT2 (Prop_lut2_I0_O)        0.303     4.749 r  a23[11]_i_5/O
                         net (fo=1, routed)           0.000     4.749    a23[11]_i_5_n_0
    SLICE_X40Y60         CARRY4 (Prop_carry4_S[0]_CO[3])
                                                      0.532     5.281 r  a23_reg[11]_i_1/CO[3]
                         net (fo=1, routed)           0.000     5.281    a23_reg[11]_i_1_n_0
    SLICE_X40Y61         CARRY4 (Prop_carry4_CI_O[1])
                                                      0.334     5.615 r  a23_reg[15]_i_1/O[1]
                         net (fo=1, routed)           0.000     5.615    a230[13]
    SLICE_X40Y61         FDRE                                         r  a23_reg[13]/D
  -------------------------------------------------------------------    -------------------

                         (clock vclk rise edge)       4.181     4.181 r  <hidden>
                                                      0.000     4.181 r  clk
                         net (fo=679, unset)          0.924     5.105    clk
    SLICE_X40Y61         FDRE                                         r  a23_reg[13]/C
                         clock pessimism              0.000     5.105    <hidden>
                         clock uncertainty           -0.035     5.070    <hidden>
    SLICE_X40Y61         FDRE (Setup_fdre_C_D)        0.062     5.132    a23_reg[13]
  -------------------------------------------------------------------
                         required time                          5.132    <hidden>
                         arrival time                          -5.615    <hidden>
  -------------------------------------------------------------------
                         slack                                 -0.483    <hidden>

Slack (VIOLATED) :        -0.462ns  (required time - arrival time)
  Source:                 x[0]
                            (input port clocked by vclk  {rise@0.000ns fall@2.091ns period=4.181ns})
  Destination:            a23_reg[15]/D
                            (rising edge-triggered cell FDRE clocked by vclk  {rise@0.000ns fall@2.091ns period=4.181ns})
  Path Group:             vclk
  Path Type:              Setup (Max at Slow Process Corner)
  Requirement:            4.181ns  (vclk rise@4.181ns - vclk rise@0.000ns)
  Data Path Delay:        5.594ns  (logic 3.062ns (54.738%)  route 2.532ns (45.262%))
  Logic Levels:           9  (CARRY4=6 LUT2=2 LUT3=1)
  Input Delay:            0.000ns
  Clock Path Skew:        0.924ns (DCD - SCD + CPR)
    Destination Clock Delay (DCD):    0.924ns = ( 5.105 - 4.181 ) 
    Source Clock Delay      (SCD):    0.000ns
    Clock Pessimism Removal (CPR):    0.000ns
  Clock Uncertainty:      0.035ns  ((TSJ^2 + TIJ^2)^1/2 + DJ) / 2 + PE
    Total System Jitter     (TSJ):    0.071ns
    Total Input Jitter      (TIJ):    0.000ns
    Discrete Jitter          (DJ):    0.000ns
    Phase Error              (PE):    0.000ns

    Location             Delay type                Incr(ns)  Path(ns)    Netlist Resource(s)
  -------------------------------------------------------------------    -------------------
                         (clock vclk rise edge)       0.000     0.000 r  <hidden>
                         input delay                  0.000     0.000    <hidden>
                                                      0.000     0.000 r  x[0]
                         net (fo=228, unset)          0.973     0.973    x[0]
    SLICE_X39Y59         LUT2 (Prop_lut2_I1_O)        0.124     1.097 r  a36[3]_i_9/O
                         net (fo=1, routed)           0.000     1.097    a36[3]_i_9_n_0
    SLICE_X39Y59         CARRY4 (Prop_carry4_S[1]_CO[3])
                                                      0.550     1.647 r  a36_reg[3]_i_2/CO[3]
                         net (fo=1, routed)           0.000     1.647    a36_reg[3]_i_2_n_0
    SLICE_X39Y60         CARRY4 (Prop_carry4_CI_O[0])
                                                      0.222     1.869 r  a36_reg[11]_i_15/O[0]
                         net (fo=4, routed)           0.585     2.454    a36_reg[11]_i_15_n_7
    SLICE_X41Y58         LUT3 (Prop_lut3_I1_O)        0.299     2.753 r  a36[7]_i_7/O
                         net (fo=1, routed)           0.331     3.084    a36[7]_i_7_n_0
    SLICE_X41Y59         CARRY4 (Prop_carry4_DI[3]_CO[3])
                                                      0.385     3.469 r  a36_reg[7]_i_2/CO[3]
                         net (fo=1, routed)           0.000     3.469    a36_reg[7]_i_2_n_0
    SLICE_X41Y60         CARRY4 (Prop_carry4_CI_O[1])
                                                      0.334     3.803 r  a36_reg[11]_i_2/O[1]
                         net (fo=4, routed)           0.643     4.446    a231[8]
    SLICE_X40Y60         LUT2 (Prop_lut2_I0_O)        0.303     4.749 r  a23[11]_i_5/O
                         net (fo=1, routed)           0.000     4.749    a23[11]_i_5_n_0
    SLICE_X40Y60         CARRY4 (Prop_carry4_S[0]_CO[3])
                                                      0.532     5.281 r  a23_reg[11]_i_1/CO[3]
                         net (fo=1, routed)           0.000     5.281    a23_reg[11]_i_1_n_0
    SLICE_X40Y61         CARRY4 (Prop_carry4_CI_O[3])
                                                      0.313     5.594 r  a23_reg[15]_i_1/O[3]
                         net (fo=1, routed)           0.000     5.594    a230[15]
    SLICE_X40Y61         FDRE                                         r  a23_reg[15]/D
  -------------------------------------------------------------------    -------------------

                         (clock vclk rise edge)       4.181     4.181 r  <hidden>
                                                      0.000     4.181 r  clk
                         net (fo=679, unset)          0.924     5.105    clk
    SLICE_X40Y61         FDRE                                         r  a23_reg[15]/C
                         clock pessimism              0.000     5.105    <hidden>
                         clock uncertainty           -0.035     5.070    <hidden>
    SLICE_X40Y61         FDRE (Setup_fdre_C_D)        0.062     5.132    a23_reg[15]
  -------------------------------------------------------------------
                         required time                          5.132    <hidden>
                         arrival time                          -5.594    <hidden>
  -------------------------------------------------------------------
                         slack                                 -0.462    <hidden>

Slack (VIOLATED) :        -0.459ns  (required time - arrival time)
  Source:                 x[1]
                            (input port clocked by vclk  {rise@0.000ns fall@2.091ns period=4.181ns})
  Destination:            a25_reg[13]/D
                            (rising edge-triggered cell FDRE clocked by vclk  {rise@0.000ns fall@2.091ns period=4.181ns})
  Path Group:             vclk
  Path Type:              Setup (Max at Slow Process Corner)
  Requirement:            4.181ns  (vclk rise@4.181ns - vclk rise@0.000ns)
  Data Path Delay:        5.591ns  (logic 3.062ns (54.770%)  route 2.529ns (45.230%))
  Logic Levels:           9  (CARRY4=6 LUT1=1 LUT2=1 LUT3=1)
  Input Delay:            0.000ns
  Clock Path Skew:        0.924ns (DCD - SCD + CPR)
    Destination Clock Delay (DCD):    0.924ns = ( 5.105 - 4.181 ) 
    Source Clock Delay      (SCD):    0.000ns
    Clock Pessimism Removal (CPR):    0.000ns
  Clock Uncertainty:      0.035ns  ((TSJ^2 + TIJ^2)^1/2 + DJ) / 2 + PE
    Total System Jitter     (TSJ):    0.071ns
    Total Input Jitter      (TIJ):    0.000ns
    Discrete Jitter          (DJ):    0.000ns
    Phase Error              (PE):    0.000ns

    Location             Delay type                Incr(ns)  Path(ns)    Netlist Resource(s)
  -------------------------------------------------------------------    -------------------
                         (clock vclk rise edge)       0.000     0.000 r  <hidden>
                         input delay                  0.000     0.000    <hidden>
                                                      0.000     0.000 f  x[1]
                         net (fo=180, unset)          0.973     0.973    x[1]
    SLICE_X37Y60         LUT1 (Prop_lut1_I0_O)        0.124     1.097 r  a25[3]_i_9/O
                         net (fo=1, routed)           0.000     1.097    a25[3]_i_9_n_0
    SLICE_X37Y60         CARRY4 (Prop_carry4_S[1]_CO[3])
                                                      0.550     1.647 r  a25_reg[3]_i_2/CO[3]
                         net (fo=1, routed)           0.000     1.647    a25_reg[3]_i_2_n_0
    SLICE_X37Y61         CARRY4 (Prop_carry4_CI_O[3])
                                                      0.313     1.960 r  a25_reg[11]_i_15/O[3]
                         net (fo=3, routed)           0.600     2.560    a25_reg[11]_i_15_n_4
    SLICE_X38Y61         LUT3 (Prop_lut3_I0_O)        0.306     2.866 r  a25[11]_i_9/O
                         net (fo=1, routed)           0.472     3.338    a25[11]_i_9_n_0
    SLICE_X38Y64         CARRY4 (Prop_carry4_DI[1]_CO[3])
                                                      0.520     3.858 r  a25_reg[11]_i_2/CO[3]
                         net (fo=1, routed)           0.000     3.858    a25_reg[11]_i_2_n_0
    SLICE_X38Y65         CARRY4 (Prop_carry4_CI_O[0])
                                                      0.219     4.077 r  a25_reg[15]_i_2/O[0]
                         net (fo=2, routed)           0.484     4.561    a251[11]
    SLICE_X39Y64         LUT2 (Prop_lut2_I0_O)        0.295     4.856 r  a25[11]_i_3/O
                         net (fo=1, routed)           0.000     4.856    a25[11]_i_3_n_0
    SLICE_X39Y64         CARRY4 (Prop_carry4_S[3]_CO[3])
                                                      0.401     5.257 r  a25_reg[11]_i_1/CO[3]
                         net (fo=1, routed)           0.000     5.257    a25_reg[11]_i_1_n_0
    SLICE_X39Y65         CARRY4 (Prop_carry4_CI_O[1])
                                                      0.334     5.591 r  a25_reg[15]_i_1/O[1]
                         net (fo=1, routed)           0.000     5.591    a250[13]
    SLICE_X39Y65         FDRE                                         r  a25_reg[13]/D
  -------------------------------------------------------------------    -------------------

                         (clock vclk rise edge)       4.181     4.181 r  <hidden>
                                                      0.000     4.181 r  clk
                         net (fo=679, unset)          0.924     5.105    clk
    SLICE_X39Y65         FDRE                                         r  a25_reg[13]/C
                         clock pessimism              0.000     5.105    <hidden>
                         clock uncertainty           -0.035     5.070    <hidden>
    SLICE_X39Y65         FDRE (Setup_fdre_C_D)        0.062     5.132    a25_reg[13]
  -------------------------------------------------------------------
                         required time                          5.132    <hidden>
                         arrival time                          -5.591    <hidden>
  -------------------------------------------------------------------
                         slack                                 -0.459    <hidden>

Slack (VIOLATED) :        -0.439ns  (required time - arrival time)
  Source:                 x[1]
                            (input port clocked by vclk  {rise@0.000ns fall@2.091ns period=4.181ns})
  Destination:            a27_reg[14]/D
                            (rising edge-triggered cell FDRE clocked by vclk  {rise@0.000ns fall@2.091ns period=4.181ns})
  Path Group:             vclk
  Path Type:              Setup (Max at Slow Process Corner)
  Requirement:            4.181ns  (vclk rise@4.181ns - vclk rise@0.000ns)
  Data Path Delay:        5.618ns  (logic 3.058ns (54.432%)  route 2.560ns (45.568%))
  Logic Levels:           9  (CARRY4=6 LUT1=1 LUT2=1 LUT3=1)
  Input Delay:            0.000ns
  Clock Path Skew:        0.924ns (DCD - SCD + CPR)
    Destination Clock Delay (DCD):    0.924ns = ( 5.105 - 4.181 ) 
    Source Clock Delay      (SCD):    0.000ns
    Clock Pessimism Removal (CPR):    0.000ns
  Clock Uncertainty:      0.035ns  ((TSJ^2 + TIJ^2)^1/2 + DJ) / 2 + PE
    Total System Jitter     (TSJ):    0.071ns
    Total Input Jitter      (TIJ):    0.000ns
    Discrete Jitter          (DJ):    0.000ns
    Phase Error              (PE):    0.000ns

    Location             Delay type                Incr(ns)  Path(ns)    Netlist Resource(s)
  -------------------------------------------------------------------    -------------------
                         (clock vclk rise edge)       0.000     0.000 r  <hidden>
                         input delay                  0.000     0.000    <hidden>
                                                      0.000     0.000 f  x[1]
                         net (fo=180, unset)          0.973     0.973    x[1]
    SLICE_X44Y62         LUT1 (Prop_lut1_I0_O)        0.124     1.097 r  a27[4]_i_9/O
                         net (fo=1, routed)           0.000     1.097    a27[4]_i_9_n_0
    SLICE_X44Y62         CARRY4 (Prop_carry4_S[1]_CO[3])
                                                      0.550     1.647 r  a27_reg[4]_i_2/CO[3]
                         net (fo=1, routed)           0.000     1.647    a27_reg[4]_i_2_n_0
    SLICE_X44Y63         CARRY4 (Prop_carry4_CI_O[2])
                                                      0.239     1.886 r  a27_reg[12]_i_20/O[2]
                         net (fo=3, routed)           0.422     2.308    a27_reg[12]_i_20_n_5
    SLICE_X45Y63         LUT3 (Prop_lut3_I1_O)        0.302     2.610 r  a27[12]_i_13/O
                         net (fo=1, routed)           0.621     3.231    a27[12]_i_13_n_0
    SLICE_X43Y65         CARRY4 (Prop_carry4_DI[1]_CO[3])
                                                      0.507     3.738 r  a27_reg[12]_i_3/CO[3]
                         net (fo=1, routed)           0.000     3.738    a27_reg[12]_i_3_n_0
    SLICE_X43Y66         CARRY4 (Prop_carry4_CI_O[1])
                                                      0.334     4.072 r  a27_reg[12]_i_2/O[1]
                         net (fo=2, routed)           0.544     4.616    a271[12]
    SLICE_X42Y66         LUT2 (Prop_lut2_I0_O)        0.303     4.919 r  a27[12]_i_4/O
                         net (fo=1, routed)           0.000     4.919    a27[12]_i_4_n_0
    SLICE_X42Y66         CARRY4 (Prop_carry4_S[3]_CO[3])
                                                      0.376     5.295 r  a27_reg[12]_i_1/CO[3]
                         net (fo=1, routed)           0.000     5.295    a27_reg[12]_i_1_n_0
    SLICE_X42Y67         CARRY4 (Prop_carry4_CI_O[1])
                                                      0.323     5.618 r  a27_reg[15]_i_1/O[1]
                         net (fo=1, routed)           0.000     5.618    a270[14]
    SLICE_X42Y67         FDRE                                         r  a27_reg[14]/D
  -------------------------------------------------------------------    -------------------

                         (clock vclk rise edge)       4.181     4.181 r  <hidden>
                                                      0.000     4.181 r  clk
                         net (fo=679, unset)          0.924     5.105    clk
    SLICE_X42Y67         FDRE                                         r  a27_reg[14]/C
                         clock pessimism              0.000     5.105    <hidden>
                         clock uncertainty           -0.035     5.070    <hidden>
    SLICE_X42Y67         FDRE (Setup_fdre_C_D)        0.109     5.179    a27_reg[14]
  -------------------------------------------------------------------
                         required time                          5.179    <hidden>
                         arrival time                          -5.618    <hidden>
  -------------------------------------------------------------------
                         slack                                 -0.439    <hidden>

Slack (VIOLATED) :        -0.438ns  (required time - arrival time)
  Source:                 x[1]
                            (input port clocked by vclk  {rise@0.000ns fall@2.091ns period=4.181ns})
  Destination:            a25_reg[15]/D
                            (rising edge-triggered cell FDRE clocked by vclk  {rise@0.000ns fall@2.091ns period=4.181ns})
  Path Group:             vclk
  Path Type:              Setup (Max at Slow Process Corner)
  Requirement:            4.181ns  (vclk rise@4.181ns - vclk rise@0.000ns)
  Data Path Delay:        5.570ns  (logic 3.041ns (54.599%)  route 2.529ns (45.401%))
  Logic Levels:           9  (CARRY4=6 LUT1=1 LUT2=1 LUT3=1)
  Input Delay:            0.000ns
  Clock Path Skew:        0.924ns (DCD - SCD + CPR)
    Destination Clock Delay (DCD):    0.924ns = ( 5.105 - 4.181 ) 
    Source Clock Delay      (SCD):    0.000ns
    Clock Pessimism Removal (CPR):    0.000ns
  Clock Uncertainty:      0.035ns  ((TSJ^2 + TIJ^2)^1/2 + DJ) / 2 + PE
    Total System Jitter     (TSJ):    0.071ns
    Total Input Jitter      (TIJ):    0.000ns
    Discrete Jitter          (DJ):    0.000ns
    Phase Error              (PE):    0.000ns

    Location             Delay type                Incr(ns)  Path(ns)    Netlist Resource(s)
  -------------------------------------------------------------------    -------------------
                         (clock vclk rise edge)       0.000     0.000 r  <hidden>
                         input delay                  0.000     0.000    <hidden>
                                                      0.000     0.000 f  x[1]
                         net (fo=180, unset)          0.973     0.973    x[1]
    SLICE_X37Y60         LUT1 (Prop_lut1_I0_O)        0.124     1.097 r  a25[3]_i_9/O
                         net (fo=1, routed)           0.000     1.097    a25[3]_i_9_n_0
    SLICE_X37Y60         CARRY4 (Prop_carry4_S[1]_CO[3])
                                                      0.550     1.647 r  a25_reg[3]_i_2/CO[3]
                         net (fo=1, routed)           0.000     1.647    a25_reg[3]_i_2_n_0
    SLICE_X37Y61         CARRY4 (Prop_carry4_CI_O[3])
                                                      0.313     1.960 r  a25_reg[11]_i_15/O[3]
                         net (fo=3, routed)           0.600     2.560    a25_reg[11]_i_15_n_4
    SLICE_X38Y61         LUT3 (Prop_lut3_I0_O)        0.306     2.866 r  a25[11]_i_9/O
                         net (fo=1, routed)           0.472     3.338    a25[11]_i_9_n_0
    SLICE_X38Y64         CARRY4 (Prop_carry4_DI[1]_CO[3])
                                                      0.520     3.858 r  a25_reg[11]_i_2/CO[3]
                         net (fo=1, routed)           0.000     3.858    a25_reg[11]_i_2_n_0
    SLICE_X38Y65         CARRY4 (Prop_carry4_CI_O[0])
                                                      0.219     4.077 r  a25_reg[15]_i_2/O[0]
                         net (fo=2, routed)           0.484     4.561    a251[11]
    SLICE_X39Y64         LUT2 (Prop_lut2_I0_O)        0.295     4.856 r  a25[11]_i_3/O
                         net (fo=1, routed)           0.000     4.856    a25[11]_i_3_n_0
    SLICE_X39Y64         CARRY4 (Prop_carry4_S[3]_CO[3])
                                                      0.401     5.257 r  a25_reg[11]_i_1/CO[3]
                         net (fo=1, routed)           0.000     5.257    a25_reg[11]_i_1_n_0
    SLICE_X39Y65         CARRY4 (Prop_carry4_CI_O[3])
                                                      0.313     5.570 r  a25_reg[15]_i_1/O[3]
                         net (fo=1, routed)           0.000     5.570    a250[15]
    SLICE_X39Y65         FDRE                                         r  a25_reg[15]/D
  -------------------------------------------------------------------    -------------------

                         (clock vclk rise edge)       4.181     4.181 r  <hidden>
                                                      0.000     4.181 r  clk
                         net (fo=679, unset)          0.924     5.105    clk
    SLICE_X39Y65         FDRE                                         r  a25_reg[15]/C
                         clock pessimism              0.000     5.105    <hidden>
                         clock uncertainty           -0.035     5.070    <hidden>
    SLICE_X39Y65         FDRE (Setup_fdre_C_D)        0.062     5.132    a25_reg[15]
  -------------------------------------------------------------------
                         required time                          5.132    <hidden>
                         arrival time                          -5.570    <hidden>
  -------------------------------------------------------------------
                         slack                                 -0.438    <hidden>

Slack (VIOLATED) :        -0.413ns  (required time - arrival time)
  Source:                 x[1]
                            (input port clocked by vclk  {rise@0.000ns fall@2.091ns period=4.181ns})
  Destination:            a17_reg[14]/D
                            (rising edge-triggered cell FDRE clocked by vclk  {rise@0.000ns fall@2.091ns period=4.181ns})
  Path Group:             vclk
  Path Type:              Setup (Max at Slow Process Corner)
  Requirement:            4.181ns  (vclk rise@4.181ns - vclk rise@0.000ns)
  Data Path Delay:        5.545ns  (logic 2.854ns (51.466%)  route 2.691ns (48.534%))
  Logic Levels:           9  (CARRY4=6 LUT1=1 LUT2=1 LUT6=1)
  Input Delay:            0.000ns
  Clock Path Skew:        0.924ns (DCD - SCD + CPR)
    Destination Clock Delay (DCD):    0.924ns = ( 5.105 - 4.181 ) 
    Source Clock Delay      (SCD):    0.000ns
    Clock Pessimism Removal (CPR):    0.000ns
  Clock Uncertainty:      0.035ns  ((TSJ^2 + TIJ^2)^1/2 + DJ) / 2 + PE
    Total System Jitter     (TSJ):    0.071ns
    Total Input Jitter      (TIJ):    0.000ns
    Discrete Jitter          (DJ):    0.000ns
    Phase Error              (PE):    0.000ns

    Location             Delay type                Incr(ns)  Path(ns)    Netlist Resource(s)
  -------------------------------------------------------------------    -------------------
                         (clock vclk rise edge)       0.000     0.000 r  <hidden>
                         input delay                  0.000     0.000    <hidden>
                                                      0.000     0.000 f  x[1]
                         net (fo=180, unset)          0.973     0.973    x[1]
    SLICE_X26Y60         LUT1 (Prop_lut1_I0_O)        0.124     1.097 r  a17[3]_i_9/O
                         net (fo=1, routed)           0.000     1.097    a17[3]_i_9_n_0
    SLICE_X26Y60         CARRY4 (Prop_carry4_S[1]_CO[3])
                                                      0.533     1.630 r  a17_reg[3]_i_2/CO[3]
                         net (fo=1, routed)           0.000     1.630    a17_reg[3]_i_2_n_0
    SLICE_X26Y61         CARRY4 (Prop_carry4_CI_O[2])
                                                      0.239     1.869 r  a17_reg[11]_i_15/O[2]
                         net (fo=3, routed)           1.123     2.992    a17_reg[11]_i_15_n_5
    SLICE_X28Y58         LUT6 (Prop_lut6_I4_O)        0.301     3.293 r  a17[7]_i_10/O
                         net (fo=1, routed)           0.000     3.293    a17[7]_i_10_n_0
    SLICE_X28Y58         CARRY4 (Prop_carry4_S[3]_CO[3])
                                                      0.401     3.694 r  a17_reg[7]_i_2/CO[3]
                         net (fo=1, routed)           0.000     3.694    a17_reg[7]_i_2_n_0
    SLICE_X28Y59         CARRY4 (Prop_carry4_CI_O[3])
                                                      0.313     4.007 r  a17_reg[11]_i_2/O[3]
                         net (fo=2, routed)           0.596     4.602    a171[10]
    SLICE_X29Y59         LUT2 (Prop_lut2_I0_O)        0.306     4.908 r  a17[11]_i_4/O
                         net (fo=1, routed)           0.000     4.908    a17[11]_i_4_n_0
    SLICE_X29Y59         CARRY4 (Prop_carry4_S[2]_CO[3])
                                                      0.398     5.306 r  a17_reg[11]_i_1/CO[3]
                         net (fo=1, routed)           0.000     5.306    a17_reg[11]_i_1_n_0
    SLICE_X29Y60         CARRY4 (Prop_carry4_CI_O[2])
                                                      0.239     5.545 r  a17_reg[15]_i_1/O[2]
                         net (fo=1, routed)           0.000     5.545    a170[14]
    SLICE_X29Y60         FDRE                                         r  a17_reg[14]/D
  -------------------------------------------------------------------    -------------------

                         (clock vclk rise edge)       4.181     4.181 r  <hidden>
                                                      0.000     4.181 r  clk
                         net (fo=679, unset)          0.924     5.105    clk
    SLICE_X29Y60         FDRE                                         r  a17_reg[14]/C
                         clock pessimism              0.000     5.105    <hidden>
                         clock uncertainty           -0.035     5.070    <hidden>
    SLICE_X29Y60         FDRE (Setup_fdre_C_D)        0.062     5.132    a17_reg[14]
  -------------------------------------------------------------------
                         required time                          5.132    <hidden>
                         arrival time                          -5.545    <hidden>
  -------------------------------------------------------------------
                         slack                                 -0.413    <hidden>

Slack (VIOLATED) :        -0.407ns  (required time - arrival time)
  Source:                 x[0]
                            (input port clocked by vclk  {rise@0.000ns fall@2.091ns period=4.181ns})
  Destination:            a36_reg[13]/D
                            (rising edge-triggered cell FDRE clocked by vclk  {rise@0.000ns fall@2.091ns period=4.181ns})
  Path Group:             vclk
  Path Type:              Setup (Max at Slow Process Corner)
  Requirement:            4.181ns  (vclk rise@4.181ns - vclk rise@0.000ns)
  Data Path Delay:        5.539ns  (logic 3.093ns (55.837%)  route 2.446ns (44.163%))
  Logic Levels:           9  (CARRY4=6 LUT2=2 LUT3=1)
  Input Delay:            0.000ns
  Clock Path Skew:        0.924ns (DCD - SCD + CPR)
    Destination Clock Delay (DCD):    0.924ns = ( 5.105 - 4.181 ) 
    Source Clock Delay      (SCD):    0.000ns
    Clock Pessimism Removal (CPR):    0.000ns
  Clock Uncertainty:      0.035ns  ((TSJ^2 + TIJ^2)^1/2 + DJ) / 2 + PE
    Total System Jitter     (TSJ):    0.071ns
    Total Input Jitter      (TIJ):    0.000ns
    Discrete Jitter          (DJ):    0.000ns
    Phase Error              (PE):    0.000ns

    Location             Delay type                Incr(ns)  Path(ns)    Netlist Resource(s)
  -------------------------------------------------------------------    -------------------
                         (clock vclk rise edge)       0.000     0.000 r  <hidden>
                         input delay                  0.000     0.000    <hidden>
                                                      0.000     0.000 r  x[0]
                         net (fo=228, unset)          0.973     0.973    x[0]
    SLICE_X39Y59         LUT2 (Prop_lut2_I1_O)        0.124     1.097 r  a36[3]_i_9/O
                         net (fo=1, routed)           0.000     1.097    a36[3]_i_9_n_0
    SLICE_X39Y59         CARRY4 (Prop_carry4_S[1]_CO[3])
                                                      0.550     1.647 r  a36_reg[3]_i_2/CO[3]
                         net (fo=1, routed)           0.000     1.647    a36_reg[3]_i_2_n_0
    SLICE_X39Y60         CARRY4 (Prop_carry4_CI_O[1])
                                                      0.334     1.981 r  a36_reg[11]_i_15/O[1]
                         net (fo=3, routed)           0.641     2.622    a36_reg[11]_i_15_n_6
    SLICE_X38Y61         LUT3 (Prop_lut3_I1_O)        0.303     2.925 r  a36[11]_i_10/O
                         net (fo=1, routed)           0.352     3.277    a36[11]_i_10_n_0
    SLICE_X41Y60         CARRY4 (Prop_carry4_DI[0]_CO[3])
                                                      0.526     3.803 r  a36_reg[11]_i_2/CO[3]
                         net (fo=1, routed)           0.000     3.803    a36_reg[11]_i_2_n_0
    SLICE_X41Y61         CARRY4 (Prop_carry4_CI_O[0])
                                                      0.222     4.025 r  a36_reg[15]_i_2/O[0]
                         net (fo=4, routed)           0.480     4.505    a231[11]
    SLICE_X43Y60         LUT2 (Prop_lut2_I0_O)        0.299     4.804 r  a36[11]_i_3/O
                         net (fo=1, routed)           0.000     4.804    a36[11]_i_3_n_0
    SLICE_X43Y60         CARRY4 (Prop_carry4_S[3]_CO[3])
                                                      0.401     5.205 r  a36_reg[11]_i_1/CO[3]
                         net (fo=1, routed)           0.000     5.205    a36_reg[11]_i_1_n_0
    SLICE_X43Y61         CARRY4 (Prop_carry4_CI_O[1])
                                                      0.334     5.539 r  a36_reg[15]_i_1/O[1]
                         net (fo=1, routed)           0.000     5.539    a360[13]
    SLICE_X43Y61         FDRE                                         r  a36_reg[13]/D
  -------------------------------------------------------------------    -------------------

                         (clock vclk rise edge)       4.181     4.181 r  <hidden>
                                                      0.000     4.181 r  clk
                         net (fo=679, unset)          0.924     5.105    clk
    SLICE_X43Y61         FDRE                                         r  a36_reg[13]/C
                         clock pessimism              0.000     5.105    <hidden>
                         clock uncertainty           -0.035     5.070    <hidden>
    SLICE_X43Y61         FDRE (Setup_fdre_C_D)        0.062     5.132    a36_reg[13]
  -------------------------------------------------------------------
                         required time                          5.132    <hidden>
                         arrival time                          -5.539    <hidden>
  -------------------------------------------------------------------
                         slack                                 -0.407    <hidden>

Slack (VIOLATED) :        -0.397ns  (required time - arrival time)
  Source:                 x[1]
                            (input port clocked by vclk  {rise@0.000ns fall@2.091ns period=4.181ns})
  Destination:            a17_reg[12]/D
                            (rising edge-triggered cell FDRE clocked by vclk  {rise@0.000ns fall@2.091ns period=4.181ns})
  Path Group:             vclk
  Path Type:              Setup (Max at Slow Process Corner)
  Requirement:            4.181ns  (vclk rise@4.181ns - vclk rise@0.000ns)
  Data Path Delay:        5.529ns  (logic 2.838ns (51.325%)  route 2.691ns (48.675%))
  Logic Levels:           9  (CARRY4=6 LUT1=1 LUT2=1 LUT6=1)
  Input Delay:            0.000ns
  Clock Path Skew:        0.924ns (DCD - SCD + CPR)
    Destination Clock Delay (DCD):    0.924ns = ( 5.105 - 4.181 ) 
    Source Clock Delay      (SCD):    0.000ns
    Clock Pessimism Removal (CPR):    0.000ns
  Clock Uncertainty:      0.035ns  ((TSJ^2 + TIJ^2)^1/2 + DJ) / 2 + PE
    Total System Jitter     (TSJ):    0.071ns
    Total Input Jitter      (TIJ):    0.000ns
    Discrete Jitter          (DJ):    0.000ns
    Phase Error              (PE):    0.000ns

    Location             Delay type                Incr(ns)  Path(ns)    Netlist Resource(s)
  -------------------------------------------------------------------    -------------------
                         (clock vclk rise edge)       0.000     0.000 r  <hidden>
                         input delay                  0.000     0.000    <hidden>
                                                      0.000     0.000 f  x[1]
                         net (fo=180, unset)          0.973     0.973    x[1]
    SLICE_X26Y60         LUT1 (Prop_lut1_I0_O)        0.124     1.097 r  a17[3]_i_9/O
                         net (fo=1, routed)           0.000     1.097    a17[3]_i_9_n_0
    SLICE_X26Y60         CARRY4 (Prop_carry4_S[1]_CO[3])
                                                      0.533     1.630 r  a17_reg[3]_i_2/CO[3]
                         net (fo=1, routed)           0.000     1.630    a17_reg[3]_i_2_n_0
    SLICE_X26Y61         CARRY4 (Prop_carry4_CI_O[2])
                                                      0.239     1.869 r  a17_reg[11]_i_15/O[2]
                         net (fo=3, routed)           1.123     2.992    a17_reg[11]_i_15_n_5
    SLICE_X28Y58         LUT6 (Prop_lut6_I4_O)        0.301     3.293 r  a17[7]_i_10/O
                         net (fo=1, routed)           0.000     3.293    a17[7]_i_10_n_0
    SLICE_X28Y58         CARRY4 (Prop_carry4_S[3]_CO[3])
                                                      0.401     3.694 r  a17_reg[7]_i_2/CO[3]
                         net (fo=1, routed)           0.000     3.694    a17_reg[7]_i_2_n_0
    SLICE_X28Y59         CARRY4 (Prop_carry4_CI_O[3])
                                                      0.313     4.007 r  a17_reg[11]_i_2/O[3]
                         net (fo=2, routed)           0.596     4.602    a171[10]
    SLICE_X29Y59         LUT2 (Prop_lut2_I0_O)        0.306     4.908 r  a17[11]_i_4/O
                         net (fo=1, routed)           0.000     4.908    a17[11]_i_4_n_0
    SLICE_X29Y59         CARRY4 (Prop_carry4_S[2]_CO[3])
                                                      0.398     5.306 r  a17_reg[11]_i_1/CO[3]
                         net (fo=1, routed)           0.000     5.306    a17_reg[11]_i_1_n_0
    SLICE_X29Y60         CARRY4 (Prop_carry4_CI_O[0])
                                                      0.223     5.529 r  a17_reg[15]_i_1/O[0]
                         net (fo=1, routed)           0.000     5.529    a170[12]
    SLICE_X29Y60         FDRE                                         r  a17_reg[12]/D
  -------------------------------------------------------------------    -------------------

                         (clock vclk rise edge)       4.181     4.181 r  <hidden>
                                                      0.000     4.181 r  clk
                         net (fo=679, unset)          0.924     5.105    clk
    SLICE_X29Y60         FDRE                                         r  a17_reg[12]/C
                         clock pessimism              0.000     5.105    <hidden>
                         clock uncertainty           -0.035     5.070    <hidden>
    SLICE_X29Y60         FDRE (Setup_fdre_C_D)        0.062     5.132    a17_reg[12]
  -------------------------------------------------------------------
                         required time                          5.132    <hidden>
                         arrival time                          -5.529    <hidden>
  -------------------------------------------------------------------
                         slack                                 -0.397    <hidden>





Pulse Width Checks
--------------------------------------------------------------------------------------
Clock Name:         vclk
Waveform(ns):       { 0.000 2.091 }
Period(ns):         4.181
Sources:            { clk }

Check Type        Corner  Lib Pin     Reference Pin  Required(ns)  Actual(ns)  Slack(ns)  Location      Pin
Min Period        n/a     FDRE/C      n/a            1.000         4.181       3.181      SLICE_X27Y64  a0_reg[0]/C
Min Period        n/a     FDRE/C      n/a            1.000         4.181       3.181      SLICE_X28Y69  a0_reg[10]/C
Min Period        n/a     FDRE/C      n/a            1.000         4.181       3.181      SLICE_X28Y69  a0_reg[11]/C
Min Period        n/a     FDRE/C      n/a            1.000         4.181       3.181      SLICE_X28Y69  a0_reg[12]/C
Min Period        n/a     FDRE/C      n/a            1.000         4.181       3.181      SLICE_X28Y69  a0_reg[13]/C
Min Period        n/a     FDRE/C      n/a            1.000         4.181       3.181      SLICE_X28Y70  a0_reg[14]/C
Min Period        n/a     FDRE/C      n/a            1.000         4.181       3.181      SLICE_X28Y70  a0_reg[15]/C
Min Period        n/a     FDRE/C      n/a            1.000         4.181       3.181      SLICE_X27Y64  a0_reg[1]/C
Min Period        n/a     FDRE/C      n/a            1.000         4.181       3.181      SLICE_X28Y67  a0_reg[2]/C
Min Period        n/a     FDRE/C      n/a            1.000         4.181       3.181      SLICE_X28Y67  a0_reg[3]/C
Low Pulse Width   Slow    SRL16E/CLK  n/a            0.980         2.091       1.111      SLICE_X34Y58  a15_reg[0]_srl2___a22_reg_r/CLK
Low Pulse Width   Fast    SRL16E/CLK  n/a            0.980         2.091       1.111      SLICE_X34Y58  a15_reg[0]_srl2___a22_reg_r/CLK
Low Pulse Width   Slow    SRL16E/CLK  n/a            0.980         2.091       1.111      SLICE_X34Y58  a21_reg[0]_srl3___a21_reg_r/CLK
Low Pulse Width   Fast    SRL16E/CLK  n/a            0.980         2.091       1.111      SLICE_X34Y58  a21_reg[0]_srl3___a21_reg_r/CLK
Low Pulse Width   Slow    SRL16E/CLK  n/a            0.980         2.091       1.111      SLICE_X42Y63  a28_reg[0]_srl2___a22_reg_r/CLK
Low Pulse Width   Fast    SRL16E/CLK  n/a            0.980         2.091       1.111      SLICE_X42Y63  a28_reg[0]_srl2___a22_reg_r/CLK
Low Pulse Width   Slow    SRL16E/CLK  n/a            0.980         2.091       1.111      SLICE_X34Y58  a40_reg[0]_srl2___a22_reg_r/CLK
Low Pulse Width   Fast    SRL16E/CLK  n/a            0.980         2.091       1.111      SLICE_X34Y58  a40_reg[0]_srl2___a22_reg_r/CLK
Low Pulse Width   Slow    SRL16E/CLK  n/a            0.980         2.091       1.111      SLICE_X34Y58  a7_reg[0]_srl3___a21_reg_r/CLK
Low Pulse Width   Fast    SRL16E/CLK  n/a            0.980         2.091       1.111      SLICE_X34Y58  a7_reg[0]_srl3___a21_reg_r/CLK
High Pulse Width  Slow    SRL16E/CLK  n/a            0.980         2.091       1.111      SLICE_X34Y58  a15_reg[0]_srl2___a22_reg_r/CLK
High Pulse Width  Fast    SRL16E/CLK  n/a            0.980         2.091       1.111      SLICE_X34Y58  a15_reg[0]_srl2___a22_reg_r/CLK
High Pulse Width  Slow    SRL16E/CLK  n/a            0.980         2.091       1.111      SLICE_X34Y58  a21_reg[0]_srl3___a21_reg_r/CLK
High Pulse Width  Fast    SRL16E/CLK  n/a            0.980         2.091       1.111      SLICE_X34Y58  a21_reg[0]_srl3___a21_reg_r/CLK
High Pulse Width  Slow    SRL16E/CLK  n/a            0.980         2.091       1.111      SLICE_X42Y63  a28_reg[0]_srl2___a22_reg_r/CLK
High Pulse Width  Fast    SRL16E/CLK  n/a            0.980         2.091       1.111      SLICE_X42Y63  a28_reg[0]_srl2___a22_reg_r/CLK
High Pulse Width  Slow    SRL16E/CLK  n/a            0.980         2.091       1.111      SLICE_X34Y58  a40_reg[0]_srl2___a22_reg_r/CLK
High Pulse Width  Fast    SRL16E/CLK  n/a            0.980         2.091       1.111      SLICE_X34Y58  a40_reg[0]_srl2___a22_reg_r/CLK
High Pulse Width  Slow    SRL16E/CLK  n/a            0.980         2.091       1.111      SLICE_X34Y58  a7_reg[0]_srl3___a21_reg_r/CLK
High Pulse Width  Fast    SRL16E/CLK  n/a            0.980         2.091       1.111      SLICE_X34Y58  a7_reg[0]_srl3___a21_reg_r/CLK



