Copyright 1986-2022 Xilinx, Inc. All Rights Reserved. Copyright 2022-2026 Advanced Micro Devices, Inc. All Rights Reserved.
---------------------------------------------------------------------------------------------------------------------------------------------------------------------------------------------------------------------------------------------------------------------------------------------
| Tool Version : Vivado v.2026.1 (win64) Build 6511674 Tue Jun 16 11:02:23 MDT 2026
| Date         : Sun Aug 30 23:23:01 2026
| Host         : Amine running 64-bit major release  (build 9200)
| Command      : report_timing_summary -delay_type max -max_paths 10 -report_unconstrained -check_timing_verbose -warn_on_violation -file C:/Users/Amine/mas/fpga-repo/timing_closure_candidate_v7/results/c04_firr_rf_firr20_v6/trial_008_search_p2p922382813_a0/reports/timing_summary.rpt
| Design       : rf_s2__firr20_v6__g1
| Device       : 7z020-clg400
| Speed File   : -1  PRODUCTION 1.12 2019-11-22
| Design State : Routed
---------------------------------------------------------------------------------------------------------------------------------------------------------------------------------------------------------------------------------------------------------------------------------------------

Timing Summary Report

------------------------------------------------------------------------------------------------
| Timer Settings
| --------------
------------------------------------------------------------------------------------------------

  Enable Multi Corner Analysis               :  Yes
  Enable Pessimism Removal                   :  Yes
  Pessimism Removal Resolution               :  Nearest Common Node
  Enable Input Delay Default Clock           :  No
  Enable Preset / Clear Arcs                 :  No
  Disable Flight Delays                      :  No
  Ignore I/O Paths                           :  No
  Timing Early Launch at Borrowing Latches   :  No
  Borrow Time for Max Delay Exceptions       :  Yes
  Merge Timing Exceptions                    :  Yes
  Inter-SLR Compensation                     :  Conservative

  Corner  Analyze    Analyze    
  Name    Max Paths  Min Paths  
  ------  ---------  ---------  
  Slow    Yes        Yes        
  Fast    Yes        Yes        


------------------------------------------------------------------------------------------------
| Report Methodology
| ------------------
------------------------------------------------------------------------------------------------

No report available as report_methodology has not been run prior. Run report_methodology on the current design for the summary of methodology violations.



check_timing report

Table of Contents
-----------------
1. checking no_clock (0)
2. checking constant_clock (0)
3. checking pulse_width_clock (0)
4. checking unconstrained_internal_endpoints (0)
5. checking no_input_delay (0)
6. checking no_output_delay (0)
7. checking multiple_clock (0)
8. checking generated_clocks (0)
9. checking loops (0)
10. checking partial_input_delay (0)
11. checking partial_output_delay (0)
12. checking latch_loops (0)

1. checking no_clock (0)
------------------------
 There are 0 register/latch pins with no clock.


2. checking constant_clock (0)
------------------------------
 There are 0 register/latch pins with constant_clock.


3. checking pulse_width_clock (0)
---------------------------------
 There are 0 register/latch pins which need pulse_width check


4. checking unconstrained_internal_endpoints (0)
------------------------------------------------
 There are 0 pins that are not constrained for maximum delay.

 There are 0 pins that are not constrained for maximum delay due to constant clock.


5. checking no_input_delay (0)
------------------------------
 There are 0 input ports with no input delay specified.

 There are 0 input ports with no input delay but user has a false path constraint.


6. checking no_output_delay (0)
-------------------------------
 There are 0 ports with no output delay specified.

 There are 0 ports with no output delay but user has a false path constraint

 There are 0 ports with no output delay but with a timing clock defined on it or propagating through it


7. checking multiple_clock (0)
------------------------------
 There are 0 register/latch pins with multiple clocks.


8. checking generated_clocks (0)
--------------------------------
 There are 0 generated clocks that are not connected to a clock source.


9. checking loops (0)
---------------------
 There are 0 combinational loops in the design.


10. checking partial_input_delay (0)
------------------------------------
 There are 0 input ports with partial input delay specified.


11. checking partial_output_delay (0)
-------------------------------------
 There are 0 ports with partial output delay specified.


12. checking latch_loops (0)
----------------------------
 There are 0 combinational latch loops in the design through latch input



------------------------------------------------------------------------------------------------
| Design Timing Summary
| ---------------------
------------------------------------------------------------------------------------------------

    WNS(ns)      TNS(ns)  TNS Failing Endpoints  TNS Total Endpoints     WPWS(ns)     TPWS(ns)  TPWS Failing Endpoints  TPWS Total Endpoints  
    -------      -------  ---------------------  -------------------     --------     --------  ----------------------  --------------------  
     -0.010       -0.010                      1                  594        0.961        0.000                       0                   290  


Timing constraints are not met.


------------------------------------------------------------------------------------------------
| Clock Summary
| -------------
------------------------------------------------------------------------------------------------

Clock  Waveform(ns)         Period(ns)      Frequency(MHz)
-----  ------------         ----------      --------------
vclk   {0.000 1.461}        2.922           342.231         


------------------------------------------------------------------------------------------------
| Intra Clock Table
| -----------------
------------------------------------------------------------------------------------------------

Clock             WNS(ns)      TNS(ns)  TNS Failing Endpoints  TNS Total Endpoints     WPWS(ns)     TPWS(ns)  TPWS Failing Endpoints  TPWS Total Endpoints  
-----             -------      -------  ---------------------  -------------------     --------     --------  ----------------------  --------------------  
vclk               -0.010       -0.010                      1                  594        0.961        0.000                       0                   290  


------------------------------------------------------------------------------------------------
| Inter Clock Table
| -----------------
------------------------------------------------------------------------------------------------

From Clock    To Clock          WNS(ns)      TNS(ns)  TNS Failing Endpoints  TNS Total Endpoints  
----------    --------          -------      -------  ---------------------  -------------------  


------------------------------------------------------------------------------------------------
| Other Path Groups Table
| -----------------------
------------------------------------------------------------------------------------------------

Path Group    From Clock    To Clock          WNS(ns)      TNS(ns)  TNS Failing Endpoints  TNS Total Endpoints  
----------    ----------    --------          -------      -------  ---------------------  -------------------  


------------------------------------------------------------------------------------------------
| User Ignored Path Table
| -----------------------
------------------------------------------------------------------------------------------------

Path Group    From Clock    To Clock    
----------    ----------    --------    


------------------------------------------------------------------------------------------------
| Unconstrained Path Table
| ------------------------
------------------------------------------------------------------------------------------------

Path Group    From Clock    To Clock    
----------    ----------    --------    


------------------------------------------------------------------------------------------------
| Timing Details
| --------------
------------------------------------------------------------------------------------------------


---------------------------------------------------------------------------------------------------
From Clock:  vclk
  To Clock:  vclk

Setup :            1  Failing Endpoint ,  Worst Slack       -0.010ns,  Total Violation       -0.010ns
Hold  :           NA  Failing Endpoints,  Worst Slack           NA  ,  Total Violation           NA
PW    :            0  Failing Endpoints,  Worst Slack        0.961ns,  Total Violation        0.000ns
---------------------------------------------------------------------------------------------------


Max Delay Paths
--------------------------------------------------------------------------------------
Slack (VIOLATED) :        -0.010ns  (required time - arrival time)
  Source:                 x[1]
                            (input port clocked by vclk  {rise@0.000ns fall@1.461ns period=2.922ns})
  Destination:            a6_reg[15]/D
                            (rising edge-triggered cell FDRE clocked by vclk  {rise@0.000ns fall@1.461ns period=2.922ns})
  Path Group:             vclk
  Path Type:              Setup (Max at Slow Process Corner)
  Requirement:            2.922ns  (vclk rise@2.922ns - vclk rise@0.000ns)
  Data Path Delay:        3.930ns  (logic 2.259ns (57.483%)  route 1.671ns (42.517%))
  Logic Levels:           7  (CARRY4=5 LUT1=1 LUT2=1)
  Input Delay:            0.000ns
  Clock Path Skew:        0.924ns (DCD - SCD + CPR)
    Destination Clock Delay (DCD):    0.924ns = ( 3.846 - 2.922 ) 
    Source Clock Delay      (SCD):    0.000ns
    Clock Pessimism Removal (CPR):    0.000ns
  Clock Uncertainty:      0.035ns  ((TSJ^2 + TIJ^2)^1/2 + DJ) / 2 + PE
    Total System Jitter     (TSJ):    0.071ns
    Total Input Jitter      (TIJ):    0.000ns
    Discrete Jitter          (DJ):    0.000ns
    Phase Error              (PE):    0.000ns

    Location             Delay type                Incr(ns)  Path(ns)    Netlist Resource(s)
  -------------------------------------------------------------------    -------------------
                         (clock vclk rise edge)       0.000     0.000 r  <hidden>
                         input delay                  0.000     0.000    <hidden>
                                                      0.000     0.000 f  x[1]
                         net (fo=71, unset)           0.973     0.973    x[1]
    SLICE_X34Y74         LUT1 (Prop_lut1_I0_O)        0.124     1.097 r  a6[5]_i_9/O
                         net (fo=1, routed)           0.000     1.097    a6[5]_i_9_n_0
    SLICE_X34Y74         CARRY4 (Prop_carry4_S[1]_CO[3])
                                                      0.533     1.630 r  a6_reg[5]_i_2/CO[3]
                         net (fo=1, routed)           0.009     1.639    a6_reg[5]_i_2_n_0
    SLICE_X34Y75         CARRY4 (Prop_carry4_CI_CO[3])
                                                      0.117     1.756 r  a6_reg[9]_i_2/CO[3]
                         net (fo=1, routed)           0.000     1.756    a6_reg[9]_i_2_n_0
    SLICE_X34Y76         CARRY4 (Prop_carry4_CI_O[1])
                                                      0.323     2.079 r  a6_reg[13]_i_2/O[1]
                         net (fo=2, routed)           0.689     2.768    a61[11]
    SLICE_X30Y76         LUT2 (Prop_lut2_I0_O)        0.306     3.074 r  a6[13]_i_4/O
                         net (fo=1, routed)           0.000     3.074    a6[13]_i_4_n_0
    SLICE_X30Y76         CARRY4 (Prop_carry4_S[1]_CO[3])
                                                      0.533     3.607 r  a6_reg[13]_i_1/CO[3]
                         net (fo=1, routed)           0.000     3.607    a6_reg[13]_i_1_n_0
    SLICE_X30Y77         CARRY4 (Prop_carry4_CI_O[1])
                                                      0.323     3.930 r  a6_reg[15]_i_1/O[1]
                         net (fo=1, routed)           0.000     3.930    a60[15]
    SLICE_X30Y77         FDRE                                         r  a6_reg[15]/D
  -------------------------------------------------------------------    -------------------

                         (clock vclk rise edge)       2.922     2.922 r  <hidden>
                                                      0.000     2.922 r  clk
                         net (fo=289, unset)          0.924     3.846    clk
    SLICE_X30Y77         FDRE                                         r  a6_reg[15]/C
                         clock pessimism              0.000     3.846    <hidden>
                         clock uncertainty           -0.035     3.811    <hidden>
    SLICE_X30Y77         FDRE (Setup_fdre_C_D)        0.109     3.920    a6_reg[15]
  -------------------------------------------------------------------
                         required time                          3.920    <hidden>
                         arrival time                          -3.930    <hidden>
  -------------------------------------------------------------------
                         slack                                 -0.010    <hidden>

Slack (MET) :             0.030ns  (required time - arrival time)
  Source:                 x[1]
                            (input port clocked by vclk  {rise@0.000ns fall@1.461ns period=2.922ns})
  Destination:            a10_reg[15]/D
                            (rising edge-triggered cell FDRE clocked by vclk  {rise@0.000ns fall@1.461ns period=2.922ns})
  Path Group:             vclk
  Path Type:              Setup (Max at Slow Process Corner)
  Requirement:            2.922ns  (vclk rise@2.922ns - vclk rise@0.000ns)
  Data Path Delay:        3.890ns  (logic 1.792ns (46.068%)  route 2.098ns (53.932%))
  Logic Levels:           5  (CARRY4=4 LUT3=1)
  Input Delay:            0.000ns
  Clock Path Skew:        0.924ns (DCD - SCD + CPR)
    Destination Clock Delay (DCD):    0.924ns = ( 3.846 - 2.922 ) 
    Source Clock Delay      (SCD):    0.000ns
    Clock Pessimism Removal (CPR):    0.000ns
  Clock Uncertainty:      0.035ns  ((TSJ^2 + TIJ^2)^1/2 + DJ) / 2 + PE
    Total System Jitter     (TSJ):    0.071ns
    Total Input Jitter      (TIJ):    0.000ns
    Discrete Jitter          (DJ):    0.000ns
    Phase Error              (PE):    0.000ns

    Location             Delay type                Incr(ns)  Path(ns)    Netlist Resource(s)
  -------------------------------------------------------------------    -------------------
                         (clock vclk rise edge)       0.000     0.000 r  <hidden>
                         input delay                  0.000     0.000    <hidden>
                                                      0.000     0.000 r  x[1]
                         net (fo=71, unset)           0.973     0.973    x[1]
    SLICE_X39Y74         LUT3 (Prop_lut3_I2_O)        0.124     1.097 r  a10[9]_i_8/O
                         net (fo=1, routed)           0.515     1.612    a10[9]_i_8_n_0
    SLICE_X37Y74         CARRY4 (Prop_carry4_DI[2]_CO[3])
                                                      0.398     2.010 r  a10_reg[9]_i_2/CO[3]
                         net (fo=1, routed)           0.009     2.019    a10_reg[9]_i_2_n_0
    SLICE_X37Y75         CARRY4 (Prop_carry4_CI_O[0])
                                                      0.222     2.241 r  a10_reg[13]_i_2/O[0]
                         net (fo=2, routed)           0.601     2.842    a101[10]
    SLICE_X36Y75         CARRY4 (Prop_carry4_DI[0]_CO[3])
                                                      0.725     3.567 r  a10_reg[13]_i_1/CO[3]
                         net (fo=1, routed)           0.000     3.567    a10_reg[13]_i_1_n_0
    SLICE_X36Y76         CARRY4 (Prop_carry4_CI_O[1])
                                                      0.323     3.890 r  a10_reg[15]_i_1/O[1]
                         net (fo=1, routed)           0.000     3.890    a100[15]
    SLICE_X36Y76         FDRE                                         r  a10_reg[15]/D
  -------------------------------------------------------------------    -------------------

                         (clock vclk rise edge)       2.922     2.922 r  <hidden>
                                                      0.000     2.922 r  clk
                         net (fo=289, unset)          0.924     3.846    clk
    SLICE_X36Y76         FDRE                                         r  a10_reg[15]/C
                         clock pessimism              0.000     3.846    <hidden>
                         clock uncertainty           -0.035     3.811    <hidden>
    SLICE_X36Y76         FDRE (Setup_fdre_C_D)        0.109     3.920    a10_reg[15]
  -------------------------------------------------------------------
                         required time                          3.920    <hidden>
                         arrival time                          -3.890    <hidden>
  -------------------------------------------------------------------
                         slack                                  0.030    <hidden>

Slack (MET) :             0.067ns  (required time - arrival time)
  Source:                 x[2]
                            (input port clocked by vclk  {rise@0.000ns fall@1.461ns period=2.922ns})
  Destination:            a18_reg[15]/D
                            (rising edge-triggered cell FDRE clocked by vclk  {rise@0.000ns fall@1.461ns period=2.922ns})
  Path Group:             vclk
  Path Type:              Setup (Max at Slow Process Corner)
  Requirement:            2.922ns  (vclk rise@2.922ns - vclk rise@0.000ns)
  Data Path Delay:        3.546ns  (logic 1.661ns (46.836%)  route 1.885ns (53.164%))
  Logic Levels:           6  (CARRY4=4 LUT2=1 LUT3=1)
  Input Delay:            0.000ns
  Clock Path Skew:        0.924ns (DCD - SCD + CPR)
    Destination Clock Delay (DCD):    0.924ns = ( 3.846 - 2.922 ) 
    Source Clock Delay      (SCD):    0.000ns
    Clock Pessimism Removal (CPR):    0.000ns
  Clock Uncertainty:      0.035ns  ((TSJ^2 + TIJ^2)^1/2 + DJ) / 2 + PE
    Total System Jitter     (TSJ):    0.071ns
    Total Input Jitter      (TIJ):    0.000ns
    Discrete Jitter          (DJ):    0.000ns
    Phase Error              (PE):    0.000ns

    Location             Delay type                Incr(ns)  Path(ns)    Netlist Resource(s)
  -------------------------------------------------------------------    -------------------
                         (clock vclk rise edge)       0.000     0.000 r  <hidden>
                         input delay                  0.000     0.000    <hidden>
                                                      0.000     0.000 r  x[2]
                         net (fo=75, unset)           0.973     0.973    x[2]
    SLICE_X43Y76         LUT3 (Prop_lut3_I2_O)        0.124     1.097 r  a18[11]_i_7/O
                         net (fo=1, routed)           0.492     1.589    a18[11]_i_7_n_0
    SLICE_X40Y76         CARRY4 (Prop_carry4_DI[3]_CO[3])
                                                      0.385     1.974 r  a18_reg[11]_i_2/CO[3]
                         net (fo=1, routed)           0.000     1.974    a18_reg[11]_i_2_n_0
    SLICE_X40Y77         CARRY4 (Prop_carry4_CI_O[1])
                                                      0.334     2.308 r  a18_reg[15]_i_3/O[1]
                         net (fo=2, routed)           0.420     2.728    a181__0[11]
    SLICE_X41Y76         LUT2 (Prop_lut2_I0_O)        0.303     3.031 r  a18[11]_i_3/O
                         net (fo=1, routed)           0.000     3.031    a18[11]_i_3_n_0
    SLICE_X41Y76         CARRY4 (Prop_carry4_S[3]_CO[3])
                                                      0.401     3.432 r  a18_reg[11]_i_1/CO[3]
                         net (fo=1, routed)           0.000     3.432    a18_reg[11]_i_1_n_0
    SLICE_X41Y77         CARRY4 (Prop_carry4_CI_CO[3])
                                                      0.114     3.546 r  a18_reg[15]_i_1/CO[3]
                         net (fo=1, routed)           0.000     3.546    a180[15]
    SLICE_X41Y77         FDRE                                         r  a18_reg[15]/D
  -------------------------------------------------------------------    -------------------

                         (clock vclk rise edge)       2.922     2.922 r  <hidden>
                                                      0.000     2.922 r  clk
                         net (fo=289, unset)          0.924     3.846    clk
    SLICE_X41Y77         FDRE                                         r  a18_reg[15]/C
                         clock pessimism              0.000     3.846    <hidden>
                         clock uncertainty           -0.035     3.811    <hidden>
    SLICE_X41Y77         FDRE (Setup_fdre_C_D)       -0.198     3.613    a18_reg[15]
  -------------------------------------------------------------------
                         required time                          3.613    <hidden>
                         arrival time                          -3.546    <hidden>
  -------------------------------------------------------------------
                         slack                                  0.067    <hidden>

Slack (MET) :             0.094ns  (required time - arrival time)
  Source:                 x[1]
                            (input port clocked by vclk  {rise@0.000ns fall@1.461ns period=2.922ns})
  Destination:            a6_reg[14]/D
                            (rising edge-triggered cell FDRE clocked by vclk  {rise@0.000ns fall@1.461ns period=2.922ns})
  Path Group:             vclk
  Path Type:              Setup (Max at Slow Process Corner)
  Requirement:            2.922ns  (vclk rise@2.922ns - vclk rise@0.000ns)
  Data Path Delay:        3.826ns  (logic 2.155ns (56.327%)  route 1.671ns (43.673%))
  Logic Levels:           7  (CARRY4=5 LUT1=1 LUT2=1)
  Input Delay:            0.000ns
  Clock Path Skew:        0.924ns (DCD - SCD + CPR)
    Destination Clock Delay (DCD):    0.924ns = ( 3.846 - 2.922 ) 
    Source Clock Delay      (SCD):    0.000ns
    Clock Pessimism Removal (CPR):    0.000ns
  Clock Uncertainty:      0.035ns  ((TSJ^2 + TIJ^2)^1/2 + DJ) / 2 + PE
    Total System Jitter     (TSJ):    0.071ns
    Total Input Jitter      (TIJ):    0.000ns
    Discrete Jitter          (DJ):    0.000ns
    Phase Error              (PE):    0.000ns

    Location             Delay type                Incr(ns)  Path(ns)    Netlist Resource(s)
  -------------------------------------------------------------------    -------------------
                         (clock vclk rise edge)       0.000     0.000 r  <hidden>
                         input delay                  0.000     0.000    <hidden>
                                                      0.000     0.000 f  x[1]
                         net (fo=71, unset)           0.973     0.973    x[1]
    SLICE_X34Y74         LUT1 (Prop_lut1_I0_O)        0.124     1.097 r  a6[5]_i_9/O
                         net (fo=1, routed)           0.000     1.097    a6[5]_i_9_n_0
    SLICE_X34Y74         CARRY4 (Prop_carry4_S[1]_CO[3])
                                                      0.533     1.630 r  a6_reg[5]_i_2/CO[3]
                         net (fo=1, routed)           0.009     1.639    a6_reg[5]_i_2_n_0
    SLICE_X34Y75         CARRY4 (Prop_carry4_CI_CO[3])
                                                      0.117     1.756 r  a6_reg[9]_i_2/CO[3]
                         net (fo=1, routed)           0.000     1.756    a6_reg[9]_i_2_n_0
    SLICE_X34Y76         CARRY4 (Prop_carry4_CI_O[1])
                                                      0.323     2.079 r  a6_reg[13]_i_2/O[1]
                         net (fo=2, routed)           0.689     2.768    a61[11]
    SLICE_X30Y76         LUT2 (Prop_lut2_I0_O)        0.306     3.074 r  a6[13]_i_4/O
                         net (fo=1, routed)           0.000     3.074    a6[13]_i_4_n_0
    SLICE_X30Y76         CARRY4 (Prop_carry4_S[1]_CO[3])
                                                      0.533     3.607 r  a6_reg[13]_i_1/CO[3]
                         net (fo=1, routed)           0.000     3.607    a6_reg[13]_i_1_n_0
    SLICE_X30Y77         CARRY4 (Prop_carry4_CI_O[0])
                                                      0.219     3.826 r  a6_reg[15]_i_1/O[0]
                         net (fo=1, routed)           0.000     3.826    a60[14]
    SLICE_X30Y77         FDRE                                         r  a6_reg[14]/D
  -------------------------------------------------------------------    -------------------

                         (clock vclk rise edge)       2.922     2.922 r  <hidden>
                                                      0.000     2.922 r  clk
                         net (fo=289, unset)          0.924     3.846    clk
    SLICE_X30Y77         FDRE                                         r  a6_reg[14]/C
                         clock pessimism              0.000     3.846    <hidden>
                         clock uncertainty           -0.035     3.811    <hidden>
    SLICE_X30Y77         FDRE (Setup_fdre_C_D)        0.109     3.920    a6_reg[14]
  -------------------------------------------------------------------
                         required time                          3.920    <hidden>
                         arrival time                          -3.826    <hidden>
  -------------------------------------------------------------------
                         slack                                  0.094    <hidden>

Slack (MET) :             0.107ns  (required time - arrival time)
  Source:                 x[2]
                            (input port clocked by vclk  {rise@0.000ns fall@1.461ns period=2.922ns})
  Destination:            a18_reg[13]/D
                            (rising edge-triggered cell FDRE clocked by vclk  {rise@0.000ns fall@1.461ns period=2.922ns})
  Path Group:             vclk
  Path Type:              Setup (Max at Slow Process Corner)
  Requirement:            2.922ns  (vclk rise@2.922ns - vclk rise@0.000ns)
  Data Path Delay:        3.766ns  (logic 1.881ns (49.942%)  route 1.885ns (50.058%))
  Logic Levels:           6  (CARRY4=4 LUT2=1 LUT3=1)
  Input Delay:            0.000ns
  Clock Path Skew:        0.924ns (DCD - SCD + CPR)
    Destination Clock Delay (DCD):    0.924ns = ( 3.846 - 2.922 ) 
    Source Clock Delay      (SCD):    0.000ns
    Clock Pessimism Removal (CPR):    0.000ns
  Clock Uncertainty:      0.035ns  ((TSJ^2 + TIJ^2)^1/2 + DJ) / 2 + PE
    Total System Jitter     (TSJ):    0.071ns
    Total Input Jitter      (TIJ):    0.000ns
    Discrete Jitter          (DJ):    0.000ns
    Phase Error              (PE):    0.000ns

    Location             Delay type                Incr(ns)  Path(ns)    Netlist Resource(s)
  -------------------------------------------------------------------    -------------------
                         (clock vclk rise edge)       0.000     0.000 r  <hidden>
                         input delay                  0.000     0.000    <hidden>
                                                      0.000     0.000 r  x[2]
                         net (fo=75, unset)           0.973     0.973    x[2]
    SLICE_X43Y76         LUT3 (Prop_lut3_I2_O)        0.124     1.097 r  a18[11]_i_7/O
                         net (fo=1, routed)           0.492     1.589    a18[11]_i_7_n_0
    SLICE_X40Y76         CARRY4 (Prop_carry4_DI[3]_CO[3])
                                                      0.385     1.974 r  a18_reg[11]_i_2/CO[3]
                         net (fo=1, routed)           0.000     1.974    a18_reg[11]_i_2_n_0
    SLICE_X40Y77         CARRY4 (Prop_carry4_CI_O[1])
                                                      0.334     2.308 r  a18_reg[15]_i_3/O[1]
                         net (fo=2, routed)           0.420     2.728    a181__0[11]
    SLICE_X41Y76         LUT2 (Prop_lut2_I0_O)        0.303     3.031 r  a18[11]_i_3/O
                         net (fo=1, routed)           0.000     3.031    a18[11]_i_3_n_0
    SLICE_X41Y76         CARRY4 (Prop_carry4_S[3]_CO[3])
                                                      0.401     3.432 r  a18_reg[11]_i_1/CO[3]
                         net (fo=1, routed)           0.000     3.432    a18_reg[11]_i_1_n_0
    SLICE_X41Y77         CARRY4 (Prop_carry4_CI_O[1])
                                                      0.334     3.766 r  a18_reg[15]_i_1/O[1]
                         net (fo=1, routed)           0.000     3.766    a180[13]
    SLICE_X41Y77         FDRE                                         r  a18_reg[13]/D
  -------------------------------------------------------------------    -------------------

                         (clock vclk rise edge)       2.922     2.922 r  <hidden>
                                                      0.000     2.922 r  clk
                         net (fo=289, unset)          0.924     3.846    clk
    SLICE_X41Y77         FDRE                                         r  a18_reg[13]/C
                         clock pessimism              0.000     3.846    <hidden>
                         clock uncertainty           -0.035     3.811    <hidden>
    SLICE_X41Y77         FDRE (Setup_fdre_C_D)        0.062     3.873    a18_reg[13]
  -------------------------------------------------------------------
                         required time                          3.873    <hidden>
                         arrival time                          -3.766    <hidden>
  -------------------------------------------------------------------
                         slack                                  0.107    <hidden>

Slack (MET) :             0.107ns  (required time - arrival time)
  Source:                 x[1]
                            (input port clocked by vclk  {rise@0.000ns fall@1.461ns period=2.922ns})
  Destination:            a6_reg[11]/D
                            (rising edge-triggered cell FDRE clocked by vclk  {rise@0.000ns fall@1.461ns period=2.922ns})
  Path Group:             vclk
  Path Type:              Setup (Max at Slow Process Corner)
  Requirement:            2.922ns  (vclk rise@2.922ns - vclk rise@0.000ns)
  Data Path Delay:        3.813ns  (logic 2.142ns (56.178%)  route 1.671ns (43.822%))
  Logic Levels:           6  (CARRY4=4 LUT1=1 LUT2=1)
  Input Delay:            0.000ns
  Clock Path Skew:        0.924ns (DCD - SCD + CPR)
    Destination Clock Delay (DCD):    0.924ns = ( 3.846 - 2.922 ) 
    Source Clock Delay      (SCD):    0.000ns
    Clock Pessimism Removal (CPR):    0.000ns
  Clock Uncertainty:      0.035ns  ((TSJ^2 + TIJ^2)^1/2 + DJ) / 2 + PE
    Total System Jitter     (TSJ):    0.071ns
    Total Input Jitter      (TIJ):    0.000ns
    Discrete Jitter          (DJ):    0.000ns
    Phase Error              (PE):    0.000ns

    Location             Delay type                Incr(ns)  Path(ns)    Netlist Resource(s)
  -------------------------------------------------------------------    -------------------
                         (clock vclk rise edge)       0.000     0.000 r  <hidden>
                         input delay                  0.000     0.000    <hidden>
                                                      0.000     0.000 f  x[1]
                         net (fo=71, unset)           0.973     0.973    x[1]
    SLICE_X34Y74         LUT1 (Prop_lut1_I0_O)        0.124     1.097 r  a6[5]_i_9/O
                         net (fo=1, routed)           0.000     1.097    a6[5]_i_9_n_0
    SLICE_X34Y74         CARRY4 (Prop_carry4_S[1]_CO[3])
                                                      0.533     1.630 r  a6_reg[5]_i_2/CO[3]
                         net (fo=1, routed)           0.009     1.639    a6_reg[5]_i_2_n_0
    SLICE_X34Y75         CARRY4 (Prop_carry4_CI_O[1])
                                                      0.323     1.962 r  a6_reg[9]_i_2/O[1]
                         net (fo=2, routed)           0.689     2.651    a61[7]
    SLICE_X30Y75         LUT2 (Prop_lut2_I0_O)        0.306     2.957 r  a6[9]_i_5/O
                         net (fo=1, routed)           0.000     2.957    a6[9]_i_5_n_0
    SLICE_X30Y75         CARRY4 (Prop_carry4_S[1]_CO[3])
                                                      0.533     3.490 r  a6_reg[9]_i_1/CO[3]
                         net (fo=1, routed)           0.000     3.490    a6_reg[9]_i_1_n_0
    SLICE_X30Y76         CARRY4 (Prop_carry4_CI_O[1])
                                                      0.323     3.813 r  a6_reg[13]_i_1/O[1]
                         net (fo=1, routed)           0.000     3.813    a60[11]
    SLICE_X30Y76         FDRE                                         r  a6_reg[11]/D
  -------------------------------------------------------------------    -------------------

                         (clock vclk rise edge)       2.922     2.922 r  <hidden>
                                                      0.000     2.922 r  clk
                         net (fo=289, unset)          0.924     3.846    clk
    SLICE_X30Y76         FDRE                                         r  a6_reg[11]/C
                         clock pessimism              0.000     3.846    <hidden>
                         clock uncertainty           -0.035     3.811    <hidden>
    SLICE_X30Y76         FDRE (Setup_fdre_C_D)        0.109     3.920    a6_reg[11]
  -------------------------------------------------------------------
                         required time                          3.920    <hidden>
                         arrival time                          -3.813    <hidden>
  -------------------------------------------------------------------
                         slack                                  0.107    <hidden>

Slack (MET) :             0.115ns  (required time - arrival time)
  Source:                 x[1]
                            (input port clocked by vclk  {rise@0.000ns fall@1.461ns period=2.922ns})
  Destination:            a6_reg[13]/D
                            (rising edge-triggered cell FDRE clocked by vclk  {rise@0.000ns fall@1.461ns period=2.922ns})
  Path Group:             vclk
  Path Type:              Setup (Max at Slow Process Corner)
  Requirement:            2.922ns  (vclk rise@2.922ns - vclk rise@0.000ns)
  Data Path Delay:        3.805ns  (logic 2.134ns (56.086%)  route 1.671ns (43.914%))
  Logic Levels:           6  (CARRY4=4 LUT1=1 LUT2=1)
  Input Delay:            0.000ns
  Clock Path Skew:        0.924ns (DCD - SCD + CPR)
    Destination Clock Delay (DCD):    0.924ns = ( 3.846 - 2.922 ) 
    Source Clock Delay      (SCD):    0.000ns
    Clock Pessimism Removal (CPR):    0.000ns
  Clock Uncertainty:      0.035ns  ((TSJ^2 + TIJ^2)^1/2 + DJ) / 2 + PE
    Total System Jitter     (TSJ):    0.071ns
    Total Input Jitter      (TIJ):    0.000ns
    Discrete Jitter          (DJ):    0.000ns
    Phase Error              (PE):    0.000ns

    Location             Delay type                Incr(ns)  Path(ns)    Netlist Resource(s)
  -------------------------------------------------------------------    -------------------
                         (clock vclk rise edge)       0.000     0.000 r  <hidden>
                         input delay                  0.000     0.000    <hidden>
                                                      0.000     0.000 f  x[1]
                         net (fo=71, unset)           0.973     0.973    x[1]
    SLICE_X34Y74         LUT1 (Prop_lut1_I0_O)        0.124     1.097 r  a6[5]_i_9/O
                         net (fo=1, routed)           0.000     1.097    a6[5]_i_9_n_0
    SLICE_X34Y74         CARRY4 (Prop_carry4_S[1]_CO[3])
                                                      0.533     1.630 r  a6_reg[5]_i_2/CO[3]
                         net (fo=1, routed)           0.009     1.639    a6_reg[5]_i_2_n_0
    SLICE_X34Y75         CARRY4 (Prop_carry4_CI_O[1])
                                                      0.323     1.962 r  a6_reg[9]_i_2/O[1]
                         net (fo=2, routed)           0.689     2.651    a61[7]
    SLICE_X30Y75         LUT2 (Prop_lut2_I0_O)        0.306     2.957 r  a6[9]_i_5/O
                         net (fo=1, routed)           0.000     2.957    a6[9]_i_5_n_0
    SLICE_X30Y75         CARRY4 (Prop_carry4_S[1]_CO[3])
                                                      0.533     3.490 r  a6_reg[9]_i_1/CO[3]
                         net (fo=1, routed)           0.000     3.490    a6_reg[9]_i_1_n_0
    SLICE_X30Y76         CARRY4 (Prop_carry4_CI_O[3])
                                                      0.315     3.805 r  a6_reg[13]_i_1/O[3]
                         net (fo=1, routed)           0.000     3.805    a60[13]
    SLICE_X30Y76         FDRE                                         r  a6_reg[13]/D
  -------------------------------------------------------------------    -------------------

                         (clock vclk rise edge)       2.922     2.922 r  <hidden>
                                                      0.000     2.922 r  clk
                         net (fo=289, unset)          0.924     3.846    clk
    SLICE_X30Y76         FDRE                                         r  a6_reg[13]/C
                         clock pessimism              0.000     3.846    <hidden>
                         clock uncertainty           -0.035     3.811    <hidden>
    SLICE_X30Y76         FDRE (Setup_fdre_C_D)        0.109     3.920    a6_reg[13]
  -------------------------------------------------------------------
                         required time                          3.920    <hidden>
                         arrival time                          -3.805    <hidden>
  -------------------------------------------------------------------
                         slack                                  0.115    <hidden>

Slack (MET) :             0.134ns  (required time - arrival time)
  Source:                 x[1]
                            (input port clocked by vclk  {rise@0.000ns fall@1.461ns period=2.922ns})
  Destination:            a10_reg[14]/D
                            (rising edge-triggered cell FDRE clocked by vclk  {rise@0.000ns fall@1.461ns period=2.922ns})
  Path Group:             vclk
  Path Type:              Setup (Max at Slow Process Corner)
  Requirement:            2.922ns  (vclk rise@2.922ns - vclk rise@0.000ns)
  Data Path Delay:        3.786ns  (logic 1.688ns (44.587%)  route 2.098ns (55.413%))
  Logic Levels:           5  (CARRY4=4 LUT3=1)
  Input Delay:            0.000ns
  Clock Path Skew:        0.924ns (DCD - SCD + CPR)
    Destination Clock Delay (DCD):    0.924ns = ( 3.846 - 2.922 ) 
    Source Clock Delay      (SCD):    0.000ns
    Clock Pessimism Removal (CPR):    0.000ns
  Clock Uncertainty:      0.035ns  ((TSJ^2 + TIJ^2)^1/2 + DJ) / 2 + PE
    Total System Jitter     (TSJ):    0.071ns
    Total Input Jitter      (TIJ):    0.000ns
    Discrete Jitter          (DJ):    0.000ns
    Phase Error              (PE):    0.000ns

    Location             Delay type                Incr(ns)  Path(ns)    Netlist Resource(s)
  -------------------------------------------------------------------    -------------------
                         (clock vclk rise edge)       0.000     0.000 r  <hidden>
                         input delay                  0.000     0.000    <hidden>
                                                      0.000     0.000 r  x[1]
                         net (fo=71, unset)           0.973     0.973    x[1]
    SLICE_X39Y74         LUT3 (Prop_lut3_I2_O)        0.124     1.097 r  a10[9]_i_8/O
                         net (fo=1, routed)           0.515     1.612    a10[9]_i_8_n_0
    SLICE_X37Y74         CARRY4 (Prop_carry4_DI[2]_CO[3])
                                                      0.398     2.010 r  a10_reg[9]_i_2/CO[3]
                         net (fo=1, routed)           0.009     2.019    a10_reg[9]_i_2_n_0
    SLICE_X37Y75         CARRY4 (Prop_carry4_CI_O[0])
                                                      0.222     2.241 r  a10_reg[13]_i_2/O[0]
                         net (fo=2, routed)           0.601     2.842    a101[10]
    SLICE_X36Y75         CARRY4 (Prop_carry4_DI[0]_CO[3])
                                                      0.725     3.567 r  a10_reg[13]_i_1/CO[3]
                         net (fo=1, routed)           0.000     3.567    a10_reg[13]_i_1_n_0
    SLICE_X36Y76         CARRY4 (Prop_carry4_CI_O[0])
                                                      0.219     3.786 r  a10_reg[15]_i_1/O[0]
                         net (fo=1, routed)           0.000     3.786    a100[14]
    SLICE_X36Y76         FDRE                                         r  a10_reg[14]/D
  -------------------------------------------------------------------    -------------------

                         (clock vclk rise edge)       2.922     2.922 r  <hidden>
                                                      0.000     2.922 r  clk
                         net (fo=289, unset)          0.924     3.846    clk
    SLICE_X36Y76         FDRE                                         r  a10_reg[14]/C
                         clock pessimism              0.000     3.846    <hidden>
                         clock uncertainty           -0.035     3.811    <hidden>
    SLICE_X36Y76         FDRE (Setup_fdre_C_D)        0.109     3.920    a10_reg[14]
  -------------------------------------------------------------------
                         required time                          3.920    <hidden>
                         arrival time                          -3.786    <hidden>
  -------------------------------------------------------------------
                         slack                                  0.134    <hidden>

Slack (MET) :             0.138ns  (required time - arrival time)
  Source:                 x[1]
                            (input port clocked by vclk  {rise@0.000ns fall@1.461ns period=2.922ns})
  Destination:            a14_reg[15]/D
                            (rising edge-triggered cell FDRE clocked by vclk  {rise@0.000ns fall@1.461ns period=2.922ns})
  Path Group:             vclk
  Path Type:              Setup (Max at Slow Process Corner)
  Requirement:            2.922ns  (vclk rise@2.922ns - vclk rise@0.000ns)
  Data Path Delay:        3.782ns  (logic 2.284ns (60.390%)  route 1.498ns (39.610%))
  Logic Levels:           7  (CARRY4=5 LUT1=1 LUT2=1)
  Input Delay:            0.000ns
  Clock Path Skew:        0.924ns (DCD - SCD + CPR)
    Destination Clock Delay (DCD):    0.924ns = ( 3.846 - 2.922 ) 
    Source Clock Delay      (SCD):    0.000ns
    Clock Pessimism Removal (CPR):    0.000ns
  Clock Uncertainty:      0.035ns  ((TSJ^2 + TIJ^2)^1/2 + DJ) / 2 + PE
    Total System Jitter     (TSJ):    0.071ns
    Total Input Jitter      (TIJ):    0.000ns
    Discrete Jitter          (DJ):    0.000ns
    Phase Error              (PE):    0.000ns

    Location             Delay type                Incr(ns)  Path(ns)    Netlist Resource(s)
  -------------------------------------------------------------------    -------------------
                         (clock vclk rise edge)       0.000     0.000 r  <hidden>
                         input delay                  0.000     0.000    <hidden>
                                                      0.000     0.000 f  x[1]
                         net (fo=71, unset)           0.973     0.973    x[1]
    SLICE_X44Y70         LUT1 (Prop_lut1_I0_O)        0.124     1.097 r  a14[5]_i_9/O
                         net (fo=1, routed)           0.000     1.097    a14[5]_i_9_n_0
    SLICE_X44Y70         CARRY4 (Prop_carry4_S[1]_CO[3])
                                                      0.550     1.647 r  a14_reg[5]_i_2/CO[3]
                         net (fo=1, routed)           0.000     1.647    a14_reg[5]_i_2_n_0
    SLICE_X44Y71         CARRY4 (Prop_carry4_CI_O[1])
                                                      0.334     1.981 r  a14_reg[9]_i_2/O[1]
                         net (fo=2, routed)           0.525     2.506    a141[7]
    SLICE_X42Y71         LUT2 (Prop_lut2_I0_O)        0.303     2.809 r  a14[9]_i_5/O
                         net (fo=1, routed)           0.000     2.809    a14[9]_i_5_n_0
    SLICE_X42Y71         CARRY4 (Prop_carry4_S[1]_CO[3])
                                                      0.533     3.342 r  a14_reg[9]_i_1/CO[3]
                         net (fo=1, routed)           0.000     3.342    a14_reg[9]_i_1_n_0
    SLICE_X42Y72         CARRY4 (Prop_carry4_CI_CO[3])
                                                      0.117     3.459 r  a14_reg[13]_i_1/CO[3]
                         net (fo=1, routed)           0.000     3.459    a14_reg[13]_i_1_n_0
    SLICE_X42Y73         CARRY4 (Prop_carry4_CI_O[1])
                                                      0.323     3.782 r  a14_reg[15]_i_1/O[1]
                         net (fo=1, routed)           0.000     3.782    a140[15]
    SLICE_X42Y73         FDRE                                         r  a14_reg[15]/D
  -------------------------------------------------------------------    -------------------

                         (clock vclk rise edge)       2.922     2.922 r  <hidden>
                                                      0.000     2.922 r  clk
                         net (fo=289, unset)          0.924     3.846    clk
    SLICE_X42Y73         FDRE                                         r  a14_reg[15]/C
                         clock pessimism              0.000     3.846    <hidden>
                         clock uncertainty           -0.035     3.811    <hidden>
    SLICE_X42Y73         FDRE (Setup_fdre_C_D)        0.109     3.920    a14_reg[15]
  -------------------------------------------------------------------
                         required time                          3.920    <hidden>
                         arrival time                          -3.782    <hidden>
  -------------------------------------------------------------------
                         slack                                  0.138    <hidden>

Slack (MET) :             0.140ns  (required time - arrival time)
  Source:                 x[0]
                            (input port clocked by vclk  {rise@0.000ns fall@1.461ns period=2.922ns})
  Destination:            a9_reg[15]/D
                            (rising edge-triggered cell FDRE clocked by vclk  {rise@0.000ns fall@1.461ns period=2.922ns})
  Path Group:             vclk
  Path Type:              Setup (Max at Slow Process Corner)
  Requirement:            2.922ns  (vclk rise@2.922ns - vclk rise@0.000ns)
  Data Path Delay:        3.733ns  (logic 2.058ns (55.134%)  route 1.675ns (44.866%))
  Logic Levels:           7  (CARRY4=5 LUT2=2)
  Input Delay:            0.000ns
  Clock Path Skew:        0.924ns (DCD - SCD + CPR)
    Destination Clock Delay (DCD):    0.924ns = ( 3.846 - 2.922 ) 
    Source Clock Delay      (SCD):    0.000ns
    Clock Pessimism Removal (CPR):    0.000ns
  Clock Uncertainty:      0.035ns  ((TSJ^2 + TIJ^2)^1/2 + DJ) / 2 + PE
    Total System Jitter     (TSJ):    0.071ns
    Total Input Jitter      (TIJ):    0.000ns
    Discrete Jitter          (DJ):    0.000ns
    Phase Error              (PE):    0.000ns

    Location             Delay type                Incr(ns)  Path(ns)    Netlist Resource(s)
  -------------------------------------------------------------------    -------------------
                         (clock vclk rise edge)       0.000     0.000 r  <hidden>
                         input delay                  0.000     0.000    <hidden>
                                                      0.000     0.000 r  x[0]
                         net (fo=81, unset)           0.973     0.973    x[0]
    SLICE_X32Y76         LUT2 (Prop_lut2_I1_O)        0.124     1.097 r  a9[10]_i_9/O
                         net (fo=1, routed)           0.000     1.097    a9[10]_i_9_n_0
    SLICE_X32Y76         CARRY4 (Prop_carry4_S[1]_CO[3])
                                                      0.533     1.630 r  a9_reg[10]_i_2/CO[3]
                         net (fo=1, routed)           0.000     1.630    a9_reg[10]_i_2_n_0
    SLICE_X32Y77         CARRY4 (Prop_carry4_CI_O[0])
                                                      0.219     1.849 r  a9_reg[14]_i_3/O[0]
                         net (fo=2, routed)           0.702     2.551    a91[8]
    SLICE_X33Y77         LUT2 (Prop_lut2_I0_O)        0.295     2.846 r  a9[10]_i_5/O
                         net (fo=1, routed)           0.000     2.846    a9[10]_i_5_n_0
    SLICE_X33Y77         CARRY4 (Prop_carry4_S[1]_CO[3])
                                                      0.550     3.396 r  a9_reg[10]_i_1/CO[3]
                         net (fo=1, routed)           0.000     3.396    a9_reg[10]_i_1_n_0
    SLICE_X33Y78         CARRY4 (Prop_carry4_CI_CO[3])
                                                      0.114     3.510 r  a9_reg[14]_i_1/CO[3]
                         net (fo=1, routed)           0.000     3.510    a9_reg[14]_i_1_n_0
    SLICE_X33Y79         CARRY4 (Prop_carry4_CI_O[0])
                                                      0.223     3.733 r  a9_reg[15]_i_1/O[0]
                         net (fo=1, routed)           0.000     3.733    a90[15]
    SLICE_X33Y79         FDRE                                         r  a9_reg[15]/D
  -------------------------------------------------------------------    -------------------

                         (clock vclk rise edge)       2.922     2.922 r  <hidden>
                                                      0.000     2.922 r  clk
                         net (fo=289, unset)          0.924     3.846    clk
    SLICE_X33Y79         FDRE                                         r  a9_reg[15]/C
                         clock pessimism              0.000     3.846    <hidden>
                         clock uncertainty           -0.035     3.811    <hidden>
    SLICE_X33Y79         FDRE (Setup_fdre_C_D)        0.062     3.873    a9_reg[15]
  -------------------------------------------------------------------
                         required time                          3.873    <hidden>
                         arrival time                          -3.733    <hidden>
  -------------------------------------------------------------------
                         slack                                  0.140    <hidden>





Pulse Width Checks
--------------------------------------------------------------------------------------
Clock Name:         vclk
Waveform(ns):       { 0.000 1.461 }
Period(ns):         2.922
Sources:            { clk }

Check Type        Corner  Lib Pin  Reference Pin  Required(ns)  Actual(ns)  Slack(ns)  Location      Pin
Min Period        n/a     FDRE/C   n/a            1.000         2.922       1.922      SLICE_X35Y73  a0_reg[10]/C
Min Period        n/a     FDRE/C   n/a            1.000         2.922       1.922      SLICE_X35Y73  a0_reg[11]/C
Min Period        n/a     FDRE/C   n/a            1.000         2.922       1.922      SLICE_X35Y73  a0_reg[12]/C
Min Period        n/a     FDRE/C   n/a            1.000         2.922       1.922      SLICE_X35Y74  a0_reg[13]/C
Min Period        n/a     FDRE/C   n/a            1.000         2.922       1.922      SLICE_X35Y74  a0_reg[14]/C
Min Period        n/a     FDRE/C   n/a            1.000         2.922       1.922      SLICE_X35Y74  a0_reg[15]/C
Min Period        n/a     FDRE/C   n/a            1.000         2.922       1.922      SLICE_X35Y71  a0_reg[2]/C
Min Period        n/a     FDRE/C   n/a            1.000         2.922       1.922      SLICE_X35Y71  a0_reg[3]/C
Min Period        n/a     FDRE/C   n/a            1.000         2.922       1.922      SLICE_X35Y71  a0_reg[4]/C
Min Period        n/a     FDRE/C   n/a            1.000         2.922       1.922      SLICE_X35Y72  a0_reg[5]/C
Low Pulse Width   Slow    FDRE/C   n/a            0.500         1.461       0.961      SLICE_X35Y73  a0_reg[10]/C
Low Pulse Width   Fast    FDRE/C   n/a            0.500         1.461       0.961      SLICE_X35Y73  a0_reg[10]/C
Low Pulse Width   Slow    FDRE/C   n/a            0.500         1.461       0.961      SLICE_X35Y73  a0_reg[11]/C
Low Pulse Width   Fast    FDRE/C   n/a            0.500         1.461       0.961      SLICE_X35Y73  a0_reg[11]/C
Low Pulse Width   Slow    FDRE/C   n/a            0.500         1.461       0.961      SLICE_X35Y73  a0_reg[12]/C
Low Pulse Width   Fast    FDRE/C   n/a            0.500         1.461       0.961      SLICE_X35Y73  a0_reg[12]/C
Low Pulse Width   Slow    FDRE/C   n/a            0.500         1.461       0.961      SLICE_X35Y74  a0_reg[13]/C
Low Pulse Width   Fast    FDRE/C   n/a            0.500         1.461       0.961      SLICE_X35Y74  a0_reg[13]/C
Low Pulse Width   Slow    FDRE/C   n/a            0.500         1.461       0.961      SLICE_X35Y74  a0_reg[14]/C
Low Pulse Width   Fast    FDRE/C   n/a            0.500         1.461       0.961      SLICE_X35Y74  a0_reg[14]/C
High Pulse Width  Slow    FDRE/C   n/a            0.500         1.461       0.961      SLICE_X35Y73  a0_reg[10]/C
High Pulse Width  Fast    FDRE/C   n/a            0.500         1.461       0.961      SLICE_X35Y73  a0_reg[10]/C
High Pulse Width  Slow    FDRE/C   n/a            0.500         1.461       0.961      SLICE_X35Y73  a0_reg[11]/C
High Pulse Width  Fast    FDRE/C   n/a            0.500         1.461       0.961      SLICE_X35Y73  a0_reg[11]/C
High Pulse Width  Slow    FDRE/C   n/a            0.500         1.461       0.961      SLICE_X35Y73  a0_reg[12]/C
High Pulse Width  Fast    FDRE/C   n/a            0.500         1.461       0.961      SLICE_X35Y73  a0_reg[12]/C
High Pulse Width  Slow    FDRE/C   n/a            0.500         1.461       0.961      SLICE_X35Y74  a0_reg[13]/C
High Pulse Width  Fast    FDRE/C   n/a            0.500         1.461       0.961      SLICE_X35Y74  a0_reg[13]/C
High Pulse Width  Slow    FDRE/C   n/a            0.500         1.461       0.961      SLICE_X35Y74  a0_reg[14]/C
High Pulse Width  Fast    FDRE/C   n/a            0.500         1.461       0.961      SLICE_X35Y74  a0_reg[14]/C



