Copyright 1986-2022 Xilinx, Inc. All Rights Reserved. Copyright 2022-2026 Advanced Micro Devices, Inc. All Rights Reserved.
-------------------------------------------------------------------------------------------------------------------------------------------------------------------------------------------------------------------------------------------------------------------------------------------
| Tool Version : Vivado v.2026.1 (win64) Build 6511674 Tue Jun 16 11:02:23 MDT 2026
| Date         : Sun Aug 30 23:19:27 2026
| Host         : Amine running 64-bit major release  (build 9200)
| Command      : report_timing_summary -delay_type max -max_paths 10 -report_unconstrained -check_timing_verbose -warn_on_violation -file C:/Users/Amine/mas/fpga-repo/timing_closure_candidate_v7/results/c04_firr_rf_firr20_v6/trial_005_search_p3p2553125_a0/reports/timing_summary.rpt
| Design       : rf_s2__firr20_v6__g1
| Device       : 7z020-clg400
| Speed File   : -1  PRODUCTION 1.12 2019-11-22
| Design State : Routed
-------------------------------------------------------------------------------------------------------------------------------------------------------------------------------------------------------------------------------------------------------------------------------------------

Timing Summary Report

------------------------------------------------------------------------------------------------
| Timer Settings
| --------------
------------------------------------------------------------------------------------------------

  Enable Multi Corner Analysis               :  Yes
  Enable Pessimism Removal                   :  Yes
  Pessimism Removal Resolution               :  Nearest Common Node
  Enable Input Delay Default Clock           :  No
  Enable Preset / Clear Arcs                 :  No
  Disable Flight Delays                      :  No
  Ignore I/O Paths                           :  No
  Timing Early Launch at Borrowing Latches   :  No
  Borrow Time for Max Delay Exceptions       :  Yes
  Merge Timing Exceptions                    :  Yes
  Inter-SLR Compensation                     :  Conservative

  Corner  Analyze    Analyze    
  Name    Max Paths  Min Paths  
  ------  ---------  ---------  
  Slow    Yes        Yes        
  Fast    Yes        Yes        


------------------------------------------------------------------------------------------------
| Report Methodology
| ------------------
------------------------------------------------------------------------------------------------

No report available as report_methodology has not been run prior. Run report_methodology on the current design for the summary of methodology violations.



check_timing report

Table of Contents
-----------------
1. checking no_clock (0)
2. checking constant_clock (0)
3. checking pulse_width_clock (0)
4. checking unconstrained_internal_endpoints (0)
5. checking no_input_delay (0)
6. checking no_output_delay (0)
7. checking multiple_clock (0)
8. checking generated_clocks (0)
9. checking loops (0)
10. checking partial_input_delay (0)
11. checking partial_output_delay (0)
12. checking latch_loops (0)

1. checking no_clock (0)
------------------------
 There are 0 register/latch pins with no clock.


2. checking constant_clock (0)
------------------------------
 There are 0 register/latch pins with constant_clock.


3. checking pulse_width_clock (0)
---------------------------------
 There are 0 register/latch pins which need pulse_width check


4. checking unconstrained_internal_endpoints (0)
------------------------------------------------
 There are 0 pins that are not constrained for maximum delay.

 There are 0 pins that are not constrained for maximum delay due to constant clock.


5. checking no_input_delay (0)
------------------------------
 There are 0 input ports with no input delay specified.

 There are 0 input ports with no input delay but user has a false path constraint.


6. checking no_output_delay (0)
-------------------------------
 There are 0 ports with no output delay specified.

 There are 0 ports with no output delay but user has a false path constraint

 There are 0 ports with no output delay but with a timing clock defined on it or propagating through it


7. checking multiple_clock (0)
------------------------------
 There are 0 register/latch pins with multiple clocks.


8. checking generated_clocks (0)
--------------------------------
 There are 0 generated clocks that are not connected to a clock source.


9. checking loops (0)
---------------------
 There are 0 combinational loops in the design.


10. checking partial_input_delay (0)
------------------------------------
 There are 0 input ports with partial input delay specified.


11. checking partial_output_delay (0)
-------------------------------------
 There are 0 ports with partial output delay specified.


12. checking latch_loops (0)
----------------------------
 There are 0 combinational latch loops in the design through latch input



------------------------------------------------------------------------------------------------
| Design Timing Summary
| ---------------------
------------------------------------------------------------------------------------------------

    WNS(ns)      TNS(ns)  TNS Failing Endpoints  TNS Total Endpoints     WPWS(ns)     TPWS(ns)  TPWS Failing Endpoints  TPWS Total Endpoints  
    -------      -------  ---------------------  -------------------     --------     --------  ----------------------  --------------------  
      0.028        0.000                      0                  594        1.127        0.000                       0                   290  


All user specified timing constraints are met.


------------------------------------------------------------------------------------------------
| Clock Summary
| -------------
------------------------------------------------------------------------------------------------

Clock  Waveform(ns)         Period(ns)      Frequency(MHz)
-----  ------------         ----------      --------------
vclk   {0.000 1.628}        3.255           307.220         


------------------------------------------------------------------------------------------------
| Intra Clock Table
| -----------------
------------------------------------------------------------------------------------------------

Clock             WNS(ns)      TNS(ns)  TNS Failing Endpoints  TNS Total Endpoints     WPWS(ns)     TPWS(ns)  TPWS Failing Endpoints  TPWS Total Endpoints  
-----             -------      -------  ---------------------  -------------------     --------     --------  ----------------------  --------------------  
vclk                0.028        0.000                      0                  594        1.127        0.000                       0                   290  


------------------------------------------------------------------------------------------------
| Inter Clock Table
| -----------------
------------------------------------------------------------------------------------------------

From Clock    To Clock          WNS(ns)      TNS(ns)  TNS Failing Endpoints  TNS Total Endpoints  
----------    --------          -------      -------  ---------------------  -------------------  


------------------------------------------------------------------------------------------------
| Other Path Groups Table
| -----------------------
------------------------------------------------------------------------------------------------

Path Group    From Clock    To Clock          WNS(ns)      TNS(ns)  TNS Failing Endpoints  TNS Total Endpoints  
----------    ----------    --------          -------      -------  ---------------------  -------------------  


------------------------------------------------------------------------------------------------
| User Ignored Path Table
| -----------------------
------------------------------------------------------------------------------------------------

Path Group    From Clock    To Clock    
----------    ----------    --------    


------------------------------------------------------------------------------------------------
| Unconstrained Path Table
| ------------------------
------------------------------------------------------------------------------------------------

Path Group    From Clock    To Clock    
----------    ----------    --------    


------------------------------------------------------------------------------------------------
| Timing Details
| --------------
------------------------------------------------------------------------------------------------


---------------------------------------------------------------------------------------------------
From Clock:  vclk
  To Clock:  vclk

Setup :            0  Failing Endpoints,  Worst Slack        0.028ns,  Total Violation        0.000ns
Hold  :           NA  Failing Endpoints,  Worst Slack           NA  ,  Total Violation           NA
PW    :            0  Failing Endpoints,  Worst Slack        1.127ns,  Total Violation        0.000ns
---------------------------------------------------------------------------------------------------


Max Delay Paths
--------------------------------------------------------------------------------------
Slack (MET) :             0.028ns  (required time - arrival time)
  Source:                 x[4]
                            (input port clocked by vclk  {rise@0.000ns fall@1.628ns period=3.255ns})
  Destination:            a10_reg[15]/D
                            (rising edge-triggered cell FDRE clocked by vclk  {rise@0.000ns fall@1.628ns period=3.255ns})
  Path Group:             vclk
  Path Type:              Setup (Max at Slow Process Corner)
  Requirement:            3.255ns  (vclk rise@3.255ns - vclk rise@0.000ns)
  Data Path Delay:        4.178ns  (logic 2.127ns (50.915%)  route 2.051ns (49.085%))
  Logic Levels:           6  (CARRY4=4 LUT2=1 LUT3=1)
  Input Delay:            0.000ns
  Clock Path Skew:        0.924ns (DCD - SCD + CPR)
    Destination Clock Delay (DCD):    0.924ns = ( 4.179 - 3.255 ) 
    Source Clock Delay      (SCD):    0.000ns
    Clock Pessimism Removal (CPR):    0.000ns
  Clock Uncertainty:      0.035ns  ((TSJ^2 + TIJ^2)^1/2 + DJ) / 2 + PE
    Total System Jitter     (TSJ):    0.071ns
    Total Input Jitter      (TIJ):    0.000ns
    Discrete Jitter          (DJ):    0.000ns
    Phase Error              (PE):    0.000ns

    Location             Delay type                Incr(ns)  Path(ns)    Netlist Resource(s)
  -------------------------------------------------------------------    -------------------
                         (clock vclk rise edge)       0.000     0.000 r  <hidden>
                         input delay                  0.000     0.000    <hidden>
                                                      0.000     0.000 f  x[4]
                         net (fo=72, unset)           0.973     0.973    x[4]
    SLICE_X34Y70         LUT3 (Prop_lut3_I1_O)        0.150     1.123 r  a10[9]_i_7/O
                         net (fo=1, routed)           0.476     1.599    a10[9]_i_7_n_0
    SLICE_X34Y72         CARRY4 (Prop_carry4_DI[3]_CO[3])
                                                      0.620     2.219 r  a10_reg[9]_i_2/CO[3]
                         net (fo=1, routed)           0.000     2.219    a10_reg[9]_i_2_n_0
    SLICE_X34Y73         CARRY4 (Prop_carry4_CI_O[3])
                                                      0.315     2.534 r  a10_reg[13]_i_2/O[3]
                         net (fo=2, routed)           0.602     3.136    a101[13]
    SLICE_X35Y73         LUT2 (Prop_lut2_I0_O)        0.307     3.443 r  a10[13]_i_3/O
                         net (fo=1, routed)           0.000     3.443    a10[13]_i_3_n_0
    SLICE_X35Y73         CARRY4 (Prop_carry4_S[3]_CO[3])
                                                      0.401     3.844 r  a10_reg[13]_i_1/CO[3]
                         net (fo=1, routed)           0.000     3.844    a10_reg[13]_i_1_n_0
    SLICE_X35Y74         CARRY4 (Prop_carry4_CI_O[1])
                                                      0.334     4.178 r  a10_reg[15]_i_1/O[1]
                         net (fo=1, routed)           0.000     4.178    a100[15]
    SLICE_X35Y74         FDRE                                         r  a10_reg[15]/D
  -------------------------------------------------------------------    -------------------

                         (clock vclk rise edge)       3.255     3.255 r  <hidden>
                                                      0.000     3.255 r  clk
                         net (fo=289, unset)          0.924     4.179    clk
    SLICE_X35Y74         FDRE                                         r  a10_reg[15]/C
                         clock pessimism              0.000     4.179    <hidden>
                         clock uncertainty           -0.035     4.144    <hidden>
    SLICE_X35Y74         FDRE (Setup_fdre_C_D)        0.062     4.206    a10_reg[15]
  -------------------------------------------------------------------
                         required time                          4.206    <hidden>
                         arrival time                          -4.178    <hidden>
  -------------------------------------------------------------------
                         slack                                  0.028    <hidden>

Slack (MET) :             0.119ns  (required time - arrival time)
  Source:                 x[1]
                            (input port clocked by vclk  {rise@0.000ns fall@1.628ns period=3.255ns})
  Destination:            a12_reg[15]/D
                            (rising edge-triggered cell FDRE clocked by vclk  {rise@0.000ns fall@1.628ns period=3.255ns})
  Path Group:             vclk
  Path Type:              Setup (Max at Slow Process Corner)
  Requirement:            3.255ns  (vclk rise@3.255ns - vclk rise@0.000ns)
  Data Path Delay:        4.134ns  (logic 1.986ns (48.037%)  route 2.148ns (51.963%))
  Logic Levels:           6  (CARRY4=4 LUT2=1 LUT3=1)
  Input Delay:            0.000ns
  Clock Path Skew:        0.924ns (DCD - SCD + CPR)
    Destination Clock Delay (DCD):    0.924ns = ( 4.179 - 3.255 ) 
    Source Clock Delay      (SCD):    0.000ns
    Clock Pessimism Removal (CPR):    0.000ns
  Clock Uncertainty:      0.035ns  ((TSJ^2 + TIJ^2)^1/2 + DJ) / 2 + PE
    Total System Jitter     (TSJ):    0.071ns
    Total Input Jitter      (TIJ):    0.000ns
    Discrete Jitter          (DJ):    0.000ns
    Phase Error              (PE):    0.000ns

    Location             Delay type                Incr(ns)  Path(ns)    Netlist Resource(s)
  -------------------------------------------------------------------    -------------------
                         (clock vclk rise edge)       0.000     0.000 r  <hidden>
                         input delay                  0.000     0.000    <hidden>
                                                      0.000     0.000 r  x[1]
                         net (fo=71, unset)           0.973     0.973    x[1]
    SLICE_X35Y70         LUT3 (Prop_lut3_I2_O)        0.124     1.097 r  a12[13]_i_14/O
                         net (fo=1, routed)           0.632     1.729    a12[13]_i_14_n_0
    SLICE_X37Y70         CARRY4 (Prop_carry4_DI[0]_CO[3])
                                                      0.526     2.255 r  a12_reg[13]_i_3/CO[3]
                         net (fo=1, routed)           0.000     2.255    a12_reg[13]_i_3_n_0
    SLICE_X37Y71         CARRY4 (Prop_carry4_CI_O[1])
                                                      0.334     2.589 r  a12_reg[13]_i_2/O[1]
                         net (fo=2, routed)           0.544     3.132    a121[13]
    SLICE_X36Y71         LUT2 (Prop_lut2_I0_O)        0.303     3.435 r  a12[13]_i_4/O
                         net (fo=1, routed)           0.000     3.435    a12[13]_i_4_n_0
    SLICE_X36Y71         CARRY4 (Prop_carry4_S[3]_CO[3])
                                                      0.376     3.811 r  a12_reg[13]_i_1/CO[3]
                         net (fo=1, routed)           0.000     3.811    a12_reg[13]_i_1_n_0
    SLICE_X36Y72         CARRY4 (Prop_carry4_CI_O[1])
                                                      0.323     4.134 r  a12_reg[15]_i_1/O[1]
                         net (fo=1, routed)           0.000     4.134    a120[15]
    SLICE_X36Y72         FDRE                                         r  a12_reg[15]/D
  -------------------------------------------------------------------    -------------------

                         (clock vclk rise edge)       3.255     3.255 r  <hidden>
                                                      0.000     3.255 r  clk
                         net (fo=289, unset)          0.924     4.179    clk
    SLICE_X36Y72         FDRE                                         r  a12_reg[15]/C
                         clock pessimism              0.000     4.179    <hidden>
                         clock uncertainty           -0.035     4.144    <hidden>
    SLICE_X36Y72         FDRE (Setup_fdre_C_D)        0.109     4.253    a12_reg[15]
  -------------------------------------------------------------------
                         required time                          4.253    <hidden>
                         arrival time                          -4.134    <hidden>
  -------------------------------------------------------------------
                         slack                                  0.119    <hidden>

Slack (MET) :             0.139ns  (required time - arrival time)
  Source:                 x[4]
                            (input port clocked by vclk  {rise@0.000ns fall@1.628ns period=3.255ns})
  Destination:            a10_reg[14]/D
                            (rising edge-triggered cell FDRE clocked by vclk  {rise@0.000ns fall@1.628ns period=3.255ns})
  Path Group:             vclk
  Path Type:              Setup (Max at Slow Process Corner)
  Requirement:            3.255ns  (vclk rise@3.255ns - vclk rise@0.000ns)
  Data Path Delay:        4.067ns  (logic 2.016ns (49.575%)  route 2.051ns (50.425%))
  Logic Levels:           6  (CARRY4=4 LUT2=1 LUT3=1)
  Input Delay:            0.000ns
  Clock Path Skew:        0.924ns (DCD - SCD + CPR)
    Destination Clock Delay (DCD):    0.924ns = ( 4.179 - 3.255 ) 
    Source Clock Delay      (SCD):    0.000ns
    Clock Pessimism Removal (CPR):    0.000ns
  Clock Uncertainty:      0.035ns  ((TSJ^2 + TIJ^2)^1/2 + DJ) / 2 + PE
    Total System Jitter     (TSJ):    0.071ns
    Total Input Jitter      (TIJ):    0.000ns
    Discrete Jitter          (DJ):    0.000ns
    Phase Error              (PE):    0.000ns

    Location             Delay type                Incr(ns)  Path(ns)    Netlist Resource(s)
  -------------------------------------------------------------------    -------------------
                         (clock vclk rise edge)       0.000     0.000 r  <hidden>
                         input delay                  0.000     0.000    <hidden>
                                                      0.000     0.000 f  x[4]
                         net (fo=72, unset)           0.973     0.973    x[4]
    SLICE_X34Y70         LUT3 (Prop_lut3_I1_O)        0.150     1.123 r  a10[9]_i_7/O
                         net (fo=1, routed)           0.476     1.599    a10[9]_i_7_n_0
    SLICE_X34Y72         CARRY4 (Prop_carry4_DI[3]_CO[3])
                                                      0.620     2.219 r  a10_reg[9]_i_2/CO[3]
                         net (fo=1, routed)           0.000     2.219    a10_reg[9]_i_2_n_0
    SLICE_X34Y73         CARRY4 (Prop_carry4_CI_O[3])
                                                      0.315     2.534 r  a10_reg[13]_i_2/O[3]
                         net (fo=2, routed)           0.602     3.136    a101[13]
    SLICE_X35Y73         LUT2 (Prop_lut2_I0_O)        0.307     3.443 r  a10[13]_i_3/O
                         net (fo=1, routed)           0.000     3.443    a10[13]_i_3_n_0
    SLICE_X35Y73         CARRY4 (Prop_carry4_S[3]_CO[3])
                                                      0.401     3.844 r  a10_reg[13]_i_1/CO[3]
                         net (fo=1, routed)           0.000     3.844    a10_reg[13]_i_1_n_0
    SLICE_X35Y74         CARRY4 (Prop_carry4_CI_O[0])
                                                      0.223     4.067 r  a10_reg[15]_i_1/O[0]
                         net (fo=1, routed)           0.000     4.067    a100[14]
    SLICE_X35Y74         FDRE                                         r  a10_reg[14]/D
  -------------------------------------------------------------------    -------------------

                         (clock vclk rise edge)       3.255     3.255 r  <hidden>
                                                      0.000     3.255 r  clk
                         net (fo=289, unset)          0.924     4.179    clk
    SLICE_X35Y74         FDRE                                         r  a10_reg[14]/C
                         clock pessimism              0.000     4.179    <hidden>
                         clock uncertainty           -0.035     4.144    <hidden>
    SLICE_X35Y74         FDRE (Setup_fdre_C_D)        0.062     4.206    a10_reg[14]
  -------------------------------------------------------------------
                         required time                          4.206    <hidden>
                         arrival time                          -4.067    <hidden>
  -------------------------------------------------------------------
                         slack                                  0.139    <hidden>

Slack (MET) :             0.183ns  (required time - arrival time)
  Source:                 x[2]
                            (input port clocked by vclk  {rise@0.000ns fall@1.628ns period=3.255ns})
  Destination:            a18_reg[15]/D
                            (rising edge-triggered cell FDRE clocked by vclk  {rise@0.000ns fall@1.628ns period=3.255ns})
  Path Group:             vclk
  Path Type:              Setup (Max at Slow Process Corner)
  Requirement:            3.255ns  (vclk rise@3.255ns - vclk rise@0.000ns)
  Data Path Delay:        3.763ns  (logic 1.664ns (44.219%)  route 2.099ns (55.781%))
  Logic Levels:           6  (CARRY4=4 LUT2=1 LUT3=1)
  Input Delay:            0.000ns
  Clock Path Skew:        0.924ns (DCD - SCD + CPR)
    Destination Clock Delay (DCD):    0.924ns = ( 4.179 - 3.255 ) 
    Source Clock Delay      (SCD):    0.000ns
    Clock Pessimism Removal (CPR):    0.000ns
  Clock Uncertainty:      0.035ns  ((TSJ^2 + TIJ^2)^1/2 + DJ) / 2 + PE
    Total System Jitter     (TSJ):    0.071ns
    Total Input Jitter      (TIJ):    0.000ns
    Discrete Jitter          (DJ):    0.000ns
    Phase Error              (PE):    0.000ns

    Location             Delay type                Incr(ns)  Path(ns)    Netlist Resource(s)
  -------------------------------------------------------------------    -------------------
                         (clock vclk rise edge)       0.000     0.000 r  <hidden>
                         input delay                  0.000     0.000    <hidden>
                                                      0.000     0.000 r  x[2]
                         net (fo=75, unset)           0.973     0.973    x[2]
    SLICE_X33Y72         LUT3 (Prop_lut3_I2_O)        0.124     1.097 r  a18[11]_i_7/O
                         net (fo=1, routed)           0.710     1.807    a18[11]_i_7_n_0
    SLICE_X38Y76         CARRY4 (Prop_carry4_DI[3]_CO[3])
                                                      0.396     2.203 r  a18_reg[11]_i_2/CO[3]
                         net (fo=1, routed)           0.000     2.203    a18_reg[11]_i_2_n_0
    SLICE_X38Y77         CARRY4 (Prop_carry4_CI_O[1])
                                                      0.323     2.526 r  a18_reg[15]_i_3/O[1]
                         net (fo=2, routed)           0.416     2.942    a181__0[11]
    SLICE_X39Y76         LUT2 (Prop_lut2_I0_O)        0.306     3.248 r  a18[11]_i_3/O
                         net (fo=1, routed)           0.000     3.248    a18[11]_i_3_n_0
    SLICE_X39Y76         CARRY4 (Prop_carry4_S[3]_CO[3])
                                                      0.401     3.649 r  a18_reg[11]_i_1/CO[3]
                         net (fo=1, routed)           0.000     3.649    a18_reg[11]_i_1_n_0
    SLICE_X39Y77         CARRY4 (Prop_carry4_CI_CO[3])
                                                      0.114     3.763 r  a18_reg[15]_i_1/CO[3]
                         net (fo=1, routed)           0.000     3.763    a180[15]
    SLICE_X39Y77         FDRE                                         r  a18_reg[15]/D
  -------------------------------------------------------------------    -------------------

                         (clock vclk rise edge)       3.255     3.255 r  <hidden>
                                                      0.000     3.255 r  clk
                         net (fo=289, unset)          0.924     4.179    clk
    SLICE_X39Y77         FDRE                                         r  a18_reg[15]/C
                         clock pessimism              0.000     4.179    <hidden>
                         clock uncertainty           -0.035     4.144    <hidden>
    SLICE_X39Y77         FDRE (Setup_fdre_C_D)       -0.198     3.946    a18_reg[15]
  -------------------------------------------------------------------
                         required time                          3.946    <hidden>
                         arrival time                          -3.763    <hidden>
  -------------------------------------------------------------------
                         slack                                  0.183    <hidden>

Slack (MET) :             0.223ns  (required time - arrival time)
  Source:                 x[1]
                            (input port clocked by vclk  {rise@0.000ns fall@1.628ns period=3.255ns})
  Destination:            a12_reg[14]/D
                            (rising edge-triggered cell FDRE clocked by vclk  {rise@0.000ns fall@1.628ns period=3.255ns})
  Path Group:             vclk
  Path Type:              Setup (Max at Slow Process Corner)
  Requirement:            3.255ns  (vclk rise@3.255ns - vclk rise@0.000ns)
  Data Path Delay:        4.030ns  (logic 1.882ns (46.696%)  route 2.148ns (53.304%))
  Logic Levels:           6  (CARRY4=4 LUT2=1 LUT3=1)
  Input Delay:            0.000ns
  Clock Path Skew:        0.924ns (DCD - SCD + CPR)
    Destination Clock Delay (DCD):    0.924ns = ( 4.179 - 3.255 ) 
    Source Clock Delay      (SCD):    0.000ns
    Clock Pessimism Removal (CPR):    0.000ns
  Clock Uncertainty:      0.035ns  ((TSJ^2 + TIJ^2)^1/2 + DJ) / 2 + PE
    Total System Jitter     (TSJ):    0.071ns
    Total Input Jitter      (TIJ):    0.000ns
    Discrete Jitter          (DJ):    0.000ns
    Phase Error              (PE):    0.000ns

    Location             Delay type                Incr(ns)  Path(ns)    Netlist Resource(s)
  -------------------------------------------------------------------    -------------------
                         (clock vclk rise edge)       0.000     0.000 r  <hidden>
                         input delay                  0.000     0.000    <hidden>
                                                      0.000     0.000 r  x[1]
                         net (fo=71, unset)           0.973     0.973    x[1]
    SLICE_X35Y70         LUT3 (Prop_lut3_I2_O)        0.124     1.097 r  a12[13]_i_14/O
                         net (fo=1, routed)           0.632     1.729    a12[13]_i_14_n_0
    SLICE_X37Y70         CARRY4 (Prop_carry4_DI[0]_CO[3])
                                                      0.526     2.255 r  a12_reg[13]_i_3/CO[3]
                         net (fo=1, routed)           0.000     2.255    a12_reg[13]_i_3_n_0
    SLICE_X37Y71         CARRY4 (Prop_carry4_CI_O[1])
                                                      0.334     2.589 r  a12_reg[13]_i_2/O[1]
                         net (fo=2, routed)           0.544     3.132    a121[13]
    SLICE_X36Y71         LUT2 (Prop_lut2_I0_O)        0.303     3.435 r  a12[13]_i_4/O
                         net (fo=1, routed)           0.000     3.435    a12[13]_i_4_n_0
    SLICE_X36Y71         CARRY4 (Prop_carry4_S[3]_CO[3])
                                                      0.376     3.811 r  a12_reg[13]_i_1/CO[3]
                         net (fo=1, routed)           0.000     3.811    a12_reg[13]_i_1_n_0
    SLICE_X36Y72         CARRY4 (Prop_carry4_CI_O[0])
                                                      0.219     4.030 r  a12_reg[15]_i_1/O[0]
                         net (fo=1, routed)           0.000     4.030    a120[14]
    SLICE_X36Y72         FDRE                                         r  a12_reg[14]/D
  -------------------------------------------------------------------    -------------------

                         (clock vclk rise edge)       3.255     3.255 r  <hidden>
                                                      0.000     3.255 r  clk
                         net (fo=289, unset)          0.924     4.179    clk
    SLICE_X36Y72         FDRE                                         r  a12_reg[14]/C
                         clock pessimism              0.000     4.179    <hidden>
                         clock uncertainty           -0.035     4.144    <hidden>
    SLICE_X36Y72         FDRE (Setup_fdre_C_D)        0.109     4.253    a12_reg[14]
  -------------------------------------------------------------------
                         required time                          4.253    <hidden>
                         arrival time                          -4.030    <hidden>
  -------------------------------------------------------------------
                         slack                                  0.223    <hidden>

Slack (MET) :             0.223ns  (required time - arrival time)
  Source:                 x[2]
                            (input port clocked by vclk  {rise@0.000ns fall@1.628ns period=3.255ns})
  Destination:            a18_reg[13]/D
                            (rising edge-triggered cell FDRE clocked by vclk  {rise@0.000ns fall@1.628ns period=3.255ns})
  Path Group:             vclk
  Path Type:              Setup (Max at Slow Process Corner)
  Requirement:            3.255ns  (vclk rise@3.255ns - vclk rise@0.000ns)
  Data Path Delay:        3.983ns  (logic 1.884ns (47.300%)  route 2.099ns (52.700%))
  Logic Levels:           6  (CARRY4=4 LUT2=1 LUT3=1)
  Input Delay:            0.000ns
  Clock Path Skew:        0.924ns (DCD - SCD + CPR)
    Destination Clock Delay (DCD):    0.924ns = ( 4.179 - 3.255 ) 
    Source Clock Delay      (SCD):    0.000ns
    Clock Pessimism Removal (CPR):    0.000ns
  Clock Uncertainty:      0.035ns  ((TSJ^2 + TIJ^2)^1/2 + DJ) / 2 + PE
    Total System Jitter     (TSJ):    0.071ns
    Total Input Jitter      (TIJ):    0.000ns
    Discrete Jitter          (DJ):    0.000ns
    Phase Error              (PE):    0.000ns

    Location             Delay type                Incr(ns)  Path(ns)    Netlist Resource(s)
  -------------------------------------------------------------------    -------------------
                         (clock vclk rise edge)       0.000     0.000 r  <hidden>
                         input delay                  0.000     0.000    <hidden>
                                                      0.000     0.000 r  x[2]
                         net (fo=75, unset)           0.973     0.973    x[2]
    SLICE_X33Y72         LUT3 (Prop_lut3_I2_O)        0.124     1.097 r  a18[11]_i_7/O
                         net (fo=1, routed)           0.710     1.807    a18[11]_i_7_n_0
    SLICE_X38Y76         CARRY4 (Prop_carry4_DI[3]_CO[3])
                                                      0.396     2.203 r  a18_reg[11]_i_2/CO[3]
                         net (fo=1, routed)           0.000     2.203    a18_reg[11]_i_2_n_0
    SLICE_X38Y77         CARRY4 (Prop_carry4_CI_O[1])
                                                      0.323     2.526 r  a18_reg[15]_i_3/O[1]
                         net (fo=2, routed)           0.416     2.942    a181__0[11]
    SLICE_X39Y76         LUT2 (Prop_lut2_I0_O)        0.306     3.248 r  a18[11]_i_3/O
                         net (fo=1, routed)           0.000     3.248    a18[11]_i_3_n_0
    SLICE_X39Y76         CARRY4 (Prop_carry4_S[3]_CO[3])
                                                      0.401     3.649 r  a18_reg[11]_i_1/CO[3]
                         net (fo=1, routed)           0.000     3.649    a18_reg[11]_i_1_n_0
    SLICE_X39Y77         CARRY4 (Prop_carry4_CI_O[1])
                                                      0.334     3.983 r  a18_reg[15]_i_1/O[1]
                         net (fo=1, routed)           0.000     3.983    a180[13]
    SLICE_X39Y77         FDRE                                         r  a18_reg[13]/D
  -------------------------------------------------------------------    -------------------

                         (clock vclk rise edge)       3.255     3.255 r  <hidden>
                                                      0.000     3.255 r  clk
                         net (fo=289, unset)          0.924     4.179    clk
    SLICE_X39Y77         FDRE                                         r  a18_reg[13]/C
                         clock pessimism              0.000     4.179    <hidden>
                         clock uncertainty           -0.035     4.144    <hidden>
    SLICE_X39Y77         FDRE (Setup_fdre_C_D)        0.062     4.206    a18_reg[13]
  -------------------------------------------------------------------
                         required time                          4.206    <hidden>
                         arrival time                          -3.983    <hidden>
  -------------------------------------------------------------------
                         slack                                  0.223    <hidden>

Slack (MET) :             0.289ns  (required time - arrival time)
  Source:                 x[0]
                            (input port clocked by vclk  {rise@0.000ns fall@1.628ns period=3.255ns})
  Destination:            a10_reg[11]/D
                            (rising edge-triggered cell FDRE clocked by vclk  {rise@0.000ns fall@1.628ns period=3.255ns})
  Path Group:             vclk
  Path Type:              Setup (Max at Slow Process Corner)
  Requirement:            3.255ns  (vclk rise@3.255ns - vclk rise@0.000ns)
  Data Path Delay:        3.917ns  (logic 2.006ns (51.210%)  route 1.911ns (48.790%))
  Logic Levels:           5  (CARRY4=3 LUT2=1 LUT3=1)
  Input Delay:            0.000ns
  Clock Path Skew:        0.924ns (DCD - SCD + CPR)
    Destination Clock Delay (DCD):    0.924ns = ( 4.179 - 3.255 ) 
    Source Clock Delay      (SCD):    0.000ns
    Clock Pessimism Removal (CPR):    0.000ns
  Clock Uncertainty:      0.035ns  ((TSJ^2 + TIJ^2)^1/2 + DJ) / 2 + PE
    Total System Jitter     (TSJ):    0.071ns
    Total Input Jitter      (TIJ):    0.000ns
    Discrete Jitter          (DJ):    0.000ns
    Phase Error              (PE):    0.000ns

    Location             Delay type                Incr(ns)  Path(ns)    Netlist Resource(s)
  -------------------------------------------------------------------    -------------------
                         (clock vclk rise edge)       0.000     0.000 r  <hidden>
                         input delay                  0.000     0.000    <hidden>
                                                      0.000     0.000 r  x[0]
                         net (fo=81, unset)           0.973     0.973    x[0]
    SLICE_X33Y72         LUT3 (Prop_lut3_I2_O)        0.152     1.125 r  a10[9]_i_9/O
                         net (fo=1, routed)           0.340     1.465    a10[9]_i_9_n_0
    SLICE_X34Y72         CARRY4 (Prop_carry4_DI[1]_O[3])
                                                      0.812     2.277 r  a10_reg[9]_i_2/O[3]
                         net (fo=2, routed)           0.599     2.875    a101[9]
    SLICE_X35Y72         LUT2 (Prop_lut2_I0_O)        0.307     3.182 r  a10[9]_i_3/O
                         net (fo=1, routed)           0.000     3.182    a10[9]_i_3_n_0
    SLICE_X35Y72         CARRY4 (Prop_carry4_S[3]_CO[3])
                                                      0.401     3.583 r  a10_reg[9]_i_1/CO[3]
                         net (fo=1, routed)           0.000     3.583    a10_reg[9]_i_1_n_0
    SLICE_X35Y73         CARRY4 (Prop_carry4_CI_O[1])
                                                      0.334     3.917 r  a10_reg[13]_i_1/O[1]
                         net (fo=1, routed)           0.000     3.917    a100[11]
    SLICE_X35Y73         FDRE                                         r  a10_reg[11]/D
  -------------------------------------------------------------------    -------------------

                         (clock vclk rise edge)       3.255     3.255 r  <hidden>
                                                      0.000     3.255 r  clk
                         net (fo=289, unset)          0.924     4.179    clk
    SLICE_X35Y73         FDRE                                         r  a10_reg[11]/C
                         clock pessimism              0.000     4.179    <hidden>
                         clock uncertainty           -0.035     4.144    <hidden>
    SLICE_X35Y73         FDRE (Setup_fdre_C_D)        0.062     4.206    a10_reg[11]
  -------------------------------------------------------------------
                         required time                          4.206    <hidden>
                         arrival time                          -3.917    <hidden>
  -------------------------------------------------------------------
                         slack                                  0.289    <hidden>

Slack (MET) :             0.310ns  (required time - arrival time)
  Source:                 x[0]
                            (input port clocked by vclk  {rise@0.000ns fall@1.628ns period=3.255ns})
  Destination:            a10_reg[13]/D
                            (rising edge-triggered cell FDRE clocked by vclk  {rise@0.000ns fall@1.628ns period=3.255ns})
  Path Group:             vclk
  Path Type:              Setup (Max at Slow Process Corner)
  Requirement:            3.255ns  (vclk rise@3.255ns - vclk rise@0.000ns)
  Data Path Delay:        3.896ns  (logic 1.985ns (50.947%)  route 1.911ns (49.053%))
  Logic Levels:           5  (CARRY4=3 LUT2=1 LUT3=1)
  Input Delay:            0.000ns
  Clock Path Skew:        0.924ns (DCD - SCD + CPR)
    Destination Clock Delay (DCD):    0.924ns = ( 4.179 - 3.255 ) 
    Source Clock Delay      (SCD):    0.000ns
    Clock Pessimism Removal (CPR):    0.000ns
  Clock Uncertainty:      0.035ns  ((TSJ^2 + TIJ^2)^1/2 + DJ) / 2 + PE
    Total System Jitter     (TSJ):    0.071ns
    Total Input Jitter      (TIJ):    0.000ns
    Discrete Jitter          (DJ):    0.000ns
    Phase Error              (PE):    0.000ns

    Location             Delay type                Incr(ns)  Path(ns)    Netlist Resource(s)
  -------------------------------------------------------------------    -------------------
                         (clock vclk rise edge)       0.000     0.000 r  <hidden>
                         input delay                  0.000     0.000    <hidden>
                                                      0.000     0.000 r  x[0]
                         net (fo=81, unset)           0.973     0.973    x[0]
    SLICE_X33Y72         LUT3 (Prop_lut3_I2_O)        0.152     1.125 r  a10[9]_i_9/O
                         net (fo=1, routed)           0.340     1.465    a10[9]_i_9_n_0
    SLICE_X34Y72         CARRY4 (Prop_carry4_DI[1]_O[3])
                                                      0.812     2.277 r  a10_reg[9]_i_2/O[3]
                         net (fo=2, routed)           0.599     2.875    a101[9]
    SLICE_X35Y72         LUT2 (Prop_lut2_I0_O)        0.307     3.182 r  a10[9]_i_3/O
                         net (fo=1, routed)           0.000     3.182    a10[9]_i_3_n_0
    SLICE_X35Y72         CARRY4 (Prop_carry4_S[3]_CO[3])
                                                      0.401     3.583 r  a10_reg[9]_i_1/CO[3]
                         net (fo=1, routed)           0.000     3.583    a10_reg[9]_i_1_n_0
    SLICE_X35Y73         CARRY4 (Prop_carry4_CI_O[3])
                                                      0.313     3.896 r  a10_reg[13]_i_1/O[3]
                         net (fo=1, routed)           0.000     3.896    a100[13]
    SLICE_X35Y73         FDRE                                         r  a10_reg[13]/D
  -------------------------------------------------------------------    -------------------

                         (clock vclk rise edge)       3.255     3.255 r  <hidden>
                                                      0.000     3.255 r  clk
                         net (fo=289, unset)          0.924     4.179    clk
    SLICE_X35Y73         FDRE                                         r  a10_reg[13]/C
                         clock pessimism              0.000     4.179    <hidden>
                         clock uncertainty           -0.035     4.144    <hidden>
    SLICE_X35Y73         FDRE (Setup_fdre_C_D)        0.062     4.206    a10_reg[13]
  -------------------------------------------------------------------
                         required time                          4.206    <hidden>
                         arrival time                          -3.896    <hidden>
  -------------------------------------------------------------------
                         slack                                  0.310    <hidden>

Slack (MET) :             0.318ns  (required time - arrival time)
  Source:                 x[2]
                            (input port clocked by vclk  {rise@0.000ns fall@1.628ns period=3.255ns})
  Destination:            a18_reg[14]/D
                            (rising edge-triggered cell FDRE clocked by vclk  {rise@0.000ns fall@1.628ns period=3.255ns})
  Path Group:             vclk
  Path Type:              Setup (Max at Slow Process Corner)
  Requirement:            3.255ns  (vclk rise@3.255ns - vclk rise@0.000ns)
  Data Path Delay:        3.888ns  (logic 1.789ns (46.012%)  route 2.099ns (53.988%))
  Logic Levels:           6  (CARRY4=4 LUT2=1 LUT3=1)
  Input Delay:            0.000ns
  Clock Path Skew:        0.924ns (DCD - SCD + CPR)
    Destination Clock Delay (DCD):    0.924ns = ( 4.179 - 3.255 ) 
    Source Clock Delay      (SCD):    0.000ns
    Clock Pessimism Removal (CPR):    0.000ns
  Clock Uncertainty:      0.035ns  ((TSJ^2 + TIJ^2)^1/2 + DJ) / 2 + PE
    Total System Jitter     (TSJ):    0.071ns
    Total Input Jitter      (TIJ):    0.000ns
    Discrete Jitter          (DJ):    0.000ns
    Phase Error              (PE):    0.000ns

    Location             Delay type                Incr(ns)  Path(ns)    Netlist Resource(s)
  -------------------------------------------------------------------    -------------------
                         (clock vclk rise edge)       0.000     0.000 r  <hidden>
                         input delay                  0.000     0.000    <hidden>
                                                      0.000     0.000 r  x[2]
                         net (fo=75, unset)           0.973     0.973    x[2]
    SLICE_X33Y72         LUT3 (Prop_lut3_I2_O)        0.124     1.097 r  a18[11]_i_7/O
                         net (fo=1, routed)           0.710     1.807    a18[11]_i_7_n_0
    SLICE_X38Y76         CARRY4 (Prop_carry4_DI[3]_CO[3])
                                                      0.396     2.203 r  a18_reg[11]_i_2/CO[3]
                         net (fo=1, routed)           0.000     2.203    a18_reg[11]_i_2_n_0
    SLICE_X38Y77         CARRY4 (Prop_carry4_CI_O[1])
                                                      0.323     2.526 r  a18_reg[15]_i_3/O[1]
                         net (fo=2, routed)           0.416     2.942    a181__0[11]
    SLICE_X39Y76         LUT2 (Prop_lut2_I0_O)        0.306     3.248 r  a18[11]_i_3/O
                         net (fo=1, routed)           0.000     3.248    a18[11]_i_3_n_0
    SLICE_X39Y76         CARRY4 (Prop_carry4_S[3]_CO[3])
                                                      0.401     3.649 r  a18_reg[11]_i_1/CO[3]
                         net (fo=1, routed)           0.000     3.649    a18_reg[11]_i_1_n_0
    SLICE_X39Y77         CARRY4 (Prop_carry4_CI_O[2])
                                                      0.239     3.888 r  a18_reg[15]_i_1/O[2]
                         net (fo=1, routed)           0.000     3.888    a180[14]
    SLICE_X39Y77         FDRE                                         r  a18_reg[14]/D
  -------------------------------------------------------------------    -------------------

                         (clock vclk rise edge)       3.255     3.255 r  <hidden>
                                                      0.000     3.255 r  clk
                         net (fo=289, unset)          0.924     4.179    clk
    SLICE_X39Y77         FDRE                                         r  a18_reg[14]/C
                         clock pessimism              0.000     4.179    <hidden>
                         clock uncertainty           -0.035     4.144    <hidden>
    SLICE_X39Y77         FDRE (Setup_fdre_C_D)        0.062     4.206    a18_reg[14]
  -------------------------------------------------------------------
                         required time                          4.206    <hidden>
                         arrival time                          -3.888    <hidden>
  -------------------------------------------------------------------
                         slack                                  0.318    <hidden>

Slack (MET) :             0.334ns  (required time - arrival time)
  Source:                 x[2]
                            (input port clocked by vclk  {rise@0.000ns fall@1.628ns period=3.255ns})
  Destination:            a18_reg[12]/D
                            (rising edge-triggered cell FDRE clocked by vclk  {rise@0.000ns fall@1.628ns period=3.255ns})
  Path Group:             vclk
  Path Type:              Setup (Max at Slow Process Corner)
  Requirement:            3.255ns  (vclk rise@3.255ns - vclk rise@0.000ns)
  Data Path Delay:        3.872ns  (logic 1.773ns (45.789%)  route 2.099ns (54.211%))
  Logic Levels:           6  (CARRY4=4 LUT2=1 LUT3=1)
  Input Delay:            0.000ns
  Clock Path Skew:        0.924ns (DCD - SCD + CPR)
    Destination Clock Delay (DCD):    0.924ns = ( 4.179 - 3.255 ) 
    Source Clock Delay      (SCD):    0.000ns
    Clock Pessimism Removal (CPR):    0.000ns
  Clock Uncertainty:      0.035ns  ((TSJ^2 + TIJ^2)^1/2 + DJ) / 2 + PE
    Total System Jitter     (TSJ):    0.071ns
    Total Input Jitter      (TIJ):    0.000ns
    Discrete Jitter          (DJ):    0.000ns
    Phase Error              (PE):    0.000ns

    Location             Delay type                Incr(ns)  Path(ns)    Netlist Resource(s)
  -------------------------------------------------------------------    -------------------
                         (clock vclk rise edge)       0.000     0.000 r  <hidden>
                         input delay                  0.000     0.000    <hidden>
                                                      0.000     0.000 r  x[2]
                         net (fo=75, unset)           0.973     0.973    x[2]
    SLICE_X33Y72         LUT3 (Prop_lut3_I2_O)        0.124     1.097 r  a18[11]_i_7/O
                         net (fo=1, routed)           0.710     1.807    a18[11]_i_7_n_0
    SLICE_X38Y76         CARRY4 (Prop_carry4_DI[3]_CO[3])
                                                      0.396     2.203 r  a18_reg[11]_i_2/CO[3]
                         net (fo=1, routed)           0.000     2.203    a18_reg[11]_i_2_n_0
    SLICE_X38Y77         CARRY4 (Prop_carry4_CI_O[1])
                                                      0.323     2.526 r  a18_reg[15]_i_3/O[1]
                         net (fo=2, routed)           0.416     2.942    a181__0[11]
    SLICE_X39Y76         LUT2 (Prop_lut2_I0_O)        0.306     3.248 r  a18[11]_i_3/O
                         net (fo=1, routed)           0.000     3.248    a18[11]_i_3_n_0
    SLICE_X39Y76         CARRY4 (Prop_carry4_S[3]_CO[3])
                                                      0.401     3.649 r  a18_reg[11]_i_1/CO[3]
                         net (fo=1, routed)           0.000     3.649    a18_reg[11]_i_1_n_0
    SLICE_X39Y77         CARRY4 (Prop_carry4_CI_O[0])
                                                      0.223     3.872 r  a18_reg[15]_i_1/O[0]
                         net (fo=1, routed)           0.000     3.872    a180[12]
    SLICE_X39Y77         FDRE                                         r  a18_reg[12]/D
  -------------------------------------------------------------------    -------------------

                         (clock vclk rise edge)       3.255     3.255 r  <hidden>
                                                      0.000     3.255 r  clk
                         net (fo=289, unset)          0.924     4.179    clk
    SLICE_X39Y77         FDRE                                         r  a18_reg[12]/C
                         clock pessimism              0.000     4.179    <hidden>
                         clock uncertainty           -0.035     4.144    <hidden>
    SLICE_X39Y77         FDRE (Setup_fdre_C_D)        0.062     4.206    a18_reg[12]
  -------------------------------------------------------------------
                         required time                          4.206    <hidden>
                         arrival time                          -3.872    <hidden>
  -------------------------------------------------------------------
                         slack                                  0.334    <hidden>





Pulse Width Checks
--------------------------------------------------------------------------------------
Clock Name:         vclk
Waveform(ns):       { 0.000 1.628 }
Period(ns):         3.255
Sources:            { clk }

Check Type        Corner  Lib Pin  Reference Pin  Required(ns)  Actual(ns)  Slack(ns)  Location      Pin
Min Period        n/a     FDRE/C   n/a            1.000         3.255       2.255      SLICE_X31Y71  a0_reg[10]/C
Min Period        n/a     FDRE/C   n/a            1.000         3.255       2.255      SLICE_X31Y71  a0_reg[11]/C
Min Period        n/a     FDRE/C   n/a            1.000         3.255       2.255      SLICE_X31Y71  a0_reg[12]/C
Min Period        n/a     FDRE/C   n/a            1.000         3.255       2.255      SLICE_X31Y72  a0_reg[13]/C
Min Period        n/a     FDRE/C   n/a            1.000         3.255       2.255      SLICE_X31Y72  a0_reg[14]/C
Min Period        n/a     FDRE/C   n/a            1.000         3.255       2.255      SLICE_X31Y72  a0_reg[15]/C
Min Period        n/a     FDRE/C   n/a            1.000         3.255       2.255      SLICE_X31Y69  a0_reg[2]/C
Min Period        n/a     FDRE/C   n/a            1.000         3.255       2.255      SLICE_X31Y69  a0_reg[3]/C
Min Period        n/a     FDRE/C   n/a            1.000         3.255       2.255      SLICE_X31Y69  a0_reg[4]/C
Min Period        n/a     FDRE/C   n/a            1.000         3.255       2.255      SLICE_X31Y70  a0_reg[5]/C
Low Pulse Width   Slow    FDRE/C   n/a            0.500         1.628       1.128      SLICE_X31Y71  a0_reg[10]/C
Low Pulse Width   Fast    FDRE/C   n/a            0.500         1.628       1.128      SLICE_X31Y71  a0_reg[10]/C
Low Pulse Width   Slow    FDRE/C   n/a            0.500         1.628       1.128      SLICE_X31Y71  a0_reg[11]/C
Low Pulse Width   Fast    FDRE/C   n/a            0.500         1.628       1.128      SLICE_X31Y71  a0_reg[11]/C
Low Pulse Width   Slow    FDRE/C   n/a            0.500         1.628       1.128      SLICE_X31Y71  a0_reg[12]/C
Low Pulse Width   Fast    FDRE/C   n/a            0.500         1.628       1.128      SLICE_X31Y71  a0_reg[12]/C
Low Pulse Width   Slow    FDRE/C   n/a            0.500         1.628       1.128      SLICE_X31Y72  a0_reg[13]/C
Low Pulse Width   Fast    FDRE/C   n/a            0.500         1.628       1.128      SLICE_X31Y72  a0_reg[13]/C
Low Pulse Width   Slow    FDRE/C   n/a            0.500         1.628       1.128      SLICE_X31Y72  a0_reg[14]/C
Low Pulse Width   Fast    FDRE/C   n/a            0.500         1.628       1.128      SLICE_X31Y72  a0_reg[14]/C
High Pulse Width  Slow    FDRE/C   n/a            0.500         1.628       1.128      SLICE_X31Y71  a0_reg[10]/C
High Pulse Width  Fast    FDRE/C   n/a            0.500         1.627       1.127      SLICE_X31Y71  a0_reg[10]/C
High Pulse Width  Slow    FDRE/C   n/a            0.500         1.628       1.128      SLICE_X31Y71  a0_reg[11]/C
High Pulse Width  Fast    FDRE/C   n/a            0.500         1.627       1.127      SLICE_X31Y71  a0_reg[11]/C
High Pulse Width  Slow    FDRE/C   n/a            0.500         1.628       1.128      SLICE_X31Y71  a0_reg[12]/C
High Pulse Width  Fast    FDRE/C   n/a            0.500         1.627       1.127      SLICE_X31Y71  a0_reg[12]/C
High Pulse Width  Slow    FDRE/C   n/a            0.500         1.628       1.128      SLICE_X31Y72  a0_reg[13]/C
High Pulse Width  Fast    FDRE/C   n/a            0.500         1.627       1.127      SLICE_X31Y72  a0_reg[13]/C
High Pulse Width  Slow    FDRE/C   n/a            0.500         1.628       1.128      SLICE_X31Y72  a0_reg[14]/C
High Pulse Width  Fast    FDRE/C   n/a            0.500         1.627       1.127      SLICE_X31Y72  a0_reg[14]/C



